#-----------------------------------------------------------
# updatemem v2018.3 (64-bit)
# SW Build 2405991 on Thu Dec  6 23:38:27 MST 2018
# 
# Start of session at: Tue Mar  3 17:07:55 2026
# Process ID: 6264
# Current directory: C:/Users/andyl/Desktop/ECE532_3D_spatial_audio/Vivado_WorkDir
# Command line: updatemem.exe -mode batch -source C:/Xilinx/SDK/2018.3/scripts/updatemem/main.tcl -notrace -tclargs -meminfo C:/Users/andyl/Desktop/ECE532_3D_spatial_audio/Vivado_WorkDir/spatial_audio.sdk/design_1_wrapper_hw_platform_0/design_1_wrapper.mmi -data C:/Xilinx/SDK/2018.3/data/embeddedsw/lib/microblaze/mb_bootloop_le.elf -proc design_1_i/microblaze_0 -bit C:/Users/andyl/Desktop/ECE532_3D_spatial_audio/Vivado_WorkDir/spatial_audio.sdk/design_1_wrapper_hw_platform_0/design_1_wrapper.bit -out C:/Users/andyl/Desktop/ECE532_3D_spatial_audio/Vivado_WorkDir/spatial_audio.sdk/design_1_wrapper_hw_platform_0/download.bit -force
# Log file: C:/Users/andyl/Desktop/ECE532_3D_spatial_audio/Vivado_WorkDir/updatemem.log
# Journal file: C:/Users/andyl/Desktop/ECE532_3D_spatial_audio/Vivado_WorkDir\updatemem.jou
#-----------------------------------------------------------
source C:/Xilinx/SDK/2018.3/scripts/updatemem/main.tcl -notrace
