#-----------------------------------------------------------
# Vivado v2018.3 (64-bit)
# SW Build 2405991 on Thu Dec  6 23:38:27 MST 2018
# IP Build 2404404 on Fri Dec  7 01:43:56 MST 2018
# Start of session at: Tue Mar 10 16:55:28 2026
# Process ID: 26552
# Current directory: C:/Users/andyl/Desktop/ECE532_3D_spatial_audio/Vivado_WorkDir
# Command line: vivado.exe -gui_launcher_event rodinguilauncherevent13464 C:\Users\andyl\Desktop\ECE532_3D_spatial_audio\Vivado_WorkDir\spatial_audio.xpr
# Log file: C:/Users/andyl/Desktop/ECE532_3D_spatial_audio/Vivado_WorkDir/vivado.log
# Journal file: C:/Users/andyl/Desktop/ECE532_3D_spatial_audio/Vivado_WorkDir\vivado.jou
#-----------------------------------------------------------
start_gui
open_project C:/Users/andyl/Desktop/ECE532_3D_spatial_audio/Vivado_WorkDir/spatial_audio.xpr
Scanning sources...
Finished scanning sources
INFO: [IP_Flow 19-234] Refreshing IP repositories
INFO: [IP_Flow 19-1700] Loaded user IP repository 'c:/Users/andyl/Desktop/ECE532_3D_spatial_audio/PMOD_lib'.
INFO: [IP_Flow 19-2313] Loaded Vivado IP repository 'C:/Xilinx/Vivado/2018.3/data/ip'.
open_project: Time (s): cpu = 00:00:15 ; elapsed = 00:00:24 . Memory (MB): peak = 963.246 ; gain = 287.449
update_compile_order -fileset sources_1
update_module_reference design_1_spatial_audio_top_0_0
INFO: [IP_Flow 19-234] Refreshing IP repositories
INFO: [IP_Flow 19-1700] Loaded user IP repository 'c:/Users/andyl/Desktop/ECE532_3D_spatial_audio/PMOD_lib'.
Adding cell -- xilinx.com:ip:microblaze:11.0 - microblaze_0
Adding cell -- xilinx.com:ip:lmb_v10:3.0 - dlmb_v10
Adding cell -- xilinx.com:ip:lmb_v10:3.0 - ilmb_v10
Adding cell -- xilinx.com:ip:lmb_bram_if_cntlr:4.0 - dlmb_bram_if_cntlr
Adding cell -- xilinx.com:ip:lmb_bram_if_cntlr:4.0 - ilmb_bram_if_cntlr
Adding cell -- xilinx.com:ip:blk_mem_gen:8.4 - lmb_bram
Adding cell -- xilinx.com:ip:mdm:3.2 - mdm_1
Adding cell -- xilinx.com:ip:clk_wiz:6.0 - clk_wiz_1
Adding cell -- xilinx.com:ip:proc_sys_reset:5.0 - rst_clk_wiz_1_100M
Adding cell -- xilinx.com:ip:axi_intc:4.1 - axi_intc_0
Adding cell -- xilinx.com:ip:axi_gpio:2.0 - axi_gpio_0
Adding cell -- xilinx.com:ip:axi_uartlite:2.0 - axi_uartlite_0
Adding cell -- xilinx.com:ip:axi_interconnect:2.1 - microblaze_0_axi_periph
Adding cell -- xilinx.com:ip:axi_crossbar:2.1 - xbar
Adding cell -- xilinx.com:ip:xlconcat:2.1 - xlconcat_0
Adding cell -- digilentinc.com:IP:PmodJSTK2:1.0 - PmodJSTK2_0
Adding cell -- xilinx.com:module_ref:spatial_audio_top:1.0 - spatial_audio_top_0
WARNING: [BD 41-1731] Type mismatch between connected pins: /clk_wiz_1/clk_out2(clk) and /spatial_audio_top_0/clk_audio(undef)
Successfully read diagram <design_1> from BD file <C:/Users/andyl/Desktop/ECE532_3D_spatial_audio/Vivado_WorkDir/spatial_audio.srcs/sources_1/bd/design_1/design_1.bd>
Upgrading 'C:/Users/andyl/Desktop/ECE532_3D_spatial_audio/Vivado_WorkDir/spatial_audio.srcs/sources_1/bd/design_1/design_1.bd'
INFO: [IP_Flow 19-1972] Upgraded design_1_spatial_audio_top_0_0 from spatial_audio_top_v1_0 1.0 to spatial_audio_top_v1_0 1.0
WARNING: [BD 41-1731] Type mismatch between connected pins: /clk_wiz_1/clk_out2(clk) and /spatial_audio_top_0_upgraded_ipi/clk_audio(undef)
Wrote  : <C:\Users\andyl\Desktop\ECE532_3D_spatial_audio\Vivado_WorkDir\spatial_audio.srcs\sources_1\bd\design_1\design_1.bd> 
Wrote  : <C:/Users/andyl/Desktop/ECE532_3D_spatial_audio/Vivado_WorkDir/spatial_audio.srcs/sources_1/bd/design_1/ui/bd_1f5defd0.ui> 
upgrade_ip: Time (s): cpu = 00:00:08 ; elapsed = 00:00:08 . Memory (MB): peak = 2101.473 ; gain = 44.301
update_module_reference: Time (s): cpu = 00:00:08 ; elapsed = 00:00:08 . Memory (MB): peak = 2101.473 ; gain = 44.301
INFO: [Vivado 12-5457] ref source:C:/Users/andyl/Desktop/ECE532_3D_spatial_audio/Vivado_WorkDir/spatial_audio.srcs/sources_1/ip/rom_hrtf_right/rom_hrtf_right.xci
generate_target Simulation [get_files C:/Users/andyl/Desktop/ECE532_3D_spatial_audio/Vivado_WorkDir/spatial_audio.srcs/sources_1/ip/rom_hrtf_right/rom_hrtf_right.xci]
INFO: [IP_Flow 19-1706] Not generating 'Simulation' target for IP 'rom_hrtf_right'. Target already exists and is up to date.
INFO: [Vivado 12-5457] ref source:C:/Users/andyl/Desktop/ECE532_3D_spatial_audio/Vivado_WorkDir/spatial_audio.srcs/sources_1/ip/rom_hrtf_left/rom_hrtf_left.xci
generate_target Simulation [get_files C:/Users/andyl/Desktop/ECE532_3D_spatial_audio/Vivado_WorkDir/spatial_audio.srcs/sources_1/ip/rom_hrtf_left/rom_hrtf_left.xci]
INFO: [IP_Flow 19-1706] Not generating 'Simulation' target for IP 'rom_hrtf_left'. Target already exists and is up to date.
launch_simulation
INFO: [Vivado 12-5698] Checking validity of IPs in the design for the 'XSim' simulator...
Generating merged BMM file for the design top 'tb_hrtf_crossfader'...
INFO: [Vivado 12-5682] Launching behavioral simulation in 'C:/Users/andyl/Desktop/ECE532_3D_spatial_audio/Vivado_WorkDir/spatial_audio.sim/sim_1/behav/xsim'
INFO: [Vivado 12-4795] Using compiled simulation libraries for IPs
INFO: [SIM-utils-51] Simulation object is 'sim_1'
INFO: [USF-XSim-7] Finding pre-compiled libraries...
INFO: [USF-XSim-11] File 'C:/Xilinx/Vivado/2018.3/data/xsim/xsim.ini' copied to run dir:'C:/Users/andyl/Desktop/ECE532_3D_spatial_audio/Vivado_WorkDir/spatial_audio.sim/sim_1/behav/xsim'
INFO: [SIM-utils-50] Design contains embedded sources, generating MEM files for simulation...
Generating merged BMM file for the design top 'tb_hrtf_crossfader'...
Generating merged BMM file for the design top 'tb_hrtf_crossfader'...
INFO: [SIM-utils-54] Inspecting design source files for 'tb_hrtf_crossfader' in fileset 'sim_1'...
INFO: [SIM-utils-43] Exported 'C:/Users/andyl/Desktop/ECE532_3D_spatial_audio/Vivado_WorkDir/spatial_audio.sim/sim_1/behav/xsim/mode_1_memory_0_mixed.mif'
INFO: [SIM-utils-43] Exported 'C:/Users/andyl/Desktop/ECE532_3D_spatial_audio/Vivado_WorkDir/spatial_audio.sim/sim_1/behav/xsim/mode_1_memory_1_wb.mif'
INFO: [SIM-utils-43] Exported 'C:/Users/andyl/Desktop/ECE532_3D_spatial_audio/Vivado_WorkDir/spatial_audio.sim/sim_1/behav/xsim/mode_1_memory_2_nm.mif'
INFO: [SIM-utils-43] Exported 'C:/Users/andyl/Desktop/ECE532_3D_spatial_audio/Vivado_WorkDir/spatial_audio.sim/sim_1/behav/xsim/mode_2_memory_0_mixed.mif'
INFO: [SIM-utils-43] Exported 'C:/Users/andyl/Desktop/ECE532_3D_spatial_audio/Vivado_WorkDir/spatial_audio.sim/sim_1/behav/xsim/mode_2_memory_1_wb.mif'
INFO: [SIM-utils-43] Exported 'C:/Users/andyl/Desktop/ECE532_3D_spatial_audio/Vivado_WorkDir/spatial_audio.sim/sim_1/behav/xsim/mode_2_memory_2_nm.mif'
INFO: [SIM-utils-43] Exported 'C:/Users/andyl/Desktop/ECE532_3D_spatial_audio/Vivado_WorkDir/spatial_audio.sim/sim_1/behav/xsim/mode_2_memory_3_sp.mif'
INFO: [SIM-utils-43] Exported 'C:/Users/andyl/Desktop/ECE532_3D_spatial_audio/Vivado_WorkDir/spatial_audio.sim/sim_1/behav/xsim/mode_1_memory_3_sp.mif'
INFO: [SIM-utils-43] Exported 'C:/Users/andyl/Desktop/ECE532_3D_spatial_audio/Vivado_WorkDir/spatial_audio.sim/sim_1/behav/xsim/mode_1_memory_0_mixed.mem'
INFO: [SIM-utils-43] Exported 'C:/Users/andyl/Desktop/ECE532_3D_spatial_audio/Vivado_WorkDir/spatial_audio.sim/sim_1/behav/xsim/mode_1_memory_1_wb.mem'
INFO: [SIM-utils-43] Exported 'C:/Users/andyl/Desktop/ECE532_3D_spatial_audio/Vivado_WorkDir/spatial_audio.sim/sim_1/behav/xsim/mode_1_memory_2_nm.mem'
INFO: [SIM-utils-43] Exported 'C:/Users/andyl/Desktop/ECE532_3D_spatial_audio/Vivado_WorkDir/spatial_audio.sim/sim_1/behav/xsim/mode_2_memory_0_mixed.mem'
INFO: [SIM-utils-43] Exported 'C:/Users/andyl/Desktop/ECE532_3D_spatial_audio/Vivado_WorkDir/spatial_audio.sim/sim_1/behav/xsim/mode_2_memory_1_wb.mem'
INFO: [SIM-utils-43] Exported 'C:/Users/andyl/Desktop/ECE532_3D_spatial_audio/Vivado_WorkDir/spatial_audio.sim/sim_1/behav/xsim/mode_2_memory_2_nm.mem'
INFO: [SIM-utils-43] Exported 'C:/Users/andyl/Desktop/ECE532_3D_spatial_audio/Vivado_WorkDir/spatial_audio.sim/sim_1/behav/xsim/mode_2_memory_3_sp.mem'
INFO: [SIM-utils-43] Exported 'C:/Users/andyl/Desktop/ECE532_3D_spatial_audio/Vivado_WorkDir/spatial_audio.sim/sim_1/behav/xsim/mode_1_memory_3_sp.mem'
INFO: [SIM-utils-43] Exported 'C:/Users/andyl/Desktop/ECE532_3D_spatial_audio/Vivado_WorkDir/spatial_audio.sim/sim_1/behav/xsim/rom_hrtf_left.mif'
INFO: [SIM-utils-43] Exported 'C:/Users/andyl/Desktop/ECE532_3D_spatial_audio/Vivado_WorkDir/spatial_audio.sim/sim_1/behav/xsim/hrtf_coefficients_left.coe'
INFO: [SIM-utils-43] Exported 'C:/Users/andyl/Desktop/ECE532_3D_spatial_audio/Vivado_WorkDir/spatial_audio.sim/sim_1/behav/xsim/rom_hrtf_right.mif'
INFO: [SIM-utils-43] Exported 'C:/Users/andyl/Desktop/ECE532_3D_spatial_audio/Vivado_WorkDir/spatial_audio.sim/sim_1/behav/xsim/hrtf_coefficients_right.coe'
INFO: [USF-XSim-97] Finding global include files...
INFO: [USF-XSim-98] Fetching design files from 'sim_1'...
INFO: [USF-XSim-2] XSim::Compile design
INFO: [USF-XSim-61] Executing 'COMPILE and ANALYZE' step in 'C:/Users/andyl/Desktop/ECE532_3D_spatial_audio/Vivado_WorkDir/spatial_audio.sim/sim_1/behav/xsim'
"xvlog --incr --relax -prj tb_hrtf_crossfader_vlog.prj"
INFO: [VRFC 10-2263] Analyzing Verilog file "C:/Users/andyl/Desktop/ECE532_3D_spatial_audio/Src/RTL/dsp_fir_folded.v" into library xil_defaultlib
INFO: [VRFC 10-311] analyzing module dsp_fir_folded
WARNING: [VRFC 10-3380] identifier 'accumulator' is used before its declaration [C:/Users/andyl/Desktop/ECE532_3D_spatial_audio/Src/RTL/dsp_fir_folded.v:20]
WARNING: [VRFC 10-3380] identifier 'pipe_valid_s1' is used before its declaration [C:/Users/andyl/Desktop/ECE532_3D_spatial_audio/Src/RTL/dsp_fir_folded.v:22]
WARNING: [VRFC 10-3380] identifier 'pipe_valid_s2' is used before its declaration [C:/Users/andyl/Desktop/ECE532_3D_spatial_audio/Src/RTL/dsp_fir_folded.v:23]
INFO: [VRFC 10-2263] Analyzing Verilog file "C:/Users/andyl/Desktop/ECE532_3D_spatial_audio/Vivado_WorkDir/spatial_audio.srcs/sources_1/new/hrtf_crossfader.v" into library xil_defaultlib
INFO: [VRFC 10-311] analyzing module hrtf_crossfader
INFO: [VRFC 10-2263] Analyzing Verilog file "C:/Users/andyl/Desktop/ECE532_3D_spatial_audio/Vivado_WorkDir/spatial_audio.srcs/sim_1/new/tb_crossfader.v" into library xil_defaultlib
INFO: [VRFC 10-311] analyzing module tb_hrtf_crossfader
INFO: [USF-XSim-69] 'compile' step finished in '2' seconds
INFO: [USF-XSim-3] XSim::Elaborate design
INFO: [USF-XSim-61] Executing 'ELABORATE' step in 'C:/Users/andyl/Desktop/ECE532_3D_spatial_audio/Vivado_WorkDir/spatial_audio.sim/sim_1/behav/xsim'
Vivado Simulator 2018.3
Copyright 1986-1999, 2001-2018 Xilinx, Inc. All Rights Reserved.
Running: C:/Xilinx/Vivado/2018.3/bin/unwrapped/win64.o/xelab.exe -wto b9eca37f6eca428c8fd56f70e811d8a7 --incr --debug typical --relax --mt 2 -L xil_defaultlib -L unisims_ver -L unimacro_ver -L secureip -L xpm --snapshot tb_hrtf_crossfader_behav xil_defaultlib.tb_hrtf_crossfader xil_defaultlib.glbl -log elaborate.log 
Using 2 slave threads.
Starting static elaboration
ERROR: [VRFC 10-3180] cannot find port 'is_fading_out' on this module [C:/Users/andyl/Desktop/ECE532_3D_spatial_audio/Vivado_WorkDir/spatial_audio.srcs/sim_1/new/tb_crossfader.v:35]
ERROR: [XSIM 43-3322] Static elaboration of top level Verilog design unit(s) in library work failed.
INFO: [USF-XSim-69] 'elaborate' step finished in '1' seconds
INFO: [USF-XSim-99] Step results log file:'C:/Users/andyl/Desktop/ECE532_3D_spatial_audio/Vivado_WorkDir/spatial_audio.sim/sim_1/behav/xsim/elaborate.log'
ERROR: [USF-XSim-62] 'elaborate' step failed with error(s). Please check the Tcl console output or 'C:/Users/andyl/Desktop/ECE532_3D_spatial_audio/Vivado_WorkDir/spatial_audio.sim/sim_1/behav/xsim/elaborate.log' file for more information.
ERROR: [Vivado 12-4473] Detected error while running simulation. Please correct the issue and retry this operation.
launch_simulation: Time (s): cpu = 00:00:02 ; elapsed = 00:00:05 . Memory (MB): peak = 2101.473 ; gain = 0.000
ERROR: [Common 17-39] 'launch_simulation' failed due to earlier errors.
INFO: [Vivado 12-5457] ref source:C:/Users/andyl/Desktop/ECE532_3D_spatial_audio/Vivado_WorkDir/spatial_audio.srcs/sources_1/ip/rom_hrtf_right/rom_hrtf_right.xci
generate_target Simulation [get_files C:/Users/andyl/Desktop/ECE532_3D_spatial_audio/Vivado_WorkDir/spatial_audio.srcs/sources_1/ip/rom_hrtf_right/rom_hrtf_right.xci]
INFO: [IP_Flow 19-1706] Not generating 'Simulation' target for IP 'rom_hrtf_right'. Target already exists and is up to date.
INFO: [Vivado 12-5457] ref source:C:/Users/andyl/Desktop/ECE532_3D_spatial_audio/Vivado_WorkDir/spatial_audio.srcs/sources_1/ip/rom_hrtf_left/rom_hrtf_left.xci
generate_target Simulation [get_files C:/Users/andyl/Desktop/ECE532_3D_spatial_audio/Vivado_WorkDir/spatial_audio.srcs/sources_1/ip/rom_hrtf_left/rom_hrtf_left.xci]
INFO: [IP_Flow 19-1706] Not generating 'Simulation' target for IP 'rom_hrtf_left'. Target already exists and is up to date.
launch_simulation
INFO: [Vivado 12-5698] Checking validity of IPs in the design for the 'XSim' simulator...
Generating merged BMM file for the design top 'tb_hrtf_crossfader'...
INFO: [Vivado 12-5682] Launching behavioral simulation in 'C:/Users/andyl/Desktop/ECE532_3D_spatial_audio/Vivado_WorkDir/spatial_audio.sim/sim_1/behav/xsim'
INFO: [Vivado 12-4795] Using compiled simulation libraries for IPs
INFO: [SIM-utils-51] Simulation object is 'sim_1'
INFO: [USF-XSim-7] Finding pre-compiled libraries...
INFO: [USF-XSim-11] File 'C:/Xilinx/Vivado/2018.3/data/xsim/xsim.ini' copied to run dir:'C:/Users/andyl/Desktop/ECE532_3D_spatial_audio/Vivado_WorkDir/spatial_audio.sim/sim_1/behav/xsim'
INFO: [SIM-utils-50] Design contains embedded sources, generating MEM files for simulation...
Generating merged BMM file for the design top 'tb_hrtf_crossfader'...
Generating merged BMM file for the design top 'tb_hrtf_crossfader'...
INFO: [SIM-utils-54] Inspecting design source files for 'tb_hrtf_crossfader' in fileset 'sim_1'...
INFO: [SIM-utils-43] Exported 'C:/Users/andyl/Desktop/ECE532_3D_spatial_audio/Vivado_WorkDir/spatial_audio.sim/sim_1/behav/xsim/mode_1_memory_0_mixed.mif'
INFO: [SIM-utils-43] Exported 'C:/Users/andyl/Desktop/ECE532_3D_spatial_audio/Vivado_WorkDir/spatial_audio.sim/sim_1/behav/xsim/mode_1_memory_1_wb.mif'
INFO: [SIM-utils-43] Exported 'C:/Users/andyl/Desktop/ECE532_3D_spatial_audio/Vivado_WorkDir/spatial_audio.sim/sim_1/behav/xsim/mode_1_memory_2_nm.mif'
INFO: [SIM-utils-43] Exported 'C:/Users/andyl/Desktop/ECE532_3D_spatial_audio/Vivado_WorkDir/spatial_audio.sim/sim_1/behav/xsim/mode_2_memory_0_mixed.mif'
INFO: [SIM-utils-43] Exported 'C:/Users/andyl/Desktop/ECE532_3D_spatial_audio/Vivado_WorkDir/spatial_audio.sim/sim_1/behav/xsim/mode_2_memory_1_wb.mif'
INFO: [SIM-utils-43] Exported 'C:/Users/andyl/Desktop/ECE532_3D_spatial_audio/Vivado_WorkDir/spatial_audio.sim/sim_1/behav/xsim/mode_2_memory_2_nm.mif'
INFO: [SIM-utils-43] Exported 'C:/Users/andyl/Desktop/ECE532_3D_spatial_audio/Vivado_WorkDir/spatial_audio.sim/sim_1/behav/xsim/mode_2_memory_3_sp.mif'
INFO: [SIM-utils-43] Exported 'C:/Users/andyl/Desktop/ECE532_3D_spatial_audio/Vivado_WorkDir/spatial_audio.sim/sim_1/behav/xsim/mode_1_memory_3_sp.mif'
INFO: [SIM-utils-43] Exported 'C:/Users/andyl/Desktop/ECE532_3D_spatial_audio/Vivado_WorkDir/spatial_audio.sim/sim_1/behav/xsim/mode_1_memory_0_mixed.mem'
INFO: [SIM-utils-43] Exported 'C:/Users/andyl/Desktop/ECE532_3D_spatial_audio/Vivado_WorkDir/spatial_audio.sim/sim_1/behav/xsim/mode_1_memory_1_wb.mem'
INFO: [SIM-utils-43] Exported 'C:/Users/andyl/Desktop/ECE532_3D_spatial_audio/Vivado_WorkDir/spatial_audio.sim/sim_1/behav/xsim/mode_1_memory_2_nm.mem'
INFO: [SIM-utils-43] Exported 'C:/Users/andyl/Desktop/ECE532_3D_spatial_audio/Vivado_WorkDir/spatial_audio.sim/sim_1/behav/xsim/mode_2_memory_0_mixed.mem'
INFO: [SIM-utils-43] Exported 'C:/Users/andyl/Desktop/ECE532_3D_spatial_audio/Vivado_WorkDir/spatial_audio.sim/sim_1/behav/xsim/mode_2_memory_1_wb.mem'
INFO: [SIM-utils-43] Exported 'C:/Users/andyl/Desktop/ECE532_3D_spatial_audio/Vivado_WorkDir/spatial_audio.sim/sim_1/behav/xsim/mode_2_memory_2_nm.mem'
INFO: [SIM-utils-43] Exported 'C:/Users/andyl/Desktop/ECE532_3D_spatial_audio/Vivado_WorkDir/spatial_audio.sim/sim_1/behav/xsim/mode_2_memory_3_sp.mem'
INFO: [SIM-utils-43] Exported 'C:/Users/andyl/Desktop/ECE532_3D_spatial_audio/Vivado_WorkDir/spatial_audio.sim/sim_1/behav/xsim/mode_1_memory_3_sp.mem'
INFO: [SIM-utils-43] Exported 'C:/Users/andyl/Desktop/ECE532_3D_spatial_audio/Vivado_WorkDir/spatial_audio.sim/sim_1/behav/xsim/rom_hrtf_left.mif'
INFO: [SIM-utils-43] Exported 'C:/Users/andyl/Desktop/ECE532_3D_spatial_audio/Vivado_WorkDir/spatial_audio.sim/sim_1/behav/xsim/hrtf_coefficients_left.coe'
INFO: [SIM-utils-43] Exported 'C:/Users/andyl/Desktop/ECE532_3D_spatial_audio/Vivado_WorkDir/spatial_audio.sim/sim_1/behav/xsim/rom_hrtf_right.mif'
INFO: [SIM-utils-43] Exported 'C:/Users/andyl/Desktop/ECE532_3D_spatial_audio/Vivado_WorkDir/spatial_audio.sim/sim_1/behav/xsim/hrtf_coefficients_right.coe'
INFO: [USF-XSim-97] Finding global include files...
INFO: [USF-XSim-98] Fetching design files from 'sim_1'...
INFO: [USF-XSim-2] XSim::Compile design
INFO: [USF-XSim-61] Executing 'COMPILE and ANALYZE' step in 'C:/Users/andyl/Desktop/ECE532_3D_spatial_audio/Vivado_WorkDir/spatial_audio.sim/sim_1/behav/xsim'
"xvlog --incr --relax -prj tb_hrtf_crossfader_vlog.prj"
INFO: [VRFC 10-2263] Analyzing Verilog file "C:/Users/andyl/Desktop/ECE532_3D_spatial_audio/Src/RTL/dsp_fir_folded.v" into library xil_defaultlib
INFO: [VRFC 10-311] analyzing module dsp_fir_folded
WARNING: [VRFC 10-3380] identifier 'accumulator' is used before its declaration [C:/Users/andyl/Desktop/ECE532_3D_spatial_audio/Src/RTL/dsp_fir_folded.v:20]
WARNING: [VRFC 10-3380] identifier 'pipe_valid_s1' is used before its declaration [C:/Users/andyl/Desktop/ECE532_3D_spatial_audio/Src/RTL/dsp_fir_folded.v:22]
WARNING: [VRFC 10-3380] identifier 'pipe_valid_s2' is used before its declaration [C:/Users/andyl/Desktop/ECE532_3D_spatial_audio/Src/RTL/dsp_fir_folded.v:23]
INFO: [VRFC 10-2263] Analyzing Verilog file "C:/Users/andyl/Desktop/ECE532_3D_spatial_audio/Vivado_WorkDir/spatial_audio.srcs/sources_1/new/hrtf_crossfader.v" into library xil_defaultlib
INFO: [VRFC 10-311] analyzing module hrtf_crossfader
INFO: [VRFC 10-2263] Analyzing Verilog file "C:/Users/andyl/Desktop/ECE532_3D_spatial_audio/Vivado_WorkDir/spatial_audio.srcs/sim_1/new/tb_crossfader.v" into library xil_defaultlib
INFO: [VRFC 10-311] analyzing module tb_hrtf_crossfader
INFO: [USF-XSim-69] 'compile' step finished in '1' seconds
INFO: [USF-XSim-3] XSim::Elaborate design
INFO: [USF-XSim-61] Executing 'ELABORATE' step in 'C:/Users/andyl/Desktop/ECE532_3D_spatial_audio/Vivado_WorkDir/spatial_audio.sim/sim_1/behav/xsim'
Vivado Simulator 2018.3
Copyright 1986-1999, 2001-2018 Xilinx, Inc. All Rights Reserved.
Running: C:/Xilinx/Vivado/2018.3/bin/unwrapped/win64.o/xelab.exe -wto b9eca37f6eca428c8fd56f70e811d8a7 --incr --debug typical --relax --mt 2 -L xil_defaultlib -L unisims_ver -L unimacro_ver -L secureip -L xpm --snapshot tb_hrtf_crossfader_behav xil_defaultlib.tb_hrtf_crossfader xil_defaultlib.glbl -log elaborate.log 
Using 2 slave threads.
Starting static elaboration
Completed static elaboration
Starting simulation data flow analysis
WARNING: [XSIM 43-4099] "C:/Users/andyl/Desktop/ECE532_3D_spatial_audio/Vivado_WorkDir/spatial_audio.srcs/sources_1/new/hrtf_crossfader.v" Line 1. Module hrtf_crossfader doesn't have a timescale but at least one module in design has a timescale.
WARNING: [XSIM 43-4099] "C:/Users/andyl/Desktop/ECE532_3D_spatial_audio/Src/RTL/dsp_fir_folded.v" Line 1. Module dsp_fir_folded doesn't have a timescale but at least one module in design has a timescale.
WARNING: [XSIM 43-4099] "C:/Users/andyl/Desktop/ECE532_3D_spatial_audio/Src/RTL/dsp_fir_folded.v" Line 1. Module dsp_fir_folded doesn't have a timescale but at least one module in design has a timescale.
Completed simulation data flow analysis
Time Resolution for simulation is 1ps
Compiling module xil_defaultlib.dsp_fir_folded
Compiling module xil_defaultlib.hrtf_crossfader
Compiling module xil_defaultlib.tb_hrtf_crossfader
Compiling module xil_defaultlib.glbl
Built simulation snapshot tb_hrtf_crossfader_behav

****** Webtalk v2018.3 (64-bit)
  **** SW Build 2405991 on Thu Dec  6 23:38:27 MST 2018
  **** IP Build 2404404 on Fri Dec  7 01:43:56 MST 2018
    ** Copyright 1986-2018 Xilinx, Inc. All Rights Reserved.

source C:/Users/andyl/Desktop/ECE532_3D_spatial_audio/Vivado_WorkDir/spatial_audio.sim/sim_1/behav/xsim/xsim.dir/tb_hrtf_crossfader_behav/webtalk/xsim_webtalk.tcl -notrace
INFO: [Common 17-206] Exiting Webtalk at Tue Mar 10 17:04:32 2026...
run_program: Time (s): cpu = 00:00:01 ; elapsed = 00:00:06 . Memory (MB): peak = 2101.473 ; gain = 0.000
INFO: [USF-XSim-69] 'elaborate' step finished in '6' seconds
INFO: [USF-XSim-4] XSim::Simulate design
INFO: [USF-XSim-61] Executing 'SIMULATE' step in 'C:/Users/andyl/Desktop/ECE532_3D_spatial_audio/Vivado_WorkDir/spatial_audio.sim/sim_1/behav/xsim'
INFO: [USF-XSim-98] *** Running xsim
   with args "tb_hrtf_crossfader_behav -key {Behavioral:sim_1:Functional:tb_hrtf_crossfader} -tclbatch {tb_hrtf_crossfader.tcl} -protoinst "protoinst_files/design_1.protoinst" -log {simulate.log}"
INFO: [USF-XSim-8] Loading simulator feature
Vivado Simulator 2018.3
INFO: [Wavedata 42-565] Reading protoinst file protoinst_files/design_1.protoinst
WARNING: [Wavedata 42-558] Couldn't load one or more protocol instances from protoinst file protoinst_files/design_1.protoinst for the following reason(s):
There are no instances of module "design_1" in the design.

Time resolution is 1 ps
source tb_hrtf_crossfader.tcl
# set curr_wave [current_wave_config]
# if { [string length $curr_wave] == 0 } {
#   if { [llength [get_objects]] > 0} {
#     add_wave /
#     set_property needs_save false [current_wave_config]
#   } else {
#      send_msg_id Add_Wave-1 WARNING "No top level signals found. Simulator will start without a wave window. If you want to open a wave window go to 'File->New Waveform Configuration' or type 'create_wave_config' in the TCL console."
#   }
# }
# run 1000ns
[300000] Reset complete. Starting Filter A baseline.
[315000] Fade to B triggered. Waiting for completion...
INFO: [USF-XSim-96] XSim completed. Design snapshot 'tb_hrtf_crossfader_behav' loaded.
INFO: [USF-XSim-97] XSim simulation ran for 1000ns
launch_simulation: Time (s): cpu = 00:00:04 ; elapsed = 00:00:10 . Memory (MB): peak = 2101.473 ; gain = 0.000
restart
INFO: [Simtcl 6-17] Simulation restarted
run 3 ms
[300000] Reset complete. Starting Filter A baseline.
[315000] Fade to B triggered. Waiting for completion...
close_sim
INFO: [Simtcl 6-16] Simulation closed
INFO: [Vivado 12-5457] ref source:C:/Users/andyl/Desktop/ECE532_3D_spatial_audio/Vivado_WorkDir/spatial_audio.srcs/sources_1/ip/rom_hrtf_right/rom_hrtf_right.xci
generate_target Simulation [get_files C:/Users/andyl/Desktop/ECE532_3D_spatial_audio/Vivado_WorkDir/spatial_audio.srcs/sources_1/ip/rom_hrtf_right/rom_hrtf_right.xci]
INFO: [IP_Flow 19-1706] Not generating 'Simulation' target for IP 'rom_hrtf_right'. Target already exists and is up to date.
INFO: [Vivado 12-5457] ref source:C:/Users/andyl/Desktop/ECE532_3D_spatial_audio/Vivado_WorkDir/spatial_audio.srcs/sources_1/ip/rom_hrtf_left/rom_hrtf_left.xci
generate_target Simulation [get_files C:/Users/andyl/Desktop/ECE532_3D_spatial_audio/Vivado_WorkDir/spatial_audio.srcs/sources_1/ip/rom_hrtf_left/rom_hrtf_left.xci]
INFO: [IP_Flow 19-1706] Not generating 'Simulation' target for IP 'rom_hrtf_left'. Target already exists and is up to date.
launch_simulation
INFO: [Vivado 12-5698] Checking validity of IPs in the design for the 'XSim' simulator...
Generating merged BMM file for the design top 'tb_hrtf_crossfader'...
INFO: [Vivado 12-5682] Launching behavioral simulation in 'C:/Users/andyl/Desktop/ECE532_3D_spatial_audio/Vivado_WorkDir/spatial_audio.sim/sim_1/behav/xsim'
INFO: [Vivado 12-4795] Using compiled simulation libraries for IPs
INFO: [SIM-utils-51] Simulation object is 'sim_1'
INFO: [USF-XSim-7] Finding pre-compiled libraries...
INFO: [USF-XSim-11] File 'C:/Xilinx/Vivado/2018.3/data/xsim/xsim.ini' copied to run dir:'C:/Users/andyl/Desktop/ECE532_3D_spatial_audio/Vivado_WorkDir/spatial_audio.sim/sim_1/behav/xsim'
INFO: [SIM-utils-50] Design contains embedded sources, generating MEM files for simulation...
Generating merged BMM file for the design top 'tb_hrtf_crossfader'...
Generating merged BMM file for the design top 'tb_hrtf_crossfader'...
INFO: [SIM-utils-54] Inspecting design source files for 'tb_hrtf_crossfader' in fileset 'sim_1'...
INFO: [SIM-utils-43] Exported 'C:/Users/andyl/Desktop/ECE532_3D_spatial_audio/Vivado_WorkDir/spatial_audio.sim/sim_1/behav/xsim/mode_1_memory_0_mixed.mif'
INFO: [SIM-utils-43] Exported 'C:/Users/andyl/Desktop/ECE532_3D_spatial_audio/Vivado_WorkDir/spatial_audio.sim/sim_1/behav/xsim/mode_1_memory_1_wb.mif'
INFO: [SIM-utils-43] Exported 'C:/Users/andyl/Desktop/ECE532_3D_spatial_audio/Vivado_WorkDir/spatial_audio.sim/sim_1/behav/xsim/mode_1_memory_2_nm.mif'
INFO: [SIM-utils-43] Exported 'C:/Users/andyl/Desktop/ECE532_3D_spatial_audio/Vivado_WorkDir/spatial_audio.sim/sim_1/behav/xsim/mode_2_memory_0_mixed.mif'
INFO: [SIM-utils-43] Exported 'C:/Users/andyl/Desktop/ECE532_3D_spatial_audio/Vivado_WorkDir/spatial_audio.sim/sim_1/behav/xsim/mode_2_memory_1_wb.mif'
INFO: [SIM-utils-43] Exported 'C:/Users/andyl/Desktop/ECE532_3D_spatial_audio/Vivado_WorkDir/spatial_audio.sim/sim_1/behav/xsim/mode_2_memory_2_nm.mif'
INFO: [SIM-utils-43] Exported 'C:/Users/andyl/Desktop/ECE532_3D_spatial_audio/Vivado_WorkDir/spatial_audio.sim/sim_1/behav/xsim/mode_2_memory_3_sp.mif'
INFO: [SIM-utils-43] Exported 'C:/Users/andyl/Desktop/ECE532_3D_spatial_audio/Vivado_WorkDir/spatial_audio.sim/sim_1/behav/xsim/mode_1_memory_3_sp.mif'
INFO: [SIM-utils-43] Exported 'C:/Users/andyl/Desktop/ECE532_3D_spatial_audio/Vivado_WorkDir/spatial_audio.sim/sim_1/behav/xsim/mode_1_memory_0_mixed.mem'
INFO: [SIM-utils-43] Exported 'C:/Users/andyl/Desktop/ECE532_3D_spatial_audio/Vivado_WorkDir/spatial_audio.sim/sim_1/behav/xsim/mode_1_memory_1_wb.mem'
INFO: [SIM-utils-43] Exported 'C:/Users/andyl/Desktop/ECE532_3D_spatial_audio/Vivado_WorkDir/spatial_audio.sim/sim_1/behav/xsim/mode_1_memory_2_nm.mem'
INFO: [SIM-utils-43] Exported 'C:/Users/andyl/Desktop/ECE532_3D_spatial_audio/Vivado_WorkDir/spatial_audio.sim/sim_1/behav/xsim/mode_2_memory_0_mixed.mem'
INFO: [SIM-utils-43] Exported 'C:/Users/andyl/Desktop/ECE532_3D_spatial_audio/Vivado_WorkDir/spatial_audio.sim/sim_1/behav/xsim/mode_2_memory_1_wb.mem'
INFO: [SIM-utils-43] Exported 'C:/Users/andyl/Desktop/ECE532_3D_spatial_audio/Vivado_WorkDir/spatial_audio.sim/sim_1/behav/xsim/mode_2_memory_2_nm.mem'
INFO: [SIM-utils-43] Exported 'C:/Users/andyl/Desktop/ECE532_3D_spatial_audio/Vivado_WorkDir/spatial_audio.sim/sim_1/behav/xsim/mode_2_memory_3_sp.mem'
INFO: [SIM-utils-43] Exported 'C:/Users/andyl/Desktop/ECE532_3D_spatial_audio/Vivado_WorkDir/spatial_audio.sim/sim_1/behav/xsim/mode_1_memory_3_sp.mem'
INFO: [SIM-utils-43] Exported 'C:/Users/andyl/Desktop/ECE532_3D_spatial_audio/Vivado_WorkDir/spatial_audio.sim/sim_1/behav/xsim/rom_hrtf_left.mif'
INFO: [SIM-utils-43] Exported 'C:/Users/andyl/Desktop/ECE532_3D_spatial_audio/Vivado_WorkDir/spatial_audio.sim/sim_1/behav/xsim/hrtf_coefficients_left.coe'
INFO: [SIM-utils-43] Exported 'C:/Users/andyl/Desktop/ECE532_3D_spatial_audio/Vivado_WorkDir/spatial_audio.sim/sim_1/behav/xsim/rom_hrtf_right.mif'
INFO: [SIM-utils-43] Exported 'C:/Users/andyl/Desktop/ECE532_3D_spatial_audio/Vivado_WorkDir/spatial_audio.sim/sim_1/behav/xsim/hrtf_coefficients_right.coe'
INFO: [USF-XSim-97] Finding global include files...
INFO: [USF-XSim-98] Fetching design files from 'sim_1'...
INFO: [USF-XSim-2] XSim::Compile design
INFO: [USF-XSim-61] Executing 'COMPILE and ANALYZE' step in 'C:/Users/andyl/Desktop/ECE532_3D_spatial_audio/Vivado_WorkDir/spatial_audio.sim/sim_1/behav/xsim'
"xvlog --incr --relax -prj tb_hrtf_crossfader_vlog.prj"
INFO: [VRFC 10-2263] Analyzing Verilog file "C:/Users/andyl/Desktop/ECE532_3D_spatial_audio/Src/RTL/dsp_fir_folded.v" into library xil_defaultlib
INFO: [VRFC 10-311] analyzing module dsp_fir_folded
WARNING: [VRFC 10-3380] identifier 'accumulator' is used before its declaration [C:/Users/andyl/Desktop/ECE532_3D_spatial_audio/Src/RTL/dsp_fir_folded.v:20]
WARNING: [VRFC 10-3380] identifier 'pipe_valid_s1' is used before its declaration [C:/Users/andyl/Desktop/ECE532_3D_spatial_audio/Src/RTL/dsp_fir_folded.v:22]
WARNING: [VRFC 10-3380] identifier 'pipe_valid_s2' is used before its declaration [C:/Users/andyl/Desktop/ECE532_3D_spatial_audio/Src/RTL/dsp_fir_folded.v:23]
INFO: [VRFC 10-2263] Analyzing Verilog file "C:/Users/andyl/Desktop/ECE532_3D_spatial_audio/Vivado_WorkDir/spatial_audio.srcs/sources_1/new/hrtf_crossfader.v" into library xil_defaultlib
INFO: [VRFC 10-311] analyzing module hrtf_crossfader
INFO: [VRFC 10-2263] Analyzing Verilog file "C:/Users/andyl/Desktop/ECE532_3D_spatial_audio/Vivado_WorkDir/spatial_audio.srcs/sim_1/new/tb_crossfader.v" into library xil_defaultlib
INFO: [VRFC 10-311] analyzing module tb_hrtf_crossfader
INFO: [USF-XSim-69] 'compile' step finished in '1' seconds
INFO: [USF-XSim-3] XSim::Elaborate design
INFO: [USF-XSim-61] Executing 'ELABORATE' step in 'C:/Users/andyl/Desktop/ECE532_3D_spatial_audio/Vivado_WorkDir/spatial_audio.sim/sim_1/behav/xsim'
Vivado Simulator 2018.3
Copyright 1986-1999, 2001-2018 Xilinx, Inc. All Rights Reserved.
Running: C:/Xilinx/Vivado/2018.3/bin/unwrapped/win64.o/xelab.exe -wto b9eca37f6eca428c8fd56f70e811d8a7 --incr --debug typical --relax --mt 2 -L xil_defaultlib -L unisims_ver -L unimacro_ver -L secureip -L xpm --snapshot tb_hrtf_crossfader_behav xil_defaultlib.tb_hrtf_crossfader xil_defaultlib.glbl -log elaborate.log 
Using 2 slave threads.
Starting static elaboration
Completed static elaboration
Starting simulation data flow analysis
WARNING: [XSIM 43-4099] "C:/Users/andyl/Desktop/ECE532_3D_spatial_audio/Vivado_WorkDir/spatial_audio.srcs/sources_1/new/hrtf_crossfader.v" Line 99. Module hrtf_crossfader doesn't have a timescale but at least one module in design has a timescale.
WARNING: [XSIM 43-4099] "C:/Users/andyl/Desktop/ECE532_3D_spatial_audio/Src/RTL/dsp_fir_folded.v" Line 1. Module dsp_fir_folded doesn't have a timescale but at least one module in design has a timescale.
WARNING: [XSIM 43-4099] "C:/Users/andyl/Desktop/ECE532_3D_spatial_audio/Src/RTL/dsp_fir_folded.v" Line 1. Module dsp_fir_folded doesn't have a timescale but at least one module in design has a timescale.
Completed simulation data flow analysis
Time Resolution for simulation is 1ps
Compiling module xil_defaultlib.dsp_fir_folded
Compiling module xil_defaultlib.hrtf_crossfader
Compiling module xil_defaultlib.tb_hrtf_crossfader
Compiling module xil_defaultlib.glbl
Built simulation snapshot tb_hrtf_crossfader_behav
INFO: [USF-XSim-69] 'elaborate' step finished in '1' seconds
INFO: [USF-XSim-4] XSim::Simulate design
INFO: [USF-XSim-61] Executing 'SIMULATE' step in 'C:/Users/andyl/Desktop/ECE532_3D_spatial_audio/Vivado_WorkDir/spatial_audio.sim/sim_1/behav/xsim'
INFO: [USF-XSim-98] *** Running xsim
   with args "tb_hrtf_crossfader_behav -key {Behavioral:sim_1:Functional:tb_hrtf_crossfader} -tclbatch {tb_hrtf_crossfader.tcl} -protoinst "protoinst_files/design_1.protoinst" -log {simulate.log}"
INFO: [USF-XSim-8] Loading simulator feature
Vivado Simulator 2018.3
INFO: [Wavedata 42-565] Reading protoinst file protoinst_files/design_1.protoinst
WARNING: [Wavedata 42-558] Couldn't load one or more protocol instances from protoinst file protoinst_files/design_1.protoinst for the following reason(s):
There are no instances of module "design_1" in the design.

Time resolution is 1 ps
source tb_hrtf_crossfader.tcl
# set curr_wave [current_wave_config]
# if { [string length $curr_wave] == 0 } {
#   if { [llength [get_objects]] > 0} {
#     add_wave /
#     set_property needs_save false [current_wave_config]
#   } else {
#      send_msg_id Add_Wave-1 WARNING "No top level signals found. Simulator will start without a wave window. If you want to open a wave window go to 'File->New Waveform Configuration' or type 'create_wave_config' in the TCL console."
#   }
# }
# run 1000ns
INFO: [USF-XSim-96] XSim completed. Design snapshot 'tb_hrtf_crossfader_behav' loaded.
INFO: [USF-XSim-97] XSim simulation ran for 1000ns
restart
INFO: [Simtcl 6-17] Simulation restarted
run 3 ms
close_sim
INFO: [Simtcl 6-16] Simulation closed
exit
INFO: [Common 17-206] Exiting Vivado at Tue Mar 10 20:50:52 2026...
