#-----------------------------------------------------------
# Vivado v2018.3 (64-bit)
# SW Build 2405991 on Thu Dec  6 23:38:27 MST 2018
# IP Build 2404404 on Fri Dec  7 01:43:56 MST 2018
# Start of session at: Thu Feb 26 01:09:42 2026
# Process ID: 15336
# Current directory: D:/ECE532/ECE532_3D_spatial_audio/Vivado_WorkDir
# Command line: vivado.exe -gui_launcher_event rodinguilauncherevent19120 D:\ECE532\ECE532_3D_spatial_audio\Vivado_WorkDir\spatial_audio.xpr
# Log file: D:/ECE532/ECE532_3D_spatial_audio/Vivado_WorkDir/vivado.log
# Journal file: D:/ECE532/ECE532_3D_spatial_audio/Vivado_WorkDir\vivado.jou
#-----------------------------------------------------------
start_gui
open_project D:/ECE532/ECE532_3D_spatial_audio/Vivado_WorkDir/spatial_audio.xpr
Scanning sources...
Finished scanning sources
INFO: [IP_Flow 19-234] Refreshing IP repositories
INFO: [IP_Flow 19-1700] Loaded user IP repository 'd:/ECE532/ECE532_3D_spatial_audio/PMOD_lib'.
INFO: [IP_Flow 19-2313] Loaded Vivado IP repository 'F:/Xilinx/Vivado/2018.3/data/ip'.
open_project: Time (s): cpu = 00:00:14 ; elapsed = 00:00:07 . Memory (MB): peak = 797.344 ; gain = 122.574
update_compile_order -fileset sources_1
open_bd_design {D:/ECE532/ECE532_3D_spatial_audio/Vivado_WorkDir/spatial_audio.srcs/sources_1/bd/design_1/design_1.bd}
Adding cell -- xilinx.com:ip:microblaze:11.0 - microblaze_0
Adding cell -- xilinx.com:ip:lmb_v10:3.0 - dlmb_v10
Adding cell -- xilinx.com:ip:lmb_v10:3.0 - ilmb_v10
Adding cell -- xilinx.com:ip:lmb_bram_if_cntlr:4.0 - dlmb_bram_if_cntlr
Adding cell -- xilinx.com:ip:lmb_bram_if_cntlr:4.0 - ilmb_bram_if_cntlr
Adding cell -- xilinx.com:ip:blk_mem_gen:8.4 - lmb_bram
Adding cell -- xilinx.com:ip:mdm:3.2 - mdm_1
Adding cell -- xilinx.com:ip:clk_wiz:6.0 - clk_wiz_1
Adding cell -- xilinx.com:ip:proc_sys_reset:5.0 - rst_clk_wiz_1_100M
Adding cell -- xilinx.com:ip:axi_intc:4.1 - axi_intc_0
Adding cell -- xilinx.com:ip:axi_gpio:2.0 - axi_gpio_0
Adding cell -- xilinx.com:ip:axi_uartlite:2.0 - axi_uartlite_0
Adding cell -- xilinx.com:ip:axi_interconnect:2.1 - microblaze_0_axi_periph
Adding cell -- xilinx.com:ip:axi_crossbar:2.1 - xbar
Adding cell -- xilinx.com:ip:xlconcat:2.1 - xlconcat_0
Successfully read diagram <design_1> from BD file <D:/ECE532/ECE532_3D_spatial_audio/Vivado_WorkDir/spatial_audio.srcs/sources_1/bd/design_1/design_1.bd>
open_bd_design: Time (s): cpu = 00:00:06 ; elapsed = 00:00:05 . Memory (MB): peak = 1055.848 ; gain = 66.297
create_bd_cell -type module -reference spatial_audio_top spatial_audio_top_0
ERROR: [filemgmt 56-328] Reference 'spatial_audio_top' contains sub-design file 'D:/ECE532/ECE532_3D_spatial_audio/Vivado_WorkDir/spatial_audio.srcs/sources_1/ip/rom_hrtf_left/rom_hrtf_left.xci', which is configured for out-of-context synthesis. OOC sub-designs are not allowed in the reference. To change the setting, use TCL command: 'set_property generate_synth_checkpoint 0 [get_files rom_hrtf_left.xci]'.
ERROR: [BD 41-1690] Unable to resolve module-source based on inputs: spatial_audio_top
ERROR: [BD 5-7] Error: running create_bd_cell  -type module -reference spatial_audio_top -name spatial_audio_top_0 .
ERROR: [Common 17-39] 'create_bd_cell' failed due to earlier errors.
set_property generate_synth_checkpoint 0 [get_files rom_hrtf_left.xci]
delete_ip_run [get_files -of_objects [get_fileset rom_hrtf_left] D:/ECE532/ECE532_3D_spatial_audio/Vivado_WorkDir/spatial_audio.srcs/sources_1/ip/rom_hrtf_left/rom_hrtf_left.xci]
INFO: [Project 1-386] Moving file 'D:/ECE532/ECE532_3D_spatial_audio/Vivado_WorkDir/spatial_audio.srcs/sources_1/ip/rom_hrtf_left/rom_hrtf_left.xci' from fileset 'rom_hrtf_left' to fileset 'sources_1'.
update_compile_order -fileset sources_1
create_bd_cell -type module -reference spatial_audio_top spatial_audio_top_0
INFO: [IP_Flow 19-234] Refreshing IP repositories
INFO: [IP_Flow 19-1700] Loaded user IP repository 'd:/ECE532/ECE532_3D_spatial_audio/PMOD_lib'.
set_property location {7 1953 515} [get_bd_cells spatial_audio_top_0]
set_property location {2 728 628} [get_bd_cells spatial_audio_top_0]
connect_bd_net [get_bd_pins clk_wiz_1/clk_out2] [get_bd_pins spatial_audio_top_0/clk_audio]
WARNING: [BD 41-1731] Type mismatch between connected pins: /clk_wiz_1/clk_out2(clk) and /spatial_audio_top_0/clk_audio(undef)
set_property location {2 570 626} [get_bd_cells spatial_audio_top_0]
connect_bd_net [get_bd_pins spatial_audio_top_0/locked] [get_bd_pins clk_wiz_1/locked]
set_property location {4 1098 633} [get_bd_cells spatial_audio_top_0]
connect_bd_net [get_bd_pins axi_gpio_0/gpio_io_o] [get_bd_pins spatial_audio_top_0/target_angle]
WARNING: [BD 41-1306] The connection to interface pin /axi_gpio_0/gpio_io_o is being overridden by the user. This pin will not be connected as a part of interface connection GPIO
create_bd_port -dir I -type data rx_data
set_property location {-44 527} [get_bd_ports rx_data]
connect_bd_net [get_bd_ports rx_data] [get_bd_pins spatial_audio_top_0/rx_data]
create_bd_port -dir O tx_mclk
create_bd_port -dir O tx_lrck
set_property location {2247 597} [get_bd_ports tx_lrck]
set_property location {6 1922 634} [get_bd_cells spatial_audio_top_0]
connect_bd_net [get_bd_ports tx_mclk] [get_bd_pins spatial_audio_top_0/tx_mclk]
connect_bd_net [get_bd_ports tx_lrck] [get_bd_pins spatial_audio_top_0/tx_lrck]
create_bd_port -dir O tx_sclk
startgroup
connect_bd_net [get_bd_ports tx_sclk] [get_bd_pins spatial_audio_top_0/tx_sclk]
endgroup
create_bd_port -dir O tx_data
startgroup
connect_bd_net [get_bd_ports tx_data] [get_bd_pins spatial_audio_top_0/tx_sclk]
endgroup
delete_bd_objs [get_bd_nets spatial_audio_top_0_tx_sclk]
connect_bd_net [get_bd_ports tx_sclk] [get_bd_pins spatial_audio_top_0/tx_sclk]
connect_bd_net [get_bd_ports tx_data] [get_bd_pins spatial_audio_top_0/tx_data]
create_bd_port -dir O rx_mclk
startgroup
connect_bd_net [get_bd_ports rx_mclk] [get_bd_pins spatial_audio_top_0/rx_mclk]
endgroup
create_bd_port -dir O rx_lrck
set_property location {2204 736} [get_bd_ports rx_lrck]
startgroup
connect_bd_net [get_bd_ports rx_lrck] [get_bd_pins spatial_audio_top_0/rx_lrck]
endgroup
create_bd_port -dir O rx_cclk
startgroup
connect_bd_net [get_bd_ports rx_cclk] [get_bd_pins spatial_audio_top_0/rx_sclk]
endgroup
validate_bd_design
WARNING: [BD 41-1284] Cannot set parameter SUGGESTED_PRIORITY on port /axi_intc_0/intr
WARNING: [BD 41-1284] Cannot set parameter SUGGESTED_PRIORITY on port /axi_intc_0/intr
WARNING: [BD 41-1284] Cannot set parameter SUGGESTED_PRIORITY on port /axi_intc_0/intr
WARNING: [BD 41-1284] Cannot set parameter SUGGESTED_PRIORITY on port /axi_intc_0/intr
WARNING: [BD 41-1284] Cannot set parameter SUGGESTED_PRIORITY on port /axi_intc_0/intr
WARNING: [BD 41-1284] Cannot set parameter SUGGESTED_PRIORITY on port /axi_intc_0/intr
INFO: [Device 21-403] Loading part xc7a100tcsg324-1
validate_bd_design: Time (s): cpu = 00:00:05 ; elapsed = 00:00:05 . Memory (MB): peak = 1382.555 ; gain = 278.598
save_bd_design
Wrote  : <D:\ECE532\ECE532_3D_spatial_audio\Vivado_WorkDir\spatial_audio.srcs\sources_1\bd\design_1\design_1.bd> 
Wrote  : <D:/ECE532/ECE532_3D_spatial_audio/Vivado_WorkDir/spatial_audio.srcs/sources_1/bd/design_1/ui/bd_1f5defd0.ui> 
regenerate_bd_layout
save_bd_design
Wrote  : <D:/ECE532/ECE532_3D_spatial_audio/Vivado_WorkDir/spatial_audio.srcs/sources_1/bd/design_1/ui/bd_1f5defd0.ui> 
make_wrapper -files [get_files D:/ECE532/ECE532_3D_spatial_audio/Vivado_WorkDir/spatial_audio.srcs/sources_1/bd/design_1/design_1.bd] -top
INFO: [BD 41-1662] The design 'design_1.bd' is already validated. Therefore parameter propagation will not be re-run.
VHDL Output written to : D:/ECE532/ECE532_3D_spatial_audio/Vivado_WorkDir/spatial_audio.srcs/sources_1/bd/design_1/synth/design_1.v
VHDL Output written to : D:/ECE532/ECE532_3D_spatial_audio/Vivado_WorkDir/spatial_audio.srcs/sources_1/bd/design_1/sim/design_1.v
VHDL Output written to : D:/ECE532/ECE532_3D_spatial_audio/Vivado_WorkDir/spatial_audio.srcs/sources_1/bd/design_1/hdl/design_1_wrapper.v
add_files -norecurse D:/ECE532/ECE532_3D_spatial_audio/Vivado_WorkDir/spatial_audio.srcs/sources_1/bd/design_1/hdl/design_1_wrapper.v
set_property top design_1 [current_fileset]
update_compile_order -fileset sources_1
update_compile_order -fileset sources_1
set_property top design_1_wrapper [current_fileset]
update_compile_order -fileset sources_1
reset_run synth_1
launch_runs impl_1 -to_step write_bitstream -jobs 8
INFO: [IP_Flow 19-1686] Generating 'Synthesis' target for IP 'rom_hrtf_right'...
INFO: [IP_Flow 19-1686] Generating 'Synthesis' target for IP 'rom_hrtf_left'...
INFO: [BD 41-1662] The design 'design_1.bd' is already validated. Therefore parameter propagation will not be re-run.
Wrote  : <D:/ECE532/ECE532_3D_spatial_audio/Vivado_WorkDir/spatial_audio.srcs/sources_1/bd/design_1/ui/bd_1f5defd0.ui> 
VHDL Output written to : D:/ECE532/ECE532_3D_spatial_audio/Vivado_WorkDir/spatial_audio.srcs/sources_1/bd/design_1/synth/design_1.v
VHDL Output written to : D:/ECE532/ECE532_3D_spatial_audio/Vivado_WorkDir/spatial_audio.srcs/sources_1/bd/design_1/sim/design_1.v
VHDL Output written to : D:/ECE532/ECE532_3D_spatial_audio/Vivado_WorkDir/spatial_audio.srcs/sources_1/bd/design_1/hdl/design_1_wrapper.v
INFO: [BD 41-1029] Generation completed for the IP Integrator block microblaze_0 .
INFO: [BD 41-1029] Generation completed for the IP Integrator block microblaze_0_local_memory/dlmb_v10 .
INFO: [BD 41-1029] Generation completed for the IP Integrator block microblaze_0_local_memory/ilmb_v10 .
INFO: [BD 41-1029] Generation completed for the IP Integrator block microblaze_0_local_memory/dlmb_bram_if_cntlr .
INFO: [BD 41-1029] Generation completed for the IP Integrator block microblaze_0_local_memory/ilmb_bram_if_cntlr .
INFO: [BD 41-1029] Generation completed for the IP Integrator block microblaze_0_local_memory/lmb_bram .
INFO: [BD 41-1029] Generation completed for the IP Integrator block mdm_1 .
INFO: [BD 41-1029] Generation completed for the IP Integrator block clk_wiz_1 .
INFO: [BD 41-1029] Generation completed for the IP Integrator block rst_clk_wiz_1_100M .
INFO: [BD 41-1029] Generation completed for the IP Integrator block axi_intc_0 .
INFO: [BD 41-1029] Generation completed for the IP Integrator block axi_gpio_0 .
INFO: [BD 41-1029] Generation completed for the IP Integrator block axi_uartlite_0 .
INFO: [BD 41-1029] Generation completed for the IP Integrator block microblaze_0_axi_periph/xbar .
INFO: [BD 41-1029] Generation completed for the IP Integrator block xlconcat_0 .
INFO: [BD 41-1029] Generation completed for the IP Integrator block spatial_audio_top_0 .
Exporting to file D:/ECE532/ECE532_3D_spatial_audio/Vivado_WorkDir/spatial_audio.srcs/sources_1/bd/design_1/hw_handoff/design_1.hwh
Generated Block Design Tcl file D:/ECE532/ECE532_3D_spatial_audio/Vivado_WorkDir/spatial_audio.srcs/sources_1/bd/design_1/hw_handoff/design_1_bd.tcl
Generated Hardware Definition File D:/ECE532/ECE532_3D_spatial_audio/Vivado_WorkDir/spatial_audio.srcs/sources_1/bd/design_1/synth/design_1.hwdef
[Thu Feb 26 01:21:39 2026] Launched design_1_ilmb_v10_0_synth_1, design_1_microblaze_0_0_synth_1, design_1_dlmb_v10_0_synth_1, design_1_dlmb_bram_if_cntlr_0_synth_1, design_1_ilmb_bram_if_cntlr_0_synth_1, design_1_mdm_1_0_synth_1, design_1_rst_clk_wiz_1_100M_0_synth_1, design_1_axi_uartlite_0_0_synth_1, design_1_axi_intc_0_0_synth_1, design_1_clk_wiz_1_0_synth_1, design_1_axi_gpio_0_0_synth_1, design_1_lmb_bram_0_synth_1, design_1_xbar_1_synth_1, design_1_spatial_audio_top_0_0_synth_1, synth_1...
Run output will be captured here:
design_1_ilmb_v10_0_synth_1: D:/ECE532/ECE532_3D_spatial_audio/Vivado_WorkDir/spatial_audio.runs/design_1_ilmb_v10_0_synth_1/runme.log
design_1_microblaze_0_0_synth_1: D:/ECE532/ECE532_3D_spatial_audio/Vivado_WorkDir/spatial_audio.runs/design_1_microblaze_0_0_synth_1/runme.log
design_1_dlmb_v10_0_synth_1: D:/ECE532/ECE532_3D_spatial_audio/Vivado_WorkDir/spatial_audio.runs/design_1_dlmb_v10_0_synth_1/runme.log
design_1_dlmb_bram_if_cntlr_0_synth_1: D:/ECE532/ECE532_3D_spatial_audio/Vivado_WorkDir/spatial_audio.runs/design_1_dlmb_bram_if_cntlr_0_synth_1/runme.log
design_1_ilmb_bram_if_cntlr_0_synth_1: D:/ECE532/ECE532_3D_spatial_audio/Vivado_WorkDir/spatial_audio.runs/design_1_ilmb_bram_if_cntlr_0_synth_1/runme.log
design_1_mdm_1_0_synth_1: D:/ECE532/ECE532_3D_spatial_audio/Vivado_WorkDir/spatial_audio.runs/design_1_mdm_1_0_synth_1/runme.log
design_1_rst_clk_wiz_1_100M_0_synth_1: D:/ECE532/ECE532_3D_spatial_audio/Vivado_WorkDir/spatial_audio.runs/design_1_rst_clk_wiz_1_100M_0_synth_1/runme.log
design_1_axi_uartlite_0_0_synth_1: D:/ECE532/ECE532_3D_spatial_audio/Vivado_WorkDir/spatial_audio.runs/design_1_axi_uartlite_0_0_synth_1/runme.log
design_1_axi_intc_0_0_synth_1: D:/ECE532/ECE532_3D_spatial_audio/Vivado_WorkDir/spatial_audio.runs/design_1_axi_intc_0_0_synth_1/runme.log
design_1_clk_wiz_1_0_synth_1: D:/ECE532/ECE532_3D_spatial_audio/Vivado_WorkDir/spatial_audio.runs/design_1_clk_wiz_1_0_synth_1/runme.log
design_1_axi_gpio_0_0_synth_1: D:/ECE532/ECE532_3D_spatial_audio/Vivado_WorkDir/spatial_audio.runs/design_1_axi_gpio_0_0_synth_1/runme.log
design_1_lmb_bram_0_synth_1: D:/ECE532/ECE532_3D_spatial_audio/Vivado_WorkDir/spatial_audio.runs/design_1_lmb_bram_0_synth_1/runme.log
design_1_xbar_1_synth_1: D:/ECE532/ECE532_3D_spatial_audio/Vivado_WorkDir/spatial_audio.runs/design_1_xbar_1_synth_1/runme.log
design_1_spatial_audio_top_0_0_synth_1: D:/ECE532/ECE532_3D_spatial_audio/Vivado_WorkDir/spatial_audio.runs/design_1_spatial_audio_top_0_0_synth_1/runme.log
synth_1: D:/ECE532/ECE532_3D_spatial_audio/Vivado_WorkDir/spatial_audio.runs/synth_1/runme.log
[Thu Feb 26 01:21:39 2026] Launched impl_1...
Run output will be captured here: D:/ECE532/ECE532_3D_spatial_audio/Vivado_WorkDir/spatial_audio.runs/impl_1/runme.log
launch_runs: Time (s): cpu = 00:00:10 ; elapsed = 00:00:15 . Memory (MB): peak = 1526.016 ; gain = 84.184
reset_run impl_1
set_property name rx_sclk [get_bd_ports rx_cclk]
save_bd_design
Wrote  : <D:\ECE532\ECE532_3D_spatial_audio\Vivado_WorkDir\spatial_audio.srcs\sources_1\bd\design_1\design_1.bd> 
Wrote  : <D:/ECE532/ECE532_3D_spatial_audio/Vivado_WorkDir/spatial_audio.srcs/sources_1/bd/design_1/ui/bd_1f5defd0.ui> 
make_wrapper -files [get_files D:/ECE532/ECE532_3D_spatial_audio/Vivado_WorkDir/spatial_audio.srcs/sources_1/bd/design_1/design_1.bd] -top
WARNING: [BD 41-1284] Cannot set parameter SUGGESTED_PRIORITY on port /axi_intc_0/intr
WARNING: [BD 41-1284] Cannot set parameter SUGGESTED_PRIORITY on port /axi_intc_0/intr
WARNING: [BD 41-1284] Cannot set parameter SUGGESTED_PRIORITY on port /axi_intc_0/intr
WARNING: [BD 41-1284] Cannot set parameter SUGGESTED_PRIORITY on port /axi_intc_0/intr
WARNING: [BD 41-1284] Cannot set parameter SUGGESTED_PRIORITY on port /axi_intc_0/intr
WARNING: [BD 41-1284] Cannot set parameter SUGGESTED_PRIORITY on port /axi_intc_0/intr
Wrote  : <D:\ECE532\ECE532_3D_spatial_audio\Vivado_WorkDir\spatial_audio.srcs\sources_1\bd\design_1\design_1.bd> 
VHDL Output written to : D:/ECE532/ECE532_3D_spatial_audio/Vivado_WorkDir/spatial_audio.srcs/sources_1/bd/design_1/synth/design_1.v
VHDL Output written to : D:/ECE532/ECE532_3D_spatial_audio/Vivado_WorkDir/spatial_audio.srcs/sources_1/bd/design_1/sim/design_1.v
VHDL Output written to : D:/ECE532/ECE532_3D_spatial_audio/Vivado_WorkDir/spatial_audio.srcs/sources_1/bd/design_1/hdl/design_1_wrapper.v
reset_run synth_1
launch_runs impl_1 -to_step write_bitstream -jobs 8
INFO: [BD 41-1662] The design 'design_1.bd' is already validated. Therefore parameter propagation will not be re-run.
VHDL Output written to : D:/ECE532/ECE532_3D_spatial_audio/Vivado_WorkDir/spatial_audio.srcs/sources_1/bd/design_1/synth/design_1.v
VHDL Output written to : D:/ECE532/ECE532_3D_spatial_audio/Vivado_WorkDir/spatial_audio.srcs/sources_1/bd/design_1/sim/design_1.v
VHDL Output written to : D:/ECE532/ECE532_3D_spatial_audio/Vivado_WorkDir/spatial_audio.srcs/sources_1/bd/design_1/hdl/design_1_wrapper.v
INFO: [BD 41-1029] Generation completed for the IP Integrator block microblaze_0 .
INFO: [BD 41-1029] Generation completed for the IP Integrator block microblaze_0_local_memory/dlmb_v10 .
INFO: [BD 41-1029] Generation completed for the IP Integrator block microblaze_0_local_memory/ilmb_v10 .
INFO: [BD 41-1029] Generation completed for the IP Integrator block microblaze_0_local_memory/dlmb_bram_if_cntlr .
INFO: [BD 41-1029] Generation completed for the IP Integrator block microblaze_0_local_memory/ilmb_bram_if_cntlr .
INFO: [BD 41-1029] Generation completed for the IP Integrator block microblaze_0_local_memory/lmb_bram .
INFO: [BD 41-1029] Generation completed for the IP Integrator block mdm_1 .
INFO: [BD 41-1029] Generation completed for the IP Integrator block clk_wiz_1 .
INFO: [BD 41-1029] Generation completed for the IP Integrator block rst_clk_wiz_1_100M .
INFO: [BD 41-1029] Generation completed for the IP Integrator block axi_intc_0 .
INFO: [BD 41-1029] Generation completed for the IP Integrator block axi_gpio_0 .
INFO: [BD 41-1029] Generation completed for the IP Integrator block axi_uartlite_0 .
INFO: [BD 41-1029] Generation completed for the IP Integrator block microblaze_0_axi_periph/xbar .
INFO: [BD 41-1029] Generation completed for the IP Integrator block xlconcat_0 .
INFO: [BD 41-1029] Generation completed for the IP Integrator block spatial_audio_top_0 .
Exporting to file D:/ECE532/ECE532_3D_spatial_audio/Vivado_WorkDir/spatial_audio.srcs/sources_1/bd/design_1/hw_handoff/design_1.hwh
Generated Block Design Tcl file D:/ECE532/ECE532_3D_spatial_audio/Vivado_WorkDir/spatial_audio.srcs/sources_1/bd/design_1/hw_handoff/design_1_bd.tcl
Generated Hardware Definition File D:/ECE532/ECE532_3D_spatial_audio/Vivado_WorkDir/spatial_audio.srcs/sources_1/bd/design_1/synth/design_1.hwdef
[Thu Feb 26 01:26:27 2026] Launched synth_1...
Run output will be captured here: D:/ECE532/ECE532_3D_spatial_audio/Vivado_WorkDir/spatial_audio.runs/synth_1/runme.log
[Thu Feb 26 01:26:27 2026] Launched impl_1...
Run output will be captured here: D:/ECE532/ECE532_3D_spatial_audio/Vivado_WorkDir/spatial_audio.runs/impl_1/runme.log
launch_runs: Time (s): cpu = 00:00:01 ; elapsed = 00:00:07 . Memory (MB): peak = 1622.035 ; gain = 34.941
file mkdir D:/ECE532/ECE532_3D_spatial_audio/Vivado_WorkDir/spatial_audio.sdk
file copy -force D:/ECE532/ECE532_3D_spatial_audio/Vivado_WorkDir/spatial_audio.runs/impl_1/design_1_wrapper.sysdef D:/ECE532/ECE532_3D_spatial_audio/Vivado_WorkDir/spatial_audio.sdk/design_1_wrapper.hdf

open_hw
connect_hw_server
INFO: [Labtools 27-2285] Connecting to hw_server url TCP:localhost:3121
INFO: [Labtools 27-2222] Launching hw_server...
INFO: [Labtools 27-2221] Launch Output:

****** Xilinx hw_server v2018.3
  **** Build date : Dec  7 2018-00:40:27
    ** Copyright 1986-2018 Xilinx, Inc. All Rights Reserved.


open_hw_target
INFO: [Labtoolstcl 44-466] Opening hw_target localhost:3121/xilinx_tcf/Digilent/210292646056A
set_property PROGRAM.FILE {D:/ECE532/ECE532_3D_spatial_audio/Vivado_WorkDir/spatial_audio.runs/impl_1/design_1_wrapper.bit} [get_hw_devices xc7a100t_0]
current_hw_device [get_hw_devices xc7a100t_0]
refresh_hw_device -update_hw_probes false [lindex [get_hw_devices xc7a100t_0] 0]
INFO: [Labtools 27-1434] Device xc7a100t (JTAG device index = 0) is programmed with a design that has no supported debug core(s) in it.
set_property PROBES.FILE {} [get_hw_devices xc7a100t_0]
set_property FULL_PROBES.FILE {} [get_hw_devices xc7a100t_0]
set_property PROGRAM.FILE {D:/ECE532/ECE532_3D_spatial_audio/Vivado_WorkDir/spatial_audio.runs/impl_1/design_1_wrapper.bit} [get_hw_devices xc7a100t_0]
program_hw_devices [get_hw_devices xc7a100t_0]
INFO: [Labtools 27-3164] End of startup status: HIGH
refresh_hw_device [lindex [get_hw_devices xc7a100t_0] 0]
INFO: [Labtools 27-1434] Device xc7a100t (JTAG device index = 0) is programmed with a design that has no supported debug core(s) in it.
file copy -force D:/ECE532/ECE532_3D_spatial_audio/Vivado_WorkDir/spatial_audio.runs/impl_1/design_1_wrapper.sysdef D:/ECE532/ECE532_3D_spatial_audio/Vivado_WorkDir/spatial_audio.sdk/design_1_wrapper.hdf

launch_sdk -workspace D:/ECE532/ECE532_3D_spatial_audio/Vivado_WorkDir/spatial_audio.sdk -hwspec D:/ECE532/ECE532_3D_spatial_audio/Vivado_WorkDir/spatial_audio.sdk/design_1_wrapper.hdf
INFO: [Vivado 12-393] Launching SDK...
INFO: [Vivado 12-417] Running xsdk -workspace D:/ECE532/ECE532_3D_spatial_audio/Vivado_WorkDir/spatial_audio.sdk -hwspec D:/ECE532/ECE532_3D_spatial_audio/Vivado_WorkDir/spatial_audio.sdk/design_1_wrapper.hdf
INFO: [Vivado 12-3157] SDK launch initiated. Please check console for any further messages.
open_bd_design {D:/ECE532/ECE532_3D_spatial_audio/Vivado_WorkDir/spatial_audio.srcs/sources_1/bd/design_1/design_1.bd}
set_property range 32K [get_bd_addr_segs {microblaze_0/Data/SEG_dlmb_bram_if_cntlr_Mem}]
startgroup
create_bd_cell -type ip -vlnv digilentinc.com:IP:PmodJSTK2:1.0 PmodJSTK2_0
endgroup
set_property location {6 1868 18} [get_bd_cells PmodJSTK2_0]
startgroup
apply_bd_automation -rule xilinx.com:bd_rule:axi4 -config { Clk_master {/clk_wiz_1/clk_out1 (100 MHz)} Clk_slave {Auto} Clk_xbar {/clk_wiz_1/clk_out1 (100 MHz)} Master {/microblaze_0 (Periph)} Slave {/PmodJSTK2_0/AXI_LITE_SPI} intc_ip {/microblaze_0_axi_periph} master_apm {0}}  [get_bd_intf_pins PmodJSTK2_0/AXI_LITE_SPI]
</PmodJSTK2_0/AXI_LITE_SPI/Reg0> is being mapped into </microblaze_0/Data> at <0x00010000 [ 64K ]>
apply_bd_automation -rule xilinx.com:bd_rule:axi4 -config { Clk_master {/clk_wiz_1/clk_out1 (100 MHz)} Clk_slave {Auto} Clk_xbar {/clk_wiz_1/clk_out1 (100 MHz)} Master {/microblaze_0 (Periph)} Slave {/PmodJSTK2_0/AXI_LITE_GPIO} intc_ip {/microblaze_0_axi_periph} master_apm {0}}  [get_bd_intf_pins PmodJSTK2_0/AXI_LITE_GPIO]
</PmodJSTK2_0/AXI_LITE_GPIO/Reg0> is being mapped into </microblaze_0/Data> at <0x00008000 [ 4K ]>
endgroup
save_bd_design
Wrote  : <D:\ECE532\ECE532_3D_spatial_audio\Vivado_WorkDir\spatial_audio.srcs\sources_1\bd\design_1\design_1.bd> 
Wrote  : <D:/ECE532/ECE532_3D_spatial_audio/Vivado_WorkDir/spatial_audio.srcs/sources_1/bd/design_1/ui/bd_1f5defd0.ui> 
set_property range 32K [get_bd_addr_segs {microblaze_0/Instruction/SEG_ilmb_bram_if_cntlr_Mem}]
save_bd_design
Wrote  : <D:\ECE532\ECE532_3D_spatial_audio\Vivado_WorkDir\spatial_audio.srcs\sources_1\bd\design_1\design_1.bd> 
make_wrapper -files [get_files D:/ECE532/ECE532_3D_spatial_audio/Vivado_WorkDir/spatial_audio.srcs/sources_1/bd/design_1/design_1.bd] -top
ERROR: [BD 41-758] The following clock pins are not connected to a valid clock source: 
/PmodJSTK2_0/ext_spi_clk

ERROR: [BD 41-1031] Hdl Generation failed for the IP Integrator design D:/ECE532/ECE532_3D_spatial_audio/Vivado_WorkDir/spatial_audio.srcs/sources_1/bd/design_1/design_1.bd 
ERROR: [Common 17-39] 'make_wrapper' failed due to earlier errors.
validate_bd_design
ERROR: [BD 41-758] The following clock pins are not connected to a valid clock source: 
/PmodJSTK2_0/ext_spi_clk

ERROR: [Common 17-39] 'validate_bd_design' failed due to earlier errors.
connect_bd_net [get_bd_pins PmodJSTK2_0/ext_spi_clk] [get_bd_pins clk_wiz_1/clk_out1]
save_bd_design
Wrote  : <D:\ECE532\ECE532_3D_spatial_audio\Vivado_WorkDir\spatial_audio.srcs\sources_1\bd\design_1\design_1.bd> 
validate_bd_design
WARNING: [BD 41-1284] Cannot set parameter SUGGESTED_PRIORITY on port /axi_intc_0/intr
WARNING: [BD 41-1284] Cannot set parameter SUGGESTED_PRIORITY on port /axi_intc_0/intr
WARNING: [BD 41-1284] Cannot set parameter SUGGESTED_PRIORITY on port /axi_intc_0/intr
WARNING: [BD 41-1284] Cannot set parameter SUGGESTED_PRIORITY on port /axi_intc_0/intr
WARNING: [BD 41-1284] Cannot set parameter SUGGESTED_PRIORITY on port /axi_intc_0/intr
WARNING: [BD 41-1284] Cannot set parameter SUGGESTED_PRIORITY on port /axi_intc_0/intr
WARNING: [BD 41-927] Following properties on pin /PmodJSTK2_0/ext_spi_clk have been updated from connected ip. They may not be synchronized with cell properties. You can set property on pin directly to confirm the value and resolve the warning.
	CLK_DOMAIN=/clk_wiz_1_clk_out1 
WARNING: [BD 41-927] Following properties on pin /PmodJSTK2_0/s_axi_aclk have been updated from connected ip. They may not be synchronized with cell properties. You can set property on pin directly to confirm the value and resolve the warning.
	CLK_DOMAIN=/clk_wiz_1_clk_out1 
CRITICAL WARNING: [BD 41-759] The input pins (listed below) are either not connected or do not have a source port, and they don't have a tie-off specified. These pins are tied-off to all 0's to avoid error in Implementation flow.
Please check your design and connect them as needed: 
/PmodJSTK2_0/Pmod_out_pin10_i
/PmodJSTK2_0/Pmod_out_pin1_i
/PmodJSTK2_0/Pmod_out_pin2_i
/PmodJSTK2_0/Pmod_out_pin3_i
/PmodJSTK2_0/Pmod_out_pin4_i
/PmodJSTK2_0/Pmod_out_pin7_i
/PmodJSTK2_0/Pmod_out_pin8_i
/PmodJSTK2_0/Pmod_out_pin9_i

apply_board_connection -board_interface "jb" -ip_intf "/PmodJSTK2_0/Pmod_out" -diagram "design_1" 
INFO: [board_interface 100-100] set_property CONFIG.USE_BOARD_FLOW true [get_bd_cells -quiet /PmodJSTK2_0]
INFO: [board_interface 100-100] set_property CONFIG.PMOD jb [get_bd_cells -quiet /PmodJSTK2_0]
INFO: [board_interface 100-100] create_bd_intf_port -mode Master -vlnv digilentinc.com:interface:pmod_rtl:1.0 jb
INFO: [board_interface 100-100] connect_bd_intf_net /jb /PmodJSTK2_0/Pmod_out
set_property location {2048 15} [get_bd_intf_ports jb]
regenerate_bd_layout
validate_bd_design
WARNING: [BD 41-1284] Cannot set parameter SUGGESTED_PRIORITY on port /axi_intc_0/intr
WARNING: [BD 41-1284] Cannot set parameter SUGGESTED_PRIORITY on port /axi_intc_0/intr
WARNING: [BD 41-1284] Cannot set parameter SUGGESTED_PRIORITY on port /axi_intc_0/intr
WARNING: [BD 41-1284] Cannot set parameter SUGGESTED_PRIORITY on port /axi_intc_0/intr
WARNING: [BD 41-1284] Cannot set parameter SUGGESTED_PRIORITY on port /axi_intc_0/intr
WARNING: [BD 41-1284] Cannot set parameter SUGGESTED_PRIORITY on port /axi_intc_0/intr
WARNING: [BD 41-927] Following properties on pin /PmodJSTK2_0/ext_spi_clk have been updated from connected ip. They may not be synchronized with cell properties. You can set property on pin directly to confirm the value and resolve the warning.
	CLK_DOMAIN=/clk_wiz_1_clk_out1 
WARNING: [BD 41-927] Following properties on pin /PmodJSTK2_0/s_axi_aclk have been updated from connected ip. They may not be synchronized with cell properties. You can set property on pin directly to confirm the value and resolve the warning.
	CLK_DOMAIN=/clk_wiz_1_clk_out1 
save_bd_design
Wrote  : <D:\ECE532\ECE532_3D_spatial_audio\Vivado_WorkDir\spatial_audio.srcs\sources_1\bd\design_1\design_1.bd> 
Wrote  : <D:/ECE532/ECE532_3D_spatial_audio/Vivado_WorkDir/spatial_audio.srcs/sources_1/bd/design_1/ui/bd_1f5defd0.ui> 
make_wrapper -files [get_files D:/ECE532/ECE532_3D_spatial_audio/Vivado_WorkDir/spatial_audio.srcs/sources_1/bd/design_1/design_1.bd] -top
INFO: [BD 41-1662] The design 'design_1.bd' is already validated. Therefore parameter propagation will not be re-run.
VHDL Output written to : D:/ECE532/ECE532_3D_spatial_audio/Vivado_WorkDir/spatial_audio.srcs/sources_1/bd/design_1/synth/design_1.v
VHDL Output written to : D:/ECE532/ECE532_3D_spatial_audio/Vivado_WorkDir/spatial_audio.srcs/sources_1/bd/design_1/sim/design_1.v
VHDL Output written to : D:/ECE532/ECE532_3D_spatial_audio/Vivado_WorkDir/spatial_audio.srcs/sources_1/bd/design_1/hdl/design_1_wrapper.v
reset_run synth_1
reset_run design_1_dlmb_bram_if_cntlr_0_synth_1
reset_run design_1_ilmb_bram_if_cntlr_0_synth_1
reset_run design_1_lmb_bram_0_synth_1
reset_run design_1_xbar_1_synth_1
launch_runs impl_1 -to_step write_bitstream -jobs 8
INFO: [BD 41-1662] The design 'design_1.bd' is already validated. Therefore parameter propagation will not be re-run.
VHDL Output written to : D:/ECE532/ECE532_3D_spatial_audio/Vivado_WorkDir/spatial_audio.srcs/sources_1/bd/design_1/synth/design_1.v
VHDL Output written to : D:/ECE532/ECE532_3D_spatial_audio/Vivado_WorkDir/spatial_audio.srcs/sources_1/bd/design_1/sim/design_1.v
VHDL Output written to : D:/ECE532/ECE532_3D_spatial_audio/Vivado_WorkDir/spatial_audio.srcs/sources_1/bd/design_1/hdl/design_1_wrapper.v
INFO: [BD 41-1029] Generation completed for the IP Integrator block microblaze_0 .
INFO: [BD 41-1029] Generation completed for the IP Integrator block microblaze_0_local_memory/dlmb_v10 .
INFO: [BD 41-1029] Generation completed for the IP Integrator block microblaze_0_local_memory/ilmb_v10 .
INFO: [BD 41-1029] Generation completed for the IP Integrator block microblaze_0_local_memory/dlmb_bram_if_cntlr .
INFO: [BD 41-1029] Generation completed for the IP Integrator block microblaze_0_local_memory/ilmb_bram_if_cntlr .
INFO: [BD 41-1029] Generation completed for the IP Integrator block microblaze_0_local_memory/lmb_bram .
INFO: [BD 41-1029] Generation completed for the IP Integrator block mdm_1 .
INFO: [BD 41-1029] Generation completed for the IP Integrator block clk_wiz_1 .
INFO: [BD 41-1029] Generation completed for the IP Integrator block rst_clk_wiz_1_100M .
INFO: [BD 41-1029] Generation completed for the IP Integrator block axi_intc_0 .
INFO: [BD 41-1029] Generation completed for the IP Integrator block axi_gpio_0 .
INFO: [BD 41-1029] Generation completed for the IP Integrator block axi_uartlite_0 .
INFO: [BD 41-1029] Generation completed for the IP Integrator block microblaze_0_axi_periph/xbar .
INFO: [BD 41-1029] Generation completed for the IP Integrator block xlconcat_0 .
INFO: [BD 41-1029] Generation completed for the IP Integrator block spatial_audio_top_0 .
CRITICAL WARNING: [IP_Flow 19-4965] IP PmodJSTK2_axi_gpio_0_0 was packaged with board value 'digilentinc.com:arty:part0:1.1'. Current project's board value is 'digilentinc.com:nexys4_ddr:part0:1.1'. Please update the project settings to match the packaged IP.
INFO: [IP_Flow 19-3422] Upgraded PmodJSTK2_axi_gpio_0_0 (AXI GPIO 2.0) from revision 17 to revision 20
CRITICAL WARNING: [IP_Flow 19-4965] IP PmodJSTK2_pmod_bridge_0_0 was packaged with board value 'digilentinc.com:arty:part0:1.1'. Current project's board value is 'digilentinc.com:nexys4_ddr:part0:1.1'. Please update the project settings to match the packaged IP.
INFO: [IP_Flow 19-1972] Upgraded PmodJSTK2_pmod_bridge_0_0 from Pmod Bridge 1.0 to Pmod Bridge 1.1
CRITICAL WARNING: [IP_Flow 19-4965] IP PmodJSTK2_axi_quad_spi_0_0 was packaged with board value 'digilentinc.com:arty:part0:1.1'. Current project's board value is 'digilentinc.com:nexys4_ddr:part0:1.1'. Please update the project settings to match the packaged IP.
INFO: [IP_Flow 19-3422] Upgraded PmodJSTK2_axi_quad_spi_0_0 (AXI Quad SPI 3.2) from revision 14 to revision 17
RUNNING BOARD.XIT
    d:/ECE532/ECE532_3D_spatial_audio/Vivado_WorkDir/spatial_audio.srcs/sources_1/bd/design_1/ip/design_1_PmodJSTK2_0_0/src/PmodJSTK2_pmod_bridge_0_0/PmodJSTK2_pmod_bridge_0_0_board.xdc
INFO: [BD 41-1029] Generation completed for the IP Integrator block PmodJSTK2_0 .
Exporting to file D:/ECE532/ECE532_3D_spatial_audio/Vivado_WorkDir/spatial_audio.srcs/sources_1/bd/design_1/hw_handoff/design_1.hwh
Generated Block Design Tcl file D:/ECE532/ECE532_3D_spatial_audio/Vivado_WorkDir/spatial_audio.srcs/sources_1/bd/design_1/hw_handoff/design_1_bd.tcl
Generated Hardware Definition File D:/ECE532/ECE532_3D_spatial_audio/Vivado_WorkDir/spatial_audio.srcs/sources_1/bd/design_1/synth/design_1.hwdef
[Thu Feb 26 01:55:51 2026] Launched design_1_dlmb_bram_if_cntlr_0_synth_1, design_1_ilmb_bram_if_cntlr_0_synth_1, design_1_lmb_bram_0_synth_1, design_1_xbar_1_synth_1, design_1_PmodJSTK2_0_0_synth_1, synth_1...
Run output will be captured here:
design_1_dlmb_bram_if_cntlr_0_synth_1: D:/ECE532/ECE532_3D_spatial_audio/Vivado_WorkDir/spatial_audio.runs/design_1_dlmb_bram_if_cntlr_0_synth_1/runme.log
design_1_ilmb_bram_if_cntlr_0_synth_1: D:/ECE532/ECE532_3D_spatial_audio/Vivado_WorkDir/spatial_audio.runs/design_1_ilmb_bram_if_cntlr_0_synth_1/runme.log
design_1_lmb_bram_0_synth_1: D:/ECE532/ECE532_3D_spatial_audio/Vivado_WorkDir/spatial_audio.runs/design_1_lmb_bram_0_synth_1/runme.log
design_1_xbar_1_synth_1: D:/ECE532/ECE532_3D_spatial_audio/Vivado_WorkDir/spatial_audio.runs/design_1_xbar_1_synth_1/runme.log
design_1_PmodJSTK2_0_0_synth_1: D:/ECE532/ECE532_3D_spatial_audio/Vivado_WorkDir/spatial_audio.runs/design_1_PmodJSTK2_0_0_synth_1/runme.log
synth_1: D:/ECE532/ECE532_3D_spatial_audio/Vivado_WorkDir/spatial_audio.runs/synth_1/runme.log
[Thu Feb 26 01:55:51 2026] Launched impl_1...
Run output will be captured here: D:/ECE532/ECE532_3D_spatial_audio/Vivado_WorkDir/spatial_audio.runs/impl_1/runme.log
launch_runs: Time (s): cpu = 00:00:05 ; elapsed = 00:00:11 . Memory (MB): peak = 2741.551 ; gain = 39.113
close_bd_design [get_bd_designs design_1]
close_hw
file copy -force D:/ECE532/ECE532_3D_spatial_audio/Vivado_WorkDir/spatial_audio.runs/impl_1/design_1_wrapper.sysdef D:/ECE532/ECE532_3D_spatial_audio/Vivado_WorkDir/spatial_audio.sdk/design_1_wrapper.hdf

launch_sdk -workspace D:/ECE532/ECE532_3D_spatial_audio/Vivado_WorkDir/spatial_audio.sdk -hwspec D:/ECE532/ECE532_3D_spatial_audio/Vivado_WorkDir/spatial_audio.sdk/design_1_wrapper.hdf
INFO: [Vivado 12-393] Launching SDK...
INFO: [Vivado 12-417] Running xsdk -workspace D:/ECE532/ECE532_3D_spatial_audio/Vivado_WorkDir/spatial_audio.sdk -hwspec D:/ECE532/ECE532_3D_spatial_audio/Vivado_WorkDir/spatial_audio.sdk/design_1_wrapper.hdf
INFO: [Vivado 12-3157] SDK launch initiated. Please check console for any further messages.
launch_sdk -workspace D:/ECE532/ECE532_3D_spatial_audio/Vivado_WorkDir/spatial_audio.sdk -hwspec D:/ECE532/ECE532_3D_spatial_audio/Vivado_WorkDir/spatial_audio.sdk/design_1_wrapper.hdf
INFO: [Vivado 12-393] Launching SDK...
INFO: [Vivado 12-417] Running xsdk -workspace D:/ECE532/ECE532_3D_spatial_audio/Vivado_WorkDir/spatial_audio.sdk -hwspec D:/ECE532/ECE532_3D_spatial_audio/Vivado_WorkDir/spatial_audio.sdk/design_1_wrapper.hdf
INFO: [Vivado 12-3157] SDK launch initiated. Please check console for any further messages.
file mkdir D:/ECE532/ECE532_3D_spatial_audio/Vivado_WorkDir/spatial_audio.sdk
file copy -force D:/ECE532/ECE532_3D_spatial_audio/Vivado_WorkDir/spatial_audio.runs/impl_1/design_1_wrapper.sysdef D:/ECE532/ECE532_3D_spatial_audio/Vivado_WorkDir/spatial_audio.sdk/design_1_wrapper.hdf

launch_sdk -workspace D:/ECE532/ECE532_3D_spatial_audio/Vivado_WorkDir/spatial_audio.sdk -hwspec D:/ECE532/ECE532_3D_spatial_audio/Vivado_WorkDir/spatial_audio.sdk/design_1_wrapper.hdf
INFO: [Vivado 12-393] Launching SDK...
INFO: [Vivado 12-417] Running xsdk -workspace D:/ECE532/ECE532_3D_spatial_audio/Vivado_WorkDir/spatial_audio.sdk -hwspec D:/ECE532/ECE532_3D_spatial_audio/Vivado_WorkDir/spatial_audio.sdk/design_1_wrapper.hdf
INFO: [Vivado 12-3157] SDK launch initiated. Please check console for any further messages.
open_hw
connect_hw_server
INFO: [Labtools 27-2285] Connecting to hw_server url TCP:localhost:3121
INFO: [Labtools 27-2222] Launching hw_server...
INFO: [Labtools 27-2221] Launch Output:

****** Xilinx hw_server v2018.3
  **** Build date : Dec  7 2018-00:40:27
    ** Copyright 1986-2018 Xilinx, Inc. All Rights Reserved.


open_hw_target
INFO: [Labtoolstcl 44-466] Opening hw_target localhost:3121/xilinx_tcf/Digilent/210292646056A
set_property PROGRAM.FILE {D:/ECE532/ECE532_3D_spatial_audio/Vivado_WorkDir/spatial_audio.runs/impl_1/design_1_wrapper.bit} [get_hw_devices xc7a100t_0]
current_hw_device [get_hw_devices xc7a100t_0]
refresh_hw_device -update_hw_probes false [lindex [get_hw_devices xc7a100t_0] 0]
INFO: [Labtools 27-1434] Device xc7a100t (JTAG device index = 0) is programmed with a design that has no supported debug core(s) in it.
launch_sdk -workspace D:/ECE532/ECE532_3D_spatial_audio/Vivado_WorkDir/spatial_audio.sdk -hwspec D:/ECE532/ECE532_3D_spatial_audio/Vivado_WorkDir/spatial_audio.sdk/design_1_wrapper.hdf
INFO: [Vivado 12-393] Launching SDK...
INFO: [Vivado 12-417] Running xsdk -workspace D:/ECE532/ECE532_3D_spatial_audio/Vivado_WorkDir/spatial_audio.sdk -hwspec D:/ECE532/ECE532_3D_spatial_audio/Vivado_WorkDir/spatial_audio.sdk/design_1_wrapper.hdf
INFO: [Vivado 12-3157] SDK launch initiated. Please check console for any further messages.
exit
INFO: [Common 17-206] Exiting Vivado at Thu Feb 26 02:15:27 2026...
