#-----------------------------------------------------------
# Vivado v2018.3 (64-bit)
# SW Build 2405991 on Thu Dec  6 23:38:27 MST 2018
# IP Build 2404404 on Fri Dec  7 01:43:56 MST 2018
# Start of session at: Sat Mar  7 20:29:42 2026
# Process ID: 21580
# Current directory: C:/Users/andyl/Desktop/ECE532_3D_spatial_audio/Vivado_WorkDir
# Command line: vivado.exe -gui_launcher_event rodinguilauncherevent11204 C:\Users\andyl\Desktop\ECE532_3D_spatial_audio\Vivado_WorkDir\spatial_audio.xpr
# Log file: C:/Users/andyl/Desktop/ECE532_3D_spatial_audio/Vivado_WorkDir/vivado.log
# Journal file: C:/Users/andyl/Desktop/ECE532_3D_spatial_audio/Vivado_WorkDir\vivado.jou
#-----------------------------------------------------------
start_gui
open_project C:/Users/andyl/Desktop/ECE532_3D_spatial_audio/Vivado_WorkDir/spatial_audio.xpr
Scanning sources...
Finished scanning sources
INFO: [IP_Flow 19-234] Refreshing IP repositories
INFO: [IP_Flow 19-1700] Loaded user IP repository 'c:/Users/andyl/Desktop/ECE532_3D_spatial_audio/PMOD_lib'.
INFO: [IP_Flow 19-2313] Loaded Vivado IP repository 'C:/Xilinx/Vivado/2018.3/data/ip'.
open_project: Time (s): cpu = 00:00:13 ; elapsed = 00:00:17 . Memory (MB): peak = 968.559 ; gain = 341.848
update_compile_order -fileset sources_1
update_module_reference design_1_spatial_audio_top_0_0
INFO: [IP_Flow 19-234] Refreshing IP repositories
INFO: [IP_Flow 19-1700] Loaded user IP repository 'c:/Users/andyl/Desktop/ECE532_3D_spatial_audio/PMOD_lib'.
Adding cell -- xilinx.com:ip:microblaze:11.0 - microblaze_0
Adding cell -- xilinx.com:ip:lmb_v10:3.0 - dlmb_v10
Adding cell -- xilinx.com:ip:lmb_v10:3.0 - ilmb_v10
Adding cell -- xilinx.com:ip:lmb_bram_if_cntlr:4.0 - dlmb_bram_if_cntlr
Adding cell -- xilinx.com:ip:lmb_bram_if_cntlr:4.0 - ilmb_bram_if_cntlr
Adding cell -- xilinx.com:ip:blk_mem_gen:8.4 - lmb_bram
Adding cell -- xilinx.com:ip:mdm:3.2 - mdm_1
Adding cell -- xilinx.com:ip:clk_wiz:6.0 - clk_wiz_1
Adding cell -- xilinx.com:ip:proc_sys_reset:5.0 - rst_clk_wiz_1_100M
Adding cell -- xilinx.com:ip:axi_intc:4.1 - axi_intc_0
Adding cell -- xilinx.com:ip:axi_gpio:2.0 - axi_gpio_0
Adding cell -- xilinx.com:ip:axi_uartlite:2.0 - axi_uartlite_0
Adding cell -- xilinx.com:ip:axi_interconnect:2.1 - microblaze_0_axi_periph
Adding cell -- xilinx.com:ip:axi_crossbar:2.1 - xbar
Adding cell -- xilinx.com:ip:xlconcat:2.1 - xlconcat_0
Adding cell -- digilentinc.com:IP:PmodJSTK2:1.0 - PmodJSTK2_0
Adding cell -- xilinx.com:module_ref:spatial_audio_top:1.0 - spatial_audio_top_0
WARNING: [BD 41-1731] Type mismatch between connected pins: /clk_wiz_1/clk_out2(clk) and /spatial_audio_top_0/clk_audio(undef)
Successfully read diagram <design_1> from BD file <C:/Users/andyl/Desktop/ECE532_3D_spatial_audio/Vivado_WorkDir/spatial_audio.srcs/sources_1/bd/design_1/design_1.bd>
Upgrading 'C:/Users/andyl/Desktop/ECE532_3D_spatial_audio/Vivado_WorkDir/spatial_audio.srcs/sources_1/bd/design_1/design_1.bd'
INFO: [IP_Flow 19-1972] Upgraded design_1_spatial_audio_top_0_0 from spatial_audio_top_v1_0 1.0 to spatial_audio_top_v1_0 1.0
WARNING: [BD 41-1731] Type mismatch between connected pins: /clk_wiz_1/clk_out2(clk) and /spatial_audio_top_0_upgraded_ipi/clk_audio(undef)
Wrote  : <C:\Users\andyl\Desktop\ECE532_3D_spatial_audio\Vivado_WorkDir\spatial_audio.srcs\sources_1\bd\design_1\design_1.bd> 
Wrote  : <C:/Users/andyl/Desktop/ECE532_3D_spatial_audio/Vivado_WorkDir/spatial_audio.srcs/sources_1/bd/design_1/ui/bd_1f5defd0.ui> 
upgrade_ip: Time (s): cpu = 00:00:08 ; elapsed = 00:00:08 . Memory (MB): peak = 1910.094 ; gain = 0.000
update_module_reference: Time (s): cpu = 00:00:08 ; elapsed = 00:00:10 . Memory (MB): peak = 1910.094 ; gain = 0.000
reset_run synth_1
launch_runs impl_1 -to_step write_bitstream -jobs 14
WARNING: [BD 41-1284] Cannot set parameter SUGGESTED_PRIORITY on port /axi_intc_0/intr
WARNING: [BD 41-1284] Cannot set parameter SUGGESTED_PRIORITY on port /axi_intc_0/intr
WARNING: [BD 41-1284] Cannot set parameter SUGGESTED_PRIORITY on port /axi_intc_0/intr
WARNING: [BD 41-1284] Cannot set parameter SUGGESTED_PRIORITY on port /axi_intc_0/intr
WARNING: [BD 41-1284] Cannot set parameter SUGGESTED_PRIORITY on port /axi_intc_0/intr
WARNING: [BD 41-1284] Cannot set parameter SUGGESTED_PRIORITY on port /axi_intc_0/intr
WARNING: [BD 41-927] Following properties on pin /PmodJSTK2_0/ext_spi_clk have been updated from connected ip. They may not be synchronized with cell properties. You can set property on pin directly to confirm the value and resolve the warning.
	CLK_DOMAIN=/clk_wiz_1_clk_out1 
WARNING: [BD 41-927] Following properties on pin /PmodJSTK2_0/s_axi_aclk have been updated from connected ip. They may not be synchronized with cell properties. You can set property on pin directly to confirm the value and resolve the warning.
	CLK_DOMAIN=/clk_wiz_1_clk_out1 
Wrote  : <C:\Users\andyl\Desktop\ECE532_3D_spatial_audio\Vivado_WorkDir\spatial_audio.srcs\sources_1\bd\design_1\design_1.bd> 
VHDL Output written to : C:/Users/andyl/Desktop/ECE532_3D_spatial_audio/Vivado_WorkDir/spatial_audio.srcs/sources_1/bd/design_1/synth/design_1.v
VHDL Output written to : C:/Users/andyl/Desktop/ECE532_3D_spatial_audio/Vivado_WorkDir/spatial_audio.srcs/sources_1/bd/design_1/sim/design_1.v
VHDL Output written to : C:/Users/andyl/Desktop/ECE532_3D_spatial_audio/Vivado_WorkDir/spatial_audio.srcs/sources_1/bd/design_1/hdl/design_1_wrapper.v
INFO: [BD 41-1029] Generation completed for the IP Integrator block microblaze_0 .
INFO: [BD 41-1029] Generation completed for the IP Integrator block microblaze_0_local_memory/dlmb_v10 .
INFO: [BD 41-1029] Generation completed for the IP Integrator block microblaze_0_local_memory/ilmb_v10 .
INFO: [BD 41-1029] Generation completed for the IP Integrator block microblaze_0_local_memory/dlmb_bram_if_cntlr .
INFO: [BD 41-1029] Generation completed for the IP Integrator block microblaze_0_local_memory/ilmb_bram_if_cntlr .
INFO: [BD 41-1029] Generation completed for the IP Integrator block microblaze_0_local_memory/lmb_bram .
INFO: [BD 41-1029] Generation completed for the IP Integrator block mdm_1 .
INFO: [BD 41-1029] Generation completed for the IP Integrator block clk_wiz_1 .
INFO: [BD 41-1029] Generation completed for the IP Integrator block rst_clk_wiz_1_100M .
INFO: [BD 41-1029] Generation completed for the IP Integrator block axi_intc_0 .
INFO: [BD 41-1029] Generation completed for the IP Integrator block axi_gpio_0 .
INFO: [BD 41-1029] Generation completed for the IP Integrator block axi_uartlite_0 .
INFO: [BD 41-1029] Generation completed for the IP Integrator block microblaze_0_axi_periph/xbar .
INFO: [BD 41-1029] Generation completed for the IP Integrator block xlconcat_0 .
INFO: [BD 41-1029] Generation completed for the IP Integrator block spatial_audio_top_0 .
INFO: [BD 41-1029] Generation completed for the IP Integrator block PmodJSTK2_0 .
Exporting to file C:/Users/andyl/Desktop/ECE532_3D_spatial_audio/Vivado_WorkDir/spatial_audio.srcs/sources_1/bd/design_1/hw_handoff/design_1.hwh
Generated Block Design Tcl file C:/Users/andyl/Desktop/ECE532_3D_spatial_audio/Vivado_WorkDir/spatial_audio.srcs/sources_1/bd/design_1/hw_handoff/design_1_bd.tcl
Generated Hardware Definition File C:/Users/andyl/Desktop/ECE532_3D_spatial_audio/Vivado_WorkDir/spatial_audio.srcs/sources_1/bd/design_1/synth/design_1.hwdef
[Sat Mar  7 20:36:09 2026] Launched design_1_spatial_audio_top_0_0_synth_1, synth_1...
Run output will be captured here:
design_1_spatial_audio_top_0_0_synth_1: C:/Users/andyl/Desktop/ECE532_3D_spatial_audio/Vivado_WorkDir/spatial_audio.runs/design_1_spatial_audio_top_0_0_synth_1/runme.log
synth_1: C:/Users/andyl/Desktop/ECE532_3D_spatial_audio/Vivado_WorkDir/spatial_audio.runs/synth_1/runme.log
[Sat Mar  7 20:36:09 2026] Launched impl_1...
Run output will be captured here: C:/Users/andyl/Desktop/ECE532_3D_spatial_audio/Vivado_WorkDir/spatial_audio.runs/impl_1/runme.log
launch_runs: Time (s): cpu = 00:00:04 ; elapsed = 00:00:09 . Memory (MB): peak = 1910.094 ; gain = 0.000
file copy -force C:/Users/andyl/Desktop/ECE532_3D_spatial_audio/Vivado_WorkDir/spatial_audio.runs/impl_1/design_1_wrapper.sysdef C:/Users/andyl/Desktop/ECE532_3D_spatial_audio/Vivado_WorkDir/spatial_audio.sdk/design_1_wrapper.hdf

launch_sdk -workspace C:/Users/andyl/Desktop/ECE532_3D_spatial_audio/Vivado_WorkDir/spatial_audio.sdk -hwspec C:/Users/andyl/Desktop/ECE532_3D_spatial_audio/Vivado_WorkDir/spatial_audio.sdk/design_1_wrapper.hdf
INFO: [Vivado 12-393] Launching SDK...
INFO: [Vivado 12-417] Running xsdk -workspace C:/Users/andyl/Desktop/ECE532_3D_spatial_audio/Vivado_WorkDir/spatial_audio.sdk -hwspec C:/Users/andyl/Desktop/ECE532_3D_spatial_audio/Vivado_WorkDir/spatial_audio.sdk/design_1_wrapper.hdf
INFO: [Vivado 12-3157] SDK launch initiated. Please check console for any further messages.
update_module_reference design_1_spatial_audio_top_0_0
INFO: [IP_Flow 19-234] Refreshing IP repositories
INFO: [IP_Flow 19-1700] Loaded user IP repository 'c:/Users/andyl/Desktop/ECE532_3D_spatial_audio/PMOD_lib'.
Upgrading 'C:/Users/andyl/Desktop/ECE532_3D_spatial_audio/Vivado_WorkDir/spatial_audio.srcs/sources_1/bd/design_1/design_1.bd'
INFO: [IP_Flow 19-1972] Upgraded design_1_spatial_audio_top_0_0 from spatial_audio_top_v1_0 1.0 to spatial_audio_top_v1_0 1.0
WARNING: [BD 41-1731] Type mismatch between connected pins: /clk_wiz_1/clk_out2(clk) and /spatial_audio_top_0_upgraded_ipi/clk_audio(undef)
Wrote  : <C:\Users\andyl\Desktop\ECE532_3D_spatial_audio\Vivado_WorkDir\spatial_audio.srcs\sources_1\bd\design_1\design_1.bd> 
update_module_reference design_1_spatial_audio_top_0_0
INFO: [IP_Flow 19-234] Refreshing IP repositories
INFO: [IP_Flow 19-1700] Loaded user IP repository 'c:/Users/andyl/Desktop/ECE532_3D_spatial_audio/PMOD_lib'.
Upgrading 'C:/Users/andyl/Desktop/ECE532_3D_spatial_audio/Vivado_WorkDir/spatial_audio.srcs/sources_1/bd/design_1/design_1.bd'
INFO: [IP_Flow 19-1972] Upgraded design_1_spatial_audio_top_0_0 from spatial_audio_top_v1_0 1.0 to spatial_audio_top_v1_0 1.0
WARNING: [BD 41-1731] Type mismatch between connected pins: /clk_wiz_1/clk_out2(clk) and /spatial_audio_top_0_upgraded_ipi/clk_audio(undef)
Wrote  : <C:\Users\andyl\Desktop\ECE532_3D_spatial_audio\Vivado_WorkDir\spatial_audio.srcs\sources_1\bd\design_1\design_1.bd> 
reset_run synth_1
launch_runs impl_1 -to_step write_bitstream -jobs 14
WARNING: [BD 41-1284] Cannot set parameter SUGGESTED_PRIORITY on port /axi_intc_0/intr
WARNING: [BD 41-1284] Cannot set parameter SUGGESTED_PRIORITY on port /axi_intc_0/intr
WARNING: [BD 41-1284] Cannot set parameter SUGGESTED_PRIORITY on port /axi_intc_0/intr
WARNING: [BD 41-1284] Cannot set parameter SUGGESTED_PRIORITY on port /axi_intc_0/intr
WARNING: [BD 41-1284] Cannot set parameter SUGGESTED_PRIORITY on port /axi_intc_0/intr
WARNING: [BD 41-1284] Cannot set parameter SUGGESTED_PRIORITY on port /axi_intc_0/intr
WARNING: [BD 41-927] Following properties on pin /PmodJSTK2_0/ext_spi_clk have been updated from connected ip. They may not be synchronized with cell properties. You can set property on pin directly to confirm the value and resolve the warning.
	CLK_DOMAIN=/clk_wiz_1_clk_out1 
WARNING: [BD 41-927] Following properties on pin /PmodJSTK2_0/s_axi_aclk have been updated from connected ip. They may not be synchronized with cell properties. You can set property on pin directly to confirm the value and resolve the warning.
	CLK_DOMAIN=/clk_wiz_1_clk_out1 
Wrote  : <C:\Users\andyl\Desktop\ECE532_3D_spatial_audio\Vivado_WorkDir\spatial_audio.srcs\sources_1\bd\design_1\design_1.bd> 
VHDL Output written to : C:/Users/andyl/Desktop/ECE532_3D_spatial_audio/Vivado_WorkDir/spatial_audio.srcs/sources_1/bd/design_1/synth/design_1.v
VHDL Output written to : C:/Users/andyl/Desktop/ECE532_3D_spatial_audio/Vivado_WorkDir/spatial_audio.srcs/sources_1/bd/design_1/sim/design_1.v
VHDL Output written to : C:/Users/andyl/Desktop/ECE532_3D_spatial_audio/Vivado_WorkDir/spatial_audio.srcs/sources_1/bd/design_1/hdl/design_1_wrapper.v
INFO: [BD 41-1029] Generation completed for the IP Integrator block microblaze_0 .
INFO: [BD 41-1029] Generation completed for the IP Integrator block microblaze_0_local_memory/dlmb_v10 .
INFO: [BD 41-1029] Generation completed for the IP Integrator block microblaze_0_local_memory/ilmb_v10 .
INFO: [BD 41-1029] Generation completed for the IP Integrator block microblaze_0_local_memory/dlmb_bram_if_cntlr .
INFO: [BD 41-1029] Generation completed for the IP Integrator block microblaze_0_local_memory/ilmb_bram_if_cntlr .
INFO: [BD 41-1029] Generation completed for the IP Integrator block microblaze_0_local_memory/lmb_bram .
INFO: [BD 41-1029] Generation completed for the IP Integrator block mdm_1 .
INFO: [BD 41-1029] Generation completed for the IP Integrator block clk_wiz_1 .
INFO: [BD 41-1029] Generation completed for the IP Integrator block rst_clk_wiz_1_100M .
INFO: [BD 41-1029] Generation completed for the IP Integrator block axi_intc_0 .
INFO: [BD 41-1029] Generation completed for the IP Integrator block axi_gpio_0 .
INFO: [BD 41-1029] Generation completed for the IP Integrator block axi_uartlite_0 .
INFO: [BD 41-1029] Generation completed for the IP Integrator block microblaze_0_axi_periph/xbar .
INFO: [BD 41-1029] Generation completed for the IP Integrator block xlconcat_0 .
INFO: [BD 41-1029] Generation completed for the IP Integrator block spatial_audio_top_0 .
INFO: [BD 41-1029] Generation completed for the IP Integrator block PmodJSTK2_0 .
Exporting to file C:/Users/andyl/Desktop/ECE532_3D_spatial_audio/Vivado_WorkDir/spatial_audio.srcs/sources_1/bd/design_1/hw_handoff/design_1.hwh
Generated Block Design Tcl file C:/Users/andyl/Desktop/ECE532_3D_spatial_audio/Vivado_WorkDir/spatial_audio.srcs/sources_1/bd/design_1/hw_handoff/design_1_bd.tcl
Generated Hardware Definition File C:/Users/andyl/Desktop/ECE532_3D_spatial_audio/Vivado_WorkDir/spatial_audio.srcs/sources_1/bd/design_1/synth/design_1.hwdef
[Sat Mar  7 22:43:40 2026] Launched design_1_spatial_audio_top_0_0_synth_1, synth_1...
Run output will be captured here:
design_1_spatial_audio_top_0_0_synth_1: C:/Users/andyl/Desktop/ECE532_3D_spatial_audio/Vivado_WorkDir/spatial_audio.runs/design_1_spatial_audio_top_0_0_synth_1/runme.log
synth_1: C:/Users/andyl/Desktop/ECE532_3D_spatial_audio/Vivado_WorkDir/spatial_audio.runs/synth_1/runme.log
[Sat Mar  7 22:43:40 2026] Launched impl_1...
Run output will be captured here: C:/Users/andyl/Desktop/ECE532_3D_spatial_audio/Vivado_WorkDir/spatial_audio.runs/impl_1/runme.log
launch_runs: Time (s): cpu = 00:00:02 ; elapsed = 00:00:08 . Memory (MB): peak = 1910.094 ; gain = 0.000
file copy -force C:/Users/andyl/Desktop/ECE532_3D_spatial_audio/Vivado_WorkDir/spatial_audio.runs/impl_1/design_1_wrapper.sysdef C:/Users/andyl/Desktop/ECE532_3D_spatial_audio/Vivado_WorkDir/spatial_audio.sdk/design_1_wrapper.hdf

launch_sdk -workspace C:/Users/andyl/Desktop/ECE532_3D_spatial_audio/Vivado_WorkDir/spatial_audio.sdk -hwspec C:/Users/andyl/Desktop/ECE532_3D_spatial_audio/Vivado_WorkDir/spatial_audio.sdk/design_1_wrapper.hdf
INFO: [Vivado 12-393] Launching SDK...
INFO: [Vivado 12-417] Running xsdk -workspace C:/Users/andyl/Desktop/ECE532_3D_spatial_audio/Vivado_WorkDir/spatial_audio.sdk -hwspec C:/Users/andyl/Desktop/ECE532_3D_spatial_audio/Vivado_WorkDir/spatial_audio.sdk/design_1_wrapper.hdf
INFO: [Vivado 12-3157] SDK launch initiated. Please check console for any further messages.
update_module_reference design_1_spatial_audio_top_0_0
INFO: [IP_Flow 19-234] Refreshing IP repositories
INFO: [IP_Flow 19-1700] Loaded user IP repository 'c:/Users/andyl/Desktop/ECE532_3D_spatial_audio/PMOD_lib'.
Upgrading 'C:/Users/andyl/Desktop/ECE532_3D_spatial_audio/Vivado_WorkDir/spatial_audio.srcs/sources_1/bd/design_1/design_1.bd'
INFO: [IP_Flow 19-1972] Upgraded design_1_spatial_audio_top_0_0 from spatial_audio_top_v1_0 1.0 to spatial_audio_top_v1_0 1.0
WARNING: [BD 41-1731] Type mismatch between connected pins: /clk_wiz_1/clk_out2(clk) and /spatial_audio_top_0_upgraded_ipi/clk_audio(undef)
Wrote  : <C:\Users\andyl\Desktop\ECE532_3D_spatial_audio\Vivado_WorkDir\spatial_audio.srcs\sources_1\bd\design_1\design_1.bd> 
update_module_reference: Time (s): cpu = 00:00:01 ; elapsed = 00:00:06 . Memory (MB): peak = 1910.094 ; gain = 0.000
update_module_reference design_1_spatial_audio_top_0_0
INFO: [IP_Flow 19-234] Refreshing IP repositories
INFO: [IP_Flow 19-1700] Loaded user IP repository 'c:/Users/andyl/Desktop/ECE532_3D_spatial_audio/PMOD_lib'.
Upgrading 'C:/Users/andyl/Desktop/ECE532_3D_spatial_audio/Vivado_WorkDir/spatial_audio.srcs/sources_1/bd/design_1/design_1.bd'
INFO: [IP_Flow 19-1972] Upgraded design_1_spatial_audio_top_0_0 from spatial_audio_top_v1_0 1.0 to spatial_audio_top_v1_0 1.0
WARNING: [BD 41-1731] Type mismatch between connected pins: /clk_wiz_1/clk_out2(clk) and /spatial_audio_top_0_upgraded_ipi/clk_audio(undef)
Wrote  : <C:\Users\andyl\Desktop\ECE532_3D_spatial_audio\Vivado_WorkDir\spatial_audio.srcs\sources_1\bd\design_1\design_1.bd> 
reset_run synth_1
launch_runs impl_1 -to_step write_bitstream -jobs 14
WARNING: [BD 41-1284] Cannot set parameter SUGGESTED_PRIORITY on port /axi_intc_0/intr
WARNING: [BD 41-1284] Cannot set parameter SUGGESTED_PRIORITY on port /axi_intc_0/intr
WARNING: [BD 41-1284] Cannot set parameter SUGGESTED_PRIORITY on port /axi_intc_0/intr
WARNING: [BD 41-1284] Cannot set parameter SUGGESTED_PRIORITY on port /axi_intc_0/intr
WARNING: [BD 41-1284] Cannot set parameter SUGGESTED_PRIORITY on port /axi_intc_0/intr
WARNING: [BD 41-1284] Cannot set parameter SUGGESTED_PRIORITY on port /axi_intc_0/intr
WARNING: [BD 41-927] Following properties on pin /PmodJSTK2_0/ext_spi_clk have been updated from connected ip. They may not be synchronized with cell properties. You can set property on pin directly to confirm the value and resolve the warning.
	CLK_DOMAIN=/clk_wiz_1_clk_out1 
WARNING: [BD 41-927] Following properties on pin /PmodJSTK2_0/s_axi_aclk have been updated from connected ip. They may not be synchronized with cell properties. You can set property on pin directly to confirm the value and resolve the warning.
	CLK_DOMAIN=/clk_wiz_1_clk_out1 
Wrote  : <C:\Users\andyl\Desktop\ECE532_3D_spatial_audio\Vivado_WorkDir\spatial_audio.srcs\sources_1\bd\design_1\design_1.bd> 
VHDL Output written to : C:/Users/andyl/Desktop/ECE532_3D_spatial_audio/Vivado_WorkDir/spatial_audio.srcs/sources_1/bd/design_1/synth/design_1.v
VHDL Output written to : C:/Users/andyl/Desktop/ECE532_3D_spatial_audio/Vivado_WorkDir/spatial_audio.srcs/sources_1/bd/design_1/sim/design_1.v
VHDL Output written to : C:/Users/andyl/Desktop/ECE532_3D_spatial_audio/Vivado_WorkDir/spatial_audio.srcs/sources_1/bd/design_1/hdl/design_1_wrapper.v
INFO: [BD 41-1029] Generation completed for the IP Integrator block microblaze_0 .
INFO: [BD 41-1029] Generation completed for the IP Integrator block microblaze_0_local_memory/dlmb_v10 .
INFO: [BD 41-1029] Generation completed for the IP Integrator block microblaze_0_local_memory/ilmb_v10 .
INFO: [BD 41-1029] Generation completed for the IP Integrator block microblaze_0_local_memory/dlmb_bram_if_cntlr .
INFO: [BD 41-1029] Generation completed for the IP Integrator block microblaze_0_local_memory/ilmb_bram_if_cntlr .
INFO: [BD 41-1029] Generation completed for the IP Integrator block microblaze_0_local_memory/lmb_bram .
INFO: [BD 41-1029] Generation completed for the IP Integrator block mdm_1 .
INFO: [BD 41-1029] Generation completed for the IP Integrator block clk_wiz_1 .
INFO: [BD 41-1029] Generation completed for the IP Integrator block rst_clk_wiz_1_100M .
INFO: [BD 41-1029] Generation completed for the IP Integrator block axi_intc_0 .
INFO: [BD 41-1029] Generation completed for the IP Integrator block axi_gpio_0 .
INFO: [BD 41-1029] Generation completed for the IP Integrator block axi_uartlite_0 .
INFO: [BD 41-1029] Generation completed for the IP Integrator block microblaze_0_axi_periph/xbar .
INFO: [BD 41-1029] Generation completed for the IP Integrator block xlconcat_0 .
INFO: [BD 41-1029] Generation completed for the IP Integrator block spatial_audio_top_0 .
INFO: [BD 41-1029] Generation completed for the IP Integrator block PmodJSTK2_0 .
Exporting to file C:/Users/andyl/Desktop/ECE532_3D_spatial_audio/Vivado_WorkDir/spatial_audio.srcs/sources_1/bd/design_1/hw_handoff/design_1.hwh
Generated Block Design Tcl file C:/Users/andyl/Desktop/ECE532_3D_spatial_audio/Vivado_WorkDir/spatial_audio.srcs/sources_1/bd/design_1/hw_handoff/design_1_bd.tcl
Generated Hardware Definition File C:/Users/andyl/Desktop/ECE532_3D_spatial_audio/Vivado_WorkDir/spatial_audio.srcs/sources_1/bd/design_1/synth/design_1.hwdef
[Sat Mar  7 23:13:47 2026] Launched design_1_spatial_audio_top_0_0_synth_1, synth_1...
Run output will be captured here:
design_1_spatial_audio_top_0_0_synth_1: C:/Users/andyl/Desktop/ECE532_3D_spatial_audio/Vivado_WorkDir/spatial_audio.runs/design_1_spatial_audio_top_0_0_synth_1/runme.log
synth_1: C:/Users/andyl/Desktop/ECE532_3D_spatial_audio/Vivado_WorkDir/spatial_audio.runs/synth_1/runme.log
[Sat Mar  7 23:13:47 2026] Launched impl_1...
Run output will be captured here: C:/Users/andyl/Desktop/ECE532_3D_spatial_audio/Vivado_WorkDir/spatial_audio.runs/impl_1/runme.log
launch_runs: Time (s): cpu = 00:00:02 ; elapsed = 00:00:08 . Memory (MB): peak = 1910.094 ; gain = 0.000
file copy -force C:/Users/andyl/Desktop/ECE532_3D_spatial_audio/Vivado_WorkDir/spatial_audio.runs/impl_1/design_1_wrapper.sysdef C:/Users/andyl/Desktop/ECE532_3D_spatial_audio/Vivado_WorkDir/spatial_audio.sdk/design_1_wrapper.hdf

launch_sdk -workspace C:/Users/andyl/Desktop/ECE532_3D_spatial_audio/Vivado_WorkDir/spatial_audio.sdk -hwspec C:/Users/andyl/Desktop/ECE532_3D_spatial_audio/Vivado_WorkDir/spatial_audio.sdk/design_1_wrapper.hdf
INFO: [Vivado 12-393] Launching SDK...
INFO: [Vivado 12-417] Running xsdk -workspace C:/Users/andyl/Desktop/ECE532_3D_spatial_audio/Vivado_WorkDir/spatial_audio.sdk -hwspec C:/Users/andyl/Desktop/ECE532_3D_spatial_audio/Vivado_WorkDir/spatial_audio.sdk/design_1_wrapper.hdf
INFO: [Vivado 12-3157] SDK launch initiated. Please check console for any further messages.
update_module_reference design_1_spatial_audio_top_0_0
INFO: [IP_Flow 19-234] Refreshing IP repositories
INFO: [IP_Flow 19-1700] Loaded user IP repository 'c:/Users/andyl/Desktop/ECE532_3D_spatial_audio/PMOD_lib'.
Upgrading 'C:/Users/andyl/Desktop/ECE532_3D_spatial_audio/Vivado_WorkDir/spatial_audio.srcs/sources_1/bd/design_1/design_1.bd'
INFO: [IP_Flow 19-1972] Upgraded design_1_spatial_audio_top_0_0 from spatial_audio_top_v1_0 1.0 to spatial_audio_top_v1_0 1.0
WARNING: [BD 41-1731] Type mismatch between connected pins: /clk_wiz_1/clk_out2(clk) and /spatial_audio_top_0_upgraded_ipi/clk_audio(undef)
Wrote  : <C:\Users\andyl\Desktop\ECE532_3D_spatial_audio\Vivado_WorkDir\spatial_audio.srcs\sources_1\bd\design_1\design_1.bd> 
reset_run synth_1
launch_runs impl_1 -to_step write_bitstream -jobs 14
WARNING: [BD 41-1284] Cannot set parameter SUGGESTED_PRIORITY on port /axi_intc_0/intr
WARNING: [BD 41-1284] Cannot set parameter SUGGESTED_PRIORITY on port /axi_intc_0/intr
WARNING: [BD 41-1284] Cannot set parameter SUGGESTED_PRIORITY on port /axi_intc_0/intr
WARNING: [BD 41-1284] Cannot set parameter SUGGESTED_PRIORITY on port /axi_intc_0/intr
WARNING: [BD 41-1284] Cannot set parameter SUGGESTED_PRIORITY on port /axi_intc_0/intr
WARNING: [BD 41-1284] Cannot set parameter SUGGESTED_PRIORITY on port /axi_intc_0/intr
WARNING: [BD 41-927] Following properties on pin /PmodJSTK2_0/ext_spi_clk have been updated from connected ip. They may not be synchronized with cell properties. You can set property on pin directly to confirm the value and resolve the warning.
	CLK_DOMAIN=/clk_wiz_1_clk_out1 
WARNING: [BD 41-927] Following properties on pin /PmodJSTK2_0/s_axi_aclk have been updated from connected ip. They may not be synchronized with cell properties. You can set property on pin directly to confirm the value and resolve the warning.
	CLK_DOMAIN=/clk_wiz_1_clk_out1 
Wrote  : <C:\Users\andyl\Desktop\ECE532_3D_spatial_audio\Vivado_WorkDir\spatial_audio.srcs\sources_1\bd\design_1\design_1.bd> 
VHDL Output written to : C:/Users/andyl/Desktop/ECE532_3D_spatial_audio/Vivado_WorkDir/spatial_audio.srcs/sources_1/bd/design_1/synth/design_1.v
VHDL Output written to : C:/Users/andyl/Desktop/ECE532_3D_spatial_audio/Vivado_WorkDir/spatial_audio.srcs/sources_1/bd/design_1/sim/design_1.v
VHDL Output written to : C:/Users/andyl/Desktop/ECE532_3D_spatial_audio/Vivado_WorkDir/spatial_audio.srcs/sources_1/bd/design_1/hdl/design_1_wrapper.v
INFO: [BD 41-1029] Generation completed for the IP Integrator block microblaze_0 .
INFO: [BD 41-1029] Generation completed for the IP Integrator block microblaze_0_local_memory/dlmb_v10 .
INFO: [BD 41-1029] Generation completed for the IP Integrator block microblaze_0_local_memory/ilmb_v10 .
INFO: [BD 41-1029] Generation completed for the IP Integrator block microblaze_0_local_memory/dlmb_bram_if_cntlr .
INFO: [BD 41-1029] Generation completed for the IP Integrator block microblaze_0_local_memory/ilmb_bram_if_cntlr .
INFO: [BD 41-1029] Generation completed for the IP Integrator block microblaze_0_local_memory/lmb_bram .
INFO: [BD 41-1029] Generation completed for the IP Integrator block mdm_1 .
INFO: [BD 41-1029] Generation completed for the IP Integrator block clk_wiz_1 .
INFO: [BD 41-1029] Generation completed for the IP Integrator block rst_clk_wiz_1_100M .
INFO: [BD 41-1029] Generation completed for the IP Integrator block axi_intc_0 .
INFO: [BD 41-1029] Generation completed for the IP Integrator block axi_gpio_0 .
INFO: [BD 41-1029] Generation completed for the IP Integrator block axi_uartlite_0 .
INFO: [BD 41-1029] Generation completed for the IP Integrator block microblaze_0_axi_periph/xbar .
INFO: [BD 41-1029] Generation completed for the IP Integrator block xlconcat_0 .
INFO: [BD 41-1029] Generation completed for the IP Integrator block spatial_audio_top_0 .
INFO: [BD 41-1029] Generation completed for the IP Integrator block PmodJSTK2_0 .
Exporting to file C:/Users/andyl/Desktop/ECE532_3D_spatial_audio/Vivado_WorkDir/spatial_audio.srcs/sources_1/bd/design_1/hw_handoff/design_1.hwh
Generated Block Design Tcl file C:/Users/andyl/Desktop/ECE532_3D_spatial_audio/Vivado_WorkDir/spatial_audio.srcs/sources_1/bd/design_1/hw_handoff/design_1_bd.tcl
Generated Hardware Definition File C:/Users/andyl/Desktop/ECE532_3D_spatial_audio/Vivado_WorkDir/spatial_audio.srcs/sources_1/bd/design_1/synth/design_1.hwdef
[Sat Mar  7 23:27:33 2026] Launched design_1_spatial_audio_top_0_0_synth_1, synth_1...
Run output will be captured here:
design_1_spatial_audio_top_0_0_synth_1: C:/Users/andyl/Desktop/ECE532_3D_spatial_audio/Vivado_WorkDir/spatial_audio.runs/design_1_spatial_audio_top_0_0_synth_1/runme.log
synth_1: C:/Users/andyl/Desktop/ECE532_3D_spatial_audio/Vivado_WorkDir/spatial_audio.runs/synth_1/runme.log
[Sat Mar  7 23:27:33 2026] Launched impl_1...
Run output will be captured here: C:/Users/andyl/Desktop/ECE532_3D_spatial_audio/Vivado_WorkDir/spatial_audio.runs/impl_1/runme.log
launch_runs: Time (s): cpu = 00:00:02 ; elapsed = 00:00:08 . Memory (MB): peak = 1910.094 ; gain = 0.000
file copy -force C:/Users/andyl/Desktop/ECE532_3D_spatial_audio/Vivado_WorkDir/spatial_audio.runs/impl_1/design_1_wrapper.sysdef C:/Users/andyl/Desktop/ECE532_3D_spatial_audio/Vivado_WorkDir/spatial_audio.sdk/design_1_wrapper.hdf

launch_sdk -workspace C:/Users/andyl/Desktop/ECE532_3D_spatial_audio/Vivado_WorkDir/spatial_audio.sdk -hwspec C:/Users/andyl/Desktop/ECE532_3D_spatial_audio/Vivado_WorkDir/spatial_audio.sdk/design_1_wrapper.hdf
INFO: [Vivado 12-393] Launching SDK...
INFO: [Vivado 12-417] Running xsdk -workspace C:/Users/andyl/Desktop/ECE532_3D_spatial_audio/Vivado_WorkDir/spatial_audio.sdk -hwspec C:/Users/andyl/Desktop/ECE532_3D_spatial_audio/Vivado_WorkDir/spatial_audio.sdk/design_1_wrapper.hdf
INFO: [Vivado 12-3157] SDK launch initiated. Please check console for any further messages.
update_module_reference design_1_spatial_audio_top_0_0
INFO: [IP_Flow 19-234] Refreshing IP repositories
INFO: [IP_Flow 19-1700] Loaded user IP repository 'c:/Users/andyl/Desktop/ECE532_3D_spatial_audio/PMOD_lib'.
Upgrading 'C:/Users/andyl/Desktop/ECE532_3D_spatial_audio/Vivado_WorkDir/spatial_audio.srcs/sources_1/bd/design_1/design_1.bd'
INFO: [IP_Flow 19-1972] Upgraded design_1_spatial_audio_top_0_0 from spatial_audio_top_v1_0 1.0 to spatial_audio_top_v1_0 1.0
WARNING: [BD 41-1731] Type mismatch between connected pins: /clk_wiz_1/clk_out2(clk) and /spatial_audio_top_0_upgraded_ipi/clk_audio(undef)
Wrote  : <C:\Users\andyl\Desktop\ECE532_3D_spatial_audio\Vivado_WorkDir\spatial_audio.srcs\sources_1\bd\design_1\design_1.bd> 
reset_run synth_1
launch_runs impl_1 -to_step write_bitstream -jobs 14
WARNING: [BD 41-1284] Cannot set parameter SUGGESTED_PRIORITY on port /axi_intc_0/intr
WARNING: [BD 41-1284] Cannot set parameter SUGGESTED_PRIORITY on port /axi_intc_0/intr
WARNING: [BD 41-1284] Cannot set parameter SUGGESTED_PRIORITY on port /axi_intc_0/intr
WARNING: [BD 41-1284] Cannot set parameter SUGGESTED_PRIORITY on port /axi_intc_0/intr
WARNING: [BD 41-1284] Cannot set parameter SUGGESTED_PRIORITY on port /axi_intc_0/intr
WARNING: [BD 41-1284] Cannot set parameter SUGGESTED_PRIORITY on port /axi_intc_0/intr
WARNING: [BD 41-927] Following properties on pin /PmodJSTK2_0/ext_spi_clk have been updated from connected ip. They may not be synchronized with cell properties. You can set property on pin directly to confirm the value and resolve the warning.
	CLK_DOMAIN=/clk_wiz_1_clk_out1 
WARNING: [BD 41-927] Following properties on pin /PmodJSTK2_0/s_axi_aclk have been updated from connected ip. They may not be synchronized with cell properties. You can set property on pin directly to confirm the value and resolve the warning.
	CLK_DOMAIN=/clk_wiz_1_clk_out1 
Wrote  : <C:\Users\andyl\Desktop\ECE532_3D_spatial_audio\Vivado_WorkDir\spatial_audio.srcs\sources_1\bd\design_1\design_1.bd> 
VHDL Output written to : C:/Users/andyl/Desktop/ECE532_3D_spatial_audio/Vivado_WorkDir/spatial_audio.srcs/sources_1/bd/design_1/synth/design_1.v
VHDL Output written to : C:/Users/andyl/Desktop/ECE532_3D_spatial_audio/Vivado_WorkDir/spatial_audio.srcs/sources_1/bd/design_1/sim/design_1.v
VHDL Output written to : C:/Users/andyl/Desktop/ECE532_3D_spatial_audio/Vivado_WorkDir/spatial_audio.srcs/sources_1/bd/design_1/hdl/design_1_wrapper.v
INFO: [BD 41-1029] Generation completed for the IP Integrator block microblaze_0 .
INFO: [BD 41-1029] Generation completed for the IP Integrator block microblaze_0_local_memory/dlmb_v10 .
INFO: [BD 41-1029] Generation completed for the IP Integrator block microblaze_0_local_memory/ilmb_v10 .
INFO: [BD 41-1029] Generation completed for the IP Integrator block microblaze_0_local_memory/dlmb_bram_if_cntlr .
INFO: [BD 41-1029] Generation completed for the IP Integrator block microblaze_0_local_memory/ilmb_bram_if_cntlr .
INFO: [BD 41-1029] Generation completed for the IP Integrator block microblaze_0_local_memory/lmb_bram .
INFO: [BD 41-1029] Generation completed for the IP Integrator block mdm_1 .
INFO: [BD 41-1029] Generation completed for the IP Integrator block clk_wiz_1 .
INFO: [BD 41-1029] Generation completed for the IP Integrator block rst_clk_wiz_1_100M .
INFO: [BD 41-1029] Generation completed for the IP Integrator block axi_intc_0 .
INFO: [BD 41-1029] Generation completed for the IP Integrator block axi_gpio_0 .
INFO: [BD 41-1029] Generation completed for the IP Integrator block axi_uartlite_0 .
INFO: [BD 41-1029] Generation completed for the IP Integrator block microblaze_0_axi_periph/xbar .
INFO: [BD 41-1029] Generation completed for the IP Integrator block xlconcat_0 .
INFO: [BD 41-1029] Generation completed for the IP Integrator block spatial_audio_top_0 .
INFO: [BD 41-1029] Generation completed for the IP Integrator block PmodJSTK2_0 .
Exporting to file C:/Users/andyl/Desktop/ECE532_3D_spatial_audio/Vivado_WorkDir/spatial_audio.srcs/sources_1/bd/design_1/hw_handoff/design_1.hwh
Generated Block Design Tcl file C:/Users/andyl/Desktop/ECE532_3D_spatial_audio/Vivado_WorkDir/spatial_audio.srcs/sources_1/bd/design_1/hw_handoff/design_1_bd.tcl
Generated Hardware Definition File C:/Users/andyl/Desktop/ECE532_3D_spatial_audio/Vivado_WorkDir/spatial_audio.srcs/sources_1/bd/design_1/synth/design_1.hwdef
[Sat Mar  7 23:47:48 2026] Launched design_1_spatial_audio_top_0_0_synth_1, synth_1...
Run output will be captured here:
design_1_spatial_audio_top_0_0_synth_1: C:/Users/andyl/Desktop/ECE532_3D_spatial_audio/Vivado_WorkDir/spatial_audio.runs/design_1_spatial_audio_top_0_0_synth_1/runme.log
synth_1: C:/Users/andyl/Desktop/ECE532_3D_spatial_audio/Vivado_WorkDir/spatial_audio.runs/synth_1/runme.log
[Sat Mar  7 23:47:48 2026] Launched impl_1...
Run output will be captured here: C:/Users/andyl/Desktop/ECE532_3D_spatial_audio/Vivado_WorkDir/spatial_audio.runs/impl_1/runme.log
launch_runs: Time (s): cpu = 00:00:02 ; elapsed = 00:00:08 . Memory (MB): peak = 1910.094 ; gain = 0.000
file copy -force C:/Users/andyl/Desktop/ECE532_3D_spatial_audio/Vivado_WorkDir/spatial_audio.runs/impl_1/design_1_wrapper.sysdef C:/Users/andyl/Desktop/ECE532_3D_spatial_audio/Vivado_WorkDir/spatial_audio.sdk/design_1_wrapper.hdf

update_module_reference design_1_spatial_audio_top_0_0
INFO: [IP_Flow 19-234] Refreshing IP repositories
INFO: [IP_Flow 19-1700] Loaded user IP repository 'c:/Users/andyl/Desktop/ECE532_3D_spatial_audio/PMOD_lib'.
Upgrading 'C:/Users/andyl/Desktop/ECE532_3D_spatial_audio/Vivado_WorkDir/spatial_audio.srcs/sources_1/bd/design_1/design_1.bd'
INFO: [IP_Flow 19-1972] Upgraded design_1_spatial_audio_top_0_0 from spatial_audio_top_v1_0 1.0 to spatial_audio_top_v1_0 1.0
WARNING: [BD 41-1731] Type mismatch between connected pins: /clk_wiz_1/clk_out2(clk) and /spatial_audio_top_0_upgraded_ipi/clk_audio(undef)
Wrote  : <C:\Users\andyl\Desktop\ECE532_3D_spatial_audio\Vivado_WorkDir\spatial_audio.srcs\sources_1\bd\design_1\design_1.bd> 
update_module_reference: Time (s): cpu = 00:00:02 ; elapsed = 00:00:07 . Memory (MB): peak = 1910.094 ; gain = 0.000
reset_run synth_1
launch_runs impl_1 -to_step write_bitstream -jobs 14
WARNING: [BD 41-1284] Cannot set parameter SUGGESTED_PRIORITY on port /axi_intc_0/intr
WARNING: [BD 41-1284] Cannot set parameter SUGGESTED_PRIORITY on port /axi_intc_0/intr
WARNING: [BD 41-1284] Cannot set parameter SUGGESTED_PRIORITY on port /axi_intc_0/intr
WARNING: [BD 41-1284] Cannot set parameter SUGGESTED_PRIORITY on port /axi_intc_0/intr
WARNING: [BD 41-1284] Cannot set parameter SUGGESTED_PRIORITY on port /axi_intc_0/intr
WARNING: [BD 41-1284] Cannot set parameter SUGGESTED_PRIORITY on port /axi_intc_0/intr
WARNING: [BD 41-927] Following properties on pin /PmodJSTK2_0/ext_spi_clk have been updated from connected ip. They may not be synchronized with cell properties. You can set property on pin directly to confirm the value and resolve the warning.
	CLK_DOMAIN=/clk_wiz_1_clk_out1 
WARNING: [BD 41-927] Following properties on pin /PmodJSTK2_0/s_axi_aclk have been updated from connected ip. They may not be synchronized with cell properties. You can set property on pin directly to confirm the value and resolve the warning.
	CLK_DOMAIN=/clk_wiz_1_clk_out1 
Wrote  : <C:\Users\andyl\Desktop\ECE532_3D_spatial_audio\Vivado_WorkDir\spatial_audio.srcs\sources_1\bd\design_1\design_1.bd> 
VHDL Output written to : C:/Users/andyl/Desktop/ECE532_3D_spatial_audio/Vivado_WorkDir/spatial_audio.srcs/sources_1/bd/design_1/synth/design_1.v
VHDL Output written to : C:/Users/andyl/Desktop/ECE532_3D_spatial_audio/Vivado_WorkDir/spatial_audio.srcs/sources_1/bd/design_1/sim/design_1.v
VHDL Output written to : C:/Users/andyl/Desktop/ECE532_3D_spatial_audio/Vivado_WorkDir/spatial_audio.srcs/sources_1/bd/design_1/hdl/design_1_wrapper.v
INFO: [BD 41-1029] Generation completed for the IP Integrator block microblaze_0 .
INFO: [BD 41-1029] Generation completed for the IP Integrator block microblaze_0_local_memory/dlmb_v10 .
INFO: [BD 41-1029] Generation completed for the IP Integrator block microblaze_0_local_memory/ilmb_v10 .
INFO: [BD 41-1029] Generation completed for the IP Integrator block microblaze_0_local_memory/dlmb_bram_if_cntlr .
INFO: [BD 41-1029] Generation completed for the IP Integrator block microblaze_0_local_memory/ilmb_bram_if_cntlr .
INFO: [BD 41-1029] Generation completed for the IP Integrator block microblaze_0_local_memory/lmb_bram .
INFO: [BD 41-1029] Generation completed for the IP Integrator block mdm_1 .
INFO: [BD 41-1029] Generation completed for the IP Integrator block clk_wiz_1 .
INFO: [BD 41-1029] Generation completed for the IP Integrator block rst_clk_wiz_1_100M .
INFO: [BD 41-1029] Generation completed for the IP Integrator block axi_intc_0 .
INFO: [BD 41-1029] Generation completed for the IP Integrator block axi_gpio_0 .
INFO: [BD 41-1029] Generation completed for the IP Integrator block axi_uartlite_0 .
INFO: [BD 41-1029] Generation completed for the IP Integrator block microblaze_0_axi_periph/xbar .
INFO: [BD 41-1029] Generation completed for the IP Integrator block xlconcat_0 .
INFO: [BD 41-1029] Generation completed for the IP Integrator block spatial_audio_top_0 .
INFO: [BD 41-1029] Generation completed for the IP Integrator block PmodJSTK2_0 .
Exporting to file C:/Users/andyl/Desktop/ECE532_3D_spatial_audio/Vivado_WorkDir/spatial_audio.srcs/sources_1/bd/design_1/hw_handoff/design_1.hwh
Generated Block Design Tcl file C:/Users/andyl/Desktop/ECE532_3D_spatial_audio/Vivado_WorkDir/spatial_audio.srcs/sources_1/bd/design_1/hw_handoff/design_1_bd.tcl
Generated Hardware Definition File C:/Users/andyl/Desktop/ECE532_3D_spatial_audio/Vivado_WorkDir/spatial_audio.srcs/sources_1/bd/design_1/synth/design_1.hwdef
[Sun Mar  8 21:47:11 2026] Launched design_1_spatial_audio_top_0_0_synth_1, synth_1...
Run output will be captured here:
design_1_spatial_audio_top_0_0_synth_1: C:/Users/andyl/Desktop/ECE532_3D_spatial_audio/Vivado_WorkDir/spatial_audio.runs/design_1_spatial_audio_top_0_0_synth_1/runme.log
synth_1: C:/Users/andyl/Desktop/ECE532_3D_spatial_audio/Vivado_WorkDir/spatial_audio.runs/synth_1/runme.log
[Sun Mar  8 21:47:11 2026] Launched impl_1...
Run output will be captured here: C:/Users/andyl/Desktop/ECE532_3D_spatial_audio/Vivado_WorkDir/spatial_audio.runs/impl_1/runme.log
launch_runs: Time (s): cpu = 00:00:02 ; elapsed = 00:00:08 . Memory (MB): peak = 1910.094 ; gain = 0.000
file copy -force C:/Users/andyl/Desktop/ECE532_3D_spatial_audio/Vivado_WorkDir/spatial_audio.runs/impl_1/design_1_wrapper.sysdef C:/Users/andyl/Desktop/ECE532_3D_spatial_audio/Vivado_WorkDir/spatial_audio.sdk/design_1_wrapper.hdf

update_module_reference design_1_spatial_audio_top_0_0
INFO: [IP_Flow 19-234] Refreshing IP repositories
INFO: [IP_Flow 19-1700] Loaded user IP repository 'c:/Users/andyl/Desktop/ECE532_3D_spatial_audio/PMOD_lib'.
Upgrading 'C:/Users/andyl/Desktop/ECE532_3D_spatial_audio/Vivado_WorkDir/spatial_audio.srcs/sources_1/bd/design_1/design_1.bd'
INFO: [IP_Flow 19-1972] Upgraded design_1_spatial_audio_top_0_0 from spatial_audio_top_v1_0 1.0 to spatial_audio_top_v1_0 1.0
WARNING: [BD 41-1731] Type mismatch between connected pins: /clk_wiz_1/clk_out2(clk) and /spatial_audio_top_0_upgraded_ipi/clk_audio(undef)
Wrote  : <C:\Users\andyl\Desktop\ECE532_3D_spatial_audio\Vivado_WorkDir\spatial_audio.srcs\sources_1\bd\design_1\design_1.bd> 
reset_run synth_1
launch_runs impl_1 -to_step write_bitstream -jobs 14
WARNING: [BD 41-1284] Cannot set parameter SUGGESTED_PRIORITY on port /axi_intc_0/intr
WARNING: [BD 41-1284] Cannot set parameter SUGGESTED_PRIORITY on port /axi_intc_0/intr
WARNING: [BD 41-1284] Cannot set parameter SUGGESTED_PRIORITY on port /axi_intc_0/intr
WARNING: [BD 41-1284] Cannot set parameter SUGGESTED_PRIORITY on port /axi_intc_0/intr
WARNING: [BD 41-1284] Cannot set parameter SUGGESTED_PRIORITY on port /axi_intc_0/intr
WARNING: [BD 41-1284] Cannot set parameter SUGGESTED_PRIORITY on port /axi_intc_0/intr
WARNING: [BD 41-927] Following properties on pin /PmodJSTK2_0/ext_spi_clk have been updated from connected ip. They may not be synchronized with cell properties. You can set property on pin directly to confirm the value and resolve the warning.
	CLK_DOMAIN=/clk_wiz_1_clk_out1 
WARNING: [BD 41-927] Following properties on pin /PmodJSTK2_0/s_axi_aclk have been updated from connected ip. They may not be synchronized with cell properties. You can set property on pin directly to confirm the value and resolve the warning.
	CLK_DOMAIN=/clk_wiz_1_clk_out1 
Wrote  : <C:\Users\andyl\Desktop\ECE532_3D_spatial_audio\Vivado_WorkDir\spatial_audio.srcs\sources_1\bd\design_1\design_1.bd> 
VHDL Output written to : C:/Users/andyl/Desktop/ECE532_3D_spatial_audio/Vivado_WorkDir/spatial_audio.srcs/sources_1/bd/design_1/synth/design_1.v
VHDL Output written to : C:/Users/andyl/Desktop/ECE532_3D_spatial_audio/Vivado_WorkDir/spatial_audio.srcs/sources_1/bd/design_1/sim/design_1.v
VHDL Output written to : C:/Users/andyl/Desktop/ECE532_3D_spatial_audio/Vivado_WorkDir/spatial_audio.srcs/sources_1/bd/design_1/hdl/design_1_wrapper.v
INFO: [BD 41-1029] Generation completed for the IP Integrator block microblaze_0 .
INFO: [BD 41-1029] Generation completed for the IP Integrator block microblaze_0_local_memory/dlmb_v10 .
INFO: [BD 41-1029] Generation completed for the IP Integrator block microblaze_0_local_memory/ilmb_v10 .
INFO: [BD 41-1029] Generation completed for the IP Integrator block microblaze_0_local_memory/dlmb_bram_if_cntlr .
INFO: [BD 41-1029] Generation completed for the IP Integrator block microblaze_0_local_memory/ilmb_bram_if_cntlr .
INFO: [BD 41-1029] Generation completed for the IP Integrator block microblaze_0_local_memory/lmb_bram .
INFO: [BD 41-1029] Generation completed for the IP Integrator block mdm_1 .
INFO: [BD 41-1029] Generation completed for the IP Integrator block clk_wiz_1 .
INFO: [BD 41-1029] Generation completed for the IP Integrator block rst_clk_wiz_1_100M .
INFO: [BD 41-1029] Generation completed for the IP Integrator block axi_intc_0 .
INFO: [BD 41-1029] Generation completed for the IP Integrator block axi_gpio_0 .
INFO: [BD 41-1029] Generation completed for the IP Integrator block axi_uartlite_0 .
INFO: [BD 41-1029] Generation completed for the IP Integrator block microblaze_0_axi_periph/xbar .
INFO: [BD 41-1029] Generation completed for the IP Integrator block xlconcat_0 .
INFO: [BD 41-1029] Generation completed for the IP Integrator block spatial_audio_top_0 .
INFO: [BD 41-1029] Generation completed for the IP Integrator block PmodJSTK2_0 .
Exporting to file C:/Users/andyl/Desktop/ECE532_3D_spatial_audio/Vivado_WorkDir/spatial_audio.srcs/sources_1/bd/design_1/hw_handoff/design_1.hwh
Generated Block Design Tcl file C:/Users/andyl/Desktop/ECE532_3D_spatial_audio/Vivado_WorkDir/spatial_audio.srcs/sources_1/bd/design_1/hw_handoff/design_1_bd.tcl
Generated Hardware Definition File C:/Users/andyl/Desktop/ECE532_3D_spatial_audio/Vivado_WorkDir/spatial_audio.srcs/sources_1/bd/design_1/synth/design_1.hwdef
[Sun Mar  8 22:21:38 2026] Launched design_1_spatial_audio_top_0_0_synth_1, synth_1...
Run output will be captured here:
design_1_spatial_audio_top_0_0_synth_1: C:/Users/andyl/Desktop/ECE532_3D_spatial_audio/Vivado_WorkDir/spatial_audio.runs/design_1_spatial_audio_top_0_0_synth_1/runme.log
synth_1: C:/Users/andyl/Desktop/ECE532_3D_spatial_audio/Vivado_WorkDir/spatial_audio.runs/synth_1/runme.log
[Sun Mar  8 22:21:38 2026] Launched impl_1...
Run output will be captured here: C:/Users/andyl/Desktop/ECE532_3D_spatial_audio/Vivado_WorkDir/spatial_audio.runs/impl_1/runme.log
launch_runs: Time (s): cpu = 00:00:02 ; elapsed = 00:00:08 . Memory (MB): peak = 1910.094 ; gain = 0.000
INFO: [Device 21-403] Loading part xc7a100tcsg324-1
WARNING: [IP_Flow 19-4067] Ignoring invalid widget type specified checkbox.Providing a default widget
WARNING: [IP_Flow 19-4067] Ignoring invalid widget type specified checkbox.Providing a default widget
WARNING: [IP_Flow 19-4067] Ignoring invalid widget type specified checkbox.Providing a default widget
WARNING: [IP_Flow 19-4067] Ignoring invalid widget type specified checkbox.Providing a default widget
file copy -force C:/Users/andyl/Desktop/ECE532_3D_spatial_audio/Vivado_WorkDir/spatial_audio.runs/impl_1/design_1_wrapper.sysdef C:/Users/andyl/Desktop/ECE532_3D_spatial_audio/Vivado_WorkDir/spatial_audio.sdk/design_1_wrapper.hdf

WARNING: [IP_Flow 19-4067] Ignoring invalid widget type specified checkbox.Providing a default widget
WARNING: [IP_Flow 19-4067] Ignoring invalid widget type specified checkbox.Providing a default widget
set_property -dict [list CONFIG.Register_PortA_Output_of_Memory_Core {true} CONFIG.Register_PortB_Output_of_Memory_Core {true}] [get_ips rom_hrtf_left]
generate_target all [get_files  C:/Users/andyl/Desktop/ECE532_3D_spatial_audio/Vivado_WorkDir/spatial_audio.srcs/sources_1/ip/rom_hrtf_left/rom_hrtf_left.xci]
INFO: [IP_Flow 19-1686] Generating 'Instantiation Template' target for IP 'rom_hrtf_left'...
INFO: [IP_Flow 19-1686] Generating 'Synthesis' target for IP 'rom_hrtf_left'...
INFO: [IP_Flow 19-1686] Generating 'Simulation' target for IP 'rom_hrtf_left'...
INFO: [IP_Flow 19-1686] Generating 'Miscellaneous' target for IP 'rom_hrtf_left'...
INFO: [IP_Flow 19-1686] Generating 'Change Log' target for IP 'rom_hrtf_left'...
export_ip_user_files -of_objects [get_files C:/Users/andyl/Desktop/ECE532_3D_spatial_audio/Vivado_WorkDir/spatial_audio.srcs/sources_1/ip/rom_hrtf_left/rom_hrtf_left.xci] -no_script -sync -force -quiet
export_simulation -of_objects [get_files C:/Users/andyl/Desktop/ECE532_3D_spatial_audio/Vivado_WorkDir/spatial_audio.srcs/sources_1/ip/rom_hrtf_left/rom_hrtf_left.xci] -directory C:/Users/andyl/Desktop/ECE532_3D_spatial_audio/Vivado_WorkDir/spatial_audio.ip_user_files/sim_scripts -ip_user_files_dir C:/Users/andyl/Desktop/ECE532_3D_spatial_audio/Vivado_WorkDir/spatial_audio.ip_user_files -ipstatic_source_dir C:/Users/andyl/Desktop/ECE532_3D_spatial_audio/Vivado_WorkDir/spatial_audio.ip_user_files/ipstatic -lib_map_path [list {modelsim=C:/Users/andyl/Desktop/ECE532_3D_spatial_audio/Vivado_WorkDir/spatial_audio.cache/compile_simlib/modelsim} {questa=C:/Users/andyl/Desktop/ECE532_3D_spatial_audio/Vivado_WorkDir/spatial_audio.cache/compile_simlib/questa} {riviera=C:/Users/andyl/Desktop/ECE532_3D_spatial_audio/Vivado_WorkDir/spatial_audio.cache/compile_simlib/riviera} {activehdl=C:/Users/andyl/Desktop/ECE532_3D_spatial_audio/Vivado_WorkDir/spatial_audio.cache/compile_simlib/activehdl}] -use_ip_compiled_libs -force -quiet
WARNING: [IP_Flow 19-4067] Ignoring invalid widget type specified checkbox.Providing a default widget
WARNING: [IP_Flow 19-4067] Ignoring invalid widget type specified checkbox.Providing a default widget
set_property -dict [list CONFIG.Register_PortA_Output_of_Memory_Core {true} CONFIG.Register_PortB_Output_of_Memory_Core {true}] [get_ips rom_hrtf_right]
generate_target all [get_files  C:/Users/andyl/Desktop/ECE532_3D_spatial_audio/Vivado_WorkDir/spatial_audio.srcs/sources_1/ip/rom_hrtf_right/rom_hrtf_right.xci]
INFO: [IP_Flow 19-1686] Generating 'Instantiation Template' target for IP 'rom_hrtf_right'...
INFO: [IP_Flow 19-1686] Generating 'Synthesis' target for IP 'rom_hrtf_right'...
INFO: [IP_Flow 19-1686] Generating 'Simulation' target for IP 'rom_hrtf_right'...
INFO: [IP_Flow 19-1686] Generating 'Miscellaneous' target for IP 'rom_hrtf_right'...
INFO: [IP_Flow 19-1686] Generating 'Change Log' target for IP 'rom_hrtf_right'...
export_ip_user_files -of_objects [get_files C:/Users/andyl/Desktop/ECE532_3D_spatial_audio/Vivado_WorkDir/spatial_audio.srcs/sources_1/ip/rom_hrtf_right/rom_hrtf_right.xci] -no_script -sync -force -quiet
export_simulation -of_objects [get_files C:/Users/andyl/Desktop/ECE532_3D_spatial_audio/Vivado_WorkDir/spatial_audio.srcs/sources_1/ip/rom_hrtf_right/rom_hrtf_right.xci] -directory C:/Users/andyl/Desktop/ECE532_3D_spatial_audio/Vivado_WorkDir/spatial_audio.ip_user_files/sim_scripts -ip_user_files_dir C:/Users/andyl/Desktop/ECE532_3D_spatial_audio/Vivado_WorkDir/spatial_audio.ip_user_files -ipstatic_source_dir C:/Users/andyl/Desktop/ECE532_3D_spatial_audio/Vivado_WorkDir/spatial_audio.ip_user_files/ipstatic -lib_map_path [list {modelsim=C:/Users/andyl/Desktop/ECE532_3D_spatial_audio/Vivado_WorkDir/spatial_audio.cache/compile_simlib/modelsim} {questa=C:/Users/andyl/Desktop/ECE532_3D_spatial_audio/Vivado_WorkDir/spatial_audio.cache/compile_simlib/questa} {riviera=C:/Users/andyl/Desktop/ECE532_3D_spatial_audio/Vivado_WorkDir/spatial_audio.cache/compile_simlib/riviera} {activehdl=C:/Users/andyl/Desktop/ECE532_3D_spatial_audio/Vivado_WorkDir/spatial_audio.cache/compile_simlib/activehdl}] -use_ip_compiled_libs -force -quiet
reset_run synth_1
launch_runs impl_1 -to_step write_bitstream -jobs 14
[Sun Mar  8 22:31:10 2026] Launched synth_1...
Run output will be captured here: C:/Users/andyl/Desktop/ECE532_3D_spatial_audio/Vivado_WorkDir/spatial_audio.runs/synth_1/runme.log
[Sun Mar  8 22:31:10 2026] Launched impl_1...
Run output will be captured here: C:/Users/andyl/Desktop/ECE532_3D_spatial_audio/Vivado_WorkDir/spatial_audio.runs/impl_1/runme.log
file copy -force C:/Users/andyl/Desktop/ECE532_3D_spatial_audio/Vivado_WorkDir/spatial_audio.runs/impl_1/design_1_wrapper.sysdef C:/Users/andyl/Desktop/ECE532_3D_spatial_audio/Vivado_WorkDir/spatial_audio.sdk/design_1_wrapper.hdf

exit
INFO: [Common 17-206] Exiting Vivado at Mon Mar  9 15:21:15 2026...
