Copyright 1986-2018 Xilinx, Inc. All Rights Reserved.
--------------------------------------------------------------------------------------------------------------------------------------------------------------------------------------
| Tool Version : Vivado v.2018.3 (win64) Build 2405991 Thu Dec  6 23:38:27 MST 2018
| Date         : Sun Feb 22 23:02:04 2026
| Host         : DESKTOP-6P66IQN running 64-bit major release  (build 9200)
| Command      : report_methodology -file design_1_wrapper_methodology_drc_routed.rpt -pb design_1_wrapper_methodology_drc_routed.pb -rpx design_1_wrapper_methodology_drc_routed.rpx
| Design       : design_1_wrapper
| Device       : xc7a100tcsg324-1
| Speed File   : -1
| Design State : Fully Routed
--------------------------------------------------------------------------------------------------------------------------------------------------------------------------------------

Report Methodology

Table of Contents
-----------------
1. REPORT SUMMARY
2. REPORT DETAILS

1. REPORT SUMMARY
-----------------
            Netlist: netlist
          Floorplan: design_1
      Design limits: <entire design considered>
             Max violations: <unlimited>
             Violations found: 24
+-----------+----------+--------------------------------------------------------+------------+
| Rule      | Severity | Description                                            | Violations |
+-----------+----------+--------------------------------------------------------+------------+
| LUTAR-1   | Warning  | LUT drives async reset alert                           | 1          |
| TIMING-4  | Warning  | Invalid primary clock redefinition on a clock tree     | 2          |
| TIMING-6  | Warning  | No common primary clock between related clocks         | 4          |
| TIMING-7  | Warning  | No common node between related clocks                  | 2          |
| TIMING-8  | Warning  | No common period between related clocks                | 2          |
| TIMING-9  | Warning  | Unknown CDC Logic                                      | 1          |
| TIMING-16 | Warning  | Large setup violation                                  | 7          |
| TIMING-18 | Warning  | Missing input or output delay                          | 3          |
| TIMING-27 | Warning  | Invalid primary clock on hierarchical pin              | 1          |
| XDCC-1    | Warning  | Scoped Clock constraint overwritten with the same name | 1          |
+-----------+----------+--------------------------------------------------------+------------+

2. REPORT DETAILS
-----------------
LUTAR-1#1 Warning
LUT drives async reset alert  
LUT cell design_1_i/mdm_1/U0/MDM_Core_I1/JTAG_CONTROL_I/sel_n_i_2, with 2 or more inputs, drives asynchronous preset/clear pin(s) design_1_i/mdm_1/U0/MDM_Core_I1/JTAG_CONTROL_I/sel_n_reg/PRE. The LUT may glitch and trigger an unexpected reset, even if it is a properly timed path.
Related violations: <none>

TIMING-4#1 Warning
Invalid primary clock redefinition on a clock tree  
Invalid clock redefinition on a clock tree. The primary clock design_1_i/spatial_audio_top_0/inst/clk_gen/inst/clk_in1 is defined downstream of clock clk_out1_design_1_clk_wiz_1_1 and overrides its insertion delay and/or waveform definition
Related violations: <none>

TIMING-4#2 Warning
Invalid primary clock redefinition on a clock tree  
Invalid clock redefinition on a clock tree. The primary clock design_1_i/spatial_audio_top_0/inst/clk_gen/inst/clk_in1 is defined downstream of clock clk_out1_design_1_clk_wiz_1_1_1 and overrides its insertion delay and/or waveform definition
Related violations: <none>

TIMING-6#1 Warning
No common primary clock between related clocks  
The clocks clk_out1_design_1_clk_wiz_1_1 and clk_out1_clk_wiz_audio are related (timed together) but they have no common primary clock. The design could fail in hardware. To find a timing path between these clocks, run the following command: report_timing -from [get_clocks clk_out1_design_1_clk_wiz_1_1] -to [get_clocks clk_out1_clk_wiz_audio]
Related violations: <none>

TIMING-6#2 Warning
No common primary clock between related clocks  
The clocks clk_out1_design_1_clk_wiz_1_1 and clk_out1_design_1_clk_wiz_1_1_1 are related (timed together) but they have no common primary clock. The design could fail in hardware. To find a timing path between these clocks, run the following command: report_timing -from [get_clocks clk_out1_design_1_clk_wiz_1_1] -to [get_clocks clk_out1_design_1_clk_wiz_1_1_1]
Related violations: <none>

TIMING-6#3 Warning
No common primary clock between related clocks  
The clocks clk_out1_design_1_clk_wiz_1_1_1 and clk_out1_clk_wiz_audio are related (timed together) but they have no common primary clock. The design could fail in hardware. To find a timing path between these clocks, run the following command: report_timing -from [get_clocks clk_out1_design_1_clk_wiz_1_1_1] -to [get_clocks clk_out1_clk_wiz_audio]
Related violations: <none>

TIMING-6#4 Warning
No common primary clock between related clocks  
The clocks clk_out1_design_1_clk_wiz_1_1_1 and clk_out1_design_1_clk_wiz_1_1 are related (timed together) but they have no common primary clock. The design could fail in hardware. To find a timing path between these clocks, run the following command: report_timing -from [get_clocks clk_out1_design_1_clk_wiz_1_1_1] -to [get_clocks clk_out1_design_1_clk_wiz_1_1]
Related violations: <none>

TIMING-7#1 Warning
No common node between related clocks  
The clocks clk_out1_design_1_clk_wiz_1_1 and clk_out1_clk_wiz_audio are related (timed together) but they have no common node. The design could fail in hardware. To find a timing path between these clocks, run the following command: report_timing -from [get_clocks clk_out1_design_1_clk_wiz_1_1] -to [get_clocks clk_out1_clk_wiz_audio]
Related violations: <none>

TIMING-7#2 Warning
No common node between related clocks  
The clocks clk_out1_design_1_clk_wiz_1_1_1 and clk_out1_clk_wiz_audio are related (timed together) but they have no common node. The design could fail in hardware. To find a timing path between these clocks, run the following command: report_timing -from [get_clocks clk_out1_design_1_clk_wiz_1_1_1] -to [get_clocks clk_out1_clk_wiz_audio]
Related violations: <none>

TIMING-8#1 Warning
No common period between related clocks  
The clocks clk_out1_design_1_clk_wiz_1_1 and clk_out1_clk_wiz_audio are found related (timed together) but have no common (expandable) period
Related violations: <none>

TIMING-8#2 Warning
No common period between related clocks  
The clocks clk_out1_design_1_clk_wiz_1_1_1 and clk_out1_clk_wiz_audio are found related (timed together) but have no common (expandable) period
Related violations: <none>

TIMING-9#1 Warning
Unknown CDC Logic  
One or more asynchronous Clock Domain Crossing has been detected between 2 clock domains through a set_false_path or a set_clock_groups or set_max_delay -datapath_only constraint but no double-registers logic synchronizer has been found on the side of the capture clock. It is recommended to run report_cdc for a complete and detailed CDC coverage. Please consider using XPM_CDC to avoid Critical severities
Related violations: <none>

TIMING-16#1 Warning
Large setup violation  
There is a large setup violation of -3.072 ns between design_1_i/axi_gpio_inputAngle/U0/gpio_core_1/Not_Dual.gpio_Data_Out_reg[7]/C (clocked by clk_out1_design_1_clk_wiz_1_1) and design_1_i/spatial_audio_top_0/inst/addr_gen/bram_addr_reg[7]/D (clocked by clk_out1_clk_wiz_audio). Large setup violations at the end of those stages might be difficult to fix during the post-placement implementation flow and could be the result of non-optimal XDC constraints or non-optimal design architecture
Related violations: <none>

TIMING-16#2 Warning
Large setup violation  
There is a large setup violation of -3.243 ns between design_1_i/axi_gpio_inputAngle/U0/gpio_core_1/Not_Dual.gpio_Data_Out_reg[7]/C (clocked by clk_out1_design_1_clk_wiz_1_1) and design_1_i/spatial_audio_top_0/inst/addr_gen/bram_addr_reg[8]/D (clocked by clk_out1_clk_wiz_audio). Large setup violations at the end of those stages might be difficult to fix during the post-placement implementation flow and could be the result of non-optimal XDC constraints or non-optimal design architecture
Related violations: <none>

TIMING-16#3 Warning
Large setup violation  
There is a large setup violation of -3.392 ns between design_1_i/axi_gpio_inputAngle/U0/gpio_core_1/Not_Dual.gpio_Data_Out_reg[7]/C (clocked by clk_out1_design_1_clk_wiz_1_1) and design_1_i/spatial_audio_top_0/inst/addr_gen/bram_addr_reg[9]/D (clocked by clk_out1_clk_wiz_audio). Large setup violations at the end of those stages might be difficult to fix during the post-placement implementation flow and could be the result of non-optimal XDC constraints or non-optimal design architecture
Related violations: <none>

TIMING-16#4 Warning
Large setup violation  
There is a large setup violation of -3.451 ns between design_1_i/axi_gpio_inputAngle/U0/gpio_core_1/Not_Dual.gpio_Data_Out_reg[7]/C (clocked by clk_out1_design_1_clk_wiz_1_1) and design_1_i/spatial_audio_top_0/inst/addr_gen/bram_addr_reg[10]/D (clocked by clk_out1_clk_wiz_audio). Large setup violations at the end of those stages might be difficult to fix during the post-placement implementation flow and could be the result of non-optimal XDC constraints or non-optimal design architecture
Related violations: <none>

TIMING-16#5 Warning
Large setup violation  
There is a large setup violation of -3.747 ns between design_1_i/axi_gpio_inputAngle/U0/gpio_core_1/Not_Dual.gpio_Data_Out_reg[4]/C (clocked by clk_out1_design_1_clk_wiz_1_1) and design_1_i/spatial_audio_top_0/inst/addr_gen/bram_addr_reg[11]/D (clocked by clk_out1_clk_wiz_audio). Large setup violations at the end of those stages might be difficult to fix during the post-placement implementation flow and could be the result of non-optimal XDC constraints or non-optimal design architecture
Related violations: <none>

TIMING-16#6 Warning
Large setup violation  
There is a large setup violation of -3.763 ns between design_1_i/axi_gpio_inputAngle/U0/gpio_core_1/Not_Dual.gpio_Data_Out_reg[4]/C (clocked by clk_out1_design_1_clk_wiz_1_1) and design_1_i/spatial_audio_top_0/inst/addr_gen/bram_addr_reg[13]/D (clocked by clk_out1_clk_wiz_audio). Large setup violations at the end of those stages might be difficult to fix during the post-placement implementation flow and could be the result of non-optimal XDC constraints or non-optimal design architecture
Related violations: <none>

TIMING-16#7 Warning
Large setup violation  
There is a large setup violation of -3.858 ns between design_1_i/axi_gpio_inputAngle/U0/gpio_core_1/Not_Dual.gpio_Data_Out_reg[4]/C (clocked by clk_out1_design_1_clk_wiz_1_1) and design_1_i/spatial_audio_top_0/inst/addr_gen/bram_addr_reg[12]/D (clocked by clk_out1_clk_wiz_audio). Large setup violations at the end of those stages might be difficult to fix during the post-placement implementation flow and could be the result of non-optimal XDC constraints or non-optimal design architecture
Related violations: <none>

TIMING-18#1 Warning
Missing input or output delay  
An input delay is missing on reset_btn relative to clock(s) clk_100mhz, sys_clk_pin
Related violations: <none>

TIMING-18#2 Warning
Missing input or output delay  
An input delay is missing on usb_uart_rxd relative to clock(s) clk_100mhz, sys_clk_pin
Related violations: <none>

TIMING-18#3 Warning
Missing input or output delay  
An output delay is missing on usb_uart_txd relative to clock(s) clk_100mhz, sys_clk_pin
Related violations: <none>

TIMING-27#1 Warning
Invalid primary clock on hierarchical pin  
A primary clock design_1_i/spatial_audio_top_0/inst/clk_gen/inst/clk_in1 is created on an inappropriate internal pin design_1_i/spatial_audio_top_0/inst/clk_gen/inst/clk_in1. It is not recommended to create a primary clock on a hierarchical pin when its driver pin has a fanout connected to multiple clock pins
Related violations: <none>

XDCC-1#1 Warning
Scoped Clock constraint overwritten with the same name  
A new clock constraint create_clock overrides a previous scoped clock constraint with the same name. It is not recommended to override a scoped (typically an IP) clock constraint and could result in unexpected behaviors.
New: create_clock -period 10.000 -name sys_clk_pin -waveform {0.000 5.000} -add [get_ports clk_100mhz] (Source: D:/Vivado_Projects/ECE532_SpatialAudio/ECE532_SpatialAudio.srcs/constrs_1/imports/Constraint/constraints.xdc (Line: 3))
Previous: create_clock -period 10.000 -name sys_clk_pin -waveform {0.000 5.000} -add [get_ports -scoped_to_current_instance clk_100mhz] (Source: d:/Vivado_Projects/ECE532_SpatialAudio/ECE532_SpatialAudio.srcs/sources_1/bd/design_1/ip/design_1_spatial_audio_top_0_0/Src/Constraint/constraints.xdc (Line: 3))
Related violations: <none>


