15:13:26 **** Build of project gyro_0_bsp ****
make -k all 
"Running Make include in microblaze_0/libsrc/bram_v4_2/src"
make -C microblaze_0/libsrc/bram_v4_2/src -s include  "SHELL=CMD" "COMPILER=mb-gcc" "ARCHIVER=mb-ar" "COMPILER_FLAGS=  -O2 -c -mcpu=v11.0 -mlittle-endian -mxl-soft-mul" "EXTRA_COMPILER_FLAGS=-ffunction-sections -fdata-sections -Wall -Wextra"
"Running Make include in microblaze_0/libsrc/cpu_v2_8/src"
make -C microblaze_0/libsrc/cpu_v2_8/src -s include  "SHELL=CMD" "COMPILER=mb-gcc" "ARCHIVER=mb-ar" "COMPILER_FLAGS=  -O2 -c -mcpu=v11.0 -mlittle-endian -mxl-soft-mul" "EXTRA_COMPILER_FLAGS=-ffunction-sections -fdata-sections -Wall -Wextra"
"Running Make include in microblaze_0/libsrc/intc_v3_8/src"
make -C microblaze_0/libsrc/intc_v3_8/src -s include  "SHELL=CMD" "COMPILER=mb-gcc" "ARCHIVER=mb-ar" "COMPILER_FLAGS=  -O2 -c -mcpu=v11.0 -mlittle-endian -mxl-soft-mul" "EXTRA_COMPILER_FLAGS=-ffunction-sections -fdata-sections -Wall -Wextra"
"Running Make include in microblaze_0/libsrc/PmodGYRO_v1_0/src"
make -C microblaze_0/libsrc/PmodGYRO_v1_0/src -s include  "SHELL=CMD" "COMPILER=mb-gcc" "ARCHIVER=mb-ar" "COMPILER_FLAGS=  -O2 -c -mcpu=v11.0 -mlittle-endian -mxl-soft-mul" "EXTRA_COMPILER_FLAGS=-ffunction-sections -fdata-sections -Wall -Wextra"
"Running Make include in microblaze_0/libsrc/standalone_v6_8/src"
make -C microblaze_0/libsrc/standalone_v6_8/src -s include  "SHELL=CMD" "COMPILER=mb-gcc" "ARCHIVER=mb-ar" "COMPILER_FLAGS=  -O2 -c -mcpu=v11.0 -mlittle-endian -mxl-soft-mul" "EXTRA_COMPILER_FLAGS=-ffunction-sections -fdata-sections -Wall -Wextra"
"Running Make include in microblaze_0/libsrc/uartlite_v3_2/src"
make -C microblaze_0/libsrc/uartlite_v3_2/src -s include  "SHELL=CMD" "COMPILER=mb-gcc" "ARCHIVER=mb-ar" "COMPILER_FLAGS=  -O2 -c -mcpu=v11.0 -mlittle-endian -mxl-soft-mul" "EXTRA_COMPILER_FLAGS=-ffunction-sections -fdata-sections -Wall -Wextra"
"Running Make libs in microblaze_0/libsrc/bram_v4_2/src"
make -C microblaze_0/libsrc/bram_v4_2/src -s libs  "SHELL=CMD" "COMPILER=mb-gcc" "ARCHIVER=mb-ar" "COMPILER_FLAGS=  -O2 -c -mcpu=v11.0 -mlittle-endian -mxl-soft-mul" "EXTRA_COMPILER_FLAGS=-ffunction-sections -fdata-sections -Wall -Wextra"
"Compiling bram"
mb-ar: creating ../../../lib/libxil.a
"Running Make libs in microblaze_0/libsrc/cpu_v2_8/src"
make -C microblaze_0/libsrc/cpu_v2_8/src -s libs  "SHELL=CMD" "COMPILER=mb-gcc" "ARCHIVER=mb-ar" "COMPILER_FLAGS=  -O2 -c -mcpu=v11.0 -mlittle-endian -mxl-soft-mul" "EXTRA_COMPILER_FLAGS=-ffunction-sections -fdata-sections -Wall -Wextra"
"Compiling cpu"
"Running Make libs in microblaze_0/libsrc/intc_v3_8/src"
make -C microblaze_0/libsrc/intc_v3_8/src -s libs  "SHELL=CMD" "COMPILER=mb-gcc" "ARCHIVER=mb-ar" "COMPILER_FLAGS=  -O2 -c -mcpu=v11.0 -mlittle-endian -mxl-soft-mul" "EXTRA_COMPILER_FLAGS=-ffunction-sections -fdata-sections -Wall -Wextra"
"Compiling intc"
"Running Make libs in microblaze_0/libsrc/PmodGYRO_v1_0/src"
make -C microblaze_0/libsrc/PmodGYRO_v1_0/src -s libs  "SHELL=CMD" "COMPILER=mb-gcc" "ARCHIVER=mb-ar" "COMPILER_FLAGS=  -O2 -c -mcpu=v11.0 -mlittle-endian -mxl-soft-mul" "EXTRA_COMPILER_FLAGS=-ffunction-sections -fdata-sections -Wall -Wextra"
"Compiling PmodGYRO"
"Running Make libs in microblaze_0/libsrc/standalone_v6_8/src"
make -C microblaze_0/libsrc/standalone_v6_8/src -s libs  "SHELL=CMD" "COMPILER=mb-gcc" "ARCHIVER=mb-ar" "COMPILER_FLAGS=  -O2 -c -mcpu=v11.0 -mlittle-endian -mxl-soft-mul" "EXTRA_COMPILER_FLAGS=-ffunction-sections -fdata-sections -Wall -Wextra"
"Compiling standalone";
microblaze_sleep.c:77:9: note: #pragma message: For the sleep routines, assembly instructions are used
 #pragma message ("For the sleep routines, assembly instructions are used")
         ^~~~~~~
"Running Make libs in microblaze_0/libsrc/uartlite_v3_2/src"
make -C microblaze_0/libsrc/uartlite_v3_2/src -s libs  "SHELL=CMD" "COMPILER=mb-gcc" "ARCHIVER=mb-ar" "COMPILER_FLAGS=  -O2 -c -mcpu=v11.0 -mlittle-endian -mxl-soft-mul" "EXTRA_COMPILER_FLAGS=-ffunction-sections -fdata-sections -Wall -Wextra"
"Compiling uartlite"
'Finished building libraries'
15:13:40 **** Build of configuration Debug for project gyro_0 ****
make all 
'Building file: ../src/helloworld.c'
'Invoking: MicroBlaze gcc compiler'
mb-gcc -Wall -O0 -g3 -c -fmessage-length=0 -MT"src/helloworld.o" -I../../gyro_0_bsp/microblaze_0/include -mlittle-endian -mcpu=v11.0 -mxl-soft-mul -Wl,--no-relax -ffunction-sections -fdata-sections -MMD -MP -MF"src/helloworld.d" -MT"src/helloworld.o" -o "src/helloworld.o" "../src/helloworld.c"
'Finished building: ../src/helloworld.c'
' '
'Building file: ../src/platform.c'
'Invoking: MicroBlaze gcc compiler'
mb-gcc -Wall -O0 -g3 -c -fmessage-length=0 -MT"src/platform.o" -I../../gyro_0_bsp/microblaze_0/include -mlittle-endian -mcpu=v11.0 -mxl-soft-mul -Wl,--no-relax -ffunction-sections -fdata-sections -MMD -MP -MF"src/platform.d" -MT"src/platform.o" -o "src/platform.o" "../src/platform.c"
'Finished building: ../src/platform.c'
' '
'Building target: gyro_0.elf'
'Invoking: MicroBlaze gcc linker'
mb-gcc -Wl,-T -Wl,../src/lscript.ld -L../../gyro_0_bsp/microblaze_0/lib -mlittle-endian -mcpu=v11.0 -mxl-soft-mul -Wl,--no-relax -Wl,--gc-sections -o "gyro_0.elf"  ./src/helloworld.o ./src/platform.o   -Wl,--start-group,-lxil,-lgcc,-lc,--end-group
'Finished building target: gyro_0.elf'
' '
'Invoking: MicroBlaze Print Size'
mb-size gyro_0.elf  |tee "gyro_0.elf.size"
   text	   data	    bss	    dec	    hex	filename
   3132	    320	   3108	   6560	   19a0	gyro_0.elf
'Finished building: gyro_0.elf.size'
' '
15:16:20 **** Auto Build of configuration Debug for project gyro_0 ****
make all 
'Building file: ../src/gyroscope_0.c'
'Invoking: MicroBlaze gcc compiler'
mb-gcc -Wall -O0 -g3 -c -fmessage-length=0 -MT"src/gyroscope_0.o" -I../../gyro_0_bsp/microblaze_0/include -mlittle-endian -mcpu=v11.0 -mxl-soft-mul -Wl,--no-relax -ffunction-sections -fdata-sections -MMD -MP -MF"src/gyroscope_0.d" -MT"src/gyroscope_0.o" -o "src/gyroscope_0.o" "../src/gyroscope_0.c"
'Finished building: ../src/gyroscope_0.c'
' '
'Building target: gyro_0.elf'
'Invoking: MicroBlaze gcc linker'
mb-gcc -Wl,-T -Wl,../src/lscript.ld -L../../gyro_0_bsp/microblaze_0/lib -mlittle-endian -mcpu=v11.0 -mxl-soft-mul -Wl,--no-relax -Wl,--gc-sections -o "gyro_0.elf"  ./src/gyroscope_0.o ./src/helloworld.o ./src/platform.o   -Wl,--start-group,-lxil,-lgcc,-lc,--end-group
'Finished building target: gyro_0.elf'
' '
'Invoking: MicroBlaze Print Size'
mb-size gyro_0.elf  |tee "gyro_0.elf.size"
   text	   data	    bss	    dec	    hex	filename
   3132	    320	   3108	   6560	   19a0	gyro_0.elf
'Finished building: gyro_0.elf.size'
' '
15:16:40 **** Auto Build of configuration Debug for project gyro_0 ****
make all 
'Building file: ../src/gyroscope_0.c'
'Invoking: MicroBlaze gcc compiler'
mb-gcc -Wall -O0 -g3 -c -fmessage-length=0 -MT"src/gyroscope_0.o" -I../../gyro_0_bsp/microblaze_0/include -mlittle-endian -mcpu=v11.0 -mxl-soft-mul -Wl,--no-relax -ffunction-sections -fdata-sections -MMD -MP -MF"src/gyroscope_0.d" -MT"src/gyroscope_0.o" -o "src/gyroscope_0.o" "../src/gyroscope_0.c"
../src/gyroscope_0.c: In function 'main':
../src/gyroscope_0.c:21:5: warning: implicit declaration of function 'GYRO_setThreshold'; did you mean 'GYRO_setThsZH'? [-Wimplicit-function-declaration]
     GYRO_setThreshold(&myGyro, 0, 0, 0);
     ^~~~~~~~~~~~~~~~~
     GYRO_setThsZH
'Finished building: ../src/gyroscope_0.c'
' '
'Building target: gyro_0.elf'
'Invoking: MicroBlaze gcc linker'
mb-gcc -Wl,-T -Wl,../src/lscript.ld -L../../gyro_0_bsp/microblaze_0/lib -mlittle-endian -mcpu=v11.0 -mxl-soft-mul -Wl,--no-relax -Wl,--gc-sections -o "gyro_0.elf"  ./src/gyroscope_0.o ./src/helloworld.o ./src/platform.o   -Wl,--start-group,-lxil,-lgcc,-lc,--end-group
./src/helloworld.o: In function `main':
C:\Users\eliza\Documents\1_Local\ECE532_local\gyro_test\gyro_test.sdk\gyro_0\Debug/../src/helloworld.c:54: multiple definition of `main'
./src/gyroscope_0.o:C:\Users\eliza\Documents\1_Local\ECE532_local\gyro_test\gyro_test.sdk\gyro_0\Debug/../src/gyroscope_0.c:10: first defined here
./src/gyroscope_0.o: In function `main':
C:\Users\eliza\Documents\1_Local\ECE532_local\gyro_test\gyro_test.sdk\gyro_0\Debug/../src/gyroscope_0.c:21: undefined reference to `GYRO_setThreshold'
collect2.exe: error: ld returned 1 exit status
make: *** [makefile:38: gyro_0.elf] Error 1
15:17:15 **** Auto Build of configuration Debug for project gyro_0 ****
make all 
'Building file: ../src/helloworld.c'
'Invoking: MicroBlaze gcc compiler'
mb-gcc -Wall -O0 -g3 -c -fmessage-length=0 -MT"src/helloworld.o" -I../../gyro_0_bsp/microblaze_0/include -mlittle-endian -mcpu=v11.0 -mxl-soft-mul -Wl,--no-relax -ffunction-sections -fdata-sections -MMD -MP -MF"src/helloworld.d" -MT"src/helloworld.o" -o "src/helloworld.o" "../src/helloworld.c"
'Finished building: ../src/helloworld.c'
' '
'Building target: gyro_0.elf'
'Invoking: MicroBlaze gcc linker'
mb-gcc -Wl,-T -Wl,../src/lscript.ld -L../../gyro_0_bsp/microblaze_0/lib -mlittle-endian -mcpu=v11.0 -mxl-soft-mul -Wl,--no-relax -Wl,--gc-sections -o "gyro_0.elf"  ./src/gyroscope_0.o ./src/helloworld.o ./src/platform.o   -Wl,--start-group,-lxil,-lgcc,-lc,--end-group
./src/gyroscope_0.o: In function `main':
C:\Users\eliza\Documents\1_Local\ECE532_local\gyro_test\gyro_test.sdk\gyro_0\Debug/../src/gyroscope_0.c:21: undefined reference to `GYRO_setThreshold'
collect2.exe: error: ld returned 1 exit status
make: *** [makefile:38: gyro_0.elf] Error 1
15:41:13 **** Auto Build of configuration Debug for project gyro_0 ****
make all 
'Building file: ../src/gyroscope_0.c'
'Invoking: MicroBlaze gcc compiler'
mb-gcc -Wall -O0 -g3 -c -fmessage-length=0 -MT"src/gyroscope_0.o" -I../../gyro_0_bsp/microblaze_0/include -mlittle-endian -mcpu=v11.0 -mxl-soft-mul -Wl,--no-relax -ffunction-sections -fdata-sections -MMD -MP -MF"src/gyroscope_0.d" -MT"src/gyroscope_0.o" -o "src/gyroscope_0.o" "../src/gyroscope_0.c"
../src/gyroscope_0.c: In function 'main':
../src/gyroscope_0.c:22:5: warning: implicit declaration of function 'GYRO_setThreshold'; did you mean 'GYRO_setThsZH'? [-Wimplicit-function-declaration]
     GYRO_setThreshold(&myGyro, 0, 0, 0);
     ^~~~~~~~~~~~~~~~~
     GYRO_setThsZH
'Finished building: ../src/gyroscope_0.c'
' '
'Building target: gyro_0.elf'
'Invoking: MicroBlaze gcc linker'
mb-gcc -Wl,-T -Wl,../src/lscript.ld -L../../gyro_0_bsp/microblaze_0/lib -mlittle-endian -mcpu=v11.0 -mxl-soft-mul -Wl,--no-relax -Wl,--gc-sections -o "gyro_0.elf"  ./src/gyroscope_0.o ./src/helloworld.o ./src/platform.o   -Wl,--start-group,-lxil,-lgcc,-lc,--end-group
./src/gyroscope_0.o: In function `main':
C:\Users\eliza\Documents\1_Local\ECE532_local\gyro_test\gyro_test.sdk\gyro_0\Debug/../src/gyroscope_0.c:22: undefined reference to `GYRO_setThreshold'
collect2.exe: error: ld returned 1 exit status
make: *** [makefile:38: gyro_0.elf] Error 1
15:43:46 **** Auto Build of configuration Debug for project gyro_0 ****
make all 
'Building file: ../src/gyroscope_0.c'
'Invoking: MicroBlaze gcc compiler'
mb-gcc -Wall -O0 -g3 -c -fmessage-length=0 -MT"src/gyroscope_0.o" -I../../gyro_0_bsp/microblaze_0/include -mlittle-endian -mcpu=v11.0 -mxl-soft-mul -Wl,--no-relax -ffunction-sections -fdata-sections -MMD -MP -MF"src/gyroscope_0.d" -MT"src/gyroscope_0.o" -o "src/gyroscope_0.o" "../src/gyroscope_0.c"
'Finished building: ../src/gyroscope_0.c'
' '
'Building target: gyro_0.elf'
'Invoking: MicroBlaze gcc linker'
mb-gcc -Wl,-T -Wl,../src/lscript.ld -L../../gyro_0_bsp/microblaze_0/lib -mlittle-endian -mcpu=v11.0 -mxl-soft-mul -Wl,--no-relax -Wl,--gc-sections -o "gyro_0.elf"  ./src/gyroscope_0.o ./src/helloworld.o ./src/platform.o   -Wl,--start-group,-lxil,-lgcc,-lc,--end-group
'Finished building target: gyro_0.elf'
' '
'Invoking: MicroBlaze Print Size'
mb-size gyro_0.elf  |tee "gyro_0.elf.size"
   text	   data	    bss	    dec	    hex	filename
  19772	    356	   3224	  23352	   5b38	gyro_0.elf
'Finished building: gyro_0.elf.size'
' '
15:46:49 **** Incremental Build of configuration Debug for project gyro_0 ****
make all 
make: Nothing to be done for 'all'.
15:49:56 **** Incremental Build of configuration Debug for project gyro_0 ****
make all 
make: Nothing to be done for 'all'.
15:50:44 **** Incremental Build of configuration Debug for project gyro_0 ****
make all 
make: Nothing to be done for 'all'.
15:51:34 **** Incremental Build of configuration Debug for project gyro_0 ****
make all 
make: Nothing to be done for 'all'.
16:14:00 **** Incremental Build of configuration Debug for project gyro_0 ****
make all 
make: Nothing to be done for 'all'.
16:20:53 **** Incremental Build of configuration Debug for project gyro_0 ****
make all 
make: Nothing to be done for 'all'.
16:47:11 **** Auto Build of configuration Debug for project gyro_0 ****
make all 
'Building file: ../src/gyroscope_0.c'
'Invoking: MicroBlaze gcc compiler'
mb-gcc -Wall -O0 -g3 -c -fmessage-length=0 -MT"src/gyroscope_0.o" -I../../gyro_0_bsp/microblaze_0/include -mlittle-endian -mcpu=v11.0 -mxl-soft-mul -Wl,--no-relax -ffunction-sections -fdata-sections -MMD -MP -MF"src/gyroscope_0.d" -MT"src/gyroscope_0.o" -o "src/gyroscope_0.o" "../src/gyroscope_0.c"
../src/gyroscope_0.c: In function 'main':
../src/gyroscope_0.c:45:20: error: 'rawX' undeclared (first use in this function)
         float vX = rawX * 0.00875;
                    ^~~~
../src/gyroscope_0.c:45:20: note: each undeclared identifier is reported only once for each function it appears in
../src/gyroscope_0.c:48:13: warning: implicit declaration of function 'abs' [-Wimplicit-function-declaration]
         if (abs(rawX) > 50) {
             ^~~
make: *** [src/subdir.mk:29: src/gyroscope_0.o] Error 1
16:47:39 **** Auto Build of configuration Debug for project gyro_0 ****
make all 
'Building file: ../src/gyroscope_0.c'
'Invoking: MicroBlaze gcc compiler'
mb-gcc -Wall -O0 -g3 -c -fmessage-length=0 -MT"src/gyroscope_0.o" -I../../gyro_0_bsp/microblaze_0/include -mlittle-endian -mcpu=v11.0 -mxl-soft-mul -Wl,--no-relax -ffunction-sections -fdata-sections -MMD -MP -MF"src/gyroscope_0.d" -MT"src/gyroscope_0.o" -o "src/gyroscope_0.o" "../src/gyroscope_0.c"
../src/gyroscope_0.c: In function 'main':
../src/gyroscope_0.c:48:13: warning: implicit declaration of function 'abs' [-Wimplicit-function-declaration]
         if (abs(rawX) > 50) {
             ^~~
../src/gyroscope_0.c:60:21: error: 'x' undeclared (first use in this function)
                     x, y, z, tempF, dataReady);
                     ^
../src/gyroscope_0.c:60:21: note: each undeclared identifier is reported only once for each function it appears in
../src/gyroscope_0.c:60:24: error: 'y' undeclared (first use in this function)
                     x, y, z, tempF, dataReady);
                        ^
../src/gyroscope_0.c:60:27: error: 'z' undeclared (first use in this function)
                     x, y, z, tempF, dataReady);
                           ^
../src/gyroscope_0.c:42:17: warning: unused variable 'rawZ' [-Wunused-variable]
         int16_t rawZ = GYRO_getZ(&myGyro);
                 ^~~~
../src/gyroscope_0.c:41:17: warning: unused variable 'rawY' [-Wunused-variable]
         int16_t rawY = GYRO_getY(&myGyro);
                 ^~~~
make: *** [src/subdir.mk:29: src/gyroscope_0.o] Error 1
16:51:04 **** Auto Build of configuration Debug for project gyro_0 ****
make all 
'Building file: ../src/gyroscope_0.c'
'Invoking: MicroBlaze gcc compiler'
mb-gcc -Wall -O0 -g3 -c -fmessage-length=0 -MT"src/gyroscope_0.o" -I../../gyro_0_bsp/microblaze_0/include -mlittle-endian -mcpu=v11.0 -mxl-soft-mul -Wl,--no-relax -ffunction-sections -fdata-sections -MMD -MP -MF"src/gyroscope_0.d" -MT"src/gyroscope_0.o" -o "src/gyroscope_0.o" "../src/gyroscope_0.c"
../src/gyroscope_0.c: In function 'main':
../src/gyroscope_0.c:50:13: warning: implicit declaration of function 'abs' [-Wimplicit-function-declaration]
         if (abs(rawX) > 50) { // Threshold
             ^~~
../src/gyroscope_0.c:66:21: error: 'x' undeclared (first use in this function)
                     x, y, z, tempF, dataReady);
                     ^
../src/gyroscope_0.c:66:21: note: each undeclared identifier is reported only once for each function it appears in
../src/gyroscope_0.c:66:24: error: 'y' undeclared (first use in this function)
                     x, y, z, tempF, dataReady);
                        ^
../src/gyroscope_0.c:66:27: error: 'z' undeclared (first use in this function)
                     x, y, z, tempF, dataReady);
                           ^
../src/gyroscope_0.c:47:15: warning: unused variable 'vZ' [-Wunused-variable]
         float vZ = rawZ * 0.00875;
               ^~
../src/gyroscope_0.c:46:15: warning: unused variable 'vY' [-Wunused-variable]
         float vY = rawY * 0.00875;
               ^~
../src/gyroscope_0.c:35:27: warning: unused variable 'angleZ' [-Wunused-variable]
     float angleX, angleY, angleZ = 0;
                           ^~~~~~
../src/gyroscope_0.c:35:19: warning: unused variable 'angleY' [-Wunused-variable]
     float angleX, angleY, angleZ = 0;
                   ^~~~~~
make: *** [src/subdir.mk:29: src/gyroscope_0.o] Error 1
16:54:30 **** Auto Build of configuration Debug for project gyro_0 ****
make all 
'Building file: ../src/gyroscope_0.c'
'Invoking: MicroBlaze gcc compiler'
mb-gcc -Wall -O0 -g3 -c -fmessage-length=0 -MT"src/gyroscope_0.o" -I../../gyro_0_bsp/microblaze_0/include -mlittle-endian -mcpu=v11.0 -mxl-soft-mul -Wl,--no-relax -ffunction-sections -fdata-sections -MMD -MP -MF"src/gyroscope_0.d" -MT"src/gyroscope_0.o" -o "src/gyroscope_0.o" "../src/gyroscope_0.c"
../src/gyroscope_0.c: In function 'main':
../src/gyroscope_0.c:50:13: warning: implicit declaration of function 'abs' [-Wimplicit-function-declaration]
         if (abs(rawX) > 50) { // Threshold
             ^~~
../src/gyroscope_0.c:70:21: error: 'x' undeclared (first use in this function)
                     x, y, z, tempF, dataReady);
                     ^
../src/gyroscope_0.c:70:21: note: each undeclared identifier is reported only once for each function it appears in
../src/gyroscope_0.c:70:24: error: 'y' undeclared (first use in this function)
                     x, y, z, tempF, dataReady);
                        ^
../src/gyroscope_0.c:70:27: error: 'z' undeclared (first use in this function)
                     x, y, z, tempF, dataReady);
                           ^
make: *** [src/subdir.mk:29: src/gyroscope_0.o] Error 1
16:56:46 **** Auto Build of configuration Debug for project gyro_0 ****
make all 
'Building file: ../src/gyroscope_0.c'
'Invoking: MicroBlaze gcc compiler'
mb-gcc -Wall -O0 -g3 -c -fmessage-length=0 -MT"src/gyroscope_0.o" -I../../gyro_0_bsp/microblaze_0/include -mlittle-endian -mcpu=v11.0 -mxl-soft-mul -Wl,--no-relax -ffunction-sections -fdata-sections -MMD -MP -MF"src/gyroscope_0.d" -MT"src/gyroscope_0.o" -o "src/gyroscope_0.o" "../src/gyroscope_0.c"
../src/gyroscope_0.c: In function 'main':
../src/gyroscope_0.c:50:13: warning: implicit declaration of function 'abs' [-Wimplicit-function-declaration]
         if (abs(rawX) > 50) { // Threshold
             ^~~
'Finished building: ../src/gyroscope_0.c'
' '
'Building target: gyro_0.elf'
'Invoking: MicroBlaze gcc linker'
mb-gcc -Wl,-T -Wl,../src/lscript.ld -L../../gyro_0_bsp/microblaze_0/lib -mlittle-endian -mcpu=v11.0 -mxl-soft-mul -Wl,--no-relax -Wl,--gc-sections -o "gyro_0.elf"  ./src/gyroscope_0.o ./src/helloworld.o ./src/platform.o   -Wl,--start-group,-lxil,-lgcc,-lc,--end-group
'Finished building target: gyro_0.elf'
' '
'Invoking: MicroBlaze Print Size'
mb-size gyro_0.elf  |tee "gyro_0.elf.size"
   text	   data	    bss	    dec	    hex	filename
  24888	    356	   3220	  28464	   6f30	gyro_0.elf
'Finished building: gyro_0.elf.size'
' '
16:57:53 **** Auto Build of configuration Debug for project gyro_0 ****
make all 
'Building file: ../src/gyroscope_0.c'
'Invoking: MicroBlaze gcc compiler'
mb-gcc -Wall -O0 -g3 -c -fmessage-length=0 -MT"src/gyroscope_0.o" -I../../gyro_0_bsp/microblaze_0/include -mlittle-endian -mcpu=v11.0 -mxl-soft-mul -Wl,--no-relax -ffunction-sections -fdata-sections -MMD -MP -MF"src/gyroscope_0.d" -MT"src/gyroscope_0.o" -o "src/gyroscope_0.o" "../src/gyroscope_0.c"
../src/gyroscope_0.c: In function 'main':
../src/gyroscope_0.c:50:13: warning: implicit declaration of function 'abs' [-Wimplicit-function-declaration]
         if (abs(rawX) > 50) { // Threshold
             ^~~
'Finished building: ../src/gyroscope_0.c'
' '
'Building target: gyro_0.elf'
'Invoking: MicroBlaze gcc linker'
mb-gcc -Wl,-T -Wl,../src/lscript.ld -L../../gyro_0_bsp/microblaze_0/lib -mlittle-endian -mcpu=v11.0 -mxl-soft-mul -Wl,--no-relax -Wl,--gc-sections -o "gyro_0.elf"  ./src/gyroscope_0.o ./src/helloworld.o ./src/platform.o   -Wl,--start-group,-lxil,-lgcc,-lc,--end-group
'Finished building target: gyro_0.elf'
' '
'Invoking: MicroBlaze Print Size'
mb-size gyro_0.elf  |tee "gyro_0.elf.size"
   text	   data	    bss	    dec	    hex	filename
  24904	    356	   3220	  28480	   6f40	gyro_0.elf
'Finished building: gyro_0.elf.size'
' '
16:58:04 **** Incremental Build of configuration Debug for project gyro_0 ****
make all 
make: Nothing to be done for 'all'.
16:58:50 **** Incremental Build of configuration Debug for project gyro_0 ****
make all 
make: Nothing to be done for 'all'.
22:17:34 **** Incremental Build of configuration Debug for project gyro_0 ****
make all 
make: Nothing to be done for 'all'.
22:25:30 **** Auto Build of configuration Debug for project gyro_0 ****
make all 
'Building file: ../src/gyroscope_0.c'
'Invoking: MicroBlaze gcc compiler'
mb-gcc -Wall -O0 -g3 -c -fmessage-length=0 -MT"src/gyroscope_0.o" -I../../gyro_0_bsp/microblaze_0/include -mlittle-endian -mcpu=v11.0 -mxl-soft-mul -Wl,--no-relax -ffunction-sections -fdata-sections -MMD -MP -MF"src/gyroscope_0.d" -MT"src/gyroscope_0.o" -o "src/gyroscope_0.o" "../src/gyroscope_0.c"
../src/gyroscope_0.c: In function 'main':
../src/gyroscope_0.c:50:13: warning: implicit declaration of function 'abs' [-Wimplicit-function-declaration]
         if (abs(rawX) > 50) { // Threshold
             ^~~
'Finished building: ../src/gyroscope_0.c'
' '
'Building target: gyro_0.elf'
'Invoking: MicroBlaze gcc linker'
mb-gcc -Wl,-T -Wl,../src/lscript.ld -L../../gyro_0_bsp/microblaze_0/lib -mlittle-endian -mcpu=v11.0 -mxl-soft-mul -Wl,--no-relax -Wl,--gc-sections -o "gyro_0.elf"  ./src/gyroscope_0.o ./src/helloworld.o ./src/platform.o   -Wl,--start-group,-lxil,-lgcc,-lc,--end-group
'Finished building target: gyro_0.elf'
' '
'Invoking: MicroBlaze Print Size'
mb-size gyro_0.elf  |tee "gyro_0.elf.size"
   text	   data	    bss	    dec	    hex	filename
  24968	    356	   3220	  28544	   6f80	gyro_0.elf
'Finished building: gyro_0.elf.size'
' '
22:25:40 **** Incremental Build of configuration Debug for project gyro_0 ****
make all 
make: Nothing to be done for 'all'.
22:33:50 **** Incremental Build of configuration Debug for project gyro_0 ****
make all 
make: Nothing to be done for 'all'.
22:39:16 **** Auto Build of configuration Debug for project gyro_0 ****
make all 
'Building file: ../src/gyroscope_0.c'
'Invoking: MicroBlaze gcc compiler'
mb-gcc -Wall -O0 -g3 -c -fmessage-length=0 -MT"src/gyroscope_0.o" -I../../gyro_0_bsp/microblaze_0/include -mlittle-endian -mcpu=v11.0 -mxl-soft-mul -Wl,--no-relax -ffunction-sections -fdata-sections -MMD -MP -MF"src/gyroscope_0.d" -MT"src/gyroscope_0.o" -o "src/gyroscope_0.o" "../src/gyroscope_0.c"
../src/gyroscope_0.c: In function 'main':
../src/gyroscope_0.c:50:13: warning: implicit declaration of function 'abs' [-Wimplicit-function-declaration]
         if (abs(rawX) > 50) { // Threshold
             ^~~
../src/gyroscope_0.c:74:11: error: 'printAngleX' undeclared (first use in this function)
           printAngleX, printAngleY, printAngleZ, tempF, dataReady);
           ^~~~~~~~~~~
../src/gyroscope_0.c:74:11: note: each undeclared identifier is reported only once for each function it appears in
../src/gyroscope_0.c:74:24: error: 'printAngleY' undeclared (first use in this function); did you mean 'printAngleX'?
           printAngleX, printAngleY, printAngleZ, tempF, dataReady);
                        ^~~~~~~~~~~
                        printAngleX
../src/gyroscope_0.c:74:37: error: 'printAngleZ' undeclared (first use in this function); did you mean 'printAngleY'?
           printAngleX, printAngleY, printAngleZ, tempF, dataReady);
                                     ^~~~~~~~~~~
                                     printAngleY
make: *** [src/subdir.mk:29: src/gyroscope_0.o] Error 1
22:39:44 **** Auto Build of configuration Debug for project gyro_0 ****
make all 
'Building file: ../src/gyroscope_0.c'
'Invoking: MicroBlaze gcc compiler'
mb-gcc -Wall -O0 -g3 -c -fmessage-length=0 -MT"src/gyroscope_0.o" -I../../gyro_0_bsp/microblaze_0/include -mlittle-endian -mcpu=v11.0 -mxl-soft-mul -Wl,--no-relax -ffunction-sections -fdata-sections -MMD -MP -MF"src/gyroscope_0.d" -MT"src/gyroscope_0.o" -o "src/gyroscope_0.o" "../src/gyroscope_0.c"
../src/gyroscope_0.c: In function 'main':
../src/gyroscope_0.c:50:13: warning: implicit declaration of function 'abs' [-Wimplicit-function-declaration]
         if (abs(rawX) > 50) { // Threshold
             ^~~
../src/gyroscope_0.c:70:11: error: 'AngleX' undeclared (first use in this function); did you mean 'angleX'?
           AngleX, AngleY, AngleZ, tempF, dsataReady);
           ^~~~~~
           angleX
../src/gyroscope_0.c:70:11: note: each undeclared identifier is reported only once for each function it appears in
../src/gyroscope_0.c:70:19: error: 'AngleY' undeclared (first use in this function); did you mean 'AngleX'?
           AngleX, AngleY, AngleZ, tempF, dsataReady);
                   ^~~~~~
                   AngleX
../src/gyroscope_0.c:70:27: error: 'AngleZ' undeclared (first use in this function); did you mean 'AngleY'?
           AngleX, AngleY, AngleZ, tempF, dsataReady);
                           ^~~~~~
                           AngleY
../src/gyroscope_0.c:70:42: error: 'dsataReady' undeclared (first use in this function); did you mean 'dataReady'?
           AngleX, AngleY, AngleZ, tempF, dsataReady);
                                          ^~~~~~~~~~
                                          dataReady
../src/gyroscope_0.c:66:19: warning: unused variable 'dataReady' [-Wunused-variable]
         GYRO_bool dataReady = GYRO_Int2Status(&myGyro);
                   ^~~~~~~~~
make: *** [src/subdir.mk:29: src/gyroscope_0.o] Error 1
22:39:55 **** Incremental Build of configuration Debug for project gyro_0 ****
make all 
'Building file: ../src/gyroscope_0.c'
'Invoking: MicroBlaze gcc compiler'
mb-gcc -Wall -O0 -g3 -c -fmessage-length=0 -MT"src/gyroscope_0.o" -I../../gyro_0_bsp/microblaze_0/include -mlittle-endian -mcpu=v11.0 -mxl-soft-mul -Wl,--no-relax -ffunction-sections -fdata-sections -MMD -MP -MF"src/gyroscope_0.d" -MT"src/gyroscope_0.o" -o "src/gyroscope_0.o" "../src/gyroscope_0.c"
../src/gyroscope_0.c: In function 'main':
../src/gyroscope_0.c:50:13: warning: implicit declaration of function 'abs' [-Wimplicit-function-declaration]
         if (abs(rawX) > 50) { // Threshold
             ^~~
../src/gyroscope_0.c:70:11: error: 'AngleX' undeclared (first use in this function); did you mean 'angleX'?
           AngleX, AngleY, AngleZ, tempF, dsataReady);
           ^~~~~~
           angleX
../src/gyroscope_0.c:70:11: note: each undeclared identifier is reported only once for each function it appears in
../src/gyroscope_0.c:70:19: error: 'AngleY' undeclared (first use in this function); did you mean 'AngleX'?
           AngleX, AngleY, AngleZ, tempF, dsataReady);
                   ^~~~~~
                   AngleX
../src/gyroscope_0.c:70:27: error: 'AngleZ' undeclared (first use in this function); did you mean 'AngleY'?
           AngleX, AngleY, AngleZ, tempF, dsataReady);
                           ^~~~~~
                           AngleY
../src/gyroscope_0.c:70:42: error: 'dsataReady' undeclared (first use in this function); did you mean 'dataReady'?
           AngleX, AngleY, AngleZ, tempF, dsataReady);
                                          ^~~~~~~~~~
                                          dataReady
../src/gyroscope_0.c:66:19: warning: unused variable 'dataReady' [-Wunused-variable]
         GYRO_bool dataReady = GYRO_Int2Status(&myGyro);
                   ^~~~~~~~~
make: *** [src/subdir.mk:29: src/gyroscope_0.o] Error 1
22:40:04 **** Auto Build of configuration Debug for project gyro_0 ****
make all 
'Building file: ../src/gyroscope_0.c'
'Invoking: MicroBlaze gcc compiler'
mb-gcc -Wall -O0 -g3 -c -fmessage-length=0 -MT"src/gyroscope_0.o" -I../../gyro_0_bsp/microblaze_0/include -mlittle-endian -mcpu=v11.0 -mxl-soft-mul -Wl,--no-relax -ffunction-sections -fdata-sections -MMD -MP -MF"src/gyroscope_0.d" -MT"src/gyroscope_0.o" -o "src/gyroscope_0.o" "../src/gyroscope_0.c"
../src/gyroscope_0.c: In function 'main':
../src/gyroscope_0.c:50:13: warning: implicit declaration of function 'abs' [-Wimplicit-function-declaration]
         if (abs(rawX) > 50) { // Threshold
             ^~~
../src/gyroscope_0.c:70:11: error: 'AngleX' undeclared (first use in this function); did you mean 'angleX'?
           AngleX, AngleY, AngleZ, tempF, dataReady);
           ^~~~~~
           angleX
../src/gyroscope_0.c:70:11: note: each undeclared identifier is reported only once for each function it appears in
../src/gyroscope_0.c:70:19: error: 'AngleY' undeclared (first use in this function); did you mean 'AngleX'?
           AngleX, AngleY, AngleZ, tempF, dataReady);
                   ^~~~~~
                   AngleX
../src/gyroscope_0.c:70:27: error: 'AngleZ' undeclared (first use in this function); did you mean 'AngleY'?
           AngleX, AngleY, AngleZ, tempF, dataReady);
                           ^~~~~~
                           AngleY
make: *** [src/subdir.mk:29: src/gyroscope_0.o] Error 1
22:40:11 **** Incremental Build of configuration Debug for project gyro_0 ****
make all 
'Building file: ../src/gyroscope_0.c'
'Invoking: MicroBlaze gcc compiler'
mb-gcc -Wall -O0 -g3 -c -fmessage-length=0 -MT"src/gyroscope_0.o" -I../../gyro_0_bsp/microblaze_0/include -mlittle-endian -mcpu=v11.0 -mxl-soft-mul -Wl,--no-relax -ffunction-sections -fdata-sections -MMD -MP -MF"src/gyroscope_0.d" -MT"src/gyroscope_0.o" -o "src/gyroscope_0.o" "../src/gyroscope_0.c"
../src/gyroscope_0.c: In function 'main':
../src/gyroscope_0.c:50:13: warning: implicit declaration of function 'abs' [-Wimplicit-function-declaration]
         if (abs(rawX) > 50) { // Threshold
             ^~~
../src/gyroscope_0.c:70:11: error: 'AngleX' undeclared (first use in this function); did you mean 'angleX'?
           AngleX, AngleY, AngleZ, tempF, dataReady);
           ^~~~~~
           angleX
../src/gyroscope_0.c:70:11: note: each undeclared identifier is reported only once for each function it appears in
../src/gyroscope_0.c:70:19: error: 'AngleY' undeclared (first use in this function); did you mean 'AngleX'?
           AngleX, AngleY, AngleZ, tempF, dataReady);
                   ^~~~~~
                   AngleX
../src/gyroscope_0.c:70:27: error: 'AngleZ' undeclared (first use in this function); did you mean 'AngleY'?
           AngleX, AngleY, AngleZ, tempF, dataReady);
                           ^~~~~~
                           AngleY
make: *** [src/subdir.mk:29: src/gyroscope_0.o] Error 1
22:40:24 **** Auto Build of configuration Debug for project gyro_0 ****
make all 
'Building file: ../src/gyroscope_0.c'
'Invoking: MicroBlaze gcc compiler'
mb-gcc -Wall -O0 -g3 -c -fmessage-length=0 -MT"src/gyroscope_0.o" -I../../gyro_0_bsp/microblaze_0/include -mlittle-endian -mcpu=v11.0 -mxl-soft-mul -Wl,--no-relax -ffunction-sections -fdata-sections -MMD -MP -MF"src/gyroscope_0.d" -MT"src/gyroscope_0.o" -o "src/gyroscope_0.o" "../src/gyroscope_0.c"
../src/gyroscope_0.c: In function 'main':
../src/gyroscope_0.c:50:13: warning: implicit declaration of function 'abs' [-Wimplicit-function-declaration]
         if (abs(rawX) > 50) { // Threshold
             ^~~
'Finished building: ../src/gyroscope_0.c'
' '
'Building target: gyro_0.elf'
'Invoking: MicroBlaze gcc linker'
mb-gcc -Wl,-T -Wl,../src/lscript.ld -L../../gyro_0_bsp/microblaze_0/lib -mlittle-endian -mcpu=v11.0 -mxl-soft-mul -Wl,--no-relax -Wl,--gc-sections -o "gyro_0.elf"  ./src/gyroscope_0.o ./src/helloworld.o ./src/platform.o   -Wl,--start-group,-lxil,-lgcc,-lc,--end-group
'Finished building target: gyro_0.elf'
' '
'Invoking: MicroBlaze Print Size'
mb-size gyro_0.elf  |tee "gyro_0.elf.size"
   text	   data	    bss	    dec	    hex	filename
  24904	    356	   3220	  28480	   6f40	gyro_0.elf
'Finished building: gyro_0.elf.size'
' '
22:40:30 **** Incremental Build of configuration Debug for project gyro_0 ****
make all 
make: Nothing to be done for 'all'.
22:40:53 **** Auto Build of configuration Debug for project gyro_0 ****
make all 
'Building file: ../src/gyroscope_0.c'
'Invoking: MicroBlaze gcc compiler'
mb-gcc -Wall -O0 -g3 -c -fmessage-length=0 -MT"src/gyroscope_0.o" -I../../gyro_0_bsp/microblaze_0/include -mlittle-endian -mcpu=v11.0 -mxl-soft-mul -Wl,--no-relax -ffunction-sections -fdata-sections -MMD -MP -MF"src/gyroscope_0.d" -MT"src/gyroscope_0.o" -o "src/gyroscope_0.o" "../src/gyroscope_0.c"
../src/gyroscope_0.c: In function 'main':
../src/gyroscope_0.c:50:13: warning: implicit declaration of function 'abs' [-Wimplicit-function-declaration]
         if (abs(rawX) > 50) { // Threshold
             ^~~
'Finished building: ../src/gyroscope_0.c'
' '
'Building target: gyro_0.elf'
'Invoking: MicroBlaze gcc linker'
mb-gcc -Wl,-T -Wl,../src/lscript.ld -L../../gyro_0_bsp/microblaze_0/lib -mlittle-endian -mcpu=v11.0 -mxl-soft-mul -Wl,--no-relax -Wl,--gc-sections -o "gyro_0.elf"  ./src/gyroscope_0.o ./src/helloworld.o ./src/platform.o   -Wl,--start-group,-lxil,-lgcc,-lc,--end-group
'Finished building target: gyro_0.elf'
' '
'Invoking: MicroBlaze Print Size'
mb-size gyro_0.elf  |tee "gyro_0.elf.size"
   text	   data	    bss	    dec	    hex	filename
  24968	    356	   3220	  28544	   6f80	gyro_0.elf
'Finished building: gyro_0.elf.size'
' '
22:41:07 **** Incremental Build of configuration Debug for project gyro_0 ****
make all 
make: Nothing to be done for 'all'.
23:14:14 **** Incremental Build of configuration Debug for project gyro_0 ****
make all 
make: Nothing to be done for 'all'.
23:27:20 **** Auto Build of configuration Debug for project gyro_0 ****
make all 
'Building file: ../src/gyroscope_0.c'
'Invoking: MicroBlaze gcc compiler'
mb-gcc -Wall -O0 -g3 -c -fmessage-length=0 -MT"src/gyroscope_0.o" -I../../gyro_0_bsp/microblaze_0/include -mlittle-endian -mcpu=v11.0 -mxl-soft-mul -Wl,--no-relax -ffunction-sections -fdata-sections -MMD -MP -MF"src/gyroscope_0.d" -MT"src/gyroscope_0.o" -o "src/gyroscope_0.o" "../src/gyroscope_0.c"
../src/gyroscope_0.c: In function 'main':
../src/gyroscope_0.c:50:13: warning: implicit declaration of function 'abs' [-Wimplicit-function-declaration]
         if (abs(rawX) > 50) { // Threshold
             ^~~
'Finished building: ../src/gyroscope_0.c'
' '
'Building target: gyro_0.elf'
'Invoking: MicroBlaze gcc linker'
mb-gcc -Wl,-T -Wl,../src/lscript.ld -L../../gyro_0_bsp/microblaze_0/lib -mlittle-endian -mcpu=v11.0 -mxl-soft-mul -Wl,--no-relax -Wl,--gc-sections -o "gyro_0.elf"  ./src/gyroscope_0.o ./src/helloworld.o ./src/platform.o   -Wl,--start-group,-lxil,-lgcc,-lc,--end-group
'Finished building target: gyro_0.elf'
' '
'Invoking: MicroBlaze Print Size'
mb-size gyro_0.elf  |tee "gyro_0.elf.size"
   text	   data	    bss	    dec	    hex	filename
  24968	    356	   3220	  28544	   6f80	gyro_0.elf
'Finished building: gyro_0.elf.size'
' '
23:27:42 **** Incremental Build of configuration Debug for project gyro_0 ****
make all 
make: Nothing to be done for 'all'.
23:28:14 **** Auto Build of configuration Debug for project gyro_0 ****
make all 
'Building file: ../src/gyroscope_0.c'
'Invoking: MicroBlaze gcc compiler'
mb-gcc -Wall -O0 -g3 -c -fmessage-length=0 -MT"src/gyroscope_0.o" -I../../gyro_0_bsp/microblaze_0/include -mlittle-endian -mcpu=v11.0 -mxl-soft-mul -Wl,--no-relax -ffunction-sections -fdata-sections -MMD -MP -MF"src/gyroscope_0.d" -MT"src/gyroscope_0.o" -o "src/gyroscope_0.o" "../src/gyroscope_0.c"
../src/gyroscope_0.c: In function 'main':
../src/gyroscope_0.c:50:13: warning: implicit declaration of function 'abs' [-Wimplicit-function-declaration]
         if (abs(rawX) > 50) { // Threshold
             ^~~
'Finished building: ../src/gyroscope_0.c'
' '
'Building target: gyro_0.elf'
'Invoking: MicroBlaze gcc linker'
mb-gcc -Wl,-T -Wl,../src/lscript.ld -L../../gyro_0_bsp/microblaze_0/lib -mlittle-endian -mcpu=v11.0 -mxl-soft-mul -Wl,--no-relax -Wl,--gc-sections -o "gyro_0.elf"  ./src/gyroscope_0.o ./src/helloworld.o ./src/platform.o   -Wl,--start-group,-lxil,-lgcc,-lc,--end-group
'Finished building target: gyro_0.elf'
' '
'Invoking: MicroBlaze Print Size'
mb-size gyro_0.elf  |tee "gyro_0.elf.size"
   text	   data	    bss	    dec	    hex	filename
  24968	    356	   3220	  28544	   6f80	gyro_0.elf
'Finished building: gyro_0.elf.size'
' '
23:28:20 **** Incremental Build of configuration Debug for project gyro_0 ****
make all 
make: Nothing to be done for 'all'.
23:28:57 **** Incremental Build of configuration Debug for project gyro_0 ****
make all 
'Building file: ../src/gyroscope_0.c'
'Invoking: MicroBlaze gcc compiler'
mb-gcc -Wall -O0 -g3 -c -fmessage-length=0 -MT"src/gyroscope_0.o" -I../../gyro_0_bsp/microblaze_0/include -mlittle-endian -mcpu=v11.0 -mxl-soft-mul -Wl,--no-relax -ffunction-sections -fdata-sections -MMD -MP -MF"src/gyroscope_0.d" -MT"src/gyroscope_0.o" -o "src/gyroscope_0.o" "../src/gyroscope_0.c"
../src/gyroscope_0.c: In function 'main':
../src/gyroscope_0.c:50:13: warning: implicit declaration of function 'abs' [-Wimplicit-function-declaration]
         if (abs(rawX) > 50) { // Threshold
             ^~~
'Finished building: ../src/gyroscope_0.c'
' '
'Building target: gyro_0.elf'
'Invoking: MicroBlaze gcc linker'
mb-gcc -Wl,-T -Wl,../src/lscript.ld -L../../gyro_0_bsp/microblaze_0/lib -mlittle-endian -mcpu=v11.0 -mxl-soft-mul -Wl,--no-relax -Wl,--gc-sections -o "gyro_0.elf"  ./src/gyroscope_0.o ./src/helloworld.o ./src/platform.o   -Wl,--start-group,-lxil,-lgcc,-lc,--end-group
'Finished building target: gyro_0.elf'
' '
'Invoking: MicroBlaze Print Size'
mb-size gyro_0.elf  |tee "gyro_0.elf.size"
   text	   data	    bss	    dec	    hex	filename
  24968	    356	   3220	  28544	   6f80	gyro_0.elf
'Finished building: gyro_0.elf.size'
' '
23:29:24 **** Auto Build of configuration Debug for project gyro_0 ****
make all 
'Building file: ../src/gyroscope_0.c'
'Invoking: MicroBlaze gcc compiler'
mb-gcc -Wall -O0 -g3 -c -fmessage-length=0 -MT"src/gyroscope_0.o" -I../../gyro_0_bsp/microblaze_0/include -mlittle-endian -mcpu=v11.0 -mxl-soft-mul -Wl,--no-relax -ffunction-sections -fdata-sections -MMD -MP -MF"src/gyroscope_0.d" -MT"src/gyroscope_0.o" -o "src/gyroscope_0.o" "../src/gyroscope_0.c"
../src/gyroscope_0.c: In function 'main':
../src/gyroscope_0.c:50:13: warning: implicit declaration of function 'abs' [-Wimplicit-function-declaration]
         if (abs(rawX) > 50) { // Threshold
             ^~~
'Finished building: ../src/gyroscope_0.c'
' '
'Building target: gyro_0.elf'
'Invoking: MicroBlaze gcc linker'
mb-gcc -Wl,-T -Wl,../src/lscript.ld -L../../gyro_0_bsp/microblaze_0/lib -mlittle-endian -mcpu=v11.0 -mxl-soft-mul -Wl,--no-relax -Wl,--gc-sections -o "gyro_0.elf"  ./src/gyroscope_0.o ./src/helloworld.o ./src/platform.o   -Wl,--start-group,-lxil,-lgcc,-lc,--end-group
'Finished building target: gyro_0.elf'
' '
'Invoking: MicroBlaze Print Size'
mb-size gyro_0.elf  |tee "gyro_0.elf.size"
   text	   data	    bss	    dec	    hex	filename
  24968	    356	   3220	  28544	   6f80	gyro_0.elf
'Finished building: gyro_0.elf.size'
' '
23:29:31 **** Incremental Build of configuration Debug for project gyro_0 ****
make all 
make: Nothing to be done for 'all'.
17:04:59 **** Incremental Build of configuration Debug for project gyro_0 ****
make all 
make: Nothing to be done for 'all'.
17:05:14 **** Incremental Build of configuration Debug for project gyro_0 ****
make all 
make: Nothing to be done for 'all'.
17:05:38 **** Incremental Build of configuration Debug for project gyro_0 ****
make all 
make: Nothing to be done for 'all'.
