20:29:14 **** Auto Build of configuration Debug for project gyro_0 ****
make all 
'Building file: ../src/gyroscope_0.c'
'Invoking: MicroBlaze gcc compiler'
mb-gcc -Wall -O0 -g3 -c -fmessage-length=0 -MT"src/gyroscope_0.o" -I../../gyro_0_bsp/microblaze_0/include -mlittle-endian -mcpu=v11.0 -mxl-soft-mul -Wl,--no-relax -ffunction-sections -fdata-sections -MMD -MP -MF"src/gyroscope_0.d" -MT"src/gyroscope_0.o" -o "src/gyroscope_0.o" "../src/gyroscope_0.c"
../src/gyroscope_0.c: In function 'main':
../src/gyroscope_0.c:50:13: warning: implicit declaration of function 'abs' [-Wimplicit-function-declaration]
         if (abs(rawX) > 50) { // Threshold
             ^~~
'Finished building: ../src/gyroscope_0.c'
' '
'Building file: ../src/helloworld.c'
'Invoking: MicroBlaze gcc compiler'
mb-gcc -Wall -O0 -g3 -c -fmessage-length=0 -MT"src/helloworld.o" -I../../gyro_0_bsp/microblaze_0/include -mlittle-endian -mcpu=v11.0 -mxl-soft-mul -Wl,--no-relax -ffunction-sections -fdata-sections -MMD -MP -MF"src/helloworld.d" -MT"src/helloworld.o" -o "src/helloworld.o" "../src/helloworld.c"
'Finished building: ../src/helloworld.c'
' '
'Building file: ../src/platform.c'
'Invoking: MicroBlaze gcc compiler'
mb-gcc -Wall -O0 -g3 -c -fmessage-length=0 -MT"src/platform.o" -I../../gyro_0_bsp/microblaze_0/include -mlittle-endian -mcpu=v11.0 -mxl-soft-mul -Wl,--no-relax -ffunction-sections -fdata-sections -MMD -MP -MF"src/platform.d" -MT"src/platform.o" -o "src/platform.o" "../src/platform.c"
'Finished building: ../src/platform.c'
' '
'Building target: gyro_0.elf'
'Invoking: MicroBlaze gcc linker'
mb-gcc -Wl,-T -Wl,../src/lscript.ld -L../../gyro_0_bsp/microblaze_0/lib -mlittle-endian -mcpu=v11.0 -mxl-soft-mul -Wl,--no-relax -Wl,--gc-sections -o "gyro_0.elf"  ./src/gyroscope_0.o ./src/helloworld.o ./src/platform.o   -Wl,--start-group,-lxil,-lgcc,-lc,--end-group
'Finished building target: gyro_0.elf'
' '
'Invoking: MicroBlaze Print Size'
mb-size gyro_0.elf  |tee "gyro_0.elf.size"
   text	   data	    bss	    dec	    hex	filename
  24968	    356	   3220	  28544	   6f80	gyro_0.elf
'Finished building: gyro_0.elf.size'
' '

20:29:16 Build Finished (took 2s.540ms)

