
*** Running vivado
    with args -log design_1_spatial_audio_top_0_0.vds -m64 -product Vivado -mode batch -messageDb vivado.pb -notrace -source design_1_spatial_audio_top_0_0.tcl


****** Vivado v2018.3 (64-bit)
  **** SW Build 2405991 on Thu Dec  6 23:38:27 MST 2018
  **** IP Build 2404404 on Fri Dec  7 01:43:56 MST 2018
    ** Copyright 1986-2018 Xilinx, Inc. All Rights Reserved.

source design_1_spatial_audio_top_0_0.tcl -notrace
INFO: [IP_Flow 19-234] Refreshing IP repositories
INFO: [IP_Flow 19-1700] Loaded user IP repository 'c:/users/kevin/desktop/school/university_/2t6_w/ece532 digtial system design/ece532_3d_spatial_audio'.
INFO: [IP_Flow 19-2313] Loaded Vivado IP repository 'D:/Xilinx/Vivado/2018.3/data/ip'.
Command: synth_design -top design_1_spatial_audio_top_0_0 -part xc7a100tcsg324-1 -mode out_of_context
Starting synth_design
Attempting to get a license for feature 'Synthesis' and/or device 'xc7a100t'
INFO: [Common 17-349] Got license for feature 'Synthesis' and/or device 'xc7a100t'
INFO: Launching helper process for spawning children vivado processes
INFO: Helper process launched with PID 5268 
---------------------------------------------------------------------------------
Starting RTL Elaboration : Time (s): cpu = 00:00:08 ; elapsed = 00:00:10 . Memory (MB): peak = 497.062 ; gain = 103.492
---------------------------------------------------------------------------------
INFO: [Synth 8-6157] synthesizing module 'design_1_spatial_audio_top_0_0' [d:/Vivado_Projects/ECE532_SpatialAudio/ECE532_SpatialAudio.srcs/sources_1/bd/design_1/ip/design_1_spatial_audio_top_0_0/synth/design_1_spatial_audio_top_0_0.v:58]
INFO: [Synth 8-6157] synthesizing module 'spatial_audio_top' [d:/Vivado_Projects/ECE532_SpatialAudio/ECE532_SpatialAudio.srcs/sources_1/bd/design_1/ipshared/bfba/Src/RTL/spatial_audio_top.v:1]
INFO: [Synth 8-6157] synthesizing module 'clk_wiz_audio' [d:/Vivado_Projects/ECE532_SpatialAudio/ECE532_SpatialAudio.srcs/sources_1/bd/design_1/ip/design_1_spatial_audio_top_0_0/Vivado_WorkDir/spatial_audio.srcs/sources_1/ip/clk_wiz_audio/clk_wiz_audio.v:70]
INFO: [Synth 8-6157] synthesizing module 'clk_wiz_audio_clk_wiz' [d:/Vivado_Projects/ECE532_SpatialAudio/ECE532_SpatialAudio.srcs/sources_1/bd/design_1/ip/design_1_spatial_audio_top_0_0/Vivado_WorkDir/spatial_audio.srcs/sources_1/ip/clk_wiz_audio/clk_wiz_audio_clk_wiz.v:68]
INFO: [Synth 8-6157] synthesizing module 'IBUF' [D:/Xilinx/Vivado/2018.3/scripts/rt/data/unisim_comp.v:20408]
	Parameter CAPACITANCE bound to: DONT_CARE - type: string 
	Parameter IBUF_DELAY_VALUE bound to: 0 - type: string 
	Parameter IBUF_LOW_PWR bound to: TRUE - type: string 
	Parameter IFD_DELAY_VALUE bound to: AUTO - type: string 
	Parameter IOSTANDARD bound to: DEFAULT - type: string 
INFO: [Synth 8-6155] done synthesizing module 'IBUF' (1#1) [D:/Xilinx/Vivado/2018.3/scripts/rt/data/unisim_comp.v:20408]
INFO: [Synth 8-6157] synthesizing module 'MMCME2_ADV' [D:/Xilinx/Vivado/2018.3/scripts/rt/data/unisim_comp.v:26717]
	Parameter BANDWIDTH bound to: OPTIMIZED - type: string 
	Parameter CLKFBOUT_MULT_F bound to: 55.375000 - type: float 
	Parameter CLKFBOUT_PHASE bound to: 0.000000 - type: float 
	Parameter CLKFBOUT_USE_FINE_PS bound to: FALSE - type: string 
	Parameter CLKIN1_PERIOD bound to: 10.000000 - type: float 
	Parameter CLKIN2_PERIOD bound to: 0.000000 - type: float 
	Parameter CLKOUT0_DIVIDE_F bound to: 40.875000 - type: float 
	Parameter CLKOUT0_DUTY_CYCLE bound to: 0.500000 - type: float 
	Parameter CLKOUT0_PHASE bound to: 0.000000 - type: float 
	Parameter CLKOUT0_USE_FINE_PS bound to: FALSE - type: string 
	Parameter CLKOUT1_DIVIDE bound to: 1 - type: integer 
	Parameter CLKOUT1_DUTY_CYCLE bound to: 0.500000 - type: float 
	Parameter CLKOUT1_PHASE bound to: 0.000000 - type: float 
	Parameter CLKOUT1_USE_FINE_PS bound to: FALSE - type: string 
	Parameter CLKOUT2_DIVIDE bound to: 1 - type: integer 
	Parameter CLKOUT2_DUTY_CYCLE bound to: 0.500000 - type: float 
	Parameter CLKOUT2_PHASE bound to: 0.000000 - type: float 
	Parameter CLKOUT2_USE_FINE_PS bound to: FALSE - type: string 
	Parameter CLKOUT3_DIVIDE bound to: 1 - type: integer 
	Parameter CLKOUT3_DUTY_CYCLE bound to: 0.500000 - type: float 
	Parameter CLKOUT3_PHASE bound to: 0.000000 - type: float 
	Parameter CLKOUT3_USE_FINE_PS bound to: FALSE - type: string 
	Parameter CLKOUT4_CASCADE bound to: FALSE - type: string 
	Parameter CLKOUT4_DIVIDE bound to: 1 - type: integer 
	Parameter CLKOUT4_DUTY_CYCLE bound to: 0.500000 - type: float 
	Parameter CLKOUT4_PHASE bound to: 0.000000 - type: float 
	Parameter CLKOUT4_USE_FINE_PS bound to: FALSE - type: string 
	Parameter CLKOUT5_DIVIDE bound to: 1 - type: integer 
	Parameter CLKOUT5_DUTY_CYCLE bound to: 0.500000 - type: float 
	Parameter CLKOUT5_PHASE bound to: 0.000000 - type: float 
	Parameter CLKOUT5_USE_FINE_PS bound to: FALSE - type: string 
	Parameter CLKOUT6_DIVIDE bound to: 1 - type: integer 
	Parameter CLKOUT6_DUTY_CYCLE bound to: 0.500000 - type: float 
	Parameter CLKOUT6_PHASE bound to: 0.000000 - type: float 
	Parameter CLKOUT6_USE_FINE_PS bound to: FALSE - type: string 
	Parameter COMPENSATION bound to: ZHOLD - type: string 
	Parameter DIVCLK_DIVIDE bound to: 6 - type: integer 
	Parameter IS_CLKINSEL_INVERTED bound to: 1'b0 
	Parameter IS_PSEN_INVERTED bound to: 1'b0 
	Parameter IS_PSINCDEC_INVERTED bound to: 1'b0 
	Parameter IS_PWRDWN_INVERTED bound to: 1'b0 
	Parameter IS_RST_INVERTED bound to: 1'b0 
	Parameter REF_JITTER1 bound to: 0.010000 - type: float 
	Parameter REF_JITTER2 bound to: 0.010000 - type: float 
	Parameter SS_EN bound to: FALSE - type: string 
	Parameter SS_MODE bound to: CENTER_HIGH - type: string 
	Parameter SS_MOD_PERIOD bound to: 10000 - type: integer 
	Parameter STARTUP_WAIT bound to: FALSE - type: string 
INFO: [Synth 8-6155] done synthesizing module 'MMCME2_ADV' (2#1) [D:/Xilinx/Vivado/2018.3/scripts/rt/data/unisim_comp.v:26717]
INFO: [Synth 8-6157] synthesizing module 'BUFG' [D:/Xilinx/Vivado/2018.3/scripts/rt/data/unisim_comp.v:609]
INFO: [Synth 8-6155] done synthesizing module 'BUFG' (3#1) [D:/Xilinx/Vivado/2018.3/scripts/rt/data/unisim_comp.v:609]
INFO: [Synth 8-6155] done synthesizing module 'clk_wiz_audio_clk_wiz' (4#1) [d:/Vivado_Projects/ECE532_SpatialAudio/ECE532_SpatialAudio.srcs/sources_1/bd/design_1/ip/design_1_spatial_audio_top_0_0/Vivado_WorkDir/spatial_audio.srcs/sources_1/ip/clk_wiz_audio/clk_wiz_audio_clk_wiz.v:68]
INFO: [Synth 8-6155] done synthesizing module 'clk_wiz_audio' (5#1) [d:/Vivado_Projects/ECE532_SpatialAudio/ECE532_SpatialAudio.srcs/sources_1/bd/design_1/ip/design_1_spatial_audio_top_0_0/Vivado_WorkDir/spatial_audio.srcs/sources_1/ip/clk_wiz_audio/clk_wiz_audio.v:70]
INFO: [Synth 8-6157] synthesizing module 'i2s_controller' [d:/Vivado_Projects/ECE532_SpatialAudio/ECE532_SpatialAudio.srcs/sources_1/bd/design_1/ipshared/bfba/Src/RTL/i2s_controller.v:3]
INFO: [Synth 8-6155] done synthesizing module 'i2s_controller' (6#1) [d:/Vivado_Projects/ECE532_SpatialAudio/ECE532_SpatialAudio.srcs/sources_1/bd/design_1/ipshared/bfba/Src/RTL/i2s_controller.v:3]
INFO: [Synth 8-6157] synthesizing module 'hrtf_address_generator' [d:/Vivado_Projects/ECE532_SpatialAudio/ECE532_SpatialAudio.srcs/sources_1/bd/design_1/ipshared/bfba/Src/RTL/hrtf_address_generator.v:1]
INFO: [Synth 8-6155] done synthesizing module 'hrtf_address_generator' (7#1) [d:/Vivado_Projects/ECE532_SpatialAudio/ECE532_SpatialAudio.srcs/sources_1/bd/design_1/ipshared/bfba/Src/RTL/hrtf_address_generator.v:1]
INFO: [Synth 8-638] synthesizing module 'rom_hrtf_left' [d:/Vivado_Projects/ECE532_SpatialAudio/ECE532_SpatialAudio.srcs/sources_1/bd/design_1/ip/design_1_spatial_audio_top_0_0/Vivado_WorkDir/spatial_audio.srcs/sources_1/ip/rom_hrtf_left/synth/rom_hrtf_left.vhd:67]
	Parameter C_FAMILY bound to: artix7 - type: string 
	Parameter C_XDEVICEFAMILY bound to: artix7 - type: string 
	Parameter C_ELABORATION_DIR bound to: ./ - type: string 
	Parameter C_INTERFACE_TYPE bound to: 0 - type: integer 
	Parameter C_AXI_TYPE bound to: 1 - type: integer 
	Parameter C_AXI_SLAVE_TYPE bound to: 0 - type: integer 
	Parameter C_USE_BRAM_BLOCK bound to: 0 - type: integer 
	Parameter C_ENABLE_32BIT_ADDRESS bound to: 0 - type: integer 
	Parameter C_CTRL_ECC_ALGO bound to: NONE - type: string 
	Parameter C_HAS_AXI_ID bound to: 0 - type: integer 
	Parameter C_AXI_ID_WIDTH bound to: 4 - type: integer 
	Parameter C_MEM_TYPE bound to: 3 - type: integer 
	Parameter C_BYTE_SIZE bound to: 9 - type: integer 
	Parameter C_ALGORITHM bound to: 1 - type: integer 
	Parameter C_PRIM_TYPE bound to: 1 - type: integer 
	Parameter C_LOAD_INIT_FILE bound to: 1 - type: integer 
	Parameter C_INIT_FILE_NAME bound to: rom_hrtf_left.mif - type: string 
	Parameter C_INIT_FILE bound to: rom_hrtf_left.mem - type: string 
	Parameter C_USE_DEFAULT_DATA bound to: 0 - type: integer 
	Parameter C_DEFAULT_DATA bound to: 0 - type: string 
	Parameter C_HAS_RSTA bound to: 0 - type: integer 
	Parameter C_RST_PRIORITY_A bound to: CE - type: string 
	Parameter C_RSTRAM_A bound to: 0 - type: integer 
	Parameter C_INITA_VAL bound to: 0 - type: string 
	Parameter C_HAS_ENA bound to: 0 - type: integer 
	Parameter C_HAS_REGCEA bound to: 0 - type: integer 
	Parameter C_USE_BYTE_WEA bound to: 0 - type: integer 
	Parameter C_WEA_WIDTH bound to: 1 - type: integer 
	Parameter C_WRITE_MODE_A bound to: WRITE_FIRST - type: string 
	Parameter C_WRITE_WIDTH_A bound to: 16 - type: integer 
	Parameter C_READ_WIDTH_A bound to: 16 - type: integer 
	Parameter C_WRITE_DEPTH_A bound to: 9216 - type: integer 
	Parameter C_READ_DEPTH_A bound to: 9216 - type: integer 
	Parameter C_ADDRA_WIDTH bound to: 14 - type: integer 
	Parameter C_HAS_RSTB bound to: 0 - type: integer 
	Parameter C_RST_PRIORITY_B bound to: CE - type: string 
	Parameter C_RSTRAM_B bound to: 0 - type: integer 
	Parameter C_INITB_VAL bound to: 0 - type: string 
	Parameter C_HAS_ENB bound to: 0 - type: integer 
	Parameter C_HAS_REGCEB bound to: 0 - type: integer 
	Parameter C_USE_BYTE_WEB bound to: 0 - type: integer 
	Parameter C_WEB_WIDTH bound to: 1 - type: integer 
	Parameter C_WRITE_MODE_B bound to: WRITE_FIRST - type: string 
	Parameter C_WRITE_WIDTH_B bound to: 16 - type: integer 
	Parameter C_READ_WIDTH_B bound to: 16 - type: integer 
	Parameter C_WRITE_DEPTH_B bound to: 9216 - type: integer 
	Parameter C_READ_DEPTH_B bound to: 9216 - type: integer 
	Parameter C_ADDRB_WIDTH bound to: 14 - type: integer 
	Parameter C_HAS_MEM_OUTPUT_REGS_A bound to: 1 - type: integer 
	Parameter C_HAS_MEM_OUTPUT_REGS_B bound to: 0 - type: integer 
	Parameter C_HAS_MUX_OUTPUT_REGS_A bound to: 0 - type: integer 
	Parameter C_HAS_MUX_OUTPUT_REGS_B bound to: 0 - type: integer 
	Parameter C_MUX_PIPELINE_STAGES bound to: 0 - type: integer 
	Parameter C_HAS_SOFTECC_INPUT_REGS_A bound to: 0 - type: integer 
	Parameter C_HAS_SOFTECC_OUTPUT_REGS_B bound to: 0 - type: integer 
	Parameter C_USE_SOFTECC bound to: 0 - type: integer 
	Parameter C_USE_ECC bound to: 0 - type: integer 
	Parameter C_EN_ECC_PIPE bound to: 0 - type: integer 
	Parameter C_READ_LATENCY_A bound to: 1 - type: integer 
	Parameter C_READ_LATENCY_B bound to: 1 - type: integer 
	Parameter C_HAS_INJECTERR bound to: 0 - type: integer 
	Parameter C_SIM_COLLISION_CHECK bound to: ALL - type: string 
	Parameter C_COMMON_CLK bound to: 0 - type: integer 
	Parameter C_DISABLE_WARN_BHV_COLL bound to: 0 - type: integer 
	Parameter C_EN_SLEEP_PIN bound to: 0 - type: integer 
	Parameter C_USE_URAM bound to: 0 - type: integer 
	Parameter C_EN_RDADDRA_CHG bound to: 0 - type: integer 
	Parameter C_EN_RDADDRB_CHG bound to: 0 - type: integer 
	Parameter C_EN_DEEPSLEEP_PIN bound to: 0 - type: integer 
	Parameter C_EN_SHUTDOWN_PIN bound to: 0 - type: integer 
	Parameter C_EN_SAFETY_CKT bound to: 0 - type: integer 
	Parameter C_DISABLE_WARN_BHV_RANGE bound to: 0 - type: integer 
	Parameter C_COUNT_36K_BRAM bound to: 4 - type: string 
	Parameter C_COUNT_18K_BRAM bound to: 1 - type: string 
	Parameter C_EST_POWER_SUMMARY bound to: Estimated Power for IP     :     4.286356 mW - type: string 
INFO: [Synth 8-3491] module 'blk_mem_gen_v8_4_2' declared at 'd:/Vivado_Projects/ECE532_SpatialAudio/ECE532_SpatialAudio.srcs/sources_1/bd/design_1/ip/design_1_spatial_audio_top_0_0/Vivado_WorkDir/spatial_audio.srcs/sources_1/ip/rom_hrtf_left/hdl/blk_mem_gen_v8_4_vhsyn_rfs.vhd:195321' bound to instance 'U0' of component 'blk_mem_gen_v8_4_2' [d:/Vivado_Projects/ECE532_SpatialAudio/ECE532_SpatialAudio.srcs/sources_1/bd/design_1/ip/design_1_spatial_audio_top_0_0/Vivado_WorkDir/spatial_audio.srcs/sources_1/ip/rom_hrtf_left/synth/rom_hrtf_left.vhd:230]
INFO: [Synth 8-256] done synthesizing module 'rom_hrtf_left' (18#1) [d:/Vivado_Projects/ECE532_SpatialAudio/ECE532_SpatialAudio.srcs/sources_1/bd/design_1/ip/design_1_spatial_audio_top_0_0/Vivado_WorkDir/spatial_audio.srcs/sources_1/ip/rom_hrtf_left/synth/rom_hrtf_left.vhd:67]
INFO: [Synth 8-6157] synthesizing module 'dsp_fir_folded' [d:/Vivado_Projects/ECE532_SpatialAudio/ECE532_SpatialAudio.srcs/sources_1/bd/design_1/ipshared/bfba/Src/RTL/dsp_fir_folded.v:1]
INFO: [Synth 8-6155] done synthesizing module 'dsp_fir_folded' (19#1) [d:/Vivado_Projects/ECE532_SpatialAudio/ECE532_SpatialAudio.srcs/sources_1/bd/design_1/ipshared/bfba/Src/RTL/dsp_fir_folded.v:1]
INFO: [Synth 8-638] synthesizing module 'rom_hrtf_right' [d:/Vivado_Projects/ECE532_SpatialAudio/ECE532_SpatialAudio.srcs/sources_1/bd/design_1/ip/design_1_spatial_audio_top_0_0/Vivado_WorkDir/spatial_audio.srcs/sources_1/ip/rom_hrtf_right/synth/rom_hrtf_right.vhd:67]
	Parameter C_FAMILY bound to: artix7 - type: string 
	Parameter C_XDEVICEFAMILY bound to: artix7 - type: string 
	Parameter C_ELABORATION_DIR bound to: ./ - type: string 
	Parameter C_INTERFACE_TYPE bound to: 0 - type: integer 
	Parameter C_AXI_TYPE bound to: 1 - type: integer 
	Parameter C_AXI_SLAVE_TYPE bound to: 0 - type: integer 
	Parameter C_USE_BRAM_BLOCK bound to: 0 - type: integer 
	Parameter C_ENABLE_32BIT_ADDRESS bound to: 0 - type: integer 
	Parameter C_CTRL_ECC_ALGO bound to: NONE - type: string 
	Parameter C_HAS_AXI_ID bound to: 0 - type: integer 
	Parameter C_AXI_ID_WIDTH bound to: 4 - type: integer 
	Parameter C_MEM_TYPE bound to: 3 - type: integer 
	Parameter C_BYTE_SIZE bound to: 9 - type: integer 
	Parameter C_ALGORITHM bound to: 1 - type: integer 
	Parameter C_PRIM_TYPE bound to: 1 - type: integer 
	Parameter C_LOAD_INIT_FILE bound to: 1 - type: integer 
	Parameter C_INIT_FILE_NAME bound to: rom_hrtf_right.mif - type: string 
	Parameter C_INIT_FILE bound to: rom_hrtf_right.mem - type: string 
	Parameter C_USE_DEFAULT_DATA bound to: 0 - type: integer 
	Parameter C_DEFAULT_DATA bound to: 0 - type: string 
	Parameter C_HAS_RSTA bound to: 0 - type: integer 
	Parameter C_RST_PRIORITY_A bound to: CE - type: string 
	Parameter C_RSTRAM_A bound to: 0 - type: integer 
	Parameter C_INITA_VAL bound to: 0 - type: string 
	Parameter C_HAS_ENA bound to: 0 - type: integer 
	Parameter C_HAS_REGCEA bound to: 0 - type: integer 
	Parameter C_USE_BYTE_WEA bound to: 0 - type: integer 
	Parameter C_WEA_WIDTH bound to: 1 - type: integer 
	Parameter C_WRITE_MODE_A bound to: WRITE_FIRST - type: string 
	Parameter C_WRITE_WIDTH_A bound to: 16 - type: integer 
	Parameter C_READ_WIDTH_A bound to: 16 - type: integer 
	Parameter C_WRITE_DEPTH_A bound to: 9216 - type: integer 
	Parameter C_READ_DEPTH_A bound to: 9216 - type: integer 
	Parameter C_ADDRA_WIDTH bound to: 14 - type: integer 
	Parameter C_HAS_RSTB bound to: 0 - type: integer 
	Parameter C_RST_PRIORITY_B bound to: CE - type: string 
	Parameter C_RSTRAM_B bound to: 0 - type: integer 
	Parameter C_INITB_VAL bound to: 0 - type: string 
	Parameter C_HAS_ENB bound to: 0 - type: integer 
	Parameter C_HAS_REGCEB bound to: 0 - type: integer 
	Parameter C_USE_BYTE_WEB bound to: 0 - type: integer 
	Parameter C_WEB_WIDTH bound to: 1 - type: integer 
	Parameter C_WRITE_MODE_B bound to: WRITE_FIRST - type: string 
	Parameter C_WRITE_WIDTH_B bound to: 16 - type: integer 
	Parameter C_READ_WIDTH_B bound to: 16 - type: integer 
	Parameter C_WRITE_DEPTH_B bound to: 9216 - type: integer 
	Parameter C_READ_DEPTH_B bound to: 9216 - type: integer 
	Parameter C_ADDRB_WIDTH bound to: 14 - type: integer 
	Parameter C_HAS_MEM_OUTPUT_REGS_A bound to: 1 - type: integer 
	Parameter C_HAS_MEM_OUTPUT_REGS_B bound to: 0 - type: integer 
	Parameter C_HAS_MUX_OUTPUT_REGS_A bound to: 0 - type: integer 
	Parameter C_HAS_MUX_OUTPUT_REGS_B bound to: 0 - type: integer 
	Parameter C_MUX_PIPELINE_STAGES bound to: 0 - type: integer 
	Parameter C_HAS_SOFTECC_INPUT_REGS_A bound to: 0 - type: integer 
	Parameter C_HAS_SOFTECC_OUTPUT_REGS_B bound to: 0 - type: integer 
	Parameter C_USE_SOFTECC bound to: 0 - type: integer 
	Parameter C_USE_ECC bound to: 0 - type: integer 
	Parameter C_EN_ECC_PIPE bound to: 0 - type: integer 
	Parameter C_READ_LATENCY_A bound to: 1 - type: integer 
	Parameter C_READ_LATENCY_B bound to: 1 - type: integer 
	Parameter C_HAS_INJECTERR bound to: 0 - type: integer 
	Parameter C_SIM_COLLISION_CHECK bound to: ALL - type: string 
	Parameter C_COMMON_CLK bound to: 0 - type: integer 
	Parameter C_DISABLE_WARN_BHV_COLL bound to: 0 - type: integer 
	Parameter C_EN_SLEEP_PIN bound to: 0 - type: integer 
	Parameter C_USE_URAM bound to: 0 - type: integer 
	Parameter C_EN_RDADDRA_CHG bound to: 0 - type: integer 
	Parameter C_EN_RDADDRB_CHG bound to: 0 - type: integer 
	Parameter C_EN_DEEPSLEEP_PIN bound to: 0 - type: integer 
	Parameter C_EN_SHUTDOWN_PIN bound to: 0 - type: integer 
	Parameter C_EN_SAFETY_CKT bound to: 0 - type: integer 
	Parameter C_DISABLE_WARN_BHV_RANGE bound to: 0 - type: integer 
	Parameter C_COUNT_36K_BRAM bound to: 4 - type: string 
	Parameter C_COUNT_18K_BRAM bound to: 1 - type: string 
	Parameter C_EST_POWER_SUMMARY bound to: Estimated Power for IP     :     4.286356 mW - type: string 
INFO: [Synth 8-3491] module 'blk_mem_gen_v8_4_2' declared at 'd:/Vivado_Projects/ECE532_SpatialAudio/ECE532_SpatialAudio.srcs/sources_1/bd/design_1/ip/design_1_spatial_audio_top_0_0/Vivado_WorkDir/spatial_audio.srcs/sources_1/ip/rom_hrtf_left/hdl/blk_mem_gen_v8_4_vhsyn_rfs.vhd:195321' bound to instance 'U0' of component 'blk_mem_gen_v8_4_2' [d:/Vivado_Projects/ECE532_SpatialAudio/ECE532_SpatialAudio.srcs/sources_1/bd/design_1/ip/design_1_spatial_audio_top_0_0/Vivado_WorkDir/spatial_audio.srcs/sources_1/ip/rom_hrtf_right/synth/rom_hrtf_right.vhd:230]
INFO: [Synth 8-256] done synthesizing module 'rom_hrtf_right' (20#1) [d:/Vivado_Projects/ECE532_SpatialAudio/ECE532_SpatialAudio.srcs/sources_1/bd/design_1/ip/design_1_spatial_audio_top_0_0/Vivado_WorkDir/spatial_audio.srcs/sources_1/ip/rom_hrtf_right/synth/rom_hrtf_right.vhd:67]
INFO: [Synth 8-6155] done synthesizing module 'spatial_audio_top' (21#1) [d:/Vivado_Projects/ECE532_SpatialAudio/ECE532_SpatialAudio.srcs/sources_1/bd/design_1/ipshared/bfba/Src/RTL/spatial_audio_top.v:1]
INFO: [Synth 8-6155] done synthesizing module 'design_1_spatial_audio_top_0_0' (22#1) [d:/Vivado_Projects/ECE532_SpatialAudio/ECE532_SpatialAudio.srcs/sources_1/bd/design_1/ip/design_1_spatial_audio_top_0_0/synth/design_1_spatial_audio_top_0_0.v:58]
WARNING: [Synth 8-3331] design blk_mem_gen_mux__parameterized0 has unconnected port MUX_RST[0]
WARNING: [Synth 8-3331] design blk_mem_gen_mux__parameterized0 has unconnected port MEM_LAT_RST
WARNING: [Synth 8-3331] design blk_mem_gen_mux__parameterized0 has unconnected port MEM_REG_RST
WARNING: [Synth 8-3331] design blk_mem_gen_mux__parameterized0 has unconnected port MUX_REGCE[0]
WARNING: [Synth 8-3331] design blk_mem_gen_mux__parameterized0 has unconnected port MEM_REGCE
WARNING: [Synth 8-3331] design blk_mem_gen_mux__parameterized0 has unconnected port WE
WARNING: [Synth 8-3331] design blk_mem_gen_mux__parameterized0 has unconnected port ADDR_IN[13]
WARNING: [Synth 8-3331] design blk_mem_gen_mux__parameterized0 has unconnected port ADDR_IN[12]
WARNING: [Synth 8-3331] design blk_mem_gen_mux__parameterized0 has unconnected port ADDR_IN[11]
WARNING: [Synth 8-3331] design blk_mem_gen_mux__parameterized0 has unconnected port ADDR_IN[10]
WARNING: [Synth 8-3331] design blk_mem_gen_mux__parameterized0 has unconnected port ADDR_IN[9]
WARNING: [Synth 8-3331] design blk_mem_gen_mux__parameterized0 has unconnected port ADDR_IN[8]
WARNING: [Synth 8-3331] design blk_mem_gen_mux__parameterized0 has unconnected port ADDR_IN[7]
WARNING: [Synth 8-3331] design blk_mem_gen_mux__parameterized0 has unconnected port ADDR_IN[6]
WARNING: [Synth 8-3331] design blk_mem_gen_mux__parameterized0 has unconnected port ADDR_IN[5]
WARNING: [Synth 8-3331] design blk_mem_gen_mux__parameterized0 has unconnected port ADDR_IN[4]
WARNING: [Synth 8-3331] design blk_mem_gen_mux__parameterized0 has unconnected port ADDR_IN[3]
WARNING: [Synth 8-3331] design blk_mem_gen_mux__parameterized0 has unconnected port ADDR_IN[2]
WARNING: [Synth 8-3331] design blk_mem_gen_mux__parameterized0 has unconnected port ADDR_IN[1]
WARNING: [Synth 8-3331] design blk_mem_gen_mux__parameterized0 has unconnected port ADDR_IN[0]
WARNING: [Synth 8-3331] design blk_mem_gen_mux__parameterized0 has unconnected port SBITERRIN[31]
WARNING: [Synth 8-3331] design blk_mem_gen_mux__parameterized0 has unconnected port SBITERRIN[30]
WARNING: [Synth 8-3331] design blk_mem_gen_mux__parameterized0 has unconnected port SBITERRIN[29]
WARNING: [Synth 8-3331] design blk_mem_gen_mux__parameterized0 has unconnected port SBITERRIN[28]
WARNING: [Synth 8-3331] design blk_mem_gen_mux__parameterized0 has unconnected port SBITERRIN[27]
WARNING: [Synth 8-3331] design blk_mem_gen_mux__parameterized0 has unconnected port SBITERRIN[26]
WARNING: [Synth 8-3331] design blk_mem_gen_mux__parameterized0 has unconnected port SBITERRIN[25]
WARNING: [Synth 8-3331] design blk_mem_gen_mux__parameterized0 has unconnected port SBITERRIN[24]
WARNING: [Synth 8-3331] design blk_mem_gen_mux__parameterized0 has unconnected port SBITERRIN[23]
WARNING: [Synth 8-3331] design blk_mem_gen_mux__parameterized0 has unconnected port SBITERRIN[22]
WARNING: [Synth 8-3331] design blk_mem_gen_mux__parameterized0 has unconnected port SBITERRIN[21]
WARNING: [Synth 8-3331] design blk_mem_gen_mux__parameterized0 has unconnected port SBITERRIN[20]
WARNING: [Synth 8-3331] design blk_mem_gen_mux__parameterized0 has unconnected port SBITERRIN[19]
WARNING: [Synth 8-3331] design blk_mem_gen_mux__parameterized0 has unconnected port SBITERRIN[18]
WARNING: [Synth 8-3331] design blk_mem_gen_mux__parameterized0 has unconnected port SBITERRIN[17]
WARNING: [Synth 8-3331] design blk_mem_gen_mux__parameterized0 has unconnected port SBITERRIN[16]
WARNING: [Synth 8-3331] design blk_mem_gen_mux__parameterized0 has unconnected port SBITERRIN[15]
WARNING: [Synth 8-3331] design blk_mem_gen_mux__parameterized0 has unconnected port SBITERRIN[14]
WARNING: [Synth 8-3331] design blk_mem_gen_mux__parameterized0 has unconnected port SBITERRIN[13]
WARNING: [Synth 8-3331] design blk_mem_gen_mux__parameterized0 has unconnected port SBITERRIN[12]
WARNING: [Synth 8-3331] design blk_mem_gen_mux__parameterized0 has unconnected port SBITERRIN[11]
WARNING: [Synth 8-3331] design blk_mem_gen_mux__parameterized0 has unconnected port SBITERRIN[10]
WARNING: [Synth 8-3331] design blk_mem_gen_mux__parameterized0 has unconnected port SBITERRIN[9]
WARNING: [Synth 8-3331] design blk_mem_gen_mux__parameterized0 has unconnected port SBITERRIN[8]
WARNING: [Synth 8-3331] design blk_mem_gen_mux__parameterized0 has unconnected port SBITERRIN[7]
WARNING: [Synth 8-3331] design blk_mem_gen_mux__parameterized0 has unconnected port SBITERRIN[6]
WARNING: [Synth 8-3331] design blk_mem_gen_mux__parameterized0 has unconnected port SBITERRIN[5]
WARNING: [Synth 8-3331] design blk_mem_gen_mux__parameterized0 has unconnected port SBITERRIN[4]
WARNING: [Synth 8-3331] design blk_mem_gen_mux__parameterized0 has unconnected port SBITERRIN[3]
WARNING: [Synth 8-3331] design blk_mem_gen_mux__parameterized0 has unconnected port SBITERRIN[2]
WARNING: [Synth 8-3331] design blk_mem_gen_mux__parameterized0 has unconnected port SBITERRIN[1]
WARNING: [Synth 8-3331] design blk_mem_gen_mux__parameterized0 has unconnected port SBITERRIN[0]
WARNING: [Synth 8-3331] design blk_mem_gen_mux__parameterized0 has unconnected port DBITERRIN[31]
WARNING: [Synth 8-3331] design blk_mem_gen_mux__parameterized0 has unconnected port DBITERRIN[30]
WARNING: [Synth 8-3331] design blk_mem_gen_mux__parameterized0 has unconnected port DBITERRIN[29]
WARNING: [Synth 8-3331] design blk_mem_gen_mux__parameterized0 has unconnected port DBITERRIN[28]
WARNING: [Synth 8-3331] design blk_mem_gen_mux__parameterized0 has unconnected port DBITERRIN[27]
WARNING: [Synth 8-3331] design blk_mem_gen_mux__parameterized0 has unconnected port DBITERRIN[26]
WARNING: [Synth 8-3331] design blk_mem_gen_mux__parameterized0 has unconnected port DBITERRIN[25]
WARNING: [Synth 8-3331] design blk_mem_gen_mux__parameterized0 has unconnected port DBITERRIN[24]
WARNING: [Synth 8-3331] design blk_mem_gen_mux__parameterized0 has unconnected port DBITERRIN[23]
WARNING: [Synth 8-3331] design blk_mem_gen_mux__parameterized0 has unconnected port DBITERRIN[22]
WARNING: [Synth 8-3331] design blk_mem_gen_mux__parameterized0 has unconnected port DBITERRIN[21]
WARNING: [Synth 8-3331] design blk_mem_gen_mux__parameterized0 has unconnected port DBITERRIN[20]
WARNING: [Synth 8-3331] design blk_mem_gen_mux__parameterized0 has unconnected port DBITERRIN[19]
WARNING: [Synth 8-3331] design blk_mem_gen_mux__parameterized0 has unconnected port DBITERRIN[18]
WARNING: [Synth 8-3331] design blk_mem_gen_mux__parameterized0 has unconnected port DBITERRIN[17]
WARNING: [Synth 8-3331] design blk_mem_gen_mux__parameterized0 has unconnected port DBITERRIN[16]
WARNING: [Synth 8-3331] design blk_mem_gen_mux__parameterized0 has unconnected port DBITERRIN[15]
WARNING: [Synth 8-3331] design blk_mem_gen_mux__parameterized0 has unconnected port DBITERRIN[14]
WARNING: [Synth 8-3331] design blk_mem_gen_mux__parameterized0 has unconnected port DBITERRIN[13]
WARNING: [Synth 8-3331] design blk_mem_gen_mux__parameterized0 has unconnected port DBITERRIN[12]
WARNING: [Synth 8-3331] design blk_mem_gen_mux__parameterized0 has unconnected port DBITERRIN[11]
WARNING: [Synth 8-3331] design blk_mem_gen_mux__parameterized0 has unconnected port DBITERRIN[10]
WARNING: [Synth 8-3331] design blk_mem_gen_mux__parameterized0 has unconnected port DBITERRIN[9]
WARNING: [Synth 8-3331] design blk_mem_gen_mux__parameterized0 has unconnected port DBITERRIN[8]
WARNING: [Synth 8-3331] design blk_mem_gen_mux__parameterized0 has unconnected port DBITERRIN[7]
WARNING: [Synth 8-3331] design blk_mem_gen_mux__parameterized0 has unconnected port DBITERRIN[6]
WARNING: [Synth 8-3331] design blk_mem_gen_mux__parameterized0 has unconnected port DBITERRIN[5]
WARNING: [Synth 8-3331] design blk_mem_gen_mux__parameterized0 has unconnected port DBITERRIN[4]
WARNING: [Synth 8-3331] design blk_mem_gen_mux__parameterized0 has unconnected port DBITERRIN[3]
WARNING: [Synth 8-3331] design blk_mem_gen_mux__parameterized0 has unconnected port DBITERRIN[2]
WARNING: [Synth 8-3331] design blk_mem_gen_mux__parameterized0 has unconnected port DBITERRIN[1]
WARNING: [Synth 8-3331] design blk_mem_gen_mux__parameterized0 has unconnected port DBITERRIN[0]
WARNING: [Synth 8-3331] design blk_mem_gen_mux__parameterized0 has unconnected port ECCPIPECE
WARNING: [Synth 8-3331] design blk_mem_gen_mux has unconnected port MUX_RST[0]
WARNING: [Synth 8-3331] design blk_mem_gen_mux has unconnected port MEM_LAT_RST
WARNING: [Synth 8-3331] design blk_mem_gen_mux has unconnected port MUX_REGCE[0]
WARNING: [Synth 8-3331] design blk_mem_gen_mux has unconnected port WE
WARNING: [Synth 8-3331] design blk_mem_gen_mux has unconnected port ADDR_IN[13]
WARNING: [Synth 8-3331] design blk_mem_gen_mux has unconnected port ADDR_IN[12]
WARNING: [Synth 8-3331] design blk_mem_gen_mux has unconnected port ADDR_IN[11]
WARNING: [Synth 8-3331] design blk_mem_gen_mux has unconnected port ADDR_IN[10]
WARNING: [Synth 8-3331] design blk_mem_gen_mux has unconnected port ADDR_IN[9]
WARNING: [Synth 8-3331] design blk_mem_gen_mux has unconnected port ADDR_IN[8]
WARNING: [Synth 8-3331] design blk_mem_gen_mux has unconnected port ADDR_IN[7]
WARNING: [Synth 8-3331] design blk_mem_gen_mux has unconnected port ADDR_IN[6]
WARNING: [Synth 8-3331] design blk_mem_gen_mux has unconnected port ADDR_IN[5]
WARNING: [Synth 8-3331] design blk_mem_gen_mux has unconnected port ADDR_IN[4]
WARNING: [Synth 8-3331] design blk_mem_gen_mux has unconnected port ADDR_IN[3]
INFO: [Common 17-14] Message 'Synth 8-3331' appears 100 times and further instances of the messages will be disabled. Use the Tcl command set_msg_config to change the current settings.
---------------------------------------------------------------------------------
Finished RTL Elaboration : Time (s): cpu = 00:01:49 ; elapsed = 00:01:52 . Memory (MB): peak = 852.625 ; gain = 459.055
---------------------------------------------------------------------------------

Report Check Netlist: 
+------+------------------+-------+---------+-------+------------------+
|      |Item              |Errors |Warnings |Status |Description       |
+------+------------------+-------+---------+-------+------------------+
|1     |multi_driven_nets |      0|        0|Passed |Multi driven nets |
+------+------------------+-------+---------+-------+------------------+
---------------------------------------------------------------------------------
Start Handling Custom Attributes
---------------------------------------------------------------------------------
---------------------------------------------------------------------------------
Finished Handling Custom Attributes : Time (s): cpu = 00:01:49 ; elapsed = 00:01:53 . Memory (MB): peak = 852.625 ; gain = 459.055
---------------------------------------------------------------------------------
---------------------------------------------------------------------------------
Finished RTL Optimization Phase 1 : Time (s): cpu = 00:01:49 ; elapsed = 00:01:53 . Memory (MB): peak = 852.625 ; gain = 459.055
---------------------------------------------------------------------------------
INFO: [Netlist 29-17] Analyzing 11 Unisim elements for replacement
INFO: [Netlist 29-28] Unisim Transformation completed in 0 CPU seconds
INFO: [Device 21-403] Loading part xc7a100tcsg324-1
INFO: [Project 1-570] Preparing netlist for logic optimization

Processing XDC Constraints
Initializing timing engine
Parsing XDC File [d:/Vivado_Projects/ECE532_SpatialAudio/ECE532_SpatialAudio.srcs/sources_1/bd/design_1/ip/design_1_spatial_audio_top_0_0/Src/Constraint/constraints.xdc] for cell 'inst'
CRITICAL WARNING: [Designutils 20-1307] Command 'set_property-dict' is not supported in the xdc constraint file. [d:/Vivado_Projects/ECE532_SpatialAudio/ECE532_SpatialAudio.srcs/sources_1/bd/design_1/ip/design_1_spatial_audio_top_0_0/Src/Constraint/constraints.xdc:21]
CRITICAL WARNING: [Designutils 20-1307] Command 'set_property-dict' is not supported in the xdc constraint file. [d:/Vivado_Projects/ECE532_SpatialAudio/ECE532_SpatialAudio.srcs/sources_1/bd/design_1/ip/design_1_spatial_audio_top_0_0/Src/Constraint/constraints.xdc:22]
Finished Parsing XDC File [d:/Vivado_Projects/ECE532_SpatialAudio/ECE532_SpatialAudio.srcs/sources_1/bd/design_1/ip/design_1_spatial_audio_top_0_0/Src/Constraint/constraints.xdc] for cell 'inst'
INFO: [Project 1-236] Implementation specific constraints were found while reading constraint file [d:/Vivado_Projects/ECE532_SpatialAudio/ECE532_SpatialAudio.srcs/sources_1/bd/design_1/ip/design_1_spatial_audio_top_0_0/Src/Constraint/constraints.xdc]. These constraints will be ignored for synthesis but will be used in implementation. Impacted constraints are listed in the file [.Xil/design_1_spatial_audio_top_0_0_propImpl.xdc].
Resolution: To avoid this warning, move constraints listed in [.Xil/design_1_spatial_audio_top_0_0_propImpl.xdc] to another XDC file and exclude this new file from synthesis with the used_in_synthesis property (File Properties dialog in GUI) and re-run elaboration/synthesis.
Parsing XDC File [d:/Vivado_Projects/ECE532_SpatialAudio/ECE532_SpatialAudio.srcs/sources_1/bd/design_1/ip/design_1_spatial_audio_top_0_0/Vivado_WorkDir/spatial_audio.srcs/sources_1/ip/clk_wiz_audio/clk_wiz_audio_board.xdc] for cell 'inst/clk_gen/inst'
Finished Parsing XDC File [d:/Vivado_Projects/ECE532_SpatialAudio/ECE532_SpatialAudio.srcs/sources_1/bd/design_1/ip/design_1_spatial_audio_top_0_0/Vivado_WorkDir/spatial_audio.srcs/sources_1/ip/clk_wiz_audio/clk_wiz_audio_board.xdc] for cell 'inst/clk_gen/inst'
Parsing XDC File [d:/Vivado_Projects/ECE532_SpatialAudio/ECE532_SpatialAudio.srcs/sources_1/bd/design_1/ip/design_1_spatial_audio_top_0_0/Vivado_WorkDir/spatial_audio.srcs/sources_1/ip/clk_wiz_audio/clk_wiz_audio.xdc] for cell 'inst/clk_gen/inst'
CRITICAL WARNING: [Constraints 18-1056] Clock 'clk_100mhz' completely overrides clock 'sys_clk_pin'.
New: create_clock -period 10.000 [get_ports clk_100mhz], [d:/Vivado_Projects/ECE532_SpatialAudio/ECE532_SpatialAudio.srcs/sources_1/bd/design_1/ip/design_1_spatial_audio_top_0_0/Vivado_WorkDir/spatial_audio.srcs/sources_1/ip/clk_wiz_audio/clk_wiz_audio.xdc:56]
Previous: create_clock -period 10.000 -name sys_clk_pin -waveform {0.000 5.000} -add [get_ports clk_100mhz], [d:/Vivado_Projects/ECE532_SpatialAudio/ECE532_SpatialAudio.srcs/sources_1/bd/design_1/ip/design_1_spatial_audio_top_0_0/Src/Constraint/constraints.xdc:3]
Resolution: Review the constraint files and remove the redundant clock definition(s). If the clock constraints are not saved in a file, you can first save the constraints to an XDC file and reload the design once the constraints have been corrected.
Finished Parsing XDC File [d:/Vivado_Projects/ECE532_SpatialAudio/ECE532_SpatialAudio.srcs/sources_1/bd/design_1/ip/design_1_spatial_audio_top_0_0/Vivado_WorkDir/spatial_audio.srcs/sources_1/ip/clk_wiz_audio/clk_wiz_audio.xdc] for cell 'inst/clk_gen/inst'
INFO: [Project 1-236] Implementation specific constraints were found while reading constraint file [d:/Vivado_Projects/ECE532_SpatialAudio/ECE532_SpatialAudio.srcs/sources_1/bd/design_1/ip/design_1_spatial_audio_top_0_0/Vivado_WorkDir/spatial_audio.srcs/sources_1/ip/clk_wiz_audio/clk_wiz_audio.xdc]. These constraints will be ignored for synthesis but will be used in implementation. Impacted constraints are listed in the file [.Xil/design_1_spatial_audio_top_0_0_propImpl.xdc].
Resolution: To avoid this warning, move constraints listed in [.Xil/design_1_spatial_audio_top_0_0_propImpl.xdc] to another XDC file and exclude this new file from synthesis with the used_in_synthesis property (File Properties dialog in GUI) and re-run elaboration/synthesis.
INFO: [Timing 38-2] Deriving generated clocks
Netlist sorting complete. Time (s): cpu = 00:00:00 ; elapsed = 00:00:00 . Memory (MB): peak = 908.922 ; gain = 0.000
Parsing XDC File [D:/Vivado_Projects/ECE532_SpatialAudio/ECE532_SpatialAudio.runs/design_1_spatial_audio_top_0_0_synth_1/dont_touch.xdc]
Finished Parsing XDC File [D:/Vivado_Projects/ECE532_SpatialAudio/ECE532_SpatialAudio.runs/design_1_spatial_audio_top_0_0_synth_1/dont_touch.xdc]
INFO: [Project 1-236] Implementation specific constraints were found while reading constraint file [D:/Vivado_Projects/ECE532_SpatialAudio/ECE532_SpatialAudio.runs/design_1_spatial_audio_top_0_0_synth_1/dont_touch.xdc]. These constraints will be ignored for synthesis but will be used in implementation. Impacted constraints are listed in the file [.Xil/design_1_spatial_audio_top_0_0_propImpl.xdc].
Resolution: To avoid this warning, move constraints listed in [.Xil/design_1_spatial_audio_top_0_0_propImpl.xdc] to another XDC file and exclude this new file from synthesis with the used_in_synthesis property (File Properties dialog in GUI) and re-run elaboration/synthesis.
Netlist sorting complete. Time (s): cpu = 00:00:00 ; elapsed = 00:00:00 . Memory (MB): peak = 908.922 ; gain = 0.000
Completed Processing XDC Constraints

Netlist sorting complete. Time (s): cpu = 00:00:00 ; elapsed = 00:00:00.001 . Memory (MB): peak = 908.945 ; gain = 0.000
INFO: [Project 1-111] Unisim Transformation Summary:
No Unisim elements were transformed.

Netlist sorting complete. Time (s): cpu = 00:00:00 ; elapsed = 00:00:00 . Memory (MB): peak = 908.945 ; gain = 0.000
Constraint Validation Runtime : Time (s): cpu = 00:00:00 ; elapsed = 00:00:00.108 . Memory (MB): peak = 908.945 ; gain = 0.000
---------------------------------------------------------------------------------
Finished Constraint Validation : Time (s): cpu = 00:01:57 ; elapsed = 00:02:05 . Memory (MB): peak = 908.945 ; gain = 515.375
---------------------------------------------------------------------------------
---------------------------------------------------------------------------------
Start Loading Part and Timing Information
---------------------------------------------------------------------------------
Loading part: xc7a100tcsg324-1
---------------------------------------------------------------------------------
Finished Loading Part and Timing Information : Time (s): cpu = 00:01:57 ; elapsed = 00:02:05 . Memory (MB): peak = 908.945 ; gain = 515.375
---------------------------------------------------------------------------------
---------------------------------------------------------------------------------
Start Applying 'set_property' XDC Constraints
---------------------------------------------------------------------------------
Applied set_property DONT_TOUCH = true for inst/clk_gen/inst. (constraint file  D:/Vivado_Projects/ECE532_SpatialAudio/ECE532_SpatialAudio.runs/design_1_spatial_audio_top_0_0_synth_1/dont_touch.xdc, line 17).
Applied set_property DONT_TOUCH = true for inst. (constraint file  D:/Vivado_Projects/ECE532_SpatialAudio/ECE532_SpatialAudio.runs/design_1_spatial_audio_top_0_0_synth_1/dont_touch.xdc, line 30).
Applied set_property DONT_TOUCH = true for inst/clk_gen. (constraint file  auto generated constraint, line ).
Applied set_property DONT_TOUCH = true for inst/rom_l. (constraint file  auto generated constraint, line ).
Applied set_property DONT_TOUCH = true for inst/rom_r. (constraint file  auto generated constraint, line ).
---------------------------------------------------------------------------------
Finished applying 'set_property' XDC Constraints : Time (s): cpu = 00:01:57 ; elapsed = 00:02:05 . Memory (MB): peak = 908.945 ; gain = 515.375
---------------------------------------------------------------------------------
INFO: [Synth 8-5546] ROM "new_sample_pulse" won't be mapped to RAM because it is too sparse
INFO: [Synth 8-5546] ROM "lrck" won't be mapped to RAM because it is too sparse
INFO: [Synth 8-5546] ROM "lrck" won't be mapped to RAM because it is too sparse
INFO: [Synth 8-5546] ROM "l_data_rx" won't be mapped to RAM because it is too sparse
INFO: [Synth 8-5546] ROM "state" won't be mapped to RAM because it is too sparse
INFO: [Synth 8-5546] ROM "tap_count" won't be mapped to RAM because it is too sparse
---------------------------------------------------------------------------------
Finished RTL Optimization Phase 2 : Time (s): cpu = 00:01:58 ; elapsed = 00:02:06 . Memory (MB): peak = 908.945 ; gain = 515.375
---------------------------------------------------------------------------------

Report RTL Partitions: 
+-+--------------+------------+----------+
| |RTL Partition |Replication |Instances |
+-+--------------+------------+----------+
+-+--------------+------------+----------+
---------------------------------------------------------------------------------
Start RTL Component Statistics 
---------------------------------------------------------------------------------
Detailed RTL Component Info : 
+---Adders : 
	   2 Input      8 Bit       Adders := 1     
	   2 Input      7 Bit       Adders := 6     
	   2 Input      6 Bit       Adders := 1     
	   2 Input      4 Bit       Adders := 1     
+---Registers : 
	               24 Bit    Registers := 8     
	               16 Bit    Registers := 1     
	               14 Bit    Registers := 2     
	                8 Bit    Registers := 1     
	                7 Bit    Registers := 4     
	                6 Bit    Registers := 1     
	                4 Bit    Registers := 6     
	                3 Bit    Registers := 1     
	                1 Bit    Registers := 13    
+---RAMs : 
	               3K Bit         RAMs := 2     
+---Muxes : 
	   2 Input     24 Bit        Muxes := 2     
	   3 Input     16 Bit        Muxes := 1     
	   2 Input      7 Bit        Muxes := 4     
	   2 Input      1 Bit        Muxes := 88    
---------------------------------------------------------------------------------
Finished RTL Component Statistics 
---------------------------------------------------------------------------------
---------------------------------------------------------------------------------
Start RTL Hierarchical Component Statistics 
---------------------------------------------------------------------------------
Hierarchical RTL Component report 
Module i2s_controller 
Detailed RTL Component Info : 
+---Adders : 
	   2 Input      6 Bit       Adders := 1     
	   2 Input      4 Bit       Adders := 1     
+---Registers : 
	               24 Bit    Registers := 4     
	                6 Bit    Registers := 1     
	                3 Bit    Registers := 1     
	                1 Bit    Registers := 6     
+---Muxes : 
	   2 Input     24 Bit        Muxes := 2     
	   2 Input      1 Bit        Muxes := 9     
Module hrtf_address_generator 
Detailed RTL Component Info : 
+---Adders : 
	   2 Input      8 Bit       Adders := 1     
+---Registers : 
	               16 Bit    Registers := 1     
	                8 Bit    Registers := 1     
	                1 Bit    Registers := 3     
+---Muxes : 
	   3 Input     16 Bit        Muxes := 1     
	   2 Input      1 Bit        Muxes := 7     
Module bindec 
Detailed RTL Component Info : 
+---Muxes : 
	   2 Input      1 Bit        Muxes := 16    
Module blk_mem_gen_mux 
Detailed RTL Component Info : 
+---Registers : 
	               14 Bit    Registers := 1     
	                4 Bit    Registers := 2     
+---Muxes : 
	   2 Input      1 Bit        Muxes := 1     
Module blk_mem_gen_mux__parameterized0 
Detailed RTL Component Info : 
+---Registers : 
	                4 Bit    Registers := 1     
Module dsp_fir_folded 
Detailed RTL Component Info : 
+---Adders : 
	   2 Input      7 Bit       Adders := 3     
+---Registers : 
	               24 Bit    Registers := 2     
	                7 Bit    Registers := 2     
	                1 Bit    Registers := 2     
+---RAMs : 
	               3K Bit         RAMs := 1     
+---Muxes : 
	   2 Input      7 Bit        Muxes := 2     
	   2 Input      1 Bit        Muxes := 3     
---------------------------------------------------------------------------------
Finished RTL Hierarchical Component Statistics
---------------------------------------------------------------------------------
---------------------------------------------------------------------------------
Start Part Resource Summary
---------------------------------------------------------------------------------
Part Resources:
DSPs: 240 (col length:80)
BRAMs: 270 (col length: RAMB18 80 RAMB36 40)
---------------------------------------------------------------------------------
Finished Part Resource Summary
---------------------------------------------------------------------------------
---------------------------------------------------------------------------------
Start Cross Boundary and Area Optimization
---------------------------------------------------------------------------------
Warning: Parallel synthesis criteria is not met 
INFO: [Synth 8-5546] ROM "inst_blk_mem_gen/gnbram.gnativebmg.native_blk_mem_gen/valid.cstr/bindec_a.bindec_inst_a/ENOUT" won't be mapped to RAM because it is too sparse
INFO: [Synth 8-5546] ROM "inst_blk_mem_gen/gnbram.gnativebmg.native_blk_mem_gen/valid.cstr/bindec_a.bindec_inst_a/ENOUT" won't be mapped to RAM because it is too sparse
INFO: [Synth 8-5546] ROM "inst_blk_mem_gen/gnbram.gnativebmg.native_blk_mem_gen/valid.cstr/bindec_a.bindec_inst_a/ENOUT" won't be mapped to RAM because it is too sparse
INFO: [Synth 8-5546] ROM "inst_blk_mem_gen/gnbram.gnativebmg.native_blk_mem_gen/valid.cstr/bindec_a.bindec_inst_a/ENOUT" won't be mapped to RAM because it is too sparse
INFO: [Synth 8-5546] ROM "inst_blk_mem_gen/gnbram.gnativebmg.native_blk_mem_gen/valid.cstr/bindec_a.bindec_inst_a/ENOUT" won't be mapped to RAM because it is too sparse
INFO: [Synth 8-5546] ROM "inst_blk_mem_gen/gnbram.gnativebmg.native_blk_mem_gen/valid.cstr/bindec_a.bindec_inst_a/ENOUT" won't be mapped to RAM because it is too sparse
INFO: [Synth 8-5546] ROM "inst_blk_mem_gen/gnbram.gnativebmg.native_blk_mem_gen/valid.cstr/bindec_a.bindec_inst_a/ENOUT" won't be mapped to RAM because it is too sparse
INFO: [Synth 8-5546] ROM "inst_blk_mem_gen/gnbram.gnativebmg.native_blk_mem_gen/valid.cstr/bindec_a.bindec_inst_a/ENOUT" won't be mapped to RAM because it is too sparse
INFO: [Synth 8-5546] ROM "inst_blk_mem_gen/gnbram.gnativebmg.native_blk_mem_gen/valid.cstr/bindec_a.bindec_inst_a/ENOUT" won't be mapped to RAM because it is too sparse
INFO: [Synth 8-5546] ROM "inst_blk_mem_gen/gnbram.gnativebmg.native_blk_mem_gen/valid.cstr/bindec_a.bindec_inst_a/ENOUT" won't be mapped to RAM because it is too sparse
INFO: [Synth 8-5546] ROM "inst_blk_mem_gen/gnbram.gnativebmg.native_blk_mem_gen/valid.cstr/bindec_a.bindec_inst_a/ENOUT" won't be mapped to RAM because it is too sparse
INFO: [Synth 8-5546] ROM "inst_blk_mem_gen/gnbram.gnativebmg.native_blk_mem_gen/valid.cstr/bindec_a.bindec_inst_a/ENOUT" won't be mapped to RAM because it is too sparse
INFO: [Synth 8-5546] ROM "inst_blk_mem_gen/gnbram.gnativebmg.native_blk_mem_gen/valid.cstr/bindec_a.bindec_inst_a/ENOUT" won't be mapped to RAM because it is too sparse
INFO: [Synth 8-5546] ROM "inst_blk_mem_gen/gnbram.gnativebmg.native_blk_mem_gen/valid.cstr/bindec_a.bindec_inst_a/ENOUT" won't be mapped to RAM because it is too sparse
INFO: [Synth 8-5546] ROM "inst_blk_mem_gen/gnbram.gnativebmg.native_blk_mem_gen/valid.cstr/bindec_a.bindec_inst_a/ENOUT" won't be mapped to RAM because it is too sparse
INFO: [Synth 8-5546] ROM "inst_blk_mem_gen/gnbram.gnativebmg.native_blk_mem_gen/valid.cstr/bindec_a.bindec_inst_a/ENOUT" won't be mapped to RAM because it is too sparse
INFO: [Synth 8-5546] ROM "inst_blk_mem_gen/gnbram.gnativebmg.native_blk_mem_gen/valid.cstr/bindec_a.bindec_inst_a/ENOUT" won't be mapped to RAM because it is too sparse
INFO: [Synth 8-5546] ROM "inst_blk_mem_gen/gnbram.gnativebmg.native_blk_mem_gen/valid.cstr/bindec_a.bindec_inst_a/ENOUT" won't be mapped to RAM because it is too sparse
INFO: [Synth 8-5546] ROM "inst_blk_mem_gen/gnbram.gnativebmg.native_blk_mem_gen/valid.cstr/bindec_a.bindec_inst_a/ENOUT" won't be mapped to RAM because it is too sparse
INFO: [Synth 8-5546] ROM "inst_blk_mem_gen/gnbram.gnativebmg.native_blk_mem_gen/valid.cstr/bindec_a.bindec_inst_a/ENOUT" won't be mapped to RAM because it is too sparse
INFO: [Synth 8-5546] ROM "inst_blk_mem_gen/gnbram.gnativebmg.native_blk_mem_gen/valid.cstr/bindec_a.bindec_inst_a/ENOUT" won't be mapped to RAM because it is too sparse
INFO: [Synth 8-5546] ROM "inst_blk_mem_gen/gnbram.gnativebmg.native_blk_mem_gen/valid.cstr/bindec_a.bindec_inst_a/ENOUT" won't be mapped to RAM because it is too sparse
INFO: [Synth 8-5546] ROM "inst_blk_mem_gen/gnbram.gnativebmg.native_blk_mem_gen/valid.cstr/bindec_a.bindec_inst_a/ENOUT" won't be mapped to RAM because it is too sparse
INFO: [Synth 8-5546] ROM "inst_blk_mem_gen/gnbram.gnativebmg.native_blk_mem_gen/valid.cstr/bindec_a.bindec_inst_a/ENOUT" won't be mapped to RAM because it is too sparse
INFO: [Synth 8-5546] ROM "inst_blk_mem_gen/gnbram.gnativebmg.native_blk_mem_gen/valid.cstr/bindec_a.bindec_inst_a/ENOUT" won't be mapped to RAM because it is too sparse
INFO: [Synth 8-5546] ROM "inst_blk_mem_gen/gnbram.gnativebmg.native_blk_mem_gen/valid.cstr/bindec_a.bindec_inst_a/ENOUT" won't be mapped to RAM because it is too sparse
INFO: [Synth 8-5546] ROM "inst_blk_mem_gen/gnbram.gnativebmg.native_blk_mem_gen/valid.cstr/bindec_a.bindec_inst_a/ENOUT" won't be mapped to RAM because it is too sparse
INFO: [Synth 8-5546] ROM "inst_blk_mem_gen/gnbram.gnativebmg.native_blk_mem_gen/valid.cstr/bindec_a.bindec_inst_a/ENOUT" won't be mapped to RAM because it is too sparse
INFO: [Synth 8-5546] ROM "inst_blk_mem_gen/gnbram.gnativebmg.native_blk_mem_gen/valid.cstr/bindec_a.bindec_inst_a/ENOUT" won't be mapped to RAM because it is too sparse
INFO: [Synth 8-5546] ROM "inst_blk_mem_gen/gnbram.gnativebmg.native_blk_mem_gen/valid.cstr/bindec_a.bindec_inst_a/ENOUT" won't be mapped to RAM because it is too sparse
INFO: [Synth 8-5546] ROM "inst_blk_mem_gen/gnbram.gnativebmg.native_blk_mem_gen/valid.cstr/bindec_a.bindec_inst_a/ENOUT" won't be mapped to RAM because it is too sparse
INFO: [Synth 8-5546] ROM "inst_blk_mem_gen/gnbram.gnativebmg.native_blk_mem_gen/valid.cstr/bindec_a.bindec_inst_a/ENOUT" won't be mapped to RAM because it is too sparse
INFO: [Synth 8-5546] ROM "addr_gen/tap_count" won't be mapped to RAM because it is too sparse
INFO: [Synth 8-5546] ROM "addr_gen/state" won't be mapped to RAM because it is too sparse
DSP Report: Generating DSP fir_left/accumulator_reg, operation Mode is: (P+A''*B)'.
DSP Report: register fir_left/pipe_audio_s1_reg is absorbed into DSP fir_left/accumulator_reg.
DSP Report: register fir_left/pipe_audio_s2_reg is absorbed into DSP fir_left/accumulator_reg.
DSP Report: register fir_left/accumulator_reg is absorbed into DSP fir_left/accumulator_reg.
DSP Report: operator fir_left/accumulator0 is absorbed into DSP fir_left/accumulator_reg.
DSP Report: operator fir_left/accumulator1 is absorbed into DSP fir_left/accumulator_reg.
DSP Report: Generating DSP fir_right/accumulator_reg, operation Mode is: (P+A''*B)'.
DSP Report: register fir_right/pipe_audio_s1_reg is absorbed into DSP fir_right/accumulator_reg.
DSP Report: register fir_right/pipe_audio_s2_reg is absorbed into DSP fir_right/accumulator_reg.
DSP Report: register fir_right/accumulator_reg is absorbed into DSP fir_right/accumulator_reg.
DSP Report: operator fir_right/accumulator0 is absorbed into DSP fir_right/accumulator_reg.
DSP Report: operator fir_right/accumulator1 is absorbed into DSP fir_right/accumulator_reg.
---------------------------------------------------------------------------------
Finished Cross Boundary and Area Optimization : Time (s): cpu = 00:01:59 ; elapsed = 00:02:08 . Memory (MB): peak = 908.945 ; gain = 515.375
---------------------------------------------------------------------------------
---------------------------------------------------------------------------------
Start ROM, RAM, DSP and Shift Register Reporting
---------------------------------------------------------------------------------

Distributed RAM: Preliminary Mapping  Report (see note below)
+------------+-----------------------------+-----------+----------------------+---------------+
|Module Name | RTL Object                  | Inference | Size (Depth x Width) | Primitives    | 
+------------+-----------------------------+-----------+----------------------+---------------+
|inst        | fir_left/audio_history_reg  | Implied   | 128 x 24             | RAM64M x 16   | 
|inst        | fir_right/audio_history_reg | Implied   | 128 x 24             | RAM64M x 16   | 
+------------+-----------------------------+-----------+----------------------+---------------+

Note: The table above is a preliminary report that shows the Distributed RAMs at the current stage of the synthesis flow. Some Distributed RAMs may be reimplemented as non Distributed RAM primitives later in the synthesis flow. Multiple instantiated RAMs are reported only once.

DSP: Preliminary Mapping  Report (see note below)
+---------------+-------------+--------+--------+--------+--------+--------+------+------+------+------+-------+------+------+
|Module Name    | DSP Mapping | A Size | B Size | C Size | D Size | P Size | AREG | BREG | CREG | DREG | ADREG | MREG | PREG | 
+---------------+-------------+--------+--------+--------+--------+--------+------+------+------+------+-------+------+------+
|dsp_fir_folded | (P+A''*B)'  | 24     | 16     | -      | -      | 48     | 2    | 0    | -    | -    | -     | 0    | 1    | 
|dsp_fir_folded | (P+A''*B)'  | 24     | 16     | -      | -      | 48     | 2    | 0    | -    | -    | -     | 0    | 1    | 
+---------------+-------------+--------+--------+--------+--------+--------+------+------+------+------+-------+------+------+

Note: The table above is a preliminary report that shows the DSPs inferred at the current stage of the synthesis flow. Some DSP may be reimplemented as non DSP primitives later in the synthesis flow. Multiple instantiated DSPs are reported only once.
---------------------------------------------------------------------------------
Finished ROM, RAM, DSP and Shift Register Reporting
---------------------------------------------------------------------------------

Report RTL Partitions: 
+-+--------------+------------+----------+
| |RTL Partition |Replication |Instances |
+-+--------------+------------+----------+
+-+--------------+------------+----------+
---------------------------------------------------------------------------------
Start Applying XDC Timing Constraints
---------------------------------------------------------------------------------
---------------------------------------------------------------------------------
Finished Applying XDC Timing Constraints : Time (s): cpu = 00:02:17 ; elapsed = 00:02:27 . Memory (MB): peak = 959.238 ; gain = 565.668
---------------------------------------------------------------------------------
---------------------------------------------------------------------------------
Start Timing Optimization
---------------------------------------------------------------------------------
---------------------------------------------------------------------------------
Finished Timing Optimization : Time (s): cpu = 00:02:18 ; elapsed = 00:02:27 . Memory (MB): peak = 960.652 ; gain = 567.082
---------------------------------------------------------------------------------
---------------------------------------------------------------------------------
Start ROM, RAM, DSP and Shift Register Reporting
---------------------------------------------------------------------------------

Distributed RAM: Final Mapping  Report
+------------+-----------------------------+-----------+----------------------+---------------+
|Module Name | RTL Object                  | Inference | Size (Depth x Width) | Primitives    | 
+------------+-----------------------------+-----------+----------------------+---------------+
|inst        | fir_left/audio_history_reg  | Implied   | 128 x 24             | RAM64M x 16   | 
|inst        | fir_right/audio_history_reg | Implied   | 128 x 24             | RAM64M x 16   | 
+------------+-----------------------------+-----------+----------------------+---------------+

---------------------------------------------------------------------------------
Finished ROM, RAM, DSP and Shift Register Reporting
---------------------------------------------------------------------------------

Report RTL Partitions: 
+-+--------------+------------+----------+
| |RTL Partition |Replication |Instances |
+-+--------------+------------+----------+
+-+--------------+------------+----------+
---------------------------------------------------------------------------------
Start Technology Mapping
---------------------------------------------------------------------------------
INFO: [Synth 8-3886] merging instance 'inst/fir_left/read_ptr_reg_rep[0]' (FDRE) to 'inst/fir_left/read_ptr_reg[0]'
INFO: [Synth 8-3886] merging instance 'inst/fir_left/read_ptr_reg_rep[1]' (FDRE) to 'inst/fir_left/read_ptr_reg[1]'
INFO: [Synth 8-3886] merging instance 'inst/fir_left/read_ptr_reg_rep[2]' (FDRE) to 'inst/fir_left/read_ptr_reg[2]'
INFO: [Synth 8-3886] merging instance 'inst/fir_left/read_ptr_reg_rep[3]' (FDRE) to 'inst/fir_left/read_ptr_reg[3]'
INFO: [Synth 8-3886] merging instance 'inst/fir_left/read_ptr_reg_rep[4]' (FDRE) to 'inst/fir_left/read_ptr_reg[4]'
INFO: [Synth 8-3886] merging instance 'inst/fir_left/read_ptr_reg_rep[5]' (FDRE) to 'inst/fir_left/read_ptr_reg[5]'
INFO: [Synth 8-3886] merging instance 'inst/fir_left/read_ptr_reg_rep[6]' (FDRE) to 'inst/fir_left/read_ptr_reg[6]'
INFO: [Synth 8-3886] merging instance 'inst/fir_left/pipe_valid_s1_reg' (FDR) to 'inst/fir_right/pipe_valid_s1_reg'
INFO: [Synth 8-3886] merging instance 'inst/fir_right/read_ptr_reg_rep[0]' (FDRE) to 'inst/fir_right/read_ptr_reg[0]'
INFO: [Synth 8-3886] merging instance 'inst/fir_right/read_ptr_reg_rep[1]' (FDRE) to 'inst/fir_right/read_ptr_reg[1]'
INFO: [Synth 8-3886] merging instance 'inst/fir_right/read_ptr_reg_rep[2]' (FDRE) to 'inst/fir_right/read_ptr_reg[2]'
INFO: [Synth 8-3886] merging instance 'inst/fir_right/read_ptr_reg_rep[3]' (FDRE) to 'inst/fir_right/read_ptr_reg[3]'
INFO: [Synth 8-3886] merging instance 'inst/fir_right/read_ptr_reg_rep[4]' (FDRE) to 'inst/fir_right/read_ptr_reg[4]'
INFO: [Synth 8-3886] merging instance 'inst/fir_right/read_ptr_reg_rep[5]' (FDRE) to 'inst/fir_right/read_ptr_reg[5]'
INFO: [Synth 8-3886] merging instance 'inst/fir_right/read_ptr_reg_rep[6]' (FDRE) to 'inst/fir_right/read_ptr_reg[6]'
INFO: [Synth 8-3886] merging instance 'inst/fir_left/pipe_valid_s2_reg' (FDR) to 'inst/fir_right/pipe_valid_s2_reg'
---------------------------------------------------------------------------------
Finished Technology Mapping : Time (s): cpu = 00:02:18 ; elapsed = 00:02:28 . Memory (MB): peak = 980.824 ; gain = 587.254
---------------------------------------------------------------------------------

Report RTL Partitions: 
+-+--------------+------------+----------+
| |RTL Partition |Replication |Instances |
+-+--------------+------------+----------+
+-+--------------+------------+----------+
---------------------------------------------------------------------------------
Start IO Insertion
---------------------------------------------------------------------------------
---------------------------------------------------------------------------------
Start Flattening Before IO Insertion
---------------------------------------------------------------------------------
---------------------------------------------------------------------------------
Finished Flattening Before IO Insertion
---------------------------------------------------------------------------------
---------------------------------------------------------------------------------
Start Final Netlist Cleanup
---------------------------------------------------------------------------------
---------------------------------------------------------------------------------
Finished Final Netlist Cleanup
---------------------------------------------------------------------------------
---------------------------------------------------------------------------------
Finished IO Insertion : Time (s): cpu = 00:02:19 ; elapsed = 00:02:29 . Memory (MB): peak = 980.824 ; gain = 587.254
---------------------------------------------------------------------------------

Report Check Netlist: 
+------+------------------+-------+---------+-------+------------------+
|      |Item              |Errors |Warnings |Status |Description       |
+------+------------------+-------+---------+-------+------------------+
|1     |multi_driven_nets |      0|        0|Passed |Multi driven nets |
+------+------------------+-------+---------+-------+------------------+
---------------------------------------------------------------------------------
Start Renaming Generated Instances
---------------------------------------------------------------------------------
---------------------------------------------------------------------------------
Finished Renaming Generated Instances : Time (s): cpu = 00:02:19 ; elapsed = 00:02:29 . Memory (MB): peak = 980.824 ; gain = 587.254
---------------------------------------------------------------------------------

Report RTL Partitions: 
+-+--------------+------------+----------+
| |RTL Partition |Replication |Instances |
+-+--------------+------------+----------+
+-+--------------+------------+----------+
---------------------------------------------------------------------------------
Start Rebuilding User Hierarchy
---------------------------------------------------------------------------------
---------------------------------------------------------------------------------
Finished Rebuilding User Hierarchy : Time (s): cpu = 00:02:19 ; elapsed = 00:02:29 . Memory (MB): peak = 980.824 ; gain = 587.254
---------------------------------------------------------------------------------
---------------------------------------------------------------------------------
Start Renaming Generated Ports
---------------------------------------------------------------------------------
---------------------------------------------------------------------------------
Finished Renaming Generated Ports : Time (s): cpu = 00:02:19 ; elapsed = 00:02:29 . Memory (MB): peak = 980.824 ; gain = 587.254
---------------------------------------------------------------------------------
---------------------------------------------------------------------------------
Start Handling Custom Attributes
---------------------------------------------------------------------------------
---------------------------------------------------------------------------------
Finished Handling Custom Attributes : Time (s): cpu = 00:02:19 ; elapsed = 00:02:29 . Memory (MB): peak = 980.824 ; gain = 587.254
---------------------------------------------------------------------------------
---------------------------------------------------------------------------------
Start Renaming Generated Nets
---------------------------------------------------------------------------------
---------------------------------------------------------------------------------
Finished Renaming Generated Nets : Time (s): cpu = 00:02:19 ; elapsed = 00:02:29 . Memory (MB): peak = 980.824 ; gain = 587.254
---------------------------------------------------------------------------------
---------------------------------------------------------------------------------
Start Writing Synthesis Report
---------------------------------------------------------------------------------

Report BlackBoxes: 
+-+--------------+----------+
| |BlackBox name |Instances |
+-+--------------+----------+
+-+--------------+----------+

Report Cell Usage: 
+------+-----------+------+
|      |Cell       |Count |
+------+-----------+------+
|1     |BUFG       |     2|
|2     |CARRY4     |     2|
|3     |DSP48E1    |     2|
|4     |LUT1       |     7|
|5     |LUT2       |    14|
|6     |LUT3       |    70|
|7     |LUT4       |    21|
|8     |LUT5       |    12|
|9     |LUT6       |    70|
|10    |MMCME2_ADV |     1|
|11    |RAM64M     |    32|
|12    |RAMB18E1   |     1|
|13    |RAMB18E1_1 |     1|
|14    |RAMB36E1   |     1|
|15    |RAMB36E1_1 |     1|
|16    |RAMB36E1_2 |     1|
|17    |RAMB36E1_3 |     1|
|18    |RAMB36E1_4 |     1|
|19    |RAMB36E1_5 |     1|
|20    |RAMB36E1_6 |     1|
|21    |RAMB36E1_7 |     1|
|22    |FDRE       |   222|
|23    |IBUF       |     1|
+------+-----------+------+

Report Instance Areas: 
+------+-------------------------------------------------+----------------------------------------------+------+
|      |Instance                                         |Module                                        |Cells |
+------+-------------------------------------------------+----------------------------------------------+------+
|1     |top                                              |                                              |   466|
|2     |  inst                                           |spatial_audio_top                             |   466|
|3     |    clk_gen                                      |clk_wiz_audio                                 |     5|
|4     |      inst                                       |clk_wiz_audio_clk_wiz                         |     5|
|5     |    rom_l                                        |rom_hrtf_left                                 |    33|
|6     |      U0                                         |blk_mem_gen_v8_4_2                            |    33|
|7     |        inst_blk_mem_gen                         |blk_mem_gen_v8_4_2_synth                      |    33|
|8     |          \gnbram.gnativebmg.native_blk_mem_gen  |blk_mem_gen_top                               |    33|
|9     |            \valid.cstr                          |blk_mem_gen_generic_cstr                      |    33|
|10    |              \bindec_a.bindec_inst_a            |bindec_1                                      |     1|
|11    |              \has_mux_a.A                       |blk_mem_gen_mux_2                             |    25|
|12    |              \ramloop[0].ram.r                  |blk_mem_gen_prim_width                        |     1|
|13    |                \prim_init.ram                   |blk_mem_gen_prim_wrapper_init                 |     1|
|14    |              \ramloop[1].ram.r                  |blk_mem_gen_prim_width__parameterized0        |     1|
|15    |                \prim_init.ram                   |blk_mem_gen_prim_wrapper_init__parameterized0 |     1|
|16    |              \ramloop[2].ram.r                  |blk_mem_gen_prim_width__parameterized1        |     1|
|17    |                \prim_init.ram                   |blk_mem_gen_prim_wrapper_init__parameterized1 |     1|
|18    |              \ramloop[3].ram.r                  |blk_mem_gen_prim_width__parameterized2        |     1|
|19    |                \prim_init.ram                   |blk_mem_gen_prim_wrapper_init__parameterized2 |     1|
|20    |              \ramloop[4].ram.r                  |blk_mem_gen_prim_width__parameterized3        |     1|
|21    |                \prim_init.ram                   |blk_mem_gen_prim_wrapper_init__parameterized3 |     1|
|22    |    rom_r                                        |rom_hrtf_right                                |    33|
|23    |      U0                                         |blk_mem_gen_v8_4_2__parameterized1            |    33|
|24    |        inst_blk_mem_gen                         |blk_mem_gen_v8_4_2_synth__parameterized0      |    33|
|25    |          \gnbram.gnativebmg.native_blk_mem_gen  |blk_mem_gen_top__parameterized0               |    33|
|26    |            \valid.cstr                          |blk_mem_gen_generic_cstr__parameterized0      |    33|
|27    |              \bindec_a.bindec_inst_a            |bindec                                        |     1|
|28    |              \has_mux_a.A                       |blk_mem_gen_mux                               |    25|
|29    |              \ramloop[0].ram.r                  |blk_mem_gen_prim_width__parameterized4        |     1|
|30    |                \prim_init.ram                   |blk_mem_gen_prim_wrapper_init__parameterized4 |     1|
|31    |              \ramloop[1].ram.r                  |blk_mem_gen_prim_width__parameterized5        |     1|
|32    |                \prim_init.ram                   |blk_mem_gen_prim_wrapper_init__parameterized5 |     1|
|33    |              \ramloop[2].ram.r                  |blk_mem_gen_prim_width__parameterized6        |     1|
|34    |                \prim_init.ram                   |blk_mem_gen_prim_wrapper_init__parameterized6 |     1|
|35    |              \ramloop[3].ram.r                  |blk_mem_gen_prim_width__parameterized7        |     1|
|36    |                \prim_init.ram                   |blk_mem_gen_prim_wrapper_init__parameterized7 |     1|
|37    |              \ramloop[4].ram.r                  |blk_mem_gen_prim_width__parameterized8        |     1|
|38    |                \prim_init.ram                   |blk_mem_gen_prim_wrapper_init__parameterized8 |     1|
|39    |    addr_gen                                     |hrtf_address_generator                        |    52|
|40    |    fir_left                                     |dsp_fir_folded                                |    96|
|41    |    fir_right                                    |dsp_fir_folded_0                              |    82|
|42    |    i2s                                          |i2s_controller                                |   165|
+------+-------------------------------------------------+----------------------------------------------+------+
---------------------------------------------------------------------------------
Finished Writing Synthesis Report : Time (s): cpu = 00:02:19 ; elapsed = 00:02:29 . Memory (MB): peak = 980.824 ; gain = 587.254
---------------------------------------------------------------------------------
Synthesis finished with 0 errors, 0 critical warnings and 370 warnings.
Synthesis Optimization Runtime : Time (s): cpu = 00:00:24 ; elapsed = 00:02:20 . Memory (MB): peak = 980.824 ; gain = 530.934
Synthesis Optimization Complete : Time (s): cpu = 00:02:19 ; elapsed = 00:02:29 . Memory (MB): peak = 980.824 ; gain = 587.254
INFO: [Project 1-571] Translating synthesized netlist
INFO: [Netlist 29-17] Analyzing 47 Unisim elements for replacement
INFO: [Netlist 29-28] Unisim Transformation completed in 0 CPU seconds
INFO: [Project 1-570] Preparing netlist for logic optimization
INFO: [Opt 31-138] Pushed 0 inverter(s) to 0 load pin(s).
Netlist sorting complete. Time (s): cpu = 00:00:00 ; elapsed = 00:00:00.001 . Memory (MB): peak = 980.824 ; gain = 0.000
INFO: [Project 1-111] Unisim Transformation Summary:
  A total of 32 instances were transformed.
  RAM64M => RAM64M (RAMD64E, RAMD64E, RAMD64E, RAMD64E): 32 instances

INFO: [Common 17-83] Releasing license: Synthesis
103 Infos, 100 Warnings, 3 Critical Warnings and 0 Errors encountered.
synth_design completed successfully
synth_design: Time (s): cpu = 00:02:22 ; elapsed = 00:02:33 . Memory (MB): peak = 980.824 ; gain = 598.766
Netlist sorting complete. Time (s): cpu = 00:00:00 ; elapsed = 00:00:00 . Memory (MB): peak = 980.824 ; gain = 0.000
WARNING: [Constraints 18-5210] No constraints selected for write.
Resolution: This message can indicate that there are no constraints for the design, or it can indicate that the used_in flags are set such that the constraints are ignored. This later case is used when running synth_design to not write synthesis constraints to the resulting checkpoint. Instead, project constraints are read when the synthesized design is opened.
INFO: [Common 17-1381] The checkpoint 'D:/Vivado_Projects/ECE532_SpatialAudio/ECE532_SpatialAudio.runs/design_1_spatial_audio_top_0_0_synth_1/design_1_spatial_audio_top_0_0.dcp' has been generated.
INFO: [Coretcl 2-1648] Added synthesis output to IP cache for IP design_1_spatial_audio_top_0_0, cache-ID = 0447eda720dce909
INFO: [Coretcl 2-1174] Renamed 41 cell refs.
Netlist sorting complete. Time (s): cpu = 00:00:00 ; elapsed = 00:00:00.001 . Memory (MB): peak = 980.824 ; gain = 0.000
WARNING: [Constraints 18-5210] No constraints selected for write.
Resolution: This message can indicate that there are no constraints for the design, or it can indicate that the used_in flags are set such that the constraints are ignored. This later case is used when running synth_design to not write synthesis constraints to the resulting checkpoint. Instead, project constraints are read when the synthesized design is opened.
INFO: [Common 17-1381] The checkpoint 'D:/Vivado_Projects/ECE532_SpatialAudio/ECE532_SpatialAudio.runs/design_1_spatial_audio_top_0_0_synth_1/design_1_spatial_audio_top_0_0.dcp' has been generated.
INFO: [runtcl-4] Executing : report_utilization -file design_1_spatial_audio_top_0_0_utilization_synth.rpt -pb design_1_spatial_audio_top_0_0_utilization_synth.pb
INFO: [Common 17-206] Exiting Vivado at Sun Feb 22 22:58:21 2026...
