#-----------------------------------------------------------
# Vivado v2018.3 (64-bit)
# SW Build 2405991 on Thu Dec  6 23:38:27 MST 2018
# IP Build 2404404 on Fri Dec  7 01:43:56 MST 2018
# Start of session at: Tue Feb 24 17:26:52 2026
# Process ID: 32020
# Current directory: C:/Users/eliza/Documents/1_Local/ECE532_local/ECE532_3D_spatial_audio/Joystick_test/joystick_test
# Command line: vivado.exe -gui_launcher_event rodinguilauncherevent14216 C:\Users\eliza\Documents\1_Local\ECE532_local\ECE532_3D_spatial_audio\Joystick_test\joystick_test\joystick_test.xpr
# Log file: C:/Users/eliza/Documents/1_Local/ECE532_local/ECE532_3D_spatial_audio/Joystick_test/joystick_test/vivado.log
# Journal file: C:/Users/eliza/Documents/1_Local/ECE532_local/ECE532_3D_spatial_audio/Joystick_test/joystick_test\vivado.jou
#-----------------------------------------------------------
start_gui
open_project C:/Users/eliza/Documents/1_Local/ECE532_local/ECE532_3D_spatial_audio/Joystick_test/joystick_test/joystick_test.xpr
update_compile_order -fileset sources_1
