01:28:47 **** Build of project spatial_audio_app_bsp ****
make -k all 
"Running Make include in microblaze_0/libsrc/PmodJSTK2_v1_0/src"
make -C microblaze_0/libsrc/PmodJSTK2_v1_0/src -s include  "SHELL=CMD" "COMPILER=mb-gcc" "ARCHIVER=mb-ar" "COMPILER_FLAGS=  -O2 -c -mcpu=v11.0 -mlittle-endian -mxl-soft-mul" "EXTRA_COMPILER_FLAGS=-ffunction-sections -fdata-sections -Wall -Wextra"
"Running Make include in microblaze_0/libsrc/bram_v4_2/src"
make -C microblaze_0/libsrc/bram_v4_2/src -s include  "SHELL=CMD" "COMPILER=mb-gcc" "ARCHIVER=mb-ar" "COMPILER_FLAGS=  -O2 -c -mcpu=v11.0 -mlittle-endian -mxl-soft-mul" "EXTRA_COMPILER_FLAGS=-ffunction-sections -fdata-sections -Wall -Wextra"
"Running Make include in microblaze_0/libsrc/cpu_v2_8/src"
make -C microblaze_0/libsrc/cpu_v2_8/src -s include  "SHELL=CMD" "COMPILER=mb-gcc" "ARCHIVER=mb-ar" "COMPILER_FLAGS=  -O2 -c -mcpu=v11.0 -mlittle-endian -mxl-soft-mul" "EXTRA_COMPILER_FLAGS=-ffunction-sections -fdata-sections -Wall -Wextra"
"Running Make include in microblaze_0/libsrc/gpio_v4_3/src"
make -C microblaze_0/libsrc/gpio_v4_3/src -s include  "SHELL=CMD" "COMPILER=mb-gcc" "ARCHIVER=mb-ar" "COMPILER_FLAGS=  -O2 -c -mcpu=v11.0 -mlittle-endian -mxl-soft-mul" "EXTRA_COMPILER_FLAGS=-ffunction-sections -fdata-sections -Wall -Wextra"
"Running Make include in microblaze_0/libsrc/intc_v3_8/src"
make -C microblaze_0/libsrc/intc_v3_8/src -s include  "SHELL=CMD" "COMPILER=mb-gcc" "ARCHIVER=mb-ar" "COMPILER_FLAGS=  -O2 -c -mcpu=v11.0 -mlittle-endian -mxl-soft-mul" "EXTRA_COMPILER_FLAGS=-ffunction-sections -fdata-sections -Wall -Wextra"
"Running Make include in microblaze_0/libsrc/standalone_v6_8/src"
make -C microblaze_0/libsrc/standalone_v6_8/src -s include  "SHELL=CMD" "COMPILER=mb-gcc" "ARCHIVER=mb-ar" "COMPILER_FLAGS=  -O2 -c -mcpu=v11.0 -mlittle-endian -mxl-soft-mul" "EXTRA_COMPILER_FLAGS=-ffunction-sections -fdata-sections -Wall -Wextra"
"Running Make include in microblaze_0/libsrc/uartlite_v3_2/src"
make -C microblaze_0/libsrc/uartlite_v3_2/src -s include  "SHELL=CMD" "COMPILER=mb-gcc" "ARCHIVER=mb-ar" "COMPILER_FLAGS=  -O2 -c -mcpu=v11.0 -mlittle-endian -mxl-soft-mul" "EXTRA_COMPILER_FLAGS=-ffunction-sections -fdata-sections -Wall -Wextra"
"Running Make include in microblaze_0/libsrc/PmodGYRO_v1_0/src"
make -C microblaze_0/libsrc/PmodGYRO_v1_0/src -s include  "SHELL=CMD" "COMPILER=mb-gcc" "ARCHIVER=mb-ar" "COMPILER_FLAGS=  -O2 -c -mcpu=v11.0 -mlittle-endian -mxl-soft-mul" "EXTRA_COMPILER_FLAGS=-ffunction-sections -fdata-sections -Wall -Wextra"
"Running Make libs in microblaze_0/libsrc/PmodJSTK2_v1_0/src"
make -C microblaze_0/libsrc/PmodJSTK2_v1_0/src -s libs  "SHELL=CMD" "COMPILER=mb-gcc" "ARCHIVER=mb-ar" "COMPILER_FLAGS=  -O2 -c -mcpu=v11.0 -mlittle-endian -mxl-soft-mul" "EXTRA_COMPILER_FLAGS=-ffunction-sections -fdata-sections -Wall -Wextra"
"Compiling PmodXXXX..."
"Running Make libs in microblaze_0/libsrc/bram_v4_2/src"
make -C microblaze_0/libsrc/bram_v4_2/src -s libs  "SHELL=CMD" "COMPILER=mb-gcc" "ARCHIVER=mb-ar" "COMPILER_FLAGS=  -O2 -c -mcpu=v11.0 -mlittle-endian -mxl-soft-mul" "EXTRA_COMPILER_FLAGS=-ffunction-sections -fdata-sections -Wall -Wextra"
"Compiling bram"
"Running Make libs in microblaze_0/libsrc/cpu_v2_8/src"
make -C microblaze_0/libsrc/cpu_v2_8/src -s libs  "SHELL=CMD" "COMPILER=mb-gcc" "ARCHIVER=mb-ar" "COMPILER_FLAGS=  -O2 -c -mcpu=v11.0 -mlittle-endian -mxl-soft-mul" "EXTRA_COMPILER_FLAGS=-ffunction-sections -fdata-sections -Wall -Wextra"
"Compiling cpu"
"Running Make libs in microblaze_0/libsrc/gpio_v4_3/src"
make -C microblaze_0/libsrc/gpio_v4_3/src -s libs  "SHELL=CMD" "COMPILER=mb-gcc" "ARCHIVER=mb-ar" "COMPILER_FLAGS=  -O2 -c -mcpu=v11.0 -mlittle-endian -mxl-soft-mul" "EXTRA_COMPILER_FLAGS=-ffunction-sections -fdata-sections -Wall -Wextra"
"Compiling gpio"
"Running Make libs in microblaze_0/libsrc/intc_v3_8/src"
make -C microblaze_0/libsrc/intc_v3_8/src -s libs  "SHELL=CMD" "COMPILER=mb-gcc" "ARCHIVER=mb-ar" "COMPILER_FLAGS=  -O2 -c -mcpu=v11.0 -mlittle-endian -mxl-soft-mul" "EXTRA_COMPILER_FLAGS=-ffunction-sections -fdata-sections -Wall -Wextra"
"Compiling intc"
"Running Make libs in microblaze_0/libsrc/standalone_v6_8/src"
make -C microblaze_0/libsrc/standalone_v6_8/src -s libs  "SHELL=CMD" "COMPILER=mb-gcc" "ARCHIVER=mb-ar" "COMPILER_FLAGS=  -O2 -c -mcpu=v11.0 -mlittle-endian -mxl-soft-mul" "EXTRA_COMPILER_FLAGS=-ffunction-sections -fdata-sections -Wall -Wextra"
"Compiling standalone";
microblaze_sleep.c:77:9: note: #pragma message: For the sleep routines, assembly instructions are used
 #pragma message ("For the sleep routines, assembly instructions are used")
         ^~~~~~~
"Running Make libs in microblaze_0/libsrc/uartlite_v3_2/src"
make -C microblaze_0/libsrc/uartlite_v3_2/src -s libs  "SHELL=CMD" "COMPILER=mb-gcc" "ARCHIVER=mb-ar" "COMPILER_FLAGS=  -O2 -c -mcpu=v11.0 -mlittle-endian -mxl-soft-mul" "EXTRA_COMPILER_FLAGS=-ffunction-sections -fdata-sections -Wall -Wextra"
"Compiling uartlite"
"Running Make libs in microblaze_0/libsrc/PmodGYRO_v1_0/src"
make -C microblaze_0/libsrc/PmodGYRO_v1_0/src -s libs  "SHELL=CMD" "COMPILER=mb-gcc" "ARCHIVER=mb-ar" "COMPILER_FLAGS=  -O2 -c -mcpu=v11.0 -mlittle-endian -mxl-soft-mul" "EXTRA_COMPILER_FLAGS=-ffunction-sections -fdata-sections -Wall -Wextra"
"Compiling PmodGYRO..."
'Finished building libraries'
01:28:55 **** Clean-only build of configuration Debug for project spatial_audio_app ****
make clean 
rm -rf  ./src/helloworld.o ./src/platform.o  ./src/helloworld.d ./src/platform.d  spatial_audio_app.elf.size  spatial_audio_app.elf
' '
01:28:55 **** Build of configuration Debug for project spatial_audio_app ****
make all 
'Building file: ../src/helloworld.c'
'Invoking: MicroBlaze gcc compiler'
mb-gcc -Wall -O0 -g3 -c -fmessage-length=0 -MT"src/helloworld.o" -I../../spatial_audio_app_bsp/microblaze_0/include -mlittle-endian -mcpu=v11.0 -mxl-soft-mul -Wl,--no-relax -ffunction-sections -fdata-sections -MMD -MP -MF"src/helloworld.d" -MT"src/helloworld.o" -o "src/helloworld.o" "../src/helloworld.c"
'Finished building: ../src/helloworld.c'
' '
'Building file: ../src/platform.c'
'Invoking: MicroBlaze gcc compiler'
mb-gcc -Wall -O0 -g3 -c -fmessage-length=0 -MT"src/platform.o" -I../../spatial_audio_app_bsp/microblaze_0/include -mlittle-endian -mcpu=v11.0 -mxl-soft-mul -Wl,--no-relax -ffunction-sections -fdata-sections -MMD -MP -MF"src/platform.d" -MT"src/platform.o" -o "src/platform.o" "../src/platform.c"
'Finished building: ../src/platform.c'
' '
'Building target: spatial_audio_app.elf'
'Invoking: MicroBlaze gcc linker'
mb-gcc -Wl,-T -Wl,../src/lscript.ld -L../../spatial_audio_app_bsp/microblaze_0/lib -mlittle-endian -mcpu=v11.0 -mxl-soft-mul -Wl,--no-relax -Wl,--gc-sections -o "spatial_audio_app.elf"  ./src/helloworld.o ./src/platform.o   -Wl,--start-group,-lxil,-lgcc,-lc,--end-group
'Finished building target: spatial_audio_app.elf'
' '
'Invoking: MicroBlaze Print Size'
mb-size spatial_audio_app.elf  |tee "spatial_audio_app.elf.size"
   text	   data	    bss	    dec	    hex	filename
  42824	    412	   3468	  46704	   b670	spatial_audio_app.elf
'Finished building: spatial_audio_app.elf.size'
' '
01:31:17 **** Build of project spatial_audio_v2_bsp ****
make -k all 
"Running Make include in microblaze_0/libsrc/cpu_v2_8/src"
make -C microblaze_0/libsrc/cpu_v2_8/src -s include  "SHELL=CMD" "COMPILER=mb-gcc" "ARCHIVER=mb-ar" "COMPILER_FLAGS=  -O2 -c -mcpu=v11.0 -mlittle-endian -mxl-soft-mul" "EXTRA_COMPILER_FLAGS=-ffunction-sections -fdata-sections -Wall -Wextra"
"Running Make include in microblaze_0/libsrc/standalone_v6_8/src"
make -C microblaze_0/libsrc/standalone_v6_8/src -s include  "SHELL=CMD" "COMPILER=mb-gcc" "ARCHIVER=mb-ar" "COMPILER_FLAGS=  -O2 -c -mcpu=v11.0 -mlittle-endian -mxl-soft-mul" "EXTRA_COMPILER_FLAGS=-ffunction-sections -fdata-sections -Wall -Wextra"
"Running Make include in microblaze_0/libsrc/PmodGYRO_v1_0/src"
make -C microblaze_0/libsrc/PmodGYRO_v1_0/src -s include  "SHELL=CMD" "COMPILER=mb-gcc" "ARCHIVER=mb-ar" "COMPILER_FLAGS=  -O2 -c -mcpu=v11.0 -mlittle-endian -mxl-soft-mul" "EXTRA_COMPILER_FLAGS=-ffunction-sections -fdata-sections -Wall -Wextra"
"Running Make include in microblaze_0/libsrc/PmodJSTK2_v1_0/src"
make -C microblaze_0/libsrc/PmodJSTK2_v1_0/src -s include  "SHELL=CMD" "COMPILER=mb-gcc" "ARCHIVER=mb-ar" "COMPILER_FLAGS=  -O2 -c -mcpu=v11.0 -mlittle-endian -mxl-soft-mul" "EXTRA_COMPILER_FLAGS=-ffunction-sections -fdata-sections -Wall -Wextra"
"Running Make include in microblaze_0/libsrc/bram_v4_2/src"
make -C microblaze_0/libsrc/bram_v4_2/src -s include  "SHELL=CMD" "COMPILER=mb-gcc" "ARCHIVER=mb-ar" "COMPILER_FLAGS=  -O2 -c -mcpu=v11.0 -mlittle-endian -mxl-soft-mul" "EXTRA_COMPILER_FLAGS=-ffunction-sections -fdata-sections -Wall -Wextra"
"Running Make include in microblaze_0/libsrc/gpio_v4_3/src"
make -C microblaze_0/libsrc/gpio_v4_3/src -s include  "SHELL=CMD" "COMPILER=mb-gcc" "ARCHIVER=mb-ar" "COMPILER_FLAGS=  -O2 -c -mcpu=v11.0 -mlittle-endian -mxl-soft-mul" "EXTRA_COMPILER_FLAGS=-ffunction-sections -fdata-sections -Wall -Wextra"
"Running Make include in microblaze_0/libsrc/intc_v3_8/src"
make -C microblaze_0/libsrc/intc_v3_8/src -s include  "SHELL=CMD" "COMPILER=mb-gcc" "ARCHIVER=mb-ar" "COMPILER_FLAGS=  -O2 -c -mcpu=v11.0 -mlittle-endian -mxl-soft-mul" "EXTRA_COMPILER_FLAGS=-ffunction-sections -fdata-sections -Wall -Wextra"
"Running Make include in microblaze_0/libsrc/uartlite_v3_2/src"
make -C microblaze_0/libsrc/uartlite_v3_2/src -s include  "SHELL=CMD" "COMPILER=mb-gcc" "ARCHIVER=mb-ar" "COMPILER_FLAGS=  -O2 -c -mcpu=v11.0 -mlittle-endian -mxl-soft-mul" "EXTRA_COMPILER_FLAGS=-ffunction-sections -fdata-sections -Wall -Wextra"
"Running Make libs in microblaze_0/libsrc/cpu_v2_8/src"
make -C microblaze_0/libsrc/cpu_v2_8/src -s libs  "SHELL=CMD" "COMPILER=mb-gcc" "ARCHIVER=mb-ar" "COMPILER_FLAGS=  -O2 -c -mcpu=v11.0 -mlittle-endian -mxl-soft-mul" "EXTRA_COMPILER_FLAGS=-ffunction-sections -fdata-sections -Wall -Wextra"
"Compiling cpu"
mb-ar: creating ../../../lib/libxil.a
"Running Make libs in microblaze_0/libsrc/standalone_v6_8/src"
make -C microblaze_0/libsrc/standalone_v6_8/src -s libs  "SHELL=CMD" "COMPILER=mb-gcc" "ARCHIVER=mb-ar" "COMPILER_FLAGS=  -O2 -c -mcpu=v11.0 -mlittle-endian -mxl-soft-mul" "EXTRA_COMPILER_FLAGS=-ffunction-sections -fdata-sections -Wall -Wextra"
"Compiling standalone";
microblaze_sleep.c:77:9: note: #pragma message: For the sleep routines, assembly instructions are used
 #pragma message ("For the sleep routines, assembly instructions are used")
         ^~~~~~~
"Running Make libs in microblaze_0/libsrc/PmodGYRO_v1_0/src"
make -C microblaze_0/libsrc/PmodGYRO_v1_0/src -s libs  "SHELL=CMD" "COMPILER=mb-gcc" "ARCHIVER=mb-ar" "COMPILER_FLAGS=  -O2 -c -mcpu=v11.0 -mlittle-endian -mxl-soft-mul" "EXTRA_COMPILER_FLAGS=-ffunction-sections -fdata-sections -Wall -Wextra"
"Compiling PmodGYRO..."
"Running Make libs in microblaze_0/libsrc/PmodJSTK2_v1_0/src"
make -C microblaze_0/libsrc/PmodJSTK2_v1_0/src -s libs  "SHELL=CMD" "COMPILER=mb-gcc" "ARCHIVER=mb-ar" "COMPILER_FLAGS=  -O2 -c -mcpu=v11.0 -mlittle-endian -mxl-soft-mul" "EXTRA_COMPILER_FLAGS=-ffunction-sections -fdata-sections -Wall -Wextra"
"Compiling PmodXXXX..."
"Running Make libs in microblaze_0/libsrc/bram_v4_2/src"
make -C microblaze_0/libsrc/bram_v4_2/src -s libs  "SHELL=CMD" "COMPILER=mb-gcc" "ARCHIVER=mb-ar" "COMPILER_FLAGS=  -O2 -c -mcpu=v11.0 -mlittle-endian -mxl-soft-mul" "EXTRA_COMPILER_FLAGS=-ffunction-sections -fdata-sections -Wall -Wextra"
"Compiling bram"
"Running Make libs in microblaze_0/libsrc/gpio_v4_3/src"
make -C microblaze_0/libsrc/gpio_v4_3/src -s libs  "SHELL=CMD" "COMPILER=mb-gcc" "ARCHIVER=mb-ar" "COMPILER_FLAGS=  -O2 -c -mcpu=v11.0 -mlittle-endian -mxl-soft-mul" "EXTRA_COMPILER_FLAGS=-ffunction-sections -fdata-sections -Wall -Wextra"
"Compiling gpio"
"Running Make libs in microblaze_0/libsrc/intc_v3_8/src"
make -C microblaze_0/libsrc/intc_v3_8/src -s libs  "SHELL=CMD" "COMPILER=mb-gcc" "ARCHIVER=mb-ar" "COMPILER_FLAGS=  -O2 -c -mcpu=v11.0 -mlittle-endian -mxl-soft-mul" "EXTRA_COMPILER_FLAGS=-ffunction-sections -fdata-sections -Wall -Wextra"
"Compiling intc"
"Running Make libs in microblaze_0/libsrc/uartlite_v3_2/src"
make -C microblaze_0/libsrc/uartlite_v3_2/src -s libs  "SHELL=CMD" "COMPILER=mb-gcc" "ARCHIVER=mb-ar" "COMPILER_FLAGS=  -O2 -c -mcpu=v11.0 -mlittle-endian -mxl-soft-mul" "EXTRA_COMPILER_FLAGS=-ffunction-sections -fdata-sections -Wall -Wextra"
"Compiling uartlite"
'Finished building libraries'
01:31:24 **** Build of configuration Debug for project spatial_audio_v2 ****
make all 
'Building file: ../src/helloworld.c'
'Invoking: MicroBlaze gcc compiler'
mb-gcc -Wall -O0 -g3 -c -fmessage-length=0 -MT"src/helloworld.o" -I../../spatial_audio_v2_bsp/microblaze_0/include -mlittle-endian -mcpu=v11.0 -mxl-soft-mul -Wl,--no-relax -ffunction-sections -fdata-sections -MMD -MP -MF"src/helloworld.d" -MT"src/helloworld.o" -o "src/helloworld.o" "../src/helloworld.c"
'Finished building: ../src/helloworld.c'
' '
'Building file: ../src/platform.c'
'Invoking: MicroBlaze gcc compiler'
mb-gcc -Wall -O0 -g3 -c -fmessage-length=0 -MT"src/platform.o" -I../../spatial_audio_v2_bsp/microblaze_0/include -mlittle-endian -mcpu=v11.0 -mxl-soft-mul -Wl,--no-relax -ffunction-sections -fdata-sections -MMD -MP -MF"src/platform.d" -MT"src/platform.o" -o "src/platform.o" "../src/platform.c"
'Finished building: ../src/platform.c'
' '
'Building target: spatial_audio_v2.elf'
'Invoking: MicroBlaze gcc linker'
mb-gcc -Wl,-T -Wl,../src/lscript.ld -L../../spatial_audio_v2_bsp/microblaze_0/lib -mlittle-endian -mcpu=v11.0 -mxl-soft-mul -Wl,--no-relax -Wl,--gc-sections -o "spatial_audio_v2.elf"  ./src/helloworld.o ./src/platform.o   -Wl,--start-group,-lxil,-lgcc,-lc,--end-group
'Finished building target: spatial_audio_v2.elf'
' '
'Invoking: MicroBlaze Print Size'
mb-size spatial_audio_v2.elf  |tee "spatial_audio_v2.elf.size"
   text	   data	    bss	    dec	    hex	filename
   3132	    312	   3108	   6552	   1998	spatial_audio_v2.elf
'Finished building: spatial_audio_v2.elf.size'
' '
01:31:27 **** Auto Build of configuration Debug for project spatial_audio_v2 ****
make all 
make: Nothing to be done for 'all'.
01:31:55 **** Auto Build of configuration Debug for project spatial_audio_v2 ****
make all 
'Building file: ../src/helloworld.c'
'Invoking: MicroBlaze gcc compiler'
mb-gcc -Wall -O0 -g3 -c -fmessage-length=0 -MT"src/helloworld.o" -I../../spatial_audio_v2_bsp/microblaze_0/include -mlittle-endian -mcpu=v11.0 -mxl-soft-mul -Wl,--no-relax -ffunction-sections -fdata-sections -MMD -MP -MF"src/helloworld.d" -MT"src/helloworld.o" -o "src/helloworld.o" "../src/helloworld.c"
'Finished building: ../src/helloworld.c'
' '
'Building target: spatial_audio_v2.elf'
'Invoking: MicroBlaze gcc linker'
mb-gcc -Wl,-T -Wl,../src/lscript.ld -L../../spatial_audio_v2_bsp/microblaze_0/lib -mlittle-endian -mcpu=v11.0 -mxl-soft-mul -Wl,--no-relax -Wl,--gc-sections -o "spatial_audio_v2.elf"  ./src/helloworld.o ./src/platform.o   -Wl,--start-group,-lxil,-lgcc,-lc,--end-group
'Finished building target: spatial_audio_v2.elf'
' '
'Invoking: MicroBlaze Print Size'
mb-size spatial_audio_v2.elf  |tee "spatial_audio_v2.elf.size"
   text	   data	    bss	    dec	    hex	filename
  42856	    428	   3468	  46752	   b6a0	spatial_audio_v2.elf
'Finished building: spatial_audio_v2.elf.size'
' '
01:35:43 **** Auto Build of configuration Debug for project spatial_audio_v2 ****
make all 
'Building file: ../src/helloworld.c'
'Invoking: MicroBlaze gcc compiler'
mb-gcc -Wall -O0 -g3 -c -fmessage-length=0 -MT"src/helloworld.o" -I../../spatial_audio_v2_bsp/microblaze_0/include -mlittle-endian -mcpu=v11.0 -mxl-soft-mul -Wl,--no-relax -ffunction-sections -fdata-sections -MMD -MP -MF"src/helloworld.d" -MT"src/helloworld.o" -o "src/helloworld.o" "../src/helloworld.c"
../src/helloworld.c: In function 'main':
../src/helloworld.c:112:11: warning: missing terminating " character
     print("HW CONTROLS: SW0 (Up
           ^
../src/helloworld.c:112:11: error: missing terminating " character
     print("HW CONTROLS: SW0 (Up
           ^~~~~~~~~~~~~~~~~~~~~
../src/helloworld.c:112:5: error: expected expression at end of input
     print("HW CONTROLS: SW0 (Up
     ^~~~~
../src/helloworld.c:112:5: error: expected declaration or statement at end of input
make: *** [src/subdir.mk:26: src/helloworld.o] Error 1
01:35:57 **** Auto Build of configuration Debug for project spatial_audio_v2 ****
make all 
'Building file: ../src/helloworld.c'
'Invoking: MicroBlaze gcc compiler'
mb-gcc -Wall -O0 -g3 -c -fmessage-length=0 -MT"src/helloworld.o" -I../../spatial_audio_v2_bsp/microblaze_0/include -mlittle-endian -mcpu=v11.0 -mxl-soft-mul -Wl,--no-relax -ffunction-sections -fdata-sections -MMD -MP -MF"src/helloworld.d" -MT"src/helloworld.o" -o "src/helloworld.o" "../src/helloworld.c"
'Finished building: ../src/helloworld.c'
' '
'Building target: spatial_audio_v2.elf'
'Invoking: MicroBlaze gcc linker'
mb-gcc -Wl,-T -Wl,../src/lscript.ld -L../../spatial_audio_v2_bsp/microblaze_0/lib -mlittle-endian -mcpu=v11.0 -mxl-soft-mul -Wl,--no-relax -Wl,--gc-sections -o "spatial_audio_v2.elf"  ./src/helloworld.o ./src/platform.o   -Wl,--start-group,-lxil,-lgcc,-lc,--end-group
'Finished building target: spatial_audio_v2.elf'
' '
'Invoking: MicroBlaze Print Size'
mb-size spatial_audio_v2.elf  |tee "spatial_audio_v2.elf.size"
   text	   data	    bss	    dec	    hex	filename
  43664	    428	   3484	  47576	   b9d8	spatial_audio_v2.elf
'Finished building: spatial_audio_v2.elf.size'
' '
01:41:17 **** Auto Build of configuration Debug for project spatial_audio_v2 ****
make all 
'Building file: ../src/helloworld.c'
'Invoking: MicroBlaze gcc compiler'
mb-gcc -Wall -O0 -g3 -c -fmessage-length=0 -MT"src/helloworld.o" -I../../spatial_audio_v2_bsp/microblaze_0/include -mlittle-endian -mcpu=v11.0 -mxl-soft-mul -Wl,--no-relax -ffunction-sections -fdata-sections -MMD -MP -MF"src/helloworld.d" -MT"src/helloworld.o" -o "src/helloworld.o" "../src/helloworld.c"
'Finished building: ../src/helloworld.c'
' '
'Building target: spatial_audio_v2.elf'
'Invoking: MicroBlaze gcc linker'
mb-gcc -Wl,-T -Wl,../src/lscript.ld -L../../spatial_audio_v2_bsp/microblaze_0/lib -mlittle-endian -mcpu=v11.0 -mxl-soft-mul -Wl,--no-relax -Wl,--gc-sections -o "spatial_audio_v2.elf"  ./src/helloworld.o ./src/platform.o   -Wl,--start-group,-lxil,-lgcc,-lc,--end-group
'Finished building target: spatial_audio_v2.elf'
' '
'Invoking: MicroBlaze Print Size'
mb-size spatial_audio_v2.elf  |tee "spatial_audio_v2.elf.size"
   text	   data	    bss	    dec	    hex	filename
   7248	    384	   3128	  10760	   2a08	spatial_audio_v2.elf
'Finished building: spatial_audio_v2.elf.size'
' '
01:41:27 **** Incremental Build of configuration Debug for project spatial_audio_v2 ****
make all 
make: Nothing to be done for 'all'.
01:43:19 **** Auto Build of configuration Debug for project spatial_audio_v2 ****
make all 
'Building file: ../src/helloworld.c'
'Invoking: MicroBlaze gcc compiler'
mb-gcc -Wall -O0 -g3 -c -fmessage-length=0 -MT"src/helloworld.o" -I../../spatial_audio_v2_bsp/microblaze_0/include -mlittle-endian -mcpu=v11.0 -mxl-soft-mul -Wl,--no-relax -ffunction-sections -fdata-sections -MMD -MP -MF"src/helloworld.d" -MT"src/helloworld.o" -o "src/helloworld.o" "../src/helloworld.c"
'Finished building: ../src/helloworld.c'
' '
'Building target: spatial_audio_v2.elf'
'Invoking: MicroBlaze gcc linker'
mb-gcc -Wl,-T -Wl,../src/lscript.ld -L../../spatial_audio_v2_bsp/microblaze_0/lib -mlittle-endian -mcpu=v11.0 -mxl-soft-mul -Wl,--no-relax -Wl,--gc-sections -o "spatial_audio_v2.elf"  ./src/helloworld.o ./src/platform.o   -Wl,--start-group,-lxil,-lgcc,-lc,--end-group
'Finished building target: spatial_audio_v2.elf'
' '
'Invoking: MicroBlaze Print Size'
mb-size spatial_audio_v2.elf  |tee "spatial_audio_v2.elf.size"
   text	   data	    bss	    dec	    hex	filename
   7248	    384	   3128	  10760	   2a08	spatial_audio_v2.elf
'Finished building: spatial_audio_v2.elf.size'
' '
01:43:26 **** Incremental Build of configuration Debug for project spatial_audio_v2 ****
make all 
make: Nothing to be done for 'all'.
01:43:47 **** Auto Build of configuration Debug for project spatial_audio_v2 ****
make all 
'Building file: ../src/helloworld.c'
'Invoking: MicroBlaze gcc compiler'
mb-gcc -Wall -O0 -g3 -c -fmessage-length=0 -MT"src/helloworld.o" -I../../spatial_audio_v2_bsp/microblaze_0/include -mlittle-endian -mcpu=v11.0 -mxl-soft-mul -Wl,--no-relax -ffunction-sections -fdata-sections -MMD -MP -MF"src/helloworld.d" -MT"src/helloworld.o" -o "src/helloworld.o" "../src/helloworld.c"
'Finished building: ../src/helloworld.c'
' '
'Building target: spatial_audio_v2.elf'
'Invoking: MicroBlaze gcc linker'
mb-gcc -Wl,-T -Wl,../src/lscript.ld -L../../spatial_audio_v2_bsp/microblaze_0/lib -mlittle-endian -mcpu=v11.0 -mxl-soft-mul -Wl,--no-relax -Wl,--gc-sections -o "spatial_audio_v2.elf"  ./src/helloworld.o ./src/platform.o   -Wl,--start-group,-lxil,-lgcc,-lc,--end-group
'Finished building target: spatial_audio_v2.elf'
' '
'Invoking: MicroBlaze Print Size'
mb-size spatial_audio_v2.elf  |tee "spatial_audio_v2.elf.size"
   text	   data	    bss	    dec	    hex	filename
   7060	    368	   3132	  10560	   2940	spatial_audio_v2.elf
'Finished building: spatial_audio_v2.elf.size'
' '
01:44:03 **** Incremental Build of configuration Debug for project spatial_audio_v2 ****
make all 
make: Nothing to be done for 'all'.
02:06:10 **** Auto Build of configuration Debug for project spatial_audio_v2 ****
make all 
'Building file: ../src/helloworld.c'
'Invoking: MicroBlaze gcc compiler'
mb-gcc -Wall -O0 -g3 -c -fmessage-length=0 -MT"src/helloworld.o" -I../../spatial_audio_v2_bsp/microblaze_0/include -mlittle-endian -mcpu=v11.0 -mxl-soft-mul -Wl,--no-relax -ffunction-sections -fdata-sections -MMD -MP -MF"src/helloworld.d" -MT"src/helloworld.o" -o "src/helloworld.o" "../src/helloworld.c"
'Finished building: ../src/helloworld.c'
' '
'Building target: spatial_audio_v2.elf'
'Invoking: MicroBlaze gcc linker'
mb-gcc -Wl,-T -Wl,../src/lscript.ld -L../../spatial_audio_v2_bsp/microblaze_0/lib -mlittle-endian -mcpu=v11.0 -mxl-soft-mul -Wl,--no-relax -Wl,--gc-sections -o "spatial_audio_v2.elf"  ./src/helloworld.o ./src/platform.o   -Wl,--start-group,-lxil,-lgcc,-lc,--end-group
'Finished building target: spatial_audio_v2.elf'
' '
'Invoking: MicroBlaze Print Size'
mb-size spatial_audio_v2.elf  |tee "spatial_audio_v2.elf.size"
   text	   data	    bss	    dec	    hex	filename
   7316	    384	   3132	  10832	   2a50	spatial_audio_v2.elf
'Finished building: spatial_audio_v2.elf.size'
' '
02:06:23 **** Incremental Build of configuration Debug for project spatial_audio_v2 ****
make all 
make: Nothing to be done for 'all'.
02:09:36 **** Auto Build of configuration Debug for project spatial_audio_v2 ****
make all 
'Building file: ../src/helloworld.c'
'Invoking: MicroBlaze gcc compiler'
mb-gcc -Wall -O0 -g3 -c -fmessage-length=0 -MT"src/helloworld.o" -I../../spatial_audio_v2_bsp/microblaze_0/include -mlittle-endian -mcpu=v11.0 -mxl-soft-mul -Wl,--no-relax -ffunction-sections -fdata-sections -MMD -MP -MF"src/helloworld.d" -MT"src/helloworld.o" -o "src/helloworld.o" "../src/helloworld.c"
'Finished building: ../src/helloworld.c'
' '
'Building target: spatial_audio_v2.elf'
'Invoking: MicroBlaze gcc linker'
mb-gcc -Wl,-T -Wl,../src/lscript.ld -L../../spatial_audio_v2_bsp/microblaze_0/lib -mlittle-endian -mcpu=v11.0 -mxl-soft-mul -Wl,--no-relax -Wl,--gc-sections -o "spatial_audio_v2.elf"  ./src/helloworld.o ./src/platform.o   -Wl,--start-group,-lxil,-lgcc,-lc,--end-group
'Finished building target: spatial_audio_v2.elf'
' '
'Invoking: MicroBlaze Print Size'
mb-size spatial_audio_v2.elf  |tee "spatial_audio_v2.elf.size"
   text	   data	    bss	    dec	    hex	filename
   7276	    384	   3132	  10792	   2a28	spatial_audio_v2.elf
'Finished building: spatial_audio_v2.elf.size'
' '
02:09:42 **** Incremental Build of configuration Debug for project spatial_audio_v2 ****
make all 
make: Nothing to be done for 'all'.
02:10:08 **** Auto Build of configuration Debug for project spatial_audio_v2 ****
make all 
'Building file: ../src/helloworld.c'
'Invoking: MicroBlaze gcc compiler'
mb-gcc -Wall -O0 -g3 -c -fmessage-length=0 -MT"src/helloworld.o" -I../../spatial_audio_v2_bsp/microblaze_0/include -mlittle-endian -mcpu=v11.0 -mxl-soft-mul -Wl,--no-relax -ffunction-sections -fdata-sections -MMD -MP -MF"src/helloworld.d" -MT"src/helloworld.o" -o "src/helloworld.o" "../src/helloworld.c"
'Finished building: ../src/helloworld.c'
' '
'Building target: spatial_audio_v2.elf'
'Invoking: MicroBlaze gcc linker'
mb-gcc -Wl,-T -Wl,../src/lscript.ld -L../../spatial_audio_v2_bsp/microblaze_0/lib -mlittle-endian -mcpu=v11.0 -mxl-soft-mul -Wl,--no-relax -Wl,--gc-sections -o "spatial_audio_v2.elf"  ./src/helloworld.o ./src/platform.o   -Wl,--start-group,-lxil,-lgcc,-lc,--end-group
'Finished building target: spatial_audio_v2.elf'
' '
'Invoking: MicroBlaze Print Size'
mb-size spatial_audio_v2.elf  |tee "spatial_audio_v2.elf.size"
   text	   data	    bss	    dec	    hex	filename
   7276	    384	   3132	  10792	   2a28	spatial_audio_v2.elf
'Finished building: spatial_audio_v2.elf.size'
' '
02:10:12 **** Incremental Build of configuration Debug for project spatial_audio_v2 ****
make all 
make: Nothing to be done for 'all'.
02:13:21 **** Auto Build of configuration Debug for project spatial_audio_v2 ****
make all 
'Building file: ../src/helloworld.c'
'Invoking: MicroBlaze gcc compiler'
mb-gcc -Wall -O0 -g3 -c -fmessage-length=0 -MT"src/helloworld.o" -I../../spatial_audio_v2_bsp/microblaze_0/include -mlittle-endian -mcpu=v11.0 -mxl-soft-mul -Wl,--no-relax -ffunction-sections -fdata-sections -MMD -MP -MF"src/helloworld.d" -MT"src/helloworld.o" -o "src/helloworld.o" "../src/helloworld.c"
'Finished building: ../src/helloworld.c'
' '
'Building target: spatial_audio_v2.elf'
'Invoking: MicroBlaze gcc linker'
mb-gcc -Wl,-T -Wl,../src/lscript.ld -L../../spatial_audio_v2_bsp/microblaze_0/lib -mlittle-endian -mcpu=v11.0 -mxl-soft-mul -Wl,--no-relax -Wl,--gc-sections -o "spatial_audio_v2.elf"  ./src/helloworld.o ./src/platform.o   -Wl,--start-group,-lxil,-lgcc,-lc,--end-group
'Finished building target: spatial_audio_v2.elf'
' '
'Invoking: MicroBlaze Print Size'
mb-size spatial_audio_v2.elf  |tee "spatial_audio_v2.elf.size"
   text	   data	    bss	    dec	    hex	filename
   7264	    368	   3128	  10760	   2a08	spatial_audio_v2.elf
'Finished building: spatial_audio_v2.elf.size'
' '
02:13:26 **** Incremental Build of configuration Debug for project spatial_audio_v2 ****
make all 
make: Nothing to be done for 'all'.
02:14:24 **** Incremental Build of configuration Debug for project spatial_audio_v2 ****
make all 
make: Nothing to be done for 'all'.
02:39:41 **** Clean-only build of project spatial_audio_app_bsp ****
make -k clean 
make -C microblaze_0/libsrc/cpu_v2_8/src -s clean 
make -C microblaze_0/libsrc/standalone_v6_8/src -s clean 
make -C microblaze_0/libsrc/PmodGYRO_v1_0/src -s clean 
rm: lstat¡®*.o¡¯Ê§°Ü: Invalid argument
make[1]: *** [Makefile:26: clean] Error 1
make -C microblaze_0/libsrc/PmodJSTK2_v1_0/src -s clean 
make: *** [Makefile:33: microblaze_0/libsrc/PmodGYRO_v1_0/src/make.clean] Error 2
rm: lstat¡®*.o¡¯Ê§°Ü: Invalid argument
make[1]: *** [Makefile:26: clean] Error 1
make -C microblaze_0/libsrc/bram_v4_2/src -s clean 
make: *** [Makefile:33: microblaze_0/libsrc/PmodJSTK2_v1_0/src/make.clean] Error 2
make -C microblaze_0/libsrc/gpio_v4_3/src -s clean 
make -C microblaze_0/libsrc/intc_v3_8/src -s clean 
make -C microblaze_0/libsrc/uartlite_v3_2/src -s clean 
make: Target 'clean' not remade because of errors.
02:39:42 **** Clean-only build of project spatial_audio_v2_bsp ****
make -k clean 
make -C microblaze_0/libsrc/cpu_v2_8/src -s clean 
make -C microblaze_0/libsrc/standalone_v6_8/src -s clean 
make -C microblaze_0/libsrc/PmodGYRO_v1_0/src -s clean 
rm: lstat¡®*.o¡¯Ê§°Ü: Invalid argument
make[1]: *** [Makefile:26: clean] Error 1
make -C microblaze_0/libsrc/PmodJSTK2_v1_0/src -s clean 
make: *** [Makefile:33: microblaze_0/libsrc/PmodGYRO_v1_0/src/make.clean] Error 2
rm: lstat¡®*.o¡¯Ê§°Ü: Invalid argument
make[1]: *** [Makefile:26: clean] Error 1
make: *** [Makefile:33: microblaze_0/libsrc/PmodJSTK2_v1_0/src/make.clean] Error 2
make -C microblaze_0/libsrc/bram_v4_2/src -s clean 
make -C microblaze_0/libsrc/gpio_v4_3/src -s clean 
make -C microblaze_0/libsrc/intc_v3_8/src -s clean 
make -C microblaze_0/libsrc/uartlite_v3_2/src -s clean 
make: Target 'clean' not remade because of errors.
02:39:43 **** Clean-only build of configuration Debug for project spatial_audio_app ****
make clean 
rm -rf  ./src/helloworld.o ./src/platform.o  ./src/helloworld.d ./src/platform.d  spatial_audio_app.elf.size  spatial_audio_app.elf
' '
02:39:43 **** Clean-only build of configuration Debug for project spatial_audio_v2 ****
make clean 
rm -rf  ./src/helloworld.o ./src/platform.o  ./src/helloworld.d ./src/platform.d  spatial_audio_v2.elf.size  spatial_audio_v2.elf
' '
02:39:43 **** Build of project spatial_audio_app_bsp ****
make -k all 
"Running Make include in microblaze_0/libsrc/cpu_v2_8/src"
make -C microblaze_0/libsrc/cpu_v2_8/src -s include  "SHELL=CMD" "COMPILER=mb-gcc" "ARCHIVER=mb-ar" "COMPILER_FLAGS=  -O2 -c -mcpu=v11.0 -mlittle-endian -mxl-soft-mul" "EXTRA_COMPILER_FLAGS=-ffunction-sections -fdata-sections -Wall -Wextra"
"Running Make include in microblaze_0/libsrc/standalone_v6_8/src"
make -C microblaze_0/libsrc/standalone_v6_8/src -s include  "SHELL=CMD" "COMPILER=mb-gcc" "ARCHIVER=mb-ar" "COMPILER_FLAGS=  -O2 -c -mcpu=v11.0 -mlittle-endian -mxl-soft-mul" "EXTRA_COMPILER_FLAGS=-ffunction-sections -fdata-sections -Wall -Wextra"
"Running Make include in microblaze_0/libsrc/PmodGYRO_v1_0/src"
make -C microblaze_0/libsrc/PmodGYRO_v1_0/src -s include  "SHELL=CMD" "COMPILER=mb-gcc" "ARCHIVER=mb-ar" "COMPILER_FLAGS=  -O2 -c -mcpu=v11.0 -mlittle-endian -mxl-soft-mul" "EXTRA_COMPILER_FLAGS=-ffunction-sections -fdata-sections -Wall -Wextra"
"Running Make include in microblaze_0/libsrc/PmodJSTK2_v1_0/src"
make -C microblaze_0/libsrc/PmodJSTK2_v1_0/src -s include  "SHELL=CMD" "COMPILER=mb-gcc" "ARCHIVER=mb-ar" "COMPILER_FLAGS=  -O2 -c -mcpu=v11.0 -mlittle-endian -mxl-soft-mul" "EXTRA_COMPILER_FLAGS=-ffunction-sections -fdata-sections -Wall -Wextra"
"Running Make include in microblaze_0/libsrc/bram_v4_2/src"
make -C microblaze_0/libsrc/bram_v4_2/src -s include  "SHELL=CMD" "COMPILER=mb-gcc" "ARCHIVER=mb-ar" "COMPILER_FLAGS=  -O2 -c -mcpu=v11.0 -mlittle-endian -mxl-soft-mul" "EXTRA_COMPILER_FLAGS=-ffunction-sections -fdata-sections -Wall -Wextra"
"Running Make include in microblaze_0/libsrc/gpio_v4_3/src"
make -C microblaze_0/libsrc/gpio_v4_3/src -s include  "SHELL=CMD" "COMPILER=mb-gcc" "ARCHIVER=mb-ar" "COMPILER_FLAGS=  -O2 -c -mcpu=v11.0 -mlittle-endian -mxl-soft-mul" "EXTRA_COMPILER_FLAGS=-ffunction-sections -fdata-sections -Wall -Wextra"
"Running Make include in microblaze_0/libsrc/intc_v3_8/src"
make -C microblaze_0/libsrc/intc_v3_8/src -s include  "SHELL=CMD" "COMPILER=mb-gcc" "ARCHIVER=mb-ar" "COMPILER_FLAGS=  -O2 -c -mcpu=v11.0 -mlittle-endian -mxl-soft-mul" "EXTRA_COMPILER_FLAGS=-ffunction-sections -fdata-sections -Wall -Wextra"
"Running Make include in microblaze_0/libsrc/uartlite_v3_2/src"
make -C microblaze_0/libsrc/uartlite_v3_2/src -s include  "SHELL=CMD" "COMPILER=mb-gcc" "ARCHIVER=mb-ar" "COMPILER_FLAGS=  -O2 -c -mcpu=v11.0 -mlittle-endian -mxl-soft-mul" "EXTRA_COMPILER_FLAGS=-ffunction-sections -fdata-sections -Wall -Wextra"
"Running Make libs in microblaze_0/libsrc/cpu_v2_8/src"
make -C microblaze_0/libsrc/cpu_v2_8/src -s libs  "SHELL=CMD" "COMPILER=mb-gcc" "ARCHIVER=mb-ar" "COMPILER_FLAGS=  -O2 -c -mcpu=v11.0 -mlittle-endian -mxl-soft-mul" "EXTRA_COMPILER_FLAGS=-ffunction-sections -fdata-sections -Wall -Wextra"
"Compiling cpu"
mb-ar: creating ../../../lib/libxil.a
"Running Make libs in microblaze_0/libsrc/standalone_v6_8/src"
make -C microblaze_0/libsrc/standalone_v6_8/src -s libs  "SHELL=CMD" "COMPILER=mb-gcc" "ARCHIVER=mb-ar" "COMPILER_FLAGS=  -O2 -c -mcpu=v11.0 -mlittle-endian -mxl-soft-mul" "EXTRA_COMPILER_FLAGS=-ffunction-sections -fdata-sections -Wall -Wextra"
"Compiling standalone";
microblaze_sleep.c:77:9: note: #pragma message: For the sleep routines, assembly instructions are used
 #pragma message ("For the sleep routines, assembly instructions are used")
         ^~~~~~~
"Running Make libs in microblaze_0/libsrc/PmodGYRO_v1_0/src"
make -C microblaze_0/libsrc/PmodGYRO_v1_0/src -s libs  "SHELL=CMD" "COMPILER=mb-gcc" "ARCHIVER=mb-ar" "COMPILER_FLAGS=  -O2 -c -mcpu=v11.0 -mlittle-endian -mxl-soft-mul" "EXTRA_COMPILER_FLAGS=-ffunction-sections -fdata-sections -Wall -Wextra"
"Compiling PmodGYRO..."
"Running Make libs in microblaze_0/libsrc/PmodJSTK2_v1_0/src"
make -C microblaze_0/libsrc/PmodJSTK2_v1_0/src -s libs  "SHELL=CMD" "COMPILER=mb-gcc" "ARCHIVER=mb-ar" "COMPILER_FLAGS=  -O2 -c -mcpu=v11.0 -mlittle-endian -mxl-soft-mul" "EXTRA_COMPILER_FLAGS=-ffunction-sections -fdata-sections -Wall -Wextra"
"Compiling PmodXXXX..."
"Running Make libs in microblaze_0/libsrc/bram_v4_2/src"
make -C microblaze_0/libsrc/bram_v4_2/src -s libs  "SHELL=CMD" "COMPILER=mb-gcc" "ARCHIVER=mb-ar" "COMPILER_FLAGS=  -O2 -c -mcpu=v11.0 -mlittle-endian -mxl-soft-mul" "EXTRA_COMPILER_FLAGS=-ffunction-sections -fdata-sections -Wall -Wextra"
"Compiling bram"
"Running Make libs in microblaze_0/libsrc/gpio_v4_3/src"
make -C microblaze_0/libsrc/gpio_v4_3/src -s libs  "SHELL=CMD" "COMPILER=mb-gcc" "ARCHIVER=mb-ar" "COMPILER_FLAGS=  -O2 -c -mcpu=v11.0 -mlittle-endian -mxl-soft-mul" "EXTRA_COMPILER_FLAGS=-ffunction-sections -fdata-sections -Wall -Wextra"
"Compiling gpio"
"Running Make libs in microblaze_0/libsrc/intc_v3_8/src"
make -C microblaze_0/libsrc/intc_v3_8/src -s libs  "SHELL=CMD" "COMPILER=mb-gcc" "ARCHIVER=mb-ar" "COMPILER_FLAGS=  -O2 -c -mcpu=v11.0 -mlittle-endian -mxl-soft-mul" "EXTRA_COMPILER_FLAGS=-ffunction-sections -fdata-sections -Wall -Wextra"
"Compiling intc"
"Running Make libs in microblaze_0/libsrc/uartlite_v3_2/src"
make -C microblaze_0/libsrc/uartlite_v3_2/src -s libs  "SHELL=CMD" "COMPILER=mb-gcc" "ARCHIVER=mb-ar" "COMPILER_FLAGS=  -O2 -c -mcpu=v11.0 -mlittle-endian -mxl-soft-mul" "EXTRA_COMPILER_FLAGS=-ffunction-sections -fdata-sections -Wall -Wextra"
"Compiling uartlite"
'Finished building libraries'
02:39:56 **** Build of configuration Debug for project spatial_audio_app ****
make all 
'Building file: ../src/helloworld.c'
'Invoking: MicroBlaze gcc compiler'
mb-gcc -Wall -O0 -g3 -c -fmessage-length=0 -MT"src/helloworld.o" -I../../spatial_audio_app_bsp/microblaze_0/include -mlittle-endian -mcpu=v11.0 -mxl-soft-mul -Wl,--no-relax -ffunction-sections -fdata-sections -MMD -MP -MF"src/helloworld.d" -MT"src/helloworld.o" -o "src/helloworld.o" "../src/helloworld.c"
'Finished building: ../src/helloworld.c'
' '
'Building file: ../src/platform.c'
'Invoking: MicroBlaze gcc compiler'
mb-gcc -Wall -O0 -g3 -c -fmessage-length=0 -MT"src/platform.o" -I../../spatial_audio_app_bsp/microblaze_0/include -mlittle-endian -mcpu=v11.0 -mxl-soft-mul -Wl,--no-relax -ffunction-sections -fdata-sections -MMD -MP -MF"src/platform.d" -MT"src/platform.o" -o "src/platform.o" "../src/platform.c"
'Finished building: ../src/platform.c'
' '
'Building target: spatial_audio_app.elf'
'Invoking: MicroBlaze gcc linker'
mb-gcc -Wl,-T -Wl,../src/lscript.ld -L../../spatial_audio_app_bsp/microblaze_0/lib -mlittle-endian -mcpu=v11.0 -mxl-soft-mul -Wl,--no-relax -Wl,--gc-sections -o "spatial_audio_app.elf"  ./src/helloworld.o ./src/platform.o   -Wl,--start-group,-lxil,-lgcc,-lc,--end-group
'Finished building target: spatial_audio_app.elf'
' '
'Invoking: MicroBlaze Print Size'
mb-size spatial_audio_app.elf  |tee "spatial_audio_app.elf.size"
   text	   data	    bss	    dec	    hex	filename
  42856	    428	   3468	  46752	   b6a0	spatial_audio_app.elf
'Finished building: spatial_audio_app.elf.size'
' '
02:40:00 **** Build of project spatial_audio_v2_bsp ****
make -k all 
"Running Make include in microblaze_0/libsrc/cpu_v2_8/src"
make -C microblaze_0/libsrc/cpu_v2_8/src -s include  "SHELL=CMD" "COMPILER=mb-gcc" "ARCHIVER=mb-ar" "COMPILER_FLAGS=  -O2 -c -mcpu=v11.0 -mlittle-endian -mxl-soft-mul" "EXTRA_COMPILER_FLAGS=-ffunction-sections -fdata-sections -Wall -Wextra"
"Running Make include in microblaze_0/libsrc/standalone_v6_8/src"
make -C microblaze_0/libsrc/standalone_v6_8/src -s include  "SHELL=CMD" "COMPILER=mb-gcc" "ARCHIVER=mb-ar" "COMPILER_FLAGS=  -O2 -c -mcpu=v11.0 -mlittle-endian -mxl-soft-mul" "EXTRA_COMPILER_FLAGS=-ffunction-sections -fdata-sections -Wall -Wextra"
"Running Make include in microblaze_0/libsrc/PmodGYRO_v1_0/src"
make -C microblaze_0/libsrc/PmodGYRO_v1_0/src -s include  "SHELL=CMD" "COMPILER=mb-gcc" "ARCHIVER=mb-ar" "COMPILER_FLAGS=  -O2 -c -mcpu=v11.0 -mlittle-endian -mxl-soft-mul" "EXTRA_COMPILER_FLAGS=-ffunction-sections -fdata-sections -Wall -Wextra"
"Running Make include in microblaze_0/libsrc/PmodJSTK2_v1_0/src"
make -C microblaze_0/libsrc/PmodJSTK2_v1_0/src -s include  "SHELL=CMD" "COMPILER=mb-gcc" "ARCHIVER=mb-ar" "COMPILER_FLAGS=  -O2 -c -mcpu=v11.0 -mlittle-endian -mxl-soft-mul" "EXTRA_COMPILER_FLAGS=-ffunction-sections -fdata-sections -Wall -Wextra"
"Running Make include in microblaze_0/libsrc/bram_v4_2/src"
make -C microblaze_0/libsrc/bram_v4_2/src -s include  "SHELL=CMD" "COMPILER=mb-gcc" "ARCHIVER=mb-ar" "COMPILER_FLAGS=  -O2 -c -mcpu=v11.0 -mlittle-endian -mxl-soft-mul" "EXTRA_COMPILER_FLAGS=-ffunction-sections -fdata-sections -Wall -Wextra"
"Running Make include in microblaze_0/libsrc/gpio_v4_3/src"
make -C microblaze_0/libsrc/gpio_v4_3/src -s include  "SHELL=CMD" "COMPILER=mb-gcc" "ARCHIVER=mb-ar" "COMPILER_FLAGS=  -O2 -c -mcpu=v11.0 -mlittle-endian -mxl-soft-mul" "EXTRA_COMPILER_FLAGS=-ffunction-sections -fdata-sections -Wall -Wextra"
"Running Make include in microblaze_0/libsrc/intc_v3_8/src"
make -C microblaze_0/libsrc/intc_v3_8/src -s include  "SHELL=CMD" "COMPILER=mb-gcc" "ARCHIVER=mb-ar" "COMPILER_FLAGS=  -O2 -c -mcpu=v11.0 -mlittle-endian -mxl-soft-mul" "EXTRA_COMPILER_FLAGS=-ffunction-sections -fdata-sections -Wall -Wextra"
"Running Make include in microblaze_0/libsrc/uartlite_v3_2/src"
make -C microblaze_0/libsrc/uartlite_v3_2/src -s include  "SHELL=CMD" "COMPILER=mb-gcc" "ARCHIVER=mb-ar" "COMPILER_FLAGS=  -O2 -c -mcpu=v11.0 -mlittle-endian -mxl-soft-mul" "EXTRA_COMPILER_FLAGS=-ffunction-sections -fdata-sections -Wall -Wextra"
"Running Make libs in microblaze_0/libsrc/cpu_v2_8/src"
make -C microblaze_0/libsrc/cpu_v2_8/src -s libs  "SHELL=CMD" "COMPILER=mb-gcc" "ARCHIVER=mb-ar" "COMPILER_FLAGS=  -O2 -c -mcpu=v11.0 -mlittle-endian -mxl-soft-mul" "EXTRA_COMPILER_FLAGS=-ffunction-sections -fdata-sections -Wall -Wextra"
"Compiling cpu"
mb-ar: creating ../../../lib/libxil.a
"Running Make libs in microblaze_0/libsrc/standalone_v6_8/src"
make -C microblaze_0/libsrc/standalone_v6_8/src -s libs  "SHELL=CMD" "COMPILER=mb-gcc" "ARCHIVER=mb-ar" "COMPILER_FLAGS=  -O2 -c -mcpu=v11.0 -mlittle-endian -mxl-soft-mul" "EXTRA_COMPILER_FLAGS=-ffunction-sections -fdata-sections -Wall -Wextra"
"Compiling standalone";
microblaze_sleep.c:77:9: note: #pragma message: For the sleep routines, assembly instructions are used
 #pragma message ("For the sleep routines, assembly instructions are used")
         ^~~~~~~
"Running Make libs in microblaze_0/libsrc/PmodGYRO_v1_0/src"
make -C microblaze_0/libsrc/PmodGYRO_v1_0/src -s libs  "SHELL=CMD" "COMPILER=mb-gcc" "ARCHIVER=mb-ar" "COMPILER_FLAGS=  -O2 -c -mcpu=v11.0 -mlittle-endian -mxl-soft-mul" "EXTRA_COMPILER_FLAGS=-ffunction-sections -fdata-sections -Wall -Wextra"
"Compiling PmodGYRO..."
"Running Make libs in microblaze_0/libsrc/PmodJSTK2_v1_0/src"
make -C microblaze_0/libsrc/PmodJSTK2_v1_0/src -s libs  "SHELL=CMD" "COMPILER=mb-gcc" "ARCHIVER=mb-ar" "COMPILER_FLAGS=  -O2 -c -mcpu=v11.0 -mlittle-endian -mxl-soft-mul" "EXTRA_COMPILER_FLAGS=-ffunction-sections -fdata-sections -Wall -Wextra"
"Compiling PmodXXXX..."
"Running Make libs in microblaze_0/libsrc/bram_v4_2/src"
make -C microblaze_0/libsrc/bram_v4_2/src -s libs  "SHELL=CMD" "COMPILER=mb-gcc" "ARCHIVER=mb-ar" "COMPILER_FLAGS=  -O2 -c -mcpu=v11.0 -mlittle-endian -mxl-soft-mul" "EXTRA_COMPILER_FLAGS=-ffunction-sections -fdata-sections -Wall -Wextra"
"Compiling bram"
"Running Make libs in microblaze_0/libsrc/gpio_v4_3/src"
make -C microblaze_0/libsrc/gpio_v4_3/src -s libs  "SHELL=CMD" "COMPILER=mb-gcc" "ARCHIVER=mb-ar" "COMPILER_FLAGS=  -O2 -c -mcpu=v11.0 -mlittle-endian -mxl-soft-mul" "EXTRA_COMPILER_FLAGS=-ffunction-sections -fdata-sections -Wall -Wextra"
"Compiling gpio"
"Running Make libs in microblaze_0/libsrc/intc_v3_8/src"
make -C microblaze_0/libsrc/intc_v3_8/src -s libs  "SHELL=CMD" "COMPILER=mb-gcc" "ARCHIVER=mb-ar" "COMPILER_FLAGS=  -O2 -c -mcpu=v11.0 -mlittle-endian -mxl-soft-mul" "EXTRA_COMPILER_FLAGS=-ffunction-sections -fdata-sections -Wall -Wextra"
"Compiling intc"
"Running Make libs in microblaze_0/libsrc/uartlite_v3_2/src"
make -C microblaze_0/libsrc/uartlite_v3_2/src -s libs  "SHELL=CMD" "COMPILER=mb-gcc" "ARCHIVER=mb-ar" "COMPILER_FLAGS=  -O2 -c -mcpu=v11.0 -mlittle-endian -mxl-soft-mul" "EXTRA_COMPILER_FLAGS=-ffunction-sections -fdata-sections -Wall -Wextra"
"Compiling uartlite"
'Finished building libraries'
02:40:10 **** Build of configuration Debug for project spatial_audio_v2 ****
make all 
'Building file: ../src/helloworld.c'
'Invoking: MicroBlaze gcc compiler'
mb-gcc -Wall -O0 -g3 -c -fmessage-length=0 -MT"src/helloworld.o" -I../../spatial_audio_v2_bsp/microblaze_0/include -mlittle-endian -mcpu=v11.0 -mxl-soft-mul -Wl,--no-relax -ffunction-sections -fdata-sections -MMD -MP -MF"src/helloworld.d" -MT"src/helloworld.o" -o "src/helloworld.o" "../src/helloworld.c"
'Finished building: ../src/helloworld.c'
' '
'Building file: ../src/platform.c'
'Invoking: MicroBlaze gcc compiler'
mb-gcc -Wall -O0 -g3 -c -fmessage-length=0 -MT"src/platform.o" -I../../spatial_audio_v2_bsp/microblaze_0/include -mlittle-endian -mcpu=v11.0 -mxl-soft-mul -Wl,--no-relax -ffunction-sections -fdata-sections -MMD -MP -MF"src/platform.d" -MT"src/platform.o" -o "src/platform.o" "../src/platform.c"
'Finished building: ../src/platform.c'
' '
'Building target: spatial_audio_v2.elf'
'Invoking: MicroBlaze gcc linker'
mb-gcc -Wl,-T -Wl,../src/lscript.ld -L../../spatial_audio_v2_bsp/microblaze_0/lib -mlittle-endian -mcpu=v11.0 -mxl-soft-mul -Wl,--no-relax -Wl,--gc-sections -o "spatial_audio_v2.elf"  ./src/helloworld.o ./src/platform.o   -Wl,--start-group,-lxil,-lgcc,-lc,--end-group
'Finished building target: spatial_audio_v2.elf'
' '
'Invoking: MicroBlaze Print Size'
mb-size spatial_audio_v2.elf  |tee "spatial_audio_v2.elf.size"
   text	   data	    bss	    dec	    hex	filename
   7264	    368	   3128	  10760	   2a08	spatial_audio_v2.elf
'Finished building: spatial_audio_v2.elf.size'
' '
02:43:07 **** Auto Build of configuration Debug for project spatial_audio_v2 ****
make all 
'Building file: ../src/helloworld.c'
'Invoking: MicroBlaze gcc compiler'
mb-gcc -Wall -O0 -g3 -c -fmessage-length=0 -MT"src/helloworld.o" -I../../spatial_audio_v2_bsp/microblaze_0/include -mlittle-endian -mcpu=v11.0 -mxl-soft-mul -Wl,--no-relax -ffunction-sections -fdata-sections -MMD -MP -MF"src/helloworld.d" -MT"src/helloworld.o" -o "src/helloworld.o" "../src/helloworld.c"
'Finished building: ../src/helloworld.c'
' '
'Building target: spatial_audio_v2.elf'
'Invoking: MicroBlaze gcc linker'
mb-gcc -Wl,-T -Wl,../src/lscript.ld -L../../spatial_audio_v2_bsp/microblaze_0/lib -mlittle-endian -mcpu=v11.0 -mxl-soft-mul -Wl,--no-relax -Wl,--gc-sections -o "spatial_audio_v2.elf"  ./src/helloworld.o ./src/platform.o   -Wl,--start-group,-lxil,-lgcc,-lc,--end-group
'Finished building target: spatial_audio_v2.elf'
' '
'Invoking: MicroBlaze Print Size'
mb-size spatial_audio_v2.elf  |tee "spatial_audio_v2.elf.size"
   text	   data	    bss	    dec	    hex	filename
   7320	    384	   3128	  10832	   2a50	spatial_audio_v2.elf
'Finished building: spatial_audio_v2.elf.size'
' '
02:43:19 **** Incremental Build of configuration Debug for project spatial_audio_v2 ****
make all 
make: Nothing to be done for 'all'.
02:44:35 **** Auto Build of configuration Debug for project spatial_audio_v2 ****
make all 
'Building file: ../src/helloworld.c'
'Invoking: MicroBlaze gcc compiler'
mb-gcc -Wall -O0 -g3 -c -fmessage-length=0 -MT"src/helloworld.o" -I../../spatial_audio_v2_bsp/microblaze_0/include -mlittle-endian -mcpu=v11.0 -mxl-soft-mul -Wl,--no-relax -ffunction-sections -fdata-sections -MMD -MP -MF"src/helloworld.d" -MT"src/helloworld.o" -o "src/helloworld.o" "../src/helloworld.c"
'Finished building: ../src/helloworld.c'
' '
'Building target: spatial_audio_v2.elf'
'Invoking: MicroBlaze gcc linker'
mb-gcc -Wl,-T -Wl,../src/lscript.ld -L../../spatial_audio_v2_bsp/microblaze_0/lib -mlittle-endian -mcpu=v11.0 -mxl-soft-mul -Wl,--no-relax -Wl,--gc-sections -o "spatial_audio_v2.elf"  ./src/helloworld.o ./src/platform.o   -Wl,--start-group,-lxil,-lgcc,-lc,--end-group
'Finished building target: spatial_audio_v2.elf'
' '
'Invoking: MicroBlaze Print Size'
mb-size spatial_audio_v2.elf  |tee "spatial_audio_v2.elf.size"
   text	   data	    bss	    dec	    hex	filename
  43664	    428	   3484	  47576	   b9d8	spatial_audio_v2.elf
'Finished building: spatial_audio_v2.elf.size'
' '
02:47:52 **** Auto Build of configuration Debug for project spatial_audio_v2 ****
make all 
'Building file: ../src/helloworld.c'
'Invoking: MicroBlaze gcc compiler'
mb-gcc -Wall -O0 -g3 -c -fmessage-length=0 -MT"src/helloworld.o" -I../../spatial_audio_v2_bsp/microblaze_0/include -mlittle-endian -mcpu=v11.0 -mxl-soft-mul -Wl,--no-relax -ffunction-sections -fdata-sections -MMD -MP -MF"src/helloworld.d" -MT"src/helloworld.o" -o "src/helloworld.o" "../src/helloworld.c"
'Finished building: ../src/helloworld.c'
' '
'Building target: spatial_audio_v2.elf'
'Invoking: MicroBlaze gcc linker'
mb-gcc -Wl,-T -Wl,../src/lscript.ld -L../../spatial_audio_v2_bsp/microblaze_0/lib -mlittle-endian -mcpu=v11.0 -mxl-soft-mul -Wl,--no-relax -Wl,--gc-sections -o "spatial_audio_v2.elf"  ./src/helloworld.o ./src/platform.o   -Wl,--start-group,-lxil,-lgcc,-lc,--end-group
'Finished building target: spatial_audio_v2.elf'
' '
'Invoking: MicroBlaze Print Size'
mb-size spatial_audio_v2.elf  |tee "spatial_audio_v2.elf.size"
   text	   data	    bss	    dec	    hex	filename
  43768	    448	   3480	  47696	   ba50	spatial_audio_v2.elf
'Finished building: spatial_audio_v2.elf.size'
' '
02:47:59 **** Incremental Build of configuration Debug for project spatial_audio_v2 ****
make all 
make: Nothing to be done for 'all'.
02:51:32 **** Incremental Build of configuration Debug for project spatial_audio_v2 ****
make all 
make: Nothing to be done for 'all'.
02:51:55 **** Incremental Build of configuration Debug for project spatial_audio_v2 ****
make all 
make: Nothing to be done for 'all'.
02:56:12 **** Auto Build of configuration Debug for project spatial_audio_v2 ****
make all 
'Building file: ../src/helloworld.c'
'Invoking: MicroBlaze gcc compiler'
mb-gcc -Wall -O0 -g3 -c -fmessage-length=0 -MT"src/helloworld.o" -I../../spatial_audio_v2_bsp/microblaze_0/include -mlittle-endian -mcpu=v11.0 -mxl-soft-mul -Wl,--no-relax -ffunction-sections -fdata-sections -MMD -MP -MF"src/helloworld.d" -MT"src/helloworld.o" -o "src/helloworld.o" "../src/helloworld.c"
../src/helloworld.c: In function 'main':
../src/helloworld.c:110:37: error: 'DISPLAY_GPIO_ID' undeclared (first use in this function)
     XGpio_Initialize(&display_gpio, DISPLAY_GPIO_ID);
                                     ^~~~~~~~~~~~~~~
../src/helloworld.c:110:37: note: each undeclared identifier is reported only once for each function it appears in
../src/helloworld.c: At top level:
../src/helloworld.c:377:13: error: redefinition of 'AZIMUTH_SENSITIVITY'
 const float AZIMUTH_SENSITIVITY = 1.0f;
             ^~~~~~~~~~~~~~~~~~~
../src/helloworld.c:17:13: note: previous definition of 'AZIMUTH_SENSITIVITY' was here
 const float AZIMUTH_SENSITIVITY = 1.0f;
             ^~~~~~~~~~~~~~~~~~~
../src/helloworld.c:378:13: error: redefinition of 'ELEVATION_SENSITIVITY'
 const float ELEVATION_SENSITIVITY = 1.0f;
             ^~~~~~~~~~~~~~~~~~~~~
../src/helloworld.c:18:13: note: previous definition of 'ELEVATION_SENSITIVITY' was here
 const float ELEVATION_SENSITIVITY = 1.0f;
             ^~~~~~~~~~~~~~~~~~~~~
../src/helloworld.c:392:7: error: redefinition of 'angleX'
 float angleX = 0.0, angleY = 0.0, angleZ = 0.0;
       ^~~~~~
../src/helloworld.c:31:7: note: previous definition of 'angleX' was here
 float angleX = 0.0, angleY = 0.0, angleZ = 0.0;
       ^~~~~~
../src/helloworld.c:392:21: error: redefinition of 'angleY'
 float angleX = 0.0, angleY = 0.0, angleZ = 0.0;
                     ^~~~~~
../src/helloworld.c:31:21: note: previous definition of 'angleY' was here
 float angleX = 0.0, angleY = 0.0, angleZ = 0.0;
                     ^~~~~~
../src/helloworld.c:392:35: error: redefinition of 'angleZ'
 float angleX = 0.0, angleY = 0.0, angleZ = 0.0;
                                   ^~~~~~
../src/helloworld.c:31:35: note: previous definition of 'angleZ' was here
 float angleX = 0.0, angleY = 0.0, angleZ = 0.0;
                                   ^~~~~~
../src/helloworld.c:393:9: error: redefinition of 'offsetX'
 int32_t offsetX = 0, offsetY = 0, offsetZ = 0;
         ^~~~~~~
../src/helloworld.c:32:9: note: previous definition of 'offsetX' was here
 int32_t offsetX = 0, offsetY = 0, offsetZ = 0;
         ^~~~~~~
../src/helloworld.c:393:22: error: redefinition of 'offsetY'
 int32_t offsetX = 0, offsetY = 0, offsetZ = 0;
                      ^~~~~~~
../src/helloworld.c:32:22: note: previous definition of 'offsetY' was here
 int32_t offsetX = 0, offsetY = 0, offsetZ = 0;
                      ^~~~~~~
../src/helloworld.c:393:35: error: redefinition of 'offsetZ'
 int32_t offsetX = 0, offsetY = 0, offsetZ = 0;
                                   ^~~~~~~
../src/helloworld.c:32:35: note: previous definition of 'offsetZ' was here
 int32_t offsetX = 0, offsetY = 0, offsetZ = 0;
                                   ^~~~~~~
../src/helloworld.c:394:7: error: redefinition of 'dt'
 float dt = 0.01;
       ^~
../src/helloworld.c:33:7: note: previous definition of 'dt' was here
 float dt = 0.01;
       ^~
../src/helloworld.c:398:4: error: redefinition of 'seg_map'
 u8 seg_map[12] = {
    ^~~~~~~
../src/helloworld.c:37:4: note: previous definition of 'seg_map' was here
 u8 seg_map[12] = {
    ^~~~~~~
../src/helloworld.c:415:4: error: redefinition of 'display_buffer'
 u8 display_buffer[8] = {0, 0, 0, 11, 11, 0, 0, 0};
    ^~~~~~~~~~~~~~
../src/helloworld.c:54:4: note: previous definition of 'display_buffer' was here
 u8 display_buffer[8] = {0, 0, 0, 11, 11, 0, 0, 0};
    ^~~~~~~~~~~~~~
../src/helloworld.c:417:5: error: redefinition of 'isDataReady'
 int isDataReady(PmodGYRO *InstancePtr) {
     ^~~~~~~~~~~
../src/helloworld.c:56:5: note: previous definition of 'isDataReady' was here
 int isDataReady(PmodGYRO *InstancePtr) {
     ^~~~~~~~~~~
../src/helloworld.c:463:6: error: redefinition of 'reset_audio'
 void reset_audio(u8 *azi_idx, u8 *elev_idx, int buffer_index, char* input_buffer) {
      ^~~~~~~~~~~
../src/helloworld.c:63:6: note: previous definition of 'reset_audio' was here
 void reset_audio(u8 *azi_idx, u8 *elev_idx, int buffer_index, char* input_buffer) {
      ^~~~~~~~~~~
../src/helloworld.c:484:5: error: redefinition of 'main'
 int main() {
     ^~~~
../src/helloworld.c:83:5: note: previous definition of 'main' was here
 int main() {
     ^~~~
make: *** [src/subdir.mk:26: src/helloworld.o] Error 1
02:56:30 **** Auto Build of configuration Debug for project spatial_audio_v2 ****
make all 
'Building file: ../src/helloworld.c'
'Invoking: MicroBlaze gcc compiler'
mb-gcc -Wall -O0 -g3 -c -fmessage-length=0 -MT"src/helloworld.o" -I../../spatial_audio_v2_bsp/microblaze_0/include -mlittle-endian -mcpu=v11.0 -mxl-soft-mul -Wl,--no-relax -ffunction-sections -fdata-sections -MMD -MP -MF"src/helloworld.d" -MT"src/helloworld.o" -o "src/helloworld.o" "../src/helloworld.c"
../src/helloworld.c: In function 'main':
../src/helloworld.c:110:37: error: 'DISPLAY_GPIO_ID' undeclared (first use in this function)
     XGpio_Initialize(&display_gpio, DISPLAY_GPIO_ID);
                                     ^~~~~~~~~~~~~~~
../src/helloworld.c:110:37: note: each undeclared identifier is reported only once for each function it appears in
make: *** [src/subdir.mk:26: src/helloworld.o] Error 1
02:56:43 **** Auto Build of configuration Debug for project spatial_audio_v2 ****
make all 
'Building file: ../src/helloworld.c'
'Invoking: MicroBlaze gcc compiler'
mb-gcc -Wall -O0 -g3 -c -fmessage-length=0 -MT"src/helloworld.o" -I../../spatial_audio_v2_bsp/microblaze_0/include -mlittle-endian -mcpu=v11.0 -mxl-soft-mul -Wl,--no-relax -ffunction-sections -fdata-sections -MMD -MP -MF"src/helloworld.d" -MT"src/helloworld.o" -o "src/helloworld.o" "../src/helloworld.c"
../src/helloworld.c: In function 'main':
../src/helloworld.c:110:37: error: 'DISPLAY_GPIO_ID' undeclared (first use in this function)
     XGpio_Initialize(&display_gpio, DISPLAY_GPIO_ID);
                                     ^~~~~~~~~~~~~~~
../src/helloworld.c:110:37: note: each undeclared identifier is reported only once for each function it appears in
make: *** [src/subdir.mk:26: src/helloworld.o] Error 1
02:57:07 **** Auto Build of configuration Debug for project spatial_audio_v2 ****
make all 
'Building file: ../src/helloworld.c'
'Invoking: MicroBlaze gcc compiler'
mb-gcc -Wall -O0 -g3 -c -fmessage-length=0 -MT"src/helloworld.o" -I../../spatial_audio_v2_bsp/microblaze_0/include -mlittle-endian -mcpu=v11.0 -mxl-soft-mul -Wl,--no-relax -ffunction-sections -fdata-sections -MMD -MP -MF"src/helloworld.d" -MT"src/helloworld.o" -o "src/helloworld.o" "../src/helloworld.c"
'Finished building: ../src/helloworld.c'
' '
'Building target: spatial_audio_v2.elf'
'Invoking: MicroBlaze gcc linker'
mb-gcc -Wl,-T -Wl,../src/lscript.ld -L../../spatial_audio_v2_bsp/microblaze_0/lib -mlittle-endian -mcpu=v11.0 -mxl-soft-mul -Wl,--no-relax -Wl,--gc-sections -o "spatial_audio_v2.elf"  ./src/helloworld.o ./src/platform.o   -Wl,--start-group,-lxil,-lgcc,-lc,--end-group
'Finished building target: spatial_audio_v2.elf'
' '
'Invoking: MicroBlaze Print Size'
mb-size spatial_audio_v2.elf  |tee "spatial_audio_v2.elf.size"
   text	   data	    bss	    dec	    hex	filename
  42964	    428	   3488	  46880	   b720	spatial_audio_v2.elf
'Finished building: spatial_audio_v2.elf.size'
' '
02:57:12 **** Incremental Build of configuration Debug for project spatial_audio_app ****
make all 
make: Nothing to be done for 'all'.
02:57:44 **** Auto Build of configuration Debug for project spatial_audio_v2 ****
make all 
'Building file: ../src/helloworld.c'
'Invoking: MicroBlaze gcc compiler'
mb-gcc -Wall -O0 -g3 -c -fmessage-length=0 -MT"src/helloworld.o" -I../../spatial_audio_v2_bsp/microblaze_0/include -mlittle-endian -mcpu=v11.0 -mxl-soft-mul -Wl,--no-relax -ffunction-sections -fdata-sections -MMD -MP -MF"src/helloworld.d" -MT"src/helloworld.o" -o "src/helloworld.o" "../src/helloworld.c"
'Finished building: ../src/helloworld.c'
' '
'Building target: spatial_audio_v2.elf'
'Invoking: MicroBlaze gcc linker'
mb-gcc -Wl,-T -Wl,../src/lscript.ld -L../../spatial_audio_v2_bsp/microblaze_0/lib -mlittle-endian -mcpu=v11.0 -mxl-soft-mul -Wl,--no-relax -Wl,--gc-sections -o "spatial_audio_v2.elf"  ./src/helloworld.o ./src/platform.o   -Wl,--start-group,-lxil,-lgcc,-lc,--end-group
'Finished building target: spatial_audio_v2.elf'
' '
'Invoking: MicroBlaze Print Size'
mb-size spatial_audio_v2.elf  |tee "spatial_audio_v2.elf.size"
   text	   data	    bss	    dec	    hex	filename
  42964	    428	   3488	  46880	   b720	spatial_audio_v2.elf
'Finished building: spatial_audio_v2.elf.size'
' '
02:57:49 **** Incremental Build of configuration Debug for project spatial_audio_app ****
make all 
make: Nothing to be done for 'all'.
02:58:00 **** Auto Build of configuration Debug for project spatial_audio_v2 ****
make all 
'Building file: ../src/helloworld.c'
'Invoking: MicroBlaze gcc compiler'
mb-gcc -Wall -O0 -g3 -c -fmessage-length=0 -MT"src/helloworld.o" -I../../spatial_audio_v2_bsp/microblaze_0/include -mlittle-endian -mcpu=v11.0 -mxl-soft-mul -Wl,--no-relax -ffunction-sections -fdata-sections -MMD -MP -MF"src/helloworld.d" -MT"src/helloworld.o" -o "src/helloworld.o" "../src/helloworld.c"
'Finished building: ../src/helloworld.c'
' '
'Building target: spatial_audio_v2.elf'
'Invoking: MicroBlaze gcc linker'
mb-gcc -Wl,-T -Wl,../src/lscript.ld -L../../spatial_audio_v2_bsp/microblaze_0/lib -mlittle-endian -mcpu=v11.0 -mxl-soft-mul -Wl,--no-relax -Wl,--gc-sections -o "spatial_audio_v2.elf"  ./src/helloworld.o ./src/platform.o   -Wl,--start-group,-lxil,-lgcc,-lc,--end-group
'Finished building target: spatial_audio_v2.elf'
' '
'Invoking: MicroBlaze Print Size'
mb-size spatial_audio_v2.elf  |tee "spatial_audio_v2.elf.size"
   text	   data	    bss	    dec	    hex	filename
  42964	    428	   3488	  46880	   b720	spatial_audio_v2.elf
'Finished building: spatial_audio_v2.elf.size'
' '
02:58:08 **** Incremental Build of configuration Debug for project spatial_audio_app ****
make all 
make: Nothing to be done for 'all'.
03:06:52 **** Auto Build of configuration Debug for project spatial_audio_v2 ****
make all 
'Building file: ../src/helloworld.c'
'Invoking: MicroBlaze gcc compiler'
mb-gcc -Wall -O0 -g3 -c -fmessage-length=0 -MT"src/helloworld.o" -I../../spatial_audio_v2_bsp/microblaze_0/include -mlittle-endian -mcpu=v11.0 -mxl-soft-mul -Wl,--no-relax -ffunction-sections -fdata-sections -MMD -MP -MF"src/helloworld.d" -MT"src/helloworld.o" -o "src/helloworld.o" "../src/helloworld.c"
../src/helloworld.c: In function 'main':
../src/helloworld.c:278:21: warning: unused variable 'real_elev' [-Wunused-variable]
                 int real_elev = (current_elevation_index * 10) - 30;
                     ^~~~~~~~~
../src/helloworld.c:277:21: warning: unused variable 'real_azi' [-Wunused-variable]
                 int real_azi = current_angle_index * 5;
                     ^~~~~~~~
'Finished building: ../src/helloworld.c'
' '
'Building target: spatial_audio_v2.elf'
'Invoking: MicroBlaze gcc linker'
mb-gcc -Wl,-T -Wl,../src/lscript.ld -L../../spatial_audio_v2_bsp/microblaze_0/lib -mlittle-endian -mcpu=v11.0 -mxl-soft-mul -Wl,--no-relax -Wl,--gc-sections -o "spatial_audio_v2.elf"  ./src/helloworld.o ./src/platform.o   -Wl,--start-group,-lxil,-lgcc,-lc,--end-group
'Finished building target: spatial_audio_v2.elf'
' '
'Invoking: MicroBlaze Print Size'
mb-size spatial_audio_v2.elf  |tee "spatial_audio_v2.elf.size"
   text	   data	    bss	    dec	    hex	filename
  42792	    428	   3484	  46704	   b670	spatial_audio_v2.elf
'Finished building: spatial_audio_v2.elf.size'
' '
03:06:58 **** Incremental Build of configuration Debug for project spatial_audio_v2 ****
make all 
make: Nothing to be done for 'all'.
03:07:52 **** Auto Build of configuration Debug for project spatial_audio_v2 ****
make all 
'Building file: ../src/helloworld.c'
'Invoking: MicroBlaze gcc compiler'
mb-gcc -Wall -O0 -g3 -c -fmessage-length=0 -MT"src/helloworld.o" -I../../spatial_audio_v2_bsp/microblaze_0/include -mlittle-endian -mcpu=v11.0 -mxl-soft-mul -Wl,--no-relax -ffunction-sections -fdata-sections -MMD -MP -MF"src/helloworld.d" -MT"src/helloworld.o" -o "src/helloworld.o" "../src/helloworld.c"
'Finished building: ../src/helloworld.c'
' '
'Building target: spatial_audio_v2.elf'
'Invoking: MicroBlaze gcc linker'
mb-gcc -Wl,-T -Wl,../src/lscript.ld -L../../spatial_audio_v2_bsp/microblaze_0/lib -mlittle-endian -mcpu=v11.0 -mxl-soft-mul -Wl,--no-relax -Wl,--gc-sections -o "spatial_audio_v2.elf"  ./src/helloworld.o ./src/platform.o   -Wl,--start-group,-lxil,-lgcc,-lc,--end-group
'Finished building target: spatial_audio_v2.elf'
' '
'Invoking: MicroBlaze Print Size'
mb-size spatial_audio_v2.elf  |tee "spatial_audio_v2.elf.size"
   text	   data	    bss	    dec	    hex	filename
  42824	    428	   3484	  46736	   b690	spatial_audio_v2.elf
'Finished building: spatial_audio_v2.elf.size'
' '
03:07:57 **** Incremental Build of configuration Debug for project spatial_audio_v2 ****
make all 
make: Nothing to be done for 'all'.
03:30:27 **** Auto Build of configuration Debug for project spatial_audio_v2 ****
make all 
'Building file: ../src/helloworld.c'
'Invoking: MicroBlaze gcc compiler'
mb-gcc -Wall -O0 -g3 -c -fmessage-length=0 -MT"src/helloworld.o" -I../../spatial_audio_v2_bsp/microblaze_0/include -mlittle-endian -mcpu=v11.0 -mxl-soft-mul -Wl,--no-relax -ffunction-sections -fdata-sections -MMD -MP -MF"src/helloworld.d" -MT"src/helloworld.o" -o "src/helloworld.o" "../src/helloworld.c"
'Finished building: ../src/helloworld.c'
' '
'Building target: spatial_audio_v2.elf'
'Invoking: MicroBlaze gcc linker'
mb-gcc -Wl,-T -Wl,../src/lscript.ld -L../../spatial_audio_v2_bsp/microblaze_0/lib -mlittle-endian -mcpu=v11.0 -mxl-soft-mul -Wl,--no-relax -Wl,--gc-sections -o "spatial_audio_v2.elf"  ./src/helloworld.o ./src/platform.o   -Wl,--start-group,-lxil,-lgcc,-lc,--end-group
'Finished building target: spatial_audio_v2.elf'
' '
'Invoking: MicroBlaze Print Size'
mb-size spatial_audio_v2.elf  |tee "spatial_audio_v2.elf.size"
   text	   data	    bss	    dec	    hex	filename
  43768	    448	   3480	  47696	   ba50	spatial_audio_v2.elf
'Finished building: spatial_audio_v2.elf.size'
' '
03:30:33 **** Incremental Build of configuration Debug for project spatial_audio_v2 ****
make all 
make: Nothing to be done for 'all'.
17:01:44 **** Incremental Build of configuration Debug for project spatial_audio_v2 ****
make all 
make: Nothing to be done for 'all'.
17:12:29 **** Auto Build of configuration Debug for project spatial_audio_v2 ****
make all 
'Building file: ../src/helloworld.c'
'Invoking: MicroBlaze gcc compiler'
mb-gcc -Wall -O0 -g3 -c -fmessage-length=0 -MT"src/helloworld.o" -I../../spatial_audio_v2_bsp/microblaze_0/include -mlittle-endian -mcpu=v11.0 -mxl-soft-mul -Wl,--no-relax -ffunction-sections -fdata-sections -MMD -MP -MF"src/helloworld.d" -MT"src/helloworld.o" -o "src/helloworld.o" "../src/helloworld.c"
'Finished building: ../src/helloworld.c'
' '
'Building target: spatial_audio_v2.elf'
'Invoking: MicroBlaze gcc linker'
mb-gcc -Wl,-T -Wl,../src/lscript.ld -L../../spatial_audio_v2_bsp/microblaze_0/lib -mlittle-endian -mcpu=v11.0 -mxl-soft-mul -Wl,--no-relax -Wl,--gc-sections -o "spatial_audio_v2.elf"  ./src/helloworld.o ./src/platform.o   -Wl,--start-group,-lxil,-lgcc,-lc,--end-group
'Finished building target: spatial_audio_v2.elf'
' '
'Invoking: MicroBlaze Print Size'
mb-size spatial_audio_v2.elf  |tee "spatial_audio_v2.elf.size"
   text	   data	    bss	    dec	    hex	filename
  43768	    448	   3480	  47696	   ba50	spatial_audio_v2.elf
'Finished building: spatial_audio_v2.elf.size'
' '
17:12:36 **** Incremental Build of configuration Debug for project spatial_audio_v2 ****
make all 
make: Nothing to be done for 'all'.
17:15:49 **** Incremental Build of configuration Debug for project spatial_audio_v2 ****
make all 
'Building file: ../src/helloworld.c'
'Invoking: MicroBlaze gcc compiler'
mb-gcc -Wall -O0 -g3 -c -fmessage-length=0 -MT"src/helloworld.o" -I../../spatial_audio_v2_bsp/microblaze_0/include -mlittle-endian -mcpu=v11.0 -mxl-soft-mul -Wl,--no-relax -ffunction-sections -fdata-sections -MMD -MP -MF"src/helloworld.d" -MT"src/helloworld.o" -o "src/helloworld.o" "../src/helloworld.c"
'Finished building: ../src/helloworld.c'
' '
'Building target: spatial_audio_v2.elf'
'Invoking: MicroBlaze gcc linker'
mb-gcc -Wl,-T -Wl,../src/lscript.ld -L../../spatial_audio_v2_bsp/microblaze_0/lib -mlittle-endian -mcpu=v11.0 -mxl-soft-mul -Wl,--no-relax -Wl,--gc-sections -o "spatial_audio_v2.elf"  ./src/helloworld.o ./src/platform.o   -Wl,--start-group,-lxil,-lgcc,-lc,--end-group
'Finished building target: spatial_audio_v2.elf'
' '
'Invoking: MicroBlaze Print Size'
mb-size spatial_audio_v2.elf  |tee "spatial_audio_v2.elf.size"
   text	   data	    bss	    dec	    hex	filename
  43740	    448	   3484	  47672	   ba38	spatial_audio_v2.elf
'Finished building: spatial_audio_v2.elf.size'
' '
17:16:27 **** Incremental Build of configuration Debug for project spatial_audio_v2 ****
make all 
make: Nothing to be done for 'all'.
17:16:57 **** Incremental Build of configuration Debug for project spatial_audio_v2 ****
make all 
make: Nothing to be done for 'all'.
17:18:10 **** Auto Build of configuration Debug for project spatial_audio_v2 ****
make all 
'Building file: ../src/helloworld.c'
'Invoking: MicroBlaze gcc compiler'
mb-gcc -Wall -O0 -g3 -c -fmessage-length=0 -MT"src/helloworld.o" -I../../spatial_audio_v2_bsp/microblaze_0/include -mlittle-endian -mcpu=v11.0 -mxl-soft-mul -Wl,--no-relax -ffunction-sections -fdata-sections -MMD -MP -MF"src/helloworld.d" -MT"src/helloworld.o" -o "src/helloworld.o" "../src/helloworld.c"
'Finished building: ../src/helloworld.c'
' '
'Building target: spatial_audio_v2.elf'
'Invoking: MicroBlaze gcc linker'
mb-gcc -Wl,-T -Wl,../src/lscript.ld -L../../spatial_audio_v2_bsp/microblaze_0/lib -mlittle-endian -mcpu=v11.0 -mxl-soft-mul -Wl,--no-relax -Wl,--gc-sections -o "spatial_audio_v2.elf"  ./src/helloworld.o ./src/platform.o   -Wl,--start-group,-lxil,-lgcc,-lc,--end-group
'Finished building target: spatial_audio_v2.elf'
' '
'Invoking: MicroBlaze Print Size'
mb-size spatial_audio_v2.elf  |tee "spatial_audio_v2.elf.size"
   text	   data	    bss	    dec	    hex	filename
  43724	    448	   3484	  47656	   ba28	spatial_audio_v2.elf
'Finished building: spatial_audio_v2.elf.size'
' '
17:18:17 **** Incremental Build of configuration Debug for project spatial_audio_v2 ****
make all 
make: Nothing to be done for 'all'.
17:18:50 **** Auto Build of configuration Debug for project spatial_audio_v2 ****
make all 
'Building file: ../src/helloworld.c'
'Invoking: MicroBlaze gcc compiler'
mb-gcc -Wall -O0 -g3 -c -fmessage-length=0 -MT"src/helloworld.o" -I../../spatial_audio_v2_bsp/microblaze_0/include -mlittle-endian -mcpu=v11.0 -mxl-soft-mul -Wl,--no-relax -ffunction-sections -fdata-sections -MMD -MP -MF"src/helloworld.d" -MT"src/helloworld.o" -o "src/helloworld.o" "../src/helloworld.c"
'Finished building: ../src/helloworld.c'
' '
'Building target: spatial_audio_v2.elf'
'Invoking: MicroBlaze gcc linker'
mb-gcc -Wl,-T -Wl,../src/lscript.ld -L../../spatial_audio_v2_bsp/microblaze_0/lib -mlittle-endian -mcpu=v11.0 -mxl-soft-mul -Wl,--no-relax -Wl,--gc-sections -o "spatial_audio_v2.elf"  ./src/helloworld.o ./src/platform.o   -Wl,--start-group,-lxil,-lgcc,-lc,--end-group
'Finished building target: spatial_audio_v2.elf'
' '
'Invoking: MicroBlaze Print Size'
mb-size spatial_audio_v2.elf  |tee "spatial_audio_v2.elf.size"
   text	   data	    bss	    dec	    hex	filename
  43740	    448	   3484	  47672	   ba38	spatial_audio_v2.elf
'Finished building: spatial_audio_v2.elf.size'
' '
17:19:15 **** Incremental Build of configuration Debug for project spatial_audio_v2 ****
make all 
'Building file: ../src/helloworld.c'
'Invoking: MicroBlaze gcc compiler'
mb-gcc -Wall -O0 -g3 -c -fmessage-length=0 -MT"src/helloworld.o" -I../../spatial_audio_v2_bsp/microblaze_0/include -mlittle-endian -mcpu=v11.0 -mxl-soft-mul -Wl,--no-relax -ffunction-sections -fdata-sections -MMD -MP -MF"src/helloworld.d" -MT"src/helloworld.o" -o "src/helloworld.o" "../src/helloworld.c"
'Finished building: ../src/helloworld.c'
' '
'Building target: spatial_audio_v2.elf'
'Invoking: MicroBlaze gcc linker'
mb-gcc -Wl,-T -Wl,../src/lscript.ld -L../../spatial_audio_v2_bsp/microblaze_0/lib -mlittle-endian -mcpu=v11.0 -mxl-soft-mul -Wl,--no-relax -Wl,--gc-sections -o "spatial_audio_v2.elf"  ./src/helloworld.o ./src/platform.o   -Wl,--start-group,-lxil,-lgcc,-lc,--end-group
'Finished building target: spatial_audio_v2.elf'
' '
'Invoking: MicroBlaze Print Size'
mb-size spatial_audio_v2.elf  |tee "spatial_audio_v2.elf.size"
   text	   data	    bss	    dec	    hex	filename
  43704	    448	   3480	  47632	   ba10	spatial_audio_v2.elf
'Finished building: spatial_audio_v2.elf.size'
' '
19:10:33 **** Auto Build of configuration Debug for project spatial_audio_v2 ****
make all 
'Building file: ../src/helloworld.c'
'Invoking: MicroBlaze gcc compiler'
mb-gcc -Wall -O0 -g3 -c -fmessage-length=0 -MT"src/helloworld.o" -I../../spatial_audio_v2_bsp/microblaze_0/include -mlittle-endian -mcpu=v11.0 -mxl-soft-mul -Wl,--no-relax -ffunction-sections -fdata-sections -MMD -MP -MF"src/helloworld.d" -MT"src/helloworld.o" -o "src/helloworld.o" "../src/helloworld.c"
'Finished building: ../src/helloworld.c'
' '
'Building target: spatial_audio_v2.elf'
'Invoking: MicroBlaze gcc linker'
mb-gcc -Wl,-T -Wl,../src/lscript.ld -L../../spatial_audio_v2_bsp/microblaze_0/lib -mlittle-endian -mcpu=v11.0 -mxl-soft-mul -Wl,--no-relax -Wl,--gc-sections -o "spatial_audio_v2.elf"  ./src/helloworld.o ./src/platform.o   -Wl,--start-group,-lxil,-lgcc,-lc,--end-group
'Finished building target: spatial_audio_v2.elf'
' '
'Invoking: MicroBlaze Print Size'
mb-size spatial_audio_v2.elf  |tee "spatial_audio_v2.elf.size"
   text	   data	    bss	    dec	    hex	filename
  43732	    448	   3484	  47664	   ba30	spatial_audio_v2.elf
'Finished building: spatial_audio_v2.elf.size'
' '
14:26:02 **** Incremental Build of configuration Debug for project spatial_audio_v2 ****
make all 
make: Nothing to be done for 'all'.
