10:52:10 **** Build of project spatial_audio_app_bsp ****
make -k all 
"Running Make include in microblaze_0/libsrc/bram_v4_2/src"
make -C microblaze_0/libsrc/bram_v4_2/src -s include  "SHELL=CMD" "COMPILER=mb-gcc" "ARCHIVER=mb-ar" "COMPILER_FLAGS=  -O2 -c -mcpu=v11.0 -mlittle-endian -mxl-soft-mul" "EXTRA_COMPILER_FLAGS=-ffunction-sections -fdata-sections -Wall -Wextra"
"Running Make include in microblaze_0/libsrc/cpu_v2_8/src"
make -C microblaze_0/libsrc/cpu_v2_8/src -s include  "SHELL=CMD" "COMPILER=mb-gcc" "ARCHIVER=mb-ar" "COMPILER_FLAGS=  -O2 -c -mcpu=v11.0 -mlittle-endian -mxl-soft-mul" "EXTRA_COMPILER_FLAGS=-ffunction-sections -fdata-sections -Wall -Wextra"
"Running Make include in microblaze_0/libsrc/gpio_v4_3/src"
make -C microblaze_0/libsrc/gpio_v4_3/src -s include  "SHELL=CMD" "COMPILER=mb-gcc" "ARCHIVER=mb-ar" "COMPILER_FLAGS=  -O2 -c -mcpu=v11.0 -mlittle-endian -mxl-soft-mul" "EXTRA_COMPILER_FLAGS=-ffunction-sections -fdata-sections -Wall -Wextra"
"Running Make include in microblaze_0/libsrc/intc_v3_8/src"
make -C microblaze_0/libsrc/intc_v3_8/src -s include  "SHELL=CMD" "COMPILER=mb-gcc" "ARCHIVER=mb-ar" "COMPILER_FLAGS=  -O2 -c -mcpu=v11.0 -mlittle-endian -mxl-soft-mul" "EXTRA_COMPILER_FLAGS=-ffunction-sections -fdata-sections -Wall -Wextra"
"Running Make include in microblaze_0/libsrc/PmodJSTK2_v1_0/src"
make -C microblaze_0/libsrc/PmodJSTK2_v1_0/src -s include  "SHELL=CMD" "COMPILER=mb-gcc" "ARCHIVER=mb-ar" "COMPILER_FLAGS=  -O2 -c -mcpu=v11.0 -mlittle-endian -mxl-soft-mul" "EXTRA_COMPILER_FLAGS=-ffunction-sections -fdata-sections -Wall -Wextra"
"Running Make include in microblaze_0/libsrc/standalone_v6_8/src"
make -C microblaze_0/libsrc/standalone_v6_8/src -s include  "SHELL=CMD" "COMPILER=mb-gcc" "ARCHIVER=mb-ar" "COMPILER_FLAGS=  -O2 -c -mcpu=v11.0 -mlittle-endian -mxl-soft-mul" "EXTRA_COMPILER_FLAGS=-ffunction-sections -fdata-sections -Wall -Wextra"
"Running Make include in microblaze_0/libsrc/uartlite_v3_2/src"
make -C microblaze_0/libsrc/uartlite_v3_2/src -s include  "SHELL=CMD" "COMPILER=mb-gcc" "ARCHIVER=mb-ar" "COMPILER_FLAGS=  -O2 -c -mcpu=v11.0 -mlittle-endian -mxl-soft-mul" "EXTRA_COMPILER_FLAGS=-ffunction-sections -fdata-sections -Wall -Wextra"
"Running Make libs in microblaze_0/libsrc/bram_v4_2/src"
make -C microblaze_0/libsrc/bram_v4_2/src -s libs  "SHELL=CMD" "COMPILER=mb-gcc" "ARCHIVER=mb-ar" "COMPILER_FLAGS=  -O2 -c -mcpu=v11.0 -mlittle-endian -mxl-soft-mul" "EXTRA_COMPILER_FLAGS=-ffunction-sections -fdata-sections -Wall -Wextra"
"Compiling bram"
mb-ar: creating ../../../lib/libxil.a
"Running Make libs in microblaze_0/libsrc/cpu_v2_8/src"
make -C microblaze_0/libsrc/cpu_v2_8/src -s libs  "SHELL=CMD" "COMPILER=mb-gcc" "ARCHIVER=mb-ar" "COMPILER_FLAGS=  -O2 -c -mcpu=v11.0 -mlittle-endian -mxl-soft-mul" "EXTRA_COMPILER_FLAGS=-ffunction-sections -fdata-sections -Wall -Wextra"
"Compiling cpu"
"Running Make libs in microblaze_0/libsrc/gpio_v4_3/src"
make -C microblaze_0/libsrc/gpio_v4_3/src -s libs  "SHELL=CMD" "COMPILER=mb-gcc" "ARCHIVER=mb-ar" "COMPILER_FLAGS=  -O2 -c -mcpu=v11.0 -mlittle-endian -mxl-soft-mul" "EXTRA_COMPILER_FLAGS=-ffunction-sections -fdata-sections -Wall -Wextra"
"Compiling gpio"
"Running Make libs in microblaze_0/libsrc/intc_v3_8/src"
make -C microblaze_0/libsrc/intc_v3_8/src -s libs  "SHELL=CMD" "COMPILER=mb-gcc" "ARCHIVER=mb-ar" "COMPILER_FLAGS=  -O2 -c -mcpu=v11.0 -mlittle-endian -mxl-soft-mul" "EXTRA_COMPILER_FLAGS=-ffunction-sections -fdata-sections -Wall -Wextra"
"Compiling intc"
"Running Make libs in microblaze_0/libsrc/PmodJSTK2_v1_0/src"
make -C microblaze_0/libsrc/PmodJSTK2_v1_0/src -s libs  "SHELL=CMD" "COMPILER=mb-gcc" "ARCHIVER=mb-ar" "COMPILER_FLAGS=  -O2 -c -mcpu=v11.0 -mlittle-endian -mxl-soft-mul" "EXTRA_COMPILER_FLAGS=-ffunction-sections -fdata-sections -Wall -Wextra"
"Compiling PmodXXXX..."
"Running Make libs in microblaze_0/libsrc/standalone_v6_8/src"
make -C microblaze_0/libsrc/standalone_v6_8/src -s libs  "SHELL=CMD" "COMPILER=mb-gcc" "ARCHIVER=mb-ar" "COMPILER_FLAGS=  -O2 -c -mcpu=v11.0 -mlittle-endian -mxl-soft-mul" "EXTRA_COMPILER_FLAGS=-ffunction-sections -fdata-sections -Wall -Wextra"
"Compiling standalone";
microblaze_sleep.c:77:9: note: #pragma message: For the sleep routines, assembly instructions are used
 #pragma message ("For the sleep routines, assembly instructions are used")
         ^~~~~~~
"Running Make libs in microblaze_0/libsrc/uartlite_v3_2/src"
make -C microblaze_0/libsrc/uartlite_v3_2/src -s libs  "SHELL=CMD" "COMPILER=mb-gcc" "ARCHIVER=mb-ar" "COMPILER_FLAGS=  -O2 -c -mcpu=v11.0 -mlittle-endian -mxl-soft-mul" "EXTRA_COMPILER_FLAGS=-ffunction-sections -fdata-sections -Wall -Wextra"
"Compiling uartlite"
'Finished building libraries'
10:52:16 **** Build of configuration Debug for project spatial_audio_app ****
make all 
'Building file: ../src/helloworld.c'
'Invoking: MicroBlaze gcc compiler'
mb-gcc -Wall -O0 -g3 -c -fmessage-length=0 -MT"src/helloworld.o" -I../../spatial_audio_app_bsp/microblaze_0/include -mlittle-endian -mcpu=v11.0 -mxl-soft-mul -Wl,--no-relax -ffunction-sections -fdata-sections -MMD -MP -MF"src/helloworld.d" -MT"src/helloworld.o" -o "src/helloworld.o" "../src/helloworld.c"
'Finished building: ../src/helloworld.c'
' '
'Building file: ../src/platform.c'
'Invoking: MicroBlaze gcc compiler'
mb-gcc -Wall -O0 -g3 -c -fmessage-length=0 -MT"src/platform.o" -I../../spatial_audio_app_bsp/microblaze_0/include -mlittle-endian -mcpu=v11.0 -mxl-soft-mul -Wl,--no-relax -ffunction-sections -fdata-sections -MMD -MP -MF"src/platform.d" -MT"src/platform.o" -o "src/platform.o" "../src/platform.c"
'Finished building: ../src/platform.c'
' '
'Building target: spatial_audio_app.elf'
'Invoking: MicroBlaze gcc linker'
mb-gcc -Wl,-T -Wl,../src/lscript.ld -L../../spatial_audio_app_bsp/microblaze_0/lib -mlittle-endian -mcpu=v11.0 -mxl-soft-mul -Wl,--no-relax -Wl,--gc-sections -o "spatial_audio_app.elf"  ./src/helloworld.o ./src/platform.o   -Wl,--start-group,-lxil,-lgcc,-lc,--end-group
'Finished building target: spatial_audio_app.elf'
' '
'Invoking: MicroBlaze Print Size'
mb-size spatial_audio_app.elf  |tee "spatial_audio_app.elf.size"
   text	   data	    bss	    dec	    hex	filename
   3132	    312	   3108	   6552	   1998	spatial_audio_app.elf
'Finished building: spatial_audio_app.elf.size'
' '
10:52:18 **** Auto Build of configuration Debug for project spatial_audio_app ****
make all 
make: Nothing to be done for 'all'.
10:52:48 **** Auto Build of configuration Debug for project spatial_audio_app ****
make all 
make: Nothing to be done for 'all'.
10:52:53 **** Clean-only build of configuration Debug for project spatial_audio_app ****
make clean 
rm -rf  ./src/helloworld.o ./src/platform.o ./src/spatial_audio_run.o ./src/spatial_audio_uart.o  ./src/helloworld.d ./src/platform.d ./src/spatial_audio_run.d ./src/spatial_audio_uart.d  spatial_audio_app.elf.size  spatial_audio_app.elf
' '
10:52:53 **** Auto Build of configuration Debug for project spatial_audio_app ****
make all 
'Building file: ../src/platform.c'
'Invoking: MicroBlaze gcc compiler'
mb-gcc -Wall -O0 -g3 -c -fmessage-length=0 -MT"src/platform.o" -I../../spatial_audio_app_bsp/microblaze_0/include -mlittle-endian -mcpu=v11.0 -mxl-soft-mul -Wl,--no-relax -ffunction-sections -fdata-sections -MMD -MP -MF"src/platform.d" -MT"src/platform.o" -o "src/platform.o" "../src/platform.c"
'Finished building: ../src/platform.c'
' '
'Building file: ../src/spatial_audio_run.c'
'Invoking: MicroBlaze gcc compiler'
mb-gcc -Wall -O0 -g3 -c -fmessage-length=0 -MT"src/spatial_audio_run.o" -I../../spatial_audio_app_bsp/microblaze_0/include -mlittle-endian -mcpu=v11.0 -mxl-soft-mul -Wl,--no-relax -ffunction-sections -fdata-sections -MMD -MP -MF"src/spatial_audio_run.d" -MT"src/spatial_audio_run.o" -o "src/spatial_audio_run.o" "../src/spatial_audio_run.c"
'Finished building: ../src/spatial_audio_run.c'
' '
'Building file: ../src/spatial_audio_uart.c'
'Invoking: MicroBlaze gcc compiler'
mb-gcc -Wall -O0 -g3 -c -fmessage-length=0 -MT"src/spatial_audio_uart.o" -I../../spatial_audio_app_bsp/microblaze_0/include -mlittle-endian -mcpu=v11.0 -mxl-soft-mul -Wl,--no-relax -ffunction-sections -fdata-sections -MMD -MP -MF"src/spatial_audio_uart.d" -MT"src/spatial_audio_uart.o" -o "src/spatial_audio_uart.o" "../src/spatial_audio_uart.c"
'Finished building: ../src/spatial_audio_uart.c'
' '
'Building target: spatial_audio_app.elf'
'Invoking: MicroBlaze gcc linker'
mb-gcc -Wl,-T -Wl,../src/lscript.ld -L../../spatial_audio_app_bsp/microblaze_0/lib -mlittle-endian -mcpu=v11.0 -mxl-soft-mul -Wl,--no-relax -Wl,--gc-sections -o "spatial_audio_app.elf"  ./src/platform.o ./src/spatial_audio_run.o ./src/spatial_audio_uart.o   -Wl,--start-group,-lxil,-lgcc,-lc,--end-group
'Finished building target: spatial_audio_app.elf'
' '
'Invoking: MicroBlaze Print Size'
mb-size spatial_audio_app.elf  |tee "spatial_audio_app.elf.size"
   text	   data	    bss	    dec	    hex	filename
  31644	    364	   3232	  35240	   89a8	spatial_audio_app.elf
'Finished building: spatial_audio_app.elf.size'
' '
10:56:49 **** Auto Build of configuration Debug for project spatial_audio_app ****
make all 
'Building file: ../src/spatial_audio_run.c'
'Invoking: MicroBlaze gcc compiler'
mb-gcc -Wall -O0 -g3 -c -fmessage-length=0 -MT"src/spatial_audio_run.o" -I../../spatial_audio_app_bsp/microblaze_0/include -mlittle-endian -mcpu=v11.0 -mxl-soft-mul -Wl,--no-relax -ffunction-sections -fdata-sections -MMD -MP -MF"src/spatial_audio_run.d" -MT"src/spatial_audio_run.o" -o "src/spatial_audio_run.o" "../src/spatial_audio_run.c"
'Finished building: ../src/spatial_audio_run.c'
' '
'Building target: spatial_audio_app.elf'
'Invoking: MicroBlaze gcc linker'
mb-gcc -Wl,-T -Wl,../src/lscript.ld -L../../spatial_audio_app_bsp/microblaze_0/lib -mlittle-endian -mcpu=v11.0 -mxl-soft-mul -Wl,--no-relax -Wl,--gc-sections -o "spatial_audio_app.elf"  ./src/platform.o ./src/spatial_audio_run.o ./src/spatial_audio_uart.o   -Wl,--start-group,-lxil,-lgcc,-lc,--end-group
f:/xilinx/sdk/2018.3/gnu/microblaze/nt/bin/../lib/gcc/microblaze-xilinx-elf/7.3.1/../../../../microblaze-xilinx-elf/lib/le/crtinit.o: In function `_crtinit':
(.text+0x78): undefined reference to `main'
collect2.exe: error: ld returned 1 exit status
make: *** [makefile:38: spatial_audio_app.elf] Error 1
10:57:18 **** Auto Build of configuration Debug for project spatial_audio_app ****
make all 
'Building file: ../src/jstk_test.c'
'Invoking: MicroBlaze gcc compiler'
mb-gcc -Wall -O0 -g3 -c -fmessage-length=0 -MT"src/jstk_test.o" -I../../spatial_audio_app_bsp/microblaze_0/include -mlittle-endian -mcpu=v11.0 -mxl-soft-mul -Wl,--no-relax -ffunction-sections -fdata-sections -MMD -MP -MF"src/jstk_test.d" -MT"src/jstk_test.o" -o "src/jstk_test.o" "../src/jstk_test.c"
'Finished building: ../src/jstk_test.c'
' '
'Building target: spatial_audio_app.elf'
'Invoking: MicroBlaze gcc linker'
mb-gcc -Wl,-T -Wl,../src/lscript.ld -L../../spatial_audio_app_bsp/microblaze_0/lib -mlittle-endian -mcpu=v11.0 -mxl-soft-mul -Wl,--no-relax -Wl,--gc-sections -o "spatial_audio_app.elf"  ./src/jstk_test.o ./src/platform.o ./src/spatial_audio_run.o ./src/spatial_audio_uart.o   -Wl,--start-group,-lxil,-lgcc,-lc,--end-group
'Finished building target: spatial_audio_app.elf'
' '
'Invoking: MicroBlaze Print Size'
mb-size spatial_audio_app.elf  |tee "spatial_audio_app.elf.size"
   text	   data	    bss	    dec	    hex	filename
  29952	    348	   3220	  33520	   82f0	spatial_audio_app.elf
'Finished building: spatial_audio_app.elf.size'
' '
10:58:28 **** Auto Build of configuration Debug for project spatial_audio_app ****
make all 
'Building file: ../src/jstk_test.c'
'Invoking: MicroBlaze gcc compiler'
mb-gcc -Wall -O0 -g3 -c -fmessage-length=0 -MT"src/jstk_test.o" -I../../spatial_audio_app_bsp/microblaze_0/include -mlittle-endian -mcpu=v11.0 -mxl-soft-mul -Wl,--no-relax -ffunction-sections -fdata-sections -MMD -MP -MF"src/jstk_test.d" -MT"src/jstk_test.o" -o "src/jstk_test.o" "../src/jstk_test.c"
'Finished building: ../src/jstk_test.c'
' '
'Building target: spatial_audio_app.elf'
'Invoking: MicroBlaze gcc linker'
mb-gcc -Wl,-T -Wl,../src/lscript.ld -L../../spatial_audio_app_bsp/microblaze_0/lib -mlittle-endian -mcpu=v11.0 -mxl-soft-mul -Wl,--no-relax -Wl,--gc-sections -o "spatial_audio_app.elf"  ./src/jstk_test.o ./src/platform.o ./src/spatial_audio_run.o ./src/spatial_audio_uart.o   -Wl,--start-group,-lxil,-lgcc,-lc,--end-group
f:/xilinx/sdk/2018.3/gnu/microblaze/nt/bin/../lib/gcc/microblaze-xilinx-elf/7.3.1/../../../../microblaze-xilinx-elf/lib/le/crtinit.o: In function `_crtinit':
(.text+0x78): undefined reference to `main'
collect2.exe: error: ld returned 1 exit status
make: *** [makefile:38: spatial_audio_app.elf] Error 1
10:58:33 **** Auto Build of configuration Debug for project spatial_audio_app ****
make all 
'Building file: ../src/spatial_audio_uart.c'
'Invoking: MicroBlaze gcc compiler'
mb-gcc -Wall -O0 -g3 -c -fmessage-length=0 -MT"src/spatial_audio_uart.o" -I../../spatial_audio_app_bsp/microblaze_0/include -mlittle-endian -mcpu=v11.0 -mxl-soft-mul -Wl,--no-relax -ffunction-sections -fdata-sections -MMD -MP -MF"src/spatial_audio_uart.d" -MT"src/spatial_audio_uart.o" -o "src/spatial_audio_uart.o" "../src/spatial_audio_uart.c"
'Finished building: ../src/spatial_audio_uart.c'
' '
'Building target: spatial_audio_app.elf'
'Invoking: MicroBlaze gcc linker'
mb-gcc -Wl,-T -Wl,../src/lscript.ld -L../../spatial_audio_app_bsp/microblaze_0/lib -mlittle-endian -mcpu=v11.0 -mxl-soft-mul -Wl,--no-relax -Wl,--gc-sections -o "spatial_audio_app.elf"  ./src/jstk_test.o ./src/platform.o ./src/spatial_audio_run.o ./src/spatial_audio_uart.o   -Wl,--start-group,-lxil,-lgcc,-lc,--end-group
'Finished building target: spatial_audio_app.elf'
' '
'Invoking: MicroBlaze Print Size'
mb-size spatial_audio_app.elf  |tee "spatial_audio_app.elf.size"
   text	   data	    bss	    dec	    hex	filename
   8848	    336	   3112	  12296	   3008	spatial_audio_app.elf
'Finished building: spatial_audio_app.elf.size'
' '
10:59:30 **** Auto Build of configuration Debug for project spatial_audio_app ****
make all 
'Building file: ../src/spatial_audio_uart.c'
'Invoking: MicroBlaze gcc compiler'
mb-gcc -Wall -O0 -g3 -c -fmessage-length=0 -MT"src/spatial_audio_uart.o" -I../../spatial_audio_app_bsp/microblaze_0/include -mlittle-endian -mcpu=v11.0 -mxl-soft-mul -Wl,--no-relax -ffunction-sections -fdata-sections -MMD -MP -MF"src/spatial_audio_uart.d" -MT"src/spatial_audio_uart.o" -o "src/spatial_audio_uart.o" "../src/spatial_audio_uart.c"
'Finished building: ../src/spatial_audio_uart.c'
' '
'Building target: spatial_audio_app.elf'
'Invoking: MicroBlaze gcc linker'
mb-gcc -Wl,-T -Wl,../src/lscript.ld -L../../spatial_audio_app_bsp/microblaze_0/lib -mlittle-endian -mcpu=v11.0 -mxl-soft-mul -Wl,--no-relax -Wl,--gc-sections -o "spatial_audio_app.elf"  ./src/jstk_test.o ./src/platform.o ./src/spatial_audio_run.o ./src/spatial_audio_uart.o   -Wl,--start-group,-lxil,-lgcc,-lc,--end-group
f:/xilinx/sdk/2018.3/gnu/microblaze/nt/bin/../lib/gcc/microblaze-xilinx-elf/7.3.1/../../../../microblaze-xilinx-elf/lib/le/crtinit.o: In function `_crtinit':
(.text+0x78): undefined reference to `main'
collect2.exe: error: ld returned 1 exit status
make: *** [makefile:38: spatial_audio_app.elf] Error 1
10:59:37 **** Auto Build of configuration Debug for project spatial_audio_app ****
make all 
'Building file: ../src/spatial_audio_run.c'
'Invoking: MicroBlaze gcc compiler'
mb-gcc -Wall -O0 -g3 -c -fmessage-length=0 -MT"src/spatial_audio_run.o" -I../../spatial_audio_app_bsp/microblaze_0/include -mlittle-endian -mcpu=v11.0 -mxl-soft-mul -Wl,--no-relax -ffunction-sections -fdata-sections -MMD -MP -MF"src/spatial_audio_run.d" -MT"src/spatial_audio_run.o" -o "src/spatial_audio_run.o" "../src/spatial_audio_run.c"
'Finished building: ../src/spatial_audio_run.c'
' '
'Building target: spatial_audio_app.elf'
'Invoking: MicroBlaze gcc linker'
mb-gcc -Wl,-T -Wl,../src/lscript.ld -L../../spatial_audio_app_bsp/microblaze_0/lib -mlittle-endian -mcpu=v11.0 -mxl-soft-mul -Wl,--no-relax -Wl,--gc-sections -o "spatial_audio_app.elf"  ./src/jstk_test.o ./src/platform.o ./src/spatial_audio_run.o ./src/spatial_audio_uart.o   -Wl,--start-group,-lxil,-lgcc,-lc,--end-group
'Finished building target: spatial_audio_app.elf'
' '
'Invoking: MicroBlaze Print Size'
mb-size spatial_audio_app.elf  |tee "spatial_audio_app.elf.size"
   text	   data	    bss	    dec	    hex	filename
  31644	    364	   3232	  35240	   89a8	spatial_audio_app.elf
'Finished building: spatial_audio_app.elf.size'
' '
10:59:50 **** Incremental Build of configuration Debug for project spatial_audio_app ****
make all 
make: Nothing to be done for 'all'.
11:01:53 **** Auto Build of configuration Debug for project spatial_audio_app ****
make all 
'Building file: ../src/spatial_audio_uart.c'
'Invoking: MicroBlaze gcc compiler'
mb-gcc -Wall -O0 -g3 -c -fmessage-length=0 -MT"src/spatial_audio_uart.o" -I../../spatial_audio_app_bsp/microblaze_0/include -mlittle-endian -mcpu=v11.0 -mxl-soft-mul -Wl,--no-relax -ffunction-sections -fdata-sections -MMD -MP -MF"src/spatial_audio_uart.d" -MT"src/spatial_audio_uart.o" -o "src/spatial_audio_uart.o" "../src/spatial_audio_uart.c"
'Finished building: ../src/spatial_audio_uart.c'
' '
'Building target: spatial_audio_app.elf'
'Invoking: MicroBlaze gcc linker'
mb-gcc -Wl,-T -Wl,../src/lscript.ld -L../../spatial_audio_app_bsp/microblaze_0/lib -mlittle-endian -mcpu=v11.0 -mxl-soft-mul -Wl,--no-relax -Wl,--gc-sections -o "spatial_audio_app.elf"  ./src/jstk_test.o ./src/platform.o ./src/spatial_audio_run.o ./src/spatial_audio_uart.o   -Wl,--start-group,-lxil,-lgcc,-lc,--end-group
'Finished building target: spatial_audio_app.elf'
' '
'Invoking: MicroBlaze Print Size'
mb-size spatial_audio_app.elf  |tee "spatial_audio_app.elf.size"
   text	   data	    bss	    dec	    hex	filename
  31644	    364	   3232	  35240	   89a8	spatial_audio_app.elf
'Finished building: spatial_audio_app.elf.size'
' '
11:02:02 **** Auto Build of configuration Debug for project spatial_audio_app ****
make all 
'Building file: ../src/jstk_test.c'
'Invoking: MicroBlaze gcc compiler'
mb-gcc -Wall -O0 -g3 -c -fmessage-length=0 -MT"src/jstk_test.o" -I../../spatial_audio_app_bsp/microblaze_0/include -mlittle-endian -mcpu=v11.0 -mxl-soft-mul -Wl,--no-relax -ffunction-sections -fdata-sections -MMD -MP -MF"src/jstk_test.d" -MT"src/jstk_test.o" -o "src/jstk_test.o" "../src/jstk_test.c"
'Finished building: ../src/jstk_test.c'
' '
'Building target: spatial_audio_app.elf'
'Invoking: MicroBlaze gcc linker'
mb-gcc -Wl,-T -Wl,../src/lscript.ld -L../../spatial_audio_app_bsp/microblaze_0/lib -mlittle-endian -mcpu=v11.0 -mxl-soft-mul -Wl,--no-relax -Wl,--gc-sections -o "spatial_audio_app.elf"  ./src/jstk_test.o ./src/platform.o ./src/spatial_audio_run.o ./src/spatial_audio_uart.o   -Wl,--start-group,-lxil,-lgcc,-lc,--end-group
'Finished building target: spatial_audio_app.elf'
' '
'Invoking: MicroBlaze Print Size'
mb-size spatial_audio_app.elf  |tee "spatial_audio_app.elf.size"
   text	   data	    bss	    dec	    hex	filename
  31644	    364	   3232	  35240	   89a8	spatial_audio_app.elf
'Finished building: spatial_audio_app.elf.size'
' '
