19:10:33 **** Auto Build of configuration Debug for project spatial_audio_v2 ****
make all 
'Building file: ../src/helloworld.c'
'Invoking: MicroBlaze gcc compiler'
mb-gcc -Wall -O0 -g3 -c -fmessage-length=0 -MT"src/helloworld.o" -I../../spatial_audio_v2_bsp/microblaze_0/include -mlittle-endian -mcpu=v11.0 -mxl-soft-mul -Wl,--no-relax -ffunction-sections -fdata-sections -MMD -MP -MF"src/helloworld.d" -MT"src/helloworld.o" -o "src/helloworld.o" "../src/helloworld.c"
'Finished building: ../src/helloworld.c'
' '
'Building target: spatial_audio_v2.elf'
'Invoking: MicroBlaze gcc linker'
mb-gcc -Wl,-T -Wl,../src/lscript.ld -L../../spatial_audio_v2_bsp/microblaze_0/lib -mlittle-endian -mcpu=v11.0 -mxl-soft-mul -Wl,--no-relax -Wl,--gc-sections -o "spatial_audio_v2.elf"  ./src/helloworld.o ./src/platform.o   -Wl,--start-group,-lxil,-lgcc,-lc,--end-group
'Finished building target: spatial_audio_v2.elf'
' '
'Invoking: MicroBlaze Print Size'
mb-size spatial_audio_v2.elf  |tee "spatial_audio_v2.elf.size"
   text	   data	    bss	    dec	    hex	filename
  43732	    448	   3484	  47664	   ba30	spatial_audio_v2.elf
'Finished building: spatial_audio_v2.elf.size'
' '

19:10:44 Build Finished (took 10s.676ms)

