10:51:47 INFO  : Registering command handlers for SDK TCF services
10:51:47 INFO  : Launching XSCT server: xsct.bat -interactive D:\ECE532\ECE532_3D_spatial_audio\Vivado_WorkDir\spatial_audio.sdk\temp_xsdb_launch_script.tcl
10:51:49 INFO  : XSCT server has started successfully.
10:51:49 INFO  : Successfully done setting XSCT server connection channel  
10:51:49 INFO  : Successfully done setting SDK workspace  
10:51:49 INFO  : Processing command line option -hwspec D:/ECE532/ECE532_3D_spatial_audio/Vivado_WorkDir/spatial_audio.sdk/design_1_wrapper.hdf.
10:53:18 INFO  : 'targets -set -filter {jtag_cable_name =~ "Digilent Nexys4DDR 210292646056A" && level==0} -index 0' command is executed.
10:53:18 INFO  : 'fpga -state' command is executed.
10:53:19 INFO  : Connected to target on host '127.0.0.1' and port '3121'.
10:53:19 INFO  : Jtag cable 'Digilent Nexys4DDR 210292646056A' is selected.
10:53:19 INFO  : 'jtag frequency' command is executed.
10:53:19 INFO  : 'configparams mdm-detect-bscan-mask 2' command is executed.
10:53:19 INFO  : ----------------XSDB Script----------------
connect -url tcp:127.0.0.1:3121
configparams mdm-detect-bscan-mask 2
----------------End of Script----------------

10:53:19 INFO  : Disconnected from the channel tcfchan#1.
10:54:36 INFO  : 'targets -set -filter {jtag_cable_name =~ "Digilent Nexys4DDR 210292646056A" && level==0} -index 0' command is executed.
10:54:36 INFO  : 'fpga -state' command is executed.
10:54:36 INFO  : Connected to target on host '127.0.0.1' and port '3121'.
10:54:36 INFO  : Jtag cable 'Digilent Nexys4DDR 210292646056A' is selected.
10:54:36 INFO  : 'jtag frequency' command is executed.
10:54:36 INFO  : 'configparams mdm-detect-bscan-mask 2' command is executed.
10:54:36 INFO  : ----------------XSDB Script----------------
connect -url tcp:127.0.0.1:3121
configparams mdm-detect-bscan-mask 2
----------------End of Script----------------

10:54:36 INFO  : Disconnected from the channel tcfchan#2.
10:55:51 INFO  : Connected to target on host '127.0.0.1' and port '3121'.
10:55:51 INFO  : 'targets -set -filter {jtag_cable_name =~ "Digilent Nexys4DDR 210292646056A" && level==0} -index 0' command is executed.
10:55:53 INFO  : FPGA configured successfully with bitstream "D:/ECE532/ECE532_3D_spatial_audio/Vivado_WorkDir/spatial_audio.sdk/design_1_wrapper_hw_platform_0/download.bit"
10:57:47 INFO  : 'targets -set -filter {jtag_cable_name =~ "Digilent Nexys4DDR 210292646056A" && level==0} -index 0' command is executed.
10:57:47 INFO  : 'fpga -state' command is executed.
10:57:47 INFO  : Connected to target on host '127.0.0.1' and port '3121'.
10:57:47 INFO  : Jtag cable 'Digilent Nexys4DDR 210292646056A' is selected.
10:57:47 INFO  : 'jtag frequency' command is executed.
10:57:47 INFO  : 'configparams mdm-detect-bscan-mask 2' command is executed.
10:57:47 INFO  : ----------------XSDB Script----------------
connect -url tcp:127.0.0.1:3121
configparams mdm-detect-bscan-mask 2
----------------End of Script----------------

10:57:47 INFO  : Disconnected from the channel tcfchan#3.
10:58:04 INFO  : 'targets -set -filter {jtag_cable_name =~ "Digilent Nexys4DDR 210292646056A" && level==0} -index 0' command is executed.
10:58:04 INFO  : 'fpga -state' command is executed.
10:58:04 INFO  : Connected to target on host '127.0.0.1' and port '3121'.
10:58:04 INFO  : Jtag cable 'Digilent Nexys4DDR 210292646056A' is selected.
10:58:04 INFO  : 'jtag frequency' command is executed.
10:58:04 INFO  : 'configparams mdm-detect-bscan-mask 2' command is executed.
10:58:04 INFO  : ----------------XSDB Script----------------
connect -url tcp:127.0.0.1:3121
configparams mdm-detect-bscan-mask 2
----------------End of Script----------------

10:58:04 INFO  : Disconnected from the channel tcfchan#4.
10:58:43 INFO  : 'targets -set -filter {jtag_cable_name =~ "Digilent Nexys4DDR 210292646056A" && level==0} -index 0' command is executed.
10:58:43 INFO  : 'fpga -state' command is executed.
10:58:43 INFO  : Connected to target on host '127.0.0.1' and port '3121'.
10:58:43 INFO  : Jtag cable 'Digilent Nexys4DDR 210292646056A' is selected.
10:58:43 INFO  : 'jtag frequency' command is executed.
10:58:43 INFO  : 'configparams mdm-detect-bscan-mask 2' command is executed.
10:58:43 INFO  : ----------------XSDB Script----------------
connect -url tcp:127.0.0.1:3121
configparams mdm-detect-bscan-mask 2
----------------End of Script----------------

10:58:43 INFO  : Disconnected from the channel tcfchan#5.
10:59:22 INFO  : 'targets -set -filter {jtag_cable_name =~ "Digilent Nexys4DDR 210292646056A" && level==0} -index 0' command is executed.
10:59:22 INFO  : 'fpga -state' command is executed.
10:59:22 INFO  : Connected to target on host '127.0.0.1' and port '3121'.
10:59:22 INFO  : Jtag cable 'Digilent Nexys4DDR 210292646056A' is selected.
10:59:22 INFO  : 'jtag frequency' command is executed.
10:59:22 INFO  : 'configparams mdm-detect-bscan-mask 2' command is executed.
10:59:22 INFO  : Context for processor 'microblaze_0' is selected.
10:59:22 INFO  : Processor reset is completed for 'microblaze_0'.
10:59:22 INFO  : Context for processor 'microblaze_0' is selected.
10:59:22 INFO  : The application 'D:/ECE532/ECE532_3D_spatial_audio/Vivado_WorkDir/spatial_audio.sdk/spatial_audio_app/Debug/spatial_audio_app.elf' is downloaded to processor 'microblaze_0'.
10:59:22 INFO  : ----------------XSDB Script----------------
connect -url tcp:127.0.0.1:3121
configparams mdm-detect-bscan-mask 2
targets -set -nocase -filter {name =~ "microblaze*#0" && bscan=="USER2"  && jtag_cable_name =~ "Digilent Nexys4DDR 210292646056A"} -index 0
rst -processor
targets -set -nocase -filter {name =~ "microblaze*#0" && bscan=="USER2"  && jtag_cable_name =~ "Digilent Nexys4DDR 210292646056A"} -index 0
dow D:/ECE532/ECE532_3D_spatial_audio/Vivado_WorkDir/spatial_audio.sdk/spatial_audio_app/Debug/spatial_audio_app.elf
----------------End of Script----------------

10:59:22 INFO  : Context for processor 'microblaze_0' is selected.
10:59:22 INFO  : 'con' command is executed.
10:59:22 INFO  : ----------------XSDB Script (After Launch)----------------
targets -set -nocase -filter {name =~ "microblaze*#0" && bscan=="USER2"  && jtag_cable_name =~ "Digilent Nexys4DDR 210292646056A"} -index 0
con
----------------End of Script----------------

10:59:22 INFO  : Disconnected from the channel tcfchan#6.
10:59:53 INFO  : 'targets -set -filter {jtag_cable_name =~ "Digilent Nexys4DDR 210292646056A" && level==0} -index 0' command is executed.
10:59:53 INFO  : 'fpga -state' command is executed.
10:59:53 INFO  : Connected to target on host '127.0.0.1' and port '3121'.
10:59:53 INFO  : Jtag cable 'Digilent Nexys4DDR 210292646056A' is selected.
10:59:53 INFO  : 'jtag frequency' command is executed.
10:59:53 INFO  : 'configparams mdm-detect-bscan-mask 2' command is executed.
10:59:53 INFO  : Context for processor 'microblaze_0' is selected.
10:59:53 INFO  : Processor reset is completed for 'microblaze_0'.
10:59:53 INFO  : Context for processor 'microblaze_0' is selected.
10:59:53 INFO  : The application 'D:/ECE532/ECE532_3D_spatial_audio/Vivado_WorkDir/spatial_audio.sdk/spatial_audio_app/Debug/spatial_audio_app.elf' is downloaded to processor 'microblaze_0'.
10:59:53 INFO  : ----------------XSDB Script----------------
connect -url tcp:127.0.0.1:3121
configparams mdm-detect-bscan-mask 2
targets -set -nocase -filter {name =~ "microblaze*#0" && bscan=="USER2"  && jtag_cable_name =~ "Digilent Nexys4DDR 210292646056A"} -index 0
rst -processor
targets -set -nocase -filter {name =~ "microblaze*#0" && bscan=="USER2"  && jtag_cable_name =~ "Digilent Nexys4DDR 210292646056A"} -index 0
dow D:/ECE532/ECE532_3D_spatial_audio/Vivado_WorkDir/spatial_audio.sdk/spatial_audio_app/Debug/spatial_audio_app.elf
----------------End of Script----------------

10:59:53 INFO  : Context for processor 'microblaze_0' is selected.
10:59:53 INFO  : 'con' command is executed.
10:59:53 INFO  : ----------------XSDB Script (After Launch)----------------
targets -set -nocase -filter {name =~ "microblaze*#0" && bscan=="USER2"  && jtag_cable_name =~ "Digilent Nexys4DDR 210292646056A"} -index 0
con
----------------End of Script----------------

10:59:53 INFO  : Disconnected from the channel tcfchan#7.
11:08:45 INFO  : Registering command handlers for SDK TCF services
11:08:45 INFO  : Launching XSCT server: xsct.bat -interactive D:\ECE532\ECE532_3D_spatial_audio\Vivado_WorkDir\spatial_audio.sdk\temp_xsdb_launch_script.tcl
11:08:47 INFO  : XSCT server has started successfully.
11:08:47 INFO  : Successfully done setting XSCT server connection channel  
11:08:47 INFO  : Successfully done setting SDK workspace  
11:08:47 INFO  : Processing command line option -hwspec D:/ECE532/ECE532_3D_spatial_audio/Vivado_WorkDir/spatial_audio.sdk/design_1_wrapper.hdf.
11:08:47 INFO  : Checking for hwspec changes in the project design_1_wrapper_hw_platform_0.
11:08:48 INFO  : SDK has detected change in the last modified timestamps for source hardware specification file Source:1772121996449,  Project:1772120679937
11:08:48 INFO  : The hardware specification for project 'design_1_wrapper_hw_platform_0' is different from D:/ECE532/ECE532_3D_spatial_audio/Vivado_WorkDir/spatial_audio.sdk/design_1_wrapper.hdf.
11:08:48 INFO  : Copied contents of D:/ECE532/ECE532_3D_spatial_audio/Vivado_WorkDir/spatial_audio.sdk/design_1_wrapper.hdf into \design_1_wrapper_hw_platform_0\system.hdf.
11:08:49 INFO  : Synchronizing projects in the workspace with the hardware platform specification changes.
11:08:50 INFO  : 
11:08:51 INFO  : Updating hardware inferred compiler options for spatial_audio_app.
11:08:51 INFO  : Clearing existing target manager status.
11:09:14 INFO  : Connected to target on host '127.0.0.1' and port '3121'.
11:09:14 INFO  : 'targets -set -filter {jtag_cable_name =~ "Digilent Nexys4DDR 210292646056A" && level==0} -index 0' command is executed.
11:09:17 INFO  : FPGA configured successfully with bitstream "D:/ECE532/ECE532_3D_spatial_audio/Vivado_WorkDir/spatial_audio.sdk/design_1_wrapper_hw_platform_0/download.bit"
11:09:48 INFO  : 'targets -set -filter {jtag_cable_name =~ "Digilent Nexys4DDR 210292646056A" && level==0} -index 0' command is executed.
11:09:48 INFO  : 'fpga -state' command is executed.
11:09:48 INFO  : Connected to target on host '127.0.0.1' and port '3121'.
11:09:49 INFO  : Jtag cable 'Digilent Nexys4DDR 210292646056A' is selected.
11:09:49 INFO  : 'jtag frequency' command is executed.
11:09:49 INFO  : 'configparams mdm-detect-bscan-mask 2' command is executed.
11:09:49 INFO  : Context for processor 'microblaze_0' is selected.
11:09:49 INFO  : Processor reset is completed for 'microblaze_0'.
11:09:49 INFO  : Context for processor 'microblaze_0' is selected.
11:09:49 INFO  : The application 'D:/ECE532/ECE532_3D_spatial_audio/Vivado_WorkDir/spatial_audio.sdk/spatial_audio_app/Debug/spatial_audio_app.elf' is downloaded to processor 'microblaze_0'.
11:09:49 INFO  : ----------------XSDB Script----------------
connect -url tcp:127.0.0.1:3121
configparams mdm-detect-bscan-mask 2
targets -set -nocase -filter {name =~ "microblaze*#0" && bscan=="USER2"  && jtag_cable_name =~ "Digilent Nexys4DDR 210292646056A"} -index 0
rst -processor
targets -set -nocase -filter {name =~ "microblaze*#0" && bscan=="USER2"  && jtag_cable_name =~ "Digilent Nexys4DDR 210292646056A"} -index 0
dow D:/ECE532/ECE532_3D_spatial_audio/Vivado_WorkDir/spatial_audio.sdk/spatial_audio_app/Debug/spatial_audio_app.elf
----------------End of Script----------------

11:09:49 INFO  : Context for processor 'microblaze_0' is selected.
11:09:49 INFO  : 'con' command is executed.
11:09:49 INFO  : ----------------XSDB Script (After Launch)----------------
targets -set -nocase -filter {name =~ "microblaze*#0" && bscan=="USER2"  && jtag_cable_name =~ "Digilent Nexys4DDR 210292646056A"} -index 0
con
----------------End of Script----------------

11:09:49 INFO  : Disconnected from the channel tcfchan#1.
11:10:30 INFO  : 'targets -set -filter {jtag_cable_name =~ "Digilent Nexys4DDR 210292646056A" && level==0} -index 0' command is executed.
11:10:30 INFO  : 'fpga -state' command is executed.
11:10:30 INFO  : Connected to target on host '127.0.0.1' and port '3121'.
11:10:31 INFO  : Jtag cable 'Digilent Nexys4DDR 210292646056A' is selected.
11:10:31 INFO  : 'jtag frequency' command is executed.
11:10:31 INFO  : 'configparams mdm-detect-bscan-mask 2' command is executed.
11:10:31 INFO  : Context for processor 'microblaze_0' is selected.
11:10:31 INFO  : Processor reset is completed for 'microblaze_0'.
11:10:31 INFO  : Context for processor 'microblaze_0' is selected.
11:10:31 INFO  : The application 'D:/ECE532/ECE532_3D_spatial_audio/Vivado_WorkDir/spatial_audio.sdk/spatial_audio_app/Debug/spatial_audio_app.elf' is downloaded to processor 'microblaze_0'.
11:10:31 INFO  : ----------------XSDB Script----------------
connect -url tcp:127.0.0.1:3121
configparams mdm-detect-bscan-mask 2
targets -set -nocase -filter {name =~ "microblaze*#0" && bscan=="USER2"  && jtag_cable_name =~ "Digilent Nexys4DDR 210292646056A"} -index 0
rst -processor
targets -set -nocase -filter {name =~ "microblaze*#0" && bscan=="USER2"  && jtag_cable_name =~ "Digilent Nexys4DDR 210292646056A"} -index 0
dow D:/ECE532/ECE532_3D_spatial_audio/Vivado_WorkDir/spatial_audio.sdk/spatial_audio_app/Debug/spatial_audio_app.elf
----------------End of Script----------------

11:10:31 INFO  : Context for processor 'microblaze_0' is selected.
11:10:31 INFO  : 'con' command is executed.
11:10:31 INFO  : ----------------XSDB Script (After Launch)----------------
targets -set -nocase -filter {name =~ "microblaze*#0" && bscan=="USER2"  && jtag_cable_name =~ "Digilent Nexys4DDR 210292646056A"} -index 0
con
----------------End of Script----------------

11:10:31 INFO  : Disconnected from the channel tcfchan#2.
11:11:02 INFO  : 'targets -set -filter {jtag_cable_name =~ "Digilent Nexys4DDR 210292646056A" && level==0} -index 0' command is executed.
11:11:02 INFO  : 'fpga -state' command is executed.
11:11:02 INFO  : Connected to target on host '127.0.0.1' and port '3121'.
11:11:02 INFO  : Jtag cable 'Digilent Nexys4DDR 210292646056A' is selected.
11:11:02 INFO  : 'jtag frequency' command is executed.
11:11:02 INFO  : 'configparams mdm-detect-bscan-mask 2' command is executed.
11:11:02 INFO  : Context for processor 'microblaze_0' is selected.
11:11:02 INFO  : Processor reset is completed for 'microblaze_0'.
11:11:02 INFO  : Context for processor 'microblaze_0' is selected.
11:11:02 INFO  : The application 'D:/ECE532/ECE532_3D_spatial_audio/Vivado_WorkDir/spatial_audio.sdk/spatial_audio_app/Debug/spatial_audio_app.elf' is downloaded to processor 'microblaze_0'.
11:11:02 INFO  : ----------------XSDB Script----------------
connect -url tcp:127.0.0.1:3121
configparams mdm-detect-bscan-mask 2
targets -set -nocase -filter {name =~ "microblaze*#0" && bscan=="USER2"  && jtag_cable_name =~ "Digilent Nexys4DDR 210292646056A"} -index 0
rst -processor
targets -set -nocase -filter {name =~ "microblaze*#0" && bscan=="USER2"  && jtag_cable_name =~ "Digilent Nexys4DDR 210292646056A"} -index 0
dow D:/ECE532/ECE532_3D_spatial_audio/Vivado_WorkDir/spatial_audio.sdk/spatial_audio_app/Debug/spatial_audio_app.elf
----------------End of Script----------------

11:11:02 INFO  : Context for processor 'microblaze_0' is selected.
11:11:02 INFO  : 'con' command is executed.
11:11:02 INFO  : ----------------XSDB Script (After Launch)----------------
targets -set -nocase -filter {name =~ "microblaze*#0" && bscan=="USER2"  && jtag_cable_name =~ "Digilent Nexys4DDR 210292646056A"} -index 0
con
----------------End of Script----------------

11:11:02 INFO  : Disconnected from the channel tcfchan#3.
22:06:10 INFO  : Registering command handlers for SDK TCF services
22:06:10 INFO  : Launching XSCT server: xsct.bat -interactive C:\Users\andyl\Desktop\ECE532_3D_spatial_audio\Vivado_WorkDir\spatial_audio.sdk\temp_xsdb_launch_script.tcl
22:06:14 INFO  : XSCT server has started successfully.
22:06:18 INFO  : Successfully done setting XSCT server connection channel  
22:06:18 INFO  : Successfully done setting SDK workspace  
22:06:18 INFO  : Processing command line option -hwspec C:/Users/andyl/Desktop/ECE532_3D_spatial_audio/Vivado_WorkDir/spatial_audio.sdk/design_1_wrapper.hdf.
22:08:14 INFO  : Connected to target on host '127.0.0.1' and port '3121'.
22:08:15 INFO  : 'targets -set -filter {jtag_cable_name =~ "Digilent Nexys4DDR 210292646056A" && level==0} -index 0' command is executed.
22:08:17 INFO  : FPGA configured successfully with bitstream "C:/Users/andyl/Desktop/ECE532_3D_spatial_audio/Vivado_WorkDir/spatial_audio.sdk/design_1_wrapper_hw_platform_0/download.bit"
22:10:36 INFO  : Connected to target on host '127.0.0.1' and port '3121'.
22:10:36 INFO  : 'targets -set -filter {jtag_cable_name =~ "Digilent Nexys4DDR 210292646056A" && level==0} -index 0' command is executed.
22:10:38 INFO  : FPGA configured successfully with bitstream "C:/Users/andyl/Desktop/ECE532_3D_spatial_audio/Vivado_WorkDir/spatial_audio.sdk/design_1_wrapper_hw_platform_0/download.bit"
22:10:48 INFO  : Connected to target on host '127.0.0.1' and port '3121'.
22:10:48 INFO  : Jtag cable 'Digilent Nexys4DDR 210292646056A' is selected.
22:10:48 INFO  : 'jtag frequency' command is executed.
22:10:48 INFO  : 'targets -set -filter {jtag_cable_name =~ "Digilent Nexys4DDR 210292646056A" && level==0} -index 0' command is executed.
22:10:50 INFO  : FPGA configured successfully with bitstream "C:/Users/andyl/Desktop/ECE532_3D_spatial_audio/Vivado_WorkDir/spatial_audio.sdk/design_1_wrapper_hw_platform_0/design_1_wrapper.bit"
22:10:50 INFO  : 'configparams mdm-detect-bscan-mask 2' command is executed.
22:10:50 INFO  : Context for processor 'microblaze_0' is selected.
22:10:50 INFO  : Processor reset is completed for 'microblaze_0'.
22:10:50 INFO  : Context for processor 'microblaze_0' is selected.
22:10:51 INFO  : The application 'C:/Users/andyl/Desktop/ECE532_3D_spatial_audio/Vivado_WorkDir/spatial_audio.sdk/spatial_audio_app/Debug/spatial_audio_app.elf' is downloaded to processor 'microblaze_0'.
22:10:51 INFO  : ----------------XSDB Script----------------
connect -url tcp:127.0.0.1:3121
targets -set -filter {jtag_cable_name =~ "Digilent Nexys4DDR 210292646056A" && level==0} -index 0
fpga -file C:/Users/andyl/Desktop/ECE532_3D_spatial_audio/Vivado_WorkDir/spatial_audio.sdk/design_1_wrapper_hw_platform_0/design_1_wrapper.bit
configparams mdm-detect-bscan-mask 2
targets -set -nocase -filter {name =~ "microblaze*#0" && bscan=="USER2"  && jtag_cable_name =~ "Digilent Nexys4DDR 210292646056A"} -index 0
rst -processor
targets -set -nocase -filter {name =~ "microblaze*#0" && bscan=="USER2"  && jtag_cable_name =~ "Digilent Nexys4DDR 210292646056A"} -index 0
dow C:/Users/andyl/Desktop/ECE532_3D_spatial_audio/Vivado_WorkDir/spatial_audio.sdk/spatial_audio_app/Debug/spatial_audio_app.elf
----------------End of Script----------------

22:10:51 INFO  : Context for processor 'microblaze_0' is selected.
22:10:51 INFO  : 'con' command is executed.
22:10:51 INFO  : ----------------XSDB Script (After Launch)----------------
targets -set -nocase -filter {name =~ "microblaze*#0" && bscan=="USER2"  && jtag_cable_name =~ "Digilent Nexys4DDR 210292646056A"} -index 0
con
----------------End of Script----------------

22:10:51 INFO  : Disconnected from the channel tcfchan#1.
23:49:20 INFO  : SDK has detected change in the last modified timestamps for source hardware specification file Source:1772426864167,  Project:1772420375622
23:49:20 INFO  : Project design_1_wrapper_hw_platform_1's source hardware specification located at C:/Users/andyl/Desktop/ECE532_3D_spatial_audio/Vivado_WorkDir/spatial_audio.sdk/design_1_wrapper.hdf is now different from the local copy.
		 The local copy will be replaced with the source specification and your workspace will be updated.
23:53:24 INFO  : Project design_1_wrapper_hw_platform_1's source hardware specification location will not be monitored anymore.
23:53:41 INFO  : Registering command handlers for SDK TCF services
23:53:41 INFO  : Launching XSCT server: xsct.bat -interactive C:\Users\andyl\Desktop\ECE532_3D_spatial_audio\Vivado_WorkDir\spatial_audio.sdk\temp_xsdb_launch_script.tcl
23:53:44 INFO  : XSCT server has started successfully.
23:53:48 INFO  : Successfully done setting XSCT server connection channel  
23:53:48 INFO  : Successfully done setting SDK workspace  
23:53:48 INFO  : Processing command line option -hwspec C:/Users/andyl/Desktop/ECE532_3D_spatial_audio/Vivado_WorkDir/spatial_audio.sdk/design_1_wrapper.hdf.
23:54:15 INFO  : Connected to target on host '127.0.0.1' and port '3121'.
23:54:16 INFO  : 'targets -set -filter {jtag_cable_name =~ "Digilent Nexys4DDR 210292646056A" && level==0} -index 0' command is executed.
23:54:18 INFO  : FPGA configured successfully with bitstream "C:/Users/andyl/Desktop/ECE532_3D_spatial_audio/Vivado_WorkDir/spatial_audio.sdk/design_1_wrapper_hw_platform_0/download.bit"
23:54:36 INFO  : Connected to target on host '127.0.0.1' and port '3121'.
23:54:36 INFO  : Jtag cable 'Digilent Nexys4DDR 210292646056A' is selected.
23:54:36 INFO  : 'jtag frequency' command is executed.
23:54:36 INFO  : 'targets -set -filter {jtag_cable_name =~ "Digilent Nexys4DDR 210292646056A" && level==0} -index 0' command is executed.
23:54:38 INFO  : FPGA configured successfully with bitstream "C:/Users/andyl/Desktop/ECE532_3D_spatial_audio/Vivado_WorkDir/spatial_audio.sdk/design_1_wrapper_hw_platform_0/design_1_wrapper.bit"
23:54:38 INFO  : 'configparams mdm-detect-bscan-mask 2' command is executed.
23:54:38 INFO  : Context for processor 'microblaze_0' is selected.
23:54:38 INFO  : Processor reset is completed for 'microblaze_0'.
23:54:38 INFO  : Context for processor 'microblaze_0' is selected.
23:54:38 INFO  : The application 'C:/Users/andyl/Desktop/ECE532_3D_spatial_audio/Vivado_WorkDir/spatial_audio.sdk/spatial_audio_app/Debug/spatial_audio_app.elf' is downloaded to processor 'microblaze_0'.
23:54:38 INFO  : ----------------XSDB Script----------------
connect -url tcp:127.0.0.1:3121
targets -set -filter {jtag_cable_name =~ "Digilent Nexys4DDR 210292646056A" && level==0} -index 0
fpga -file C:/Users/andyl/Desktop/ECE532_3D_spatial_audio/Vivado_WorkDir/spatial_audio.sdk/design_1_wrapper_hw_platform_0/design_1_wrapper.bit
configparams mdm-detect-bscan-mask 2
targets -set -nocase -filter {name =~ "microblaze*#0" && bscan=="USER2"  && jtag_cable_name =~ "Digilent Nexys4DDR 210292646056A"} -index 0
rst -processor
targets -set -nocase -filter {name =~ "microblaze*#0" && bscan=="USER2"  && jtag_cable_name =~ "Digilent Nexys4DDR 210292646056A"} -index 0
dow C:/Users/andyl/Desktop/ECE532_3D_spatial_audio/Vivado_WorkDir/spatial_audio.sdk/spatial_audio_app/Debug/spatial_audio_app.elf
----------------End of Script----------------

23:54:38 INFO  : Context for processor 'microblaze_0' is selected.
23:54:38 INFO  : 'con' command is executed.
23:54:38 INFO  : ----------------XSDB Script (After Launch)----------------
targets -set -nocase -filter {name =~ "microblaze*#0" && bscan=="USER2"  && jtag_cable_name =~ "Digilent Nexys4DDR 210292646056A"} -index 0
con
----------------End of Script----------------

23:54:38 INFO  : Disconnected from the channel tcfchan#1.
00:05:20 INFO  : SDK has detected change in the last modified timestamps for source hardware specification file Source:1772427885328,  Project:1772426864167
00:05:20 INFO  : Project design_1_wrapper_hw_platform_2's source hardware specification located at C:/Users/andyl/Desktop/ECE532_3D_spatial_audio/Vivado_WorkDir/spatial_audio.sdk/design_1_wrapper.hdf is now different from the local copy.
		 The local copy will be replaced with the source specification and your workspace will be updated.
00:05:30 INFO  : Project design_1_wrapper_hw_platform_2's source hardware specification location will not be monitored anymore.
00:05:42 INFO  : Launching XSCT server: xsct.bat -interactive C:\Users\andyl\Desktop\ECE532_3D_spatial_audio\Vivado_WorkDir\spatial_audio.sdk\temp_xsdb_launch_script.tcl
00:05:43 INFO  : XSCT server has started successfully.
00:05:44 INFO  : Successfully done setting XSCT server connection channel  
00:05:44 INFO  : Successfully done setting SDK workspace  
00:05:45 INFO  : Registering command handlers for SDK TCF services
00:05:45 INFO  : Processing command line option -hwspec C:/Users/andyl/Desktop/ECE532_3D_spatial_audio/Vivado_WorkDir/spatial_audio.sdk/design_1_wrapper.hdf.
00:06:29 INFO  : Connected to target on host '127.0.0.1' and port '3121'.
00:06:29 INFO  : 'targets -set -filter {jtag_cable_name =~ "Digilent Nexys4DDR 210292646056A" && level==0} -index 0' command is executed.
00:06:31 INFO  : FPGA configured successfully with bitstream "C:/Users/andyl/Desktop/ECE532_3D_spatial_audio/Vivado_WorkDir/spatial_audio.sdk/design_1_wrapper_hw_platform_0/download.bit"
00:06:58 INFO  : Connected to target on host '127.0.0.1' and port '3121'.
00:06:58 INFO  : Jtag cable 'Digilent Nexys4DDR 210292646056A' is selected.
00:06:58 INFO  : 'jtag frequency' command is executed.
00:06:58 INFO  : 'targets -set -filter {jtag_cable_name =~ "Digilent Nexys4DDR 210292646056A" && level==0} -index 0' command is executed.
00:07:00 INFO  : FPGA configured successfully with bitstream "C:/Users/andyl/Desktop/ECE532_3D_spatial_audio/Vivado_WorkDir/spatial_audio.sdk/design_1_wrapper_hw_platform_0/design_1_wrapper.bit"
00:07:00 INFO  : 'configparams mdm-detect-bscan-mask 2' command is executed.
00:07:00 INFO  : Context for processor 'microblaze_0' is selected.
00:07:00 INFO  : Processor reset is completed for 'microblaze_0'.
00:07:00 INFO  : Context for processor 'microblaze_0' is selected.
00:07:01 INFO  : The application 'C:/Users/andyl/Desktop/ECE532_3D_spatial_audio/Vivado_WorkDir/spatial_audio.sdk/spatial_audio_app/Debug/spatial_audio_app.elf' is downloaded to processor 'microblaze_0'.
00:07:01 INFO  : ----------------XSDB Script----------------
connect -url tcp:127.0.0.1:3121
targets -set -filter {jtag_cable_name =~ "Digilent Nexys4DDR 210292646056A" && level==0} -index 0
fpga -file C:/Users/andyl/Desktop/ECE532_3D_spatial_audio/Vivado_WorkDir/spatial_audio.sdk/design_1_wrapper_hw_platform_0/design_1_wrapper.bit
configparams mdm-detect-bscan-mask 2
targets -set -nocase -filter {name =~ "microblaze*#0" && bscan=="USER2"  && jtag_cable_name =~ "Digilent Nexys4DDR 210292646056A"} -index 0
rst -processor
targets -set -nocase -filter {name =~ "microblaze*#0" && bscan=="USER2"  && jtag_cable_name =~ "Digilent Nexys4DDR 210292646056A"} -index 0
dow C:/Users/andyl/Desktop/ECE532_3D_spatial_audio/Vivado_WorkDir/spatial_audio.sdk/spatial_audio_app/Debug/spatial_audio_app.elf
----------------End of Script----------------

00:07:01 INFO  : Context for processor 'microblaze_0' is selected.
00:07:01 INFO  : 'con' command is executed.
00:07:01 INFO  : ----------------XSDB Script (After Launch)----------------
targets -set -nocase -filter {name =~ "microblaze*#0" && bscan=="USER2"  && jtag_cable_name =~ "Digilent Nexys4DDR 210292646056A"} -index 0
con
----------------End of Script----------------

00:07:01 INFO  : Disconnected from the channel tcfchan#1.
00:21:09 INFO  : Launching XSCT server: xsct.bat -interactive C:\Users\andyl\Desktop\ECE532_3D_spatial_audio\Vivado_WorkDir\spatial_audio.sdk\temp_xsdb_launch_script.tcl
00:21:13 INFO  : XSCT server has started successfully.
00:21:22 INFO  : Successfully done setting XSCT server connection channel  
00:21:22 INFO  : Successfully done setting SDK workspace  
00:21:23 INFO  : Registering command handlers for SDK TCF services
00:21:24 INFO  : Processing command line option -hwspec C:/Users/andyl/Desktop/ECE532_3D_spatial_audio/Vivado_WorkDir/spatial_audio.sdk/design_1_wrapper.hdf.
00:21:24 INFO  : Checking for hwspec changes in the project design_1_wrapper_hw_platform_3.
00:21:24 INFO  : SDK has detected change in the last modified timestamps for source hardware specification file Source:1772428831416,  Project:1772427885328
00:21:24 INFO  : The hardware specification for project 'design_1_wrapper_hw_platform_3' is different from C:/Users/andyl/Desktop/ECE532_3D_spatial_audio/Vivado_WorkDir/spatial_audio.sdk/design_1_wrapper.hdf.
00:21:25 INFO  : Copied contents of C:/Users/andyl/Desktop/ECE532_3D_spatial_audio/Vivado_WorkDir/spatial_audio.sdk/design_1_wrapper.hdf into \design_1_wrapper_hw_platform_3\system.hdf.
00:21:25 INFO  : Synchronizing projects in the workspace with the hardware platform specification changes.
00:21:25 INFO  : Clearing existing target manager status.
00:21:25 INFO  : Workspace synchronized with the new hardware specification file. Cleaning dependent projects...
00:21:25 WARN  : Linker script will not be updated automatically. Users need to update it manually.
00:23:06 INFO  : Connected to target on host '127.0.0.1' and port '3121'.
00:23:06 INFO  : 'targets -set -filter {jtag_cable_name =~ "Digilent Nexys4DDR 210292646056A" && level==0} -index 0' command is executed.
00:23:08 INFO  : FPGA configured successfully with bitstream "C:/Users/andyl/Desktop/ECE532_3D_spatial_audio/Vivado_WorkDir/spatial_audio.sdk/design_1_wrapper_hw_platform_0/download.bit"
00:24:16 INFO  : Connected to target on host '127.0.0.1' and port '3121'.
00:24:16 INFO  : Jtag cable 'Digilent Nexys4DDR 210292646056A' is selected.
00:24:16 INFO  : 'jtag frequency' command is executed.
00:24:16 INFO  : 'targets -set -filter {jtag_cable_name =~ "Digilent Nexys4DDR 210292646056A" && level==0} -index 0' command is executed.
00:24:19 INFO  : FPGA configured successfully with bitstream "C:/Users/andyl/Desktop/ECE532_3D_spatial_audio/Vivado_WorkDir/spatial_audio.sdk/design_1_wrapper_hw_platform_0/design_1_wrapper.bit"
00:24:19 INFO  : 'configparams mdm-detect-bscan-mask 2' command is executed.
00:24:19 INFO  : Context for processor 'microblaze_0' is selected.
00:24:19 INFO  : Processor reset is completed for 'microblaze_0'.
00:24:19 INFO  : Context for processor 'microblaze_0' is selected.
00:24:19 INFO  : The application 'C:/Users/andyl/Desktop/ECE532_3D_spatial_audio/Vivado_WorkDir/spatial_audio.sdk/spatial_audio_app/Debug/spatial_audio_app.elf' is downloaded to processor 'microblaze_0'.
00:24:19 INFO  : ----------------XSDB Script----------------
connect -url tcp:127.0.0.1:3121
targets -set -filter {jtag_cable_name =~ "Digilent Nexys4DDR 210292646056A" && level==0} -index 0
fpga -file C:/Users/andyl/Desktop/ECE532_3D_spatial_audio/Vivado_WorkDir/spatial_audio.sdk/design_1_wrapper_hw_platform_0/design_1_wrapper.bit
configparams mdm-detect-bscan-mask 2
targets -set -nocase -filter {name =~ "microblaze*#0" && bscan=="USER2"  && jtag_cable_name =~ "Digilent Nexys4DDR 210292646056A"} -index 0
rst -processor
targets -set -nocase -filter {name =~ "microblaze*#0" && bscan=="USER2"  && jtag_cable_name =~ "Digilent Nexys4DDR 210292646056A"} -index 0
dow C:/Users/andyl/Desktop/ECE532_3D_spatial_audio/Vivado_WorkDir/spatial_audio.sdk/spatial_audio_app/Debug/spatial_audio_app.elf
----------------End of Script----------------

00:24:19 INFO  : Context for processor 'microblaze_0' is selected.
00:24:19 INFO  : 'con' command is executed.
00:24:19 INFO  : ----------------XSDB Script (After Launch)----------------
targets -set -nocase -filter {name =~ "microblaze*#0" && bscan=="USER2"  && jtag_cable_name =~ "Digilent Nexys4DDR 210292646056A"} -index 0
con
----------------End of Script----------------

00:24:19 INFO  : Disconnected from the channel tcfchan#1.
00:39:52 INFO  : SDK has detected change in the last modified timestamps for source hardware specification file Source:1772429978050,  Project:1772428831416
00:39:52 INFO  : Project design_1_wrapper_hw_platform_3's source hardware specification located at C:/Users/andyl/Desktop/ECE532_3D_spatial_audio/Vivado_WorkDir/spatial_audio.sdk/design_1_wrapper.hdf is now different from the local copy.
		 The local copy will be replaced with the source specification and your workspace will be updated.
00:40:01 INFO  : Project design_1_wrapper_hw_platform_3's source hardware specification location will not be monitored anymore.
00:40:18 INFO  : Launching XSCT server: xsct.bat -interactive C:\Users\andyl\Desktop\ECE532_3D_spatial_audio\Vivado_WorkDir\spatial_audio.sdk\temp_xsdb_launch_script.tcl
00:40:19 INFO  : XSCT server has started successfully.
00:40:20 INFO  : Successfully done setting XSCT server connection channel  
00:40:20 INFO  : Successfully done setting SDK workspace  
00:40:20 INFO  : Registering command handlers for SDK TCF services
00:40:21 INFO  : Processing command line option -hwspec C:/Users/andyl/Desktop/ECE532_3D_spatial_audio/Vivado_WorkDir/spatial_audio.sdk/design_1_wrapper.hdf.
00:40:52 INFO  : Connected to target on host '127.0.0.1' and port '3121'.
00:40:53 INFO  : 'targets -set -filter {jtag_cable_name =~ "Digilent Nexys4DDR 210292646056A" && level==0} -index 0' command is executed.
00:40:55 INFO  : FPGA configured successfully with bitstream "C:/Users/andyl/Desktop/ECE532_3D_spatial_audio/Vivado_WorkDir/spatial_audio.sdk/design_1_wrapper_hw_platform_0/download.bit"
00:41:07 INFO  : Connected to target on host '127.0.0.1' and port '3121'.
00:41:07 INFO  : Jtag cable 'Digilent Nexys4DDR 210292646056A' is selected.
00:41:07 INFO  : 'jtag frequency' command is executed.
00:41:07 INFO  : 'targets -set -filter {jtag_cable_name =~ "Digilent Nexys4DDR 210292646056A" && level==0} -index 0' command is executed.
00:41:09 INFO  : FPGA configured successfully with bitstream "C:/Users/andyl/Desktop/ECE532_3D_spatial_audio/Vivado_WorkDir/spatial_audio.sdk/design_1_wrapper_hw_platform_0/design_1_wrapper.bit"
00:41:09 INFO  : 'configparams mdm-detect-bscan-mask 2' command is executed.
00:41:09 INFO  : Context for processor 'microblaze_0' is selected.
00:41:09 INFO  : Processor reset is completed for 'microblaze_0'.
00:41:09 INFO  : Context for processor 'microblaze_0' is selected.
00:41:09 INFO  : The application 'C:/Users/andyl/Desktop/ECE532_3D_spatial_audio/Vivado_WorkDir/spatial_audio.sdk/spatial_audio_app/Debug/spatial_audio_app.elf' is downloaded to processor 'microblaze_0'.
00:41:09 INFO  : ----------------XSDB Script----------------
connect -url tcp:127.0.0.1:3121
targets -set -filter {jtag_cable_name =~ "Digilent Nexys4DDR 210292646056A" && level==0} -index 0
fpga -file C:/Users/andyl/Desktop/ECE532_3D_spatial_audio/Vivado_WorkDir/spatial_audio.sdk/design_1_wrapper_hw_platform_0/design_1_wrapper.bit
configparams mdm-detect-bscan-mask 2
targets -set -nocase -filter {name =~ "microblaze*#0" && bscan=="USER2"  && jtag_cable_name =~ "Digilent Nexys4DDR 210292646056A"} -index 0
rst -processor
targets -set -nocase -filter {name =~ "microblaze*#0" && bscan=="USER2"  && jtag_cable_name =~ "Digilent Nexys4DDR 210292646056A"} -index 0
dow C:/Users/andyl/Desktop/ECE532_3D_spatial_audio/Vivado_WorkDir/spatial_audio.sdk/spatial_audio_app/Debug/spatial_audio_app.elf
----------------End of Script----------------

00:41:09 INFO  : Context for processor 'microblaze_0' is selected.
00:41:09 INFO  : 'con' command is executed.
00:41:09 INFO  : ----------------XSDB Script (After Launch)----------------
targets -set -nocase -filter {name =~ "microblaze*#0" && bscan=="USER2"  && jtag_cable_name =~ "Digilent Nexys4DDR 210292646056A"} -index 0
con
----------------End of Script----------------

00:41:09 INFO  : Disconnected from the channel tcfchan#1.
00:58:03 INFO  : SDK has detected change in the last modified timestamps for source hardware specification file Source:1772431058611,  Project:1772429978050
00:58:03 INFO  : Project design_1_wrapper_hw_platform_4's source hardware specification located at C:/Users/andyl/Desktop/ECE532_3D_spatial_audio/Vivado_WorkDir/spatial_audio.sdk/design_1_wrapper.hdf is now different from the local copy.
		 The local copy will be replaced with the source specification and your workspace will be updated.
00:58:11 INFO  : Project design_1_wrapper_hw_platform_4's source hardware specification location will not be monitored anymore.
00:58:24 INFO  : Launching XSCT server: xsct.bat -interactive C:\Users\andyl\Desktop\ECE532_3D_spatial_audio\Vivado_WorkDir\spatial_audio.sdk\temp_xsdb_launch_script.tcl
00:58:25 INFO  : XSCT server has started successfully.
00:58:26 INFO  : Successfully done setting XSCT server connection channel  
00:58:26 INFO  : Successfully done setting SDK workspace  
00:58:27 INFO  : Registering command handlers for SDK TCF services
00:58:27 INFO  : Processing command line option -hwspec C:/Users/andyl/Desktop/ECE532_3D_spatial_audio/Vivado_WorkDir/spatial_audio.sdk/design_1_wrapper.hdf.
00:59:17 INFO  : Connected to target on host '127.0.0.1' and port '3121'.
00:59:17 INFO  : 'targets -set -filter {jtag_cable_name =~ "Digilent Nexys4DDR 210292646056A" && level==0} -index 0' command is executed.
00:59:19 INFO  : FPGA configured successfully with bitstream "C:/Users/andyl/Desktop/ECE532_3D_spatial_audio/Vivado_WorkDir/spatial_audio.sdk/design_1_wrapper_hw_platform_0/download.bit"
00:59:26 INFO  : Connected to target on host '127.0.0.1' and port '3121'.
00:59:26 INFO  : Jtag cable 'Digilent Nexys4DDR 210292646056A' is selected.
00:59:26 INFO  : 'jtag frequency' command is executed.
00:59:26 INFO  : 'targets -set -filter {jtag_cable_name =~ "Digilent Nexys4DDR 210292646056A" && level==0} -index 0' command is executed.
00:59:28 INFO  : FPGA configured successfully with bitstream "C:/Users/andyl/Desktop/ECE532_3D_spatial_audio/Vivado_WorkDir/spatial_audio.sdk/design_1_wrapper_hw_platform_0/design_1_wrapper.bit"
00:59:28 INFO  : 'configparams mdm-detect-bscan-mask 2' command is executed.
00:59:28 INFO  : Context for processor 'microblaze_0' is selected.
00:59:28 INFO  : Processor reset is completed for 'microblaze_0'.
00:59:28 INFO  : Context for processor 'microblaze_0' is selected.
00:59:29 INFO  : The application 'C:/Users/andyl/Desktop/ECE532_3D_spatial_audio/Vivado_WorkDir/spatial_audio.sdk/spatial_audio_app/Debug/spatial_audio_app.elf' is downloaded to processor 'microblaze_0'.
00:59:29 INFO  : ----------------XSDB Script----------------
connect -url tcp:127.0.0.1:3121
targets -set -filter {jtag_cable_name =~ "Digilent Nexys4DDR 210292646056A" && level==0} -index 0
fpga -file C:/Users/andyl/Desktop/ECE532_3D_spatial_audio/Vivado_WorkDir/spatial_audio.sdk/design_1_wrapper_hw_platform_0/design_1_wrapper.bit
configparams mdm-detect-bscan-mask 2
targets -set -nocase -filter {name =~ "microblaze*#0" && bscan=="USER2"  && jtag_cable_name =~ "Digilent Nexys4DDR 210292646056A"} -index 0
rst -processor
targets -set -nocase -filter {name =~ "microblaze*#0" && bscan=="USER2"  && jtag_cable_name =~ "Digilent Nexys4DDR 210292646056A"} -index 0
dow C:/Users/andyl/Desktop/ECE532_3D_spatial_audio/Vivado_WorkDir/spatial_audio.sdk/spatial_audio_app/Debug/spatial_audio_app.elf
----------------End of Script----------------

00:59:29 INFO  : Context for processor 'microblaze_0' is selected.
00:59:29 INFO  : 'con' command is executed.
00:59:29 INFO  : ----------------XSDB Script (After Launch)----------------
targets -set -nocase -filter {name =~ "microblaze*#0" && bscan=="USER2"  && jtag_cable_name =~ "Digilent Nexys4DDR 210292646056A"} -index 0
con
----------------End of Script----------------

00:59:29 INFO  : Disconnected from the channel tcfchan#1.
01:12:48 INFO  : SDK has detected change in the last modified timestamps for source hardware specification file Source:1772431930470,  Project:1772431058611
01:12:48 INFO  : Project design_1_wrapper_hw_platform_5's source hardware specification located at C:/Users/andyl/Desktop/ECE532_3D_spatial_audio/Vivado_WorkDir/spatial_audio.sdk/design_1_wrapper.hdf is now different from the local copy.
		 The local copy will be replaced with the source specification and your workspace will be updated.
01:12:53 INFO  : Project design_1_wrapper_hw_platform_5's source hardware specification location will not be monitored anymore.
01:13:06 INFO  : Launching XSCT server: xsct.bat -interactive C:\Users\andyl\Desktop\ECE532_3D_spatial_audio\Vivado_WorkDir\spatial_audio.sdk\temp_xsdb_launch_script.tcl
01:13:07 INFO  : XSCT server has started successfully.
01:13:08 INFO  : Successfully done setting XSCT server connection channel  
01:13:08 INFO  : Successfully done setting SDK workspace  
01:13:09 INFO  : Registering command handlers for SDK TCF services
01:13:09 INFO  : Processing command line option -hwspec C:/Users/andyl/Desktop/ECE532_3D_spatial_audio/Vivado_WorkDir/spatial_audio.sdk/design_1_wrapper.hdf.
01:13:27 INFO  : Connected to target on host '127.0.0.1' and port '3121'.
01:13:28 INFO  : 'targets -set -filter {jtag_cable_name =~ "Digilent Nexys4DDR 210292646056A" && level==0} -index 0' command is executed.
01:13:30 INFO  : FPGA configured successfully with bitstream "C:/Users/andyl/Desktop/ECE532_3D_spatial_audio/Vivado_WorkDir/spatial_audio.sdk/design_1_wrapper_hw_platform_0/download.bit"
01:13:38 INFO  : Connected to target on host '127.0.0.1' and port '3121'.
01:13:38 INFO  : Jtag cable 'Digilent Nexys4DDR 210292646056A' is selected.
01:13:38 INFO  : 'jtag frequency' command is executed.
01:13:38 INFO  : 'targets -set -filter {jtag_cable_name =~ "Digilent Nexys4DDR 210292646056A" && level==0} -index 0' command is executed.
01:13:41 INFO  : FPGA configured successfully with bitstream "C:/Users/andyl/Desktop/ECE532_3D_spatial_audio/Vivado_WorkDir/spatial_audio.sdk/design_1_wrapper_hw_platform_0/design_1_wrapper.bit"
01:13:41 INFO  : 'configparams mdm-detect-bscan-mask 2' command is executed.
01:13:41 INFO  : Context for processor 'microblaze_0' is selected.
01:13:41 INFO  : Processor reset is completed for 'microblaze_0'.
01:13:41 INFO  : Context for processor 'microblaze_0' is selected.
01:13:41 INFO  : The application 'C:/Users/andyl/Desktop/ECE532_3D_spatial_audio/Vivado_WorkDir/spatial_audio.sdk/spatial_audio_app/Debug/spatial_audio_app.elf' is downloaded to processor 'microblaze_0'.
01:13:41 INFO  : ----------------XSDB Script----------------
connect -url tcp:127.0.0.1:3121
targets -set -filter {jtag_cable_name =~ "Digilent Nexys4DDR 210292646056A" && level==0} -index 0
fpga -file C:/Users/andyl/Desktop/ECE532_3D_spatial_audio/Vivado_WorkDir/spatial_audio.sdk/design_1_wrapper_hw_platform_0/design_1_wrapper.bit
configparams mdm-detect-bscan-mask 2
targets -set -nocase -filter {name =~ "microblaze*#0" && bscan=="USER2"  && jtag_cable_name =~ "Digilent Nexys4DDR 210292646056A"} -index 0
rst -processor
targets -set -nocase -filter {name =~ "microblaze*#0" && bscan=="USER2"  && jtag_cable_name =~ "Digilent Nexys4DDR 210292646056A"} -index 0
dow C:/Users/andyl/Desktop/ECE532_3D_spatial_audio/Vivado_WorkDir/spatial_audio.sdk/spatial_audio_app/Debug/spatial_audio_app.elf
----------------End of Script----------------

01:13:41 INFO  : Context for processor 'microblaze_0' is selected.
01:13:41 INFO  : 'con' command is executed.
01:13:41 INFO  : ----------------XSDB Script (After Launch)----------------
targets -set -nocase -filter {name =~ "microblaze*#0" && bscan=="USER2"  && jtag_cable_name =~ "Digilent Nexys4DDR 210292646056A"} -index 0
con
----------------End of Script----------------

01:13:41 INFO  : Disconnected from the channel tcfchan#1.
01:18:30 INFO  : SDK has detected change in the last modified timestamps for source hardware specification file Source:1772432281814,  Project:1772431930470
01:18:30 INFO  : Project design_1_wrapper_hw_platform_6's source hardware specification located at C:/Users/andyl/Desktop/ECE532_3D_spatial_audio/Vivado_WorkDir/spatial_audio.sdk/design_1_wrapper.hdf is now different from the local copy.
		 The local copy will be replaced with the source specification and your workspace will be updated.
01:18:43 INFO  : Project design_1_wrapper_hw_platform_6's source hardware specification location will not be monitored anymore.
01:18:54 INFO  : Launching XSCT server: xsct.bat -interactive C:\Users\andyl\Desktop\ECE532_3D_spatial_audio\Vivado_WorkDir\spatial_audio.sdk\temp_xsdb_launch_script.tcl
01:18:55 INFO  : XSCT server has started successfully.
01:18:56 INFO  : Successfully done setting XSCT server connection channel  
01:18:56 INFO  : Successfully done setting SDK workspace  
01:18:57 INFO  : Registering command handlers for SDK TCF services
01:18:57 INFO  : Processing command line option -hwspec C:/Users/andyl/Desktop/ECE532_3D_spatial_audio/Vivado_WorkDir/spatial_audio.sdk/design_1_wrapper.hdf.
01:20:10 INFO  : Connected to target on host '127.0.0.1' and port '3121'.
01:20:10 INFO  : 'targets -set -filter {jtag_cable_name =~ "Digilent Nexys4DDR 210292646056A" && level==0} -index 0' command is executed.
01:20:12 INFO  : FPGA configured successfully with bitstream "C:/Users/andyl/Desktop/ECE532_3D_spatial_audio/Vivado_WorkDir/spatial_audio.sdk/design_1_wrapper_hw_platform_0/download.bit"
