#-----------------------------------------------------------
# Vivado v2018.3 (64-bit)
# SW Build 2405991 on Thu Dec  6 23:38:27 MST 2018
# IP Build 2404404 on Fri Dec  7 01:43:56 MST 2018
# Start of session at: Wed Feb 25 16:39:29 2026
# Process ID: 30636
# Current directory: C:/Users/kevin/AppData/Roaming/Xilinx/Vivado
# Command line: vivado.exe -gui_launcher_event rodinguilauncherevent38856
# Log file: C:/Users/kevin/AppData/Roaming/Xilinx/Vivado/vivado.log
# Journal file: C:/Users/kevin/AppData/Roaming/Xilinx/Vivado\vivado.jou
#-----------------------------------------------------------
start_gui
open_project D:/Vivado_Projects/ECE532_SpatialAudio/ECE532_SpatialAudio.xpr
update_compile_order -fileset sources_1
ipx::open_ipxact_file {D:\Vivado_Projects\ECE532_SpatialAudio\ECE532_SpatialAudio.srcs\sources_1\imports\ECE532 Digtial System Design\ECE532_3D_spatial_audio\component.xml}
export_ip_user_files -of_objects  [get_files {{D:/Vivado_Projects/ECE532_SpatialAudio/ECE532_SpatialAudio.srcs/sources_1/imports/ECE532 Digtial System Design/ECE532_3D_spatial_audio/component.xml}}] -no_script -reset -force -quiet
remove_files  {{D:/Vivado_Projects/ECE532_SpatialAudio/ECE532_SpatialAudio.srcs/sources_1/imports/ECE532 Digtial System Design/ECE532_3D_spatial_audio/component.xml}}
set_property -dict [list CONFIG.RESET_TYPE {ACTIVE_LOW} CONFIG.RESET_PORT {resetn}] [get_ips clk_wiz_audio]
generate_target all [get_files  D:/Vivado_Projects/ECE532_SpatialAudio/ECE532_SpatialAudio.srcs/sources_1/ip/clk_wiz_audio/clk_wiz_audio.xci]
catch { config_ip_cache -export [get_ips -all clk_wiz_audio] }
export_ip_user_files -of_objects [get_files D:/Vivado_Projects/ECE532_SpatialAudio/ECE532_SpatialAudio.srcs/sources_1/ip/clk_wiz_audio/clk_wiz_audio.xci] -no_script -sync -force -quiet
launch_runs -jobs 4 clk_wiz_audio_synth_1
export_simulation -of_objects [get_files D:/Vivado_Projects/ECE532_SpatialAudio/ECE532_SpatialAudio.srcs/sources_1/ip/clk_wiz_audio/clk_wiz_audio.xci] -directory D:/Vivado_Projects/ECE532_SpatialAudio/ECE532_SpatialAudio.ip_user_files/sim_scripts -ip_user_files_dir D:/Vivado_Projects/ECE532_SpatialAudio/ECE532_SpatialAudio.ip_user_files -ipstatic_source_dir D:/Vivado_Projects/ECE532_SpatialAudio/ECE532_SpatialAudio.ip_user_files/ipstatic -lib_map_path [list {modelsim=D:/Vivado_Projects/ECE532_SpatialAudio/ECE532_SpatialAudio.cache/compile_simlib/modelsim} {questa=D:/Vivado_Projects/ECE532_SpatialAudio/ECE532_SpatialAudio.cache/compile_simlib/questa} {riviera=D:/Vivado_Projects/ECE532_SpatialAudio/ECE532_SpatialAudio.cache/compile_simlib/riviera} {activehdl=D:/Vivado_Projects/ECE532_SpatialAudio/ECE532_SpatialAudio.cache/compile_simlib/activehdl}] -use_ip_compiled_libs -force -quiet
archive_project D:/Vivado_Projects/ECE532_SpatialAudio.xpr.zip -temp_dir C:/Users/kevin/AppData/Roaming/Xilinx/Vivado/.Xil/Vivado-30636-DESKTOP-6P66IQN -force -include_local_ip_cache -include_config_settings
archive_project D:/Vivado_Projects/ECE532_SpatialAudio.xpr.zip -temp_dir C:/Vivado_Temp -force -include_local_ip_cache -include_config_settings
close_project
open_project D:/Vivado_Projects/ECE532_SpatialAudio/ECE532_SpatialAudio.xpr
update_compile_order -fileset sources_1
archive_project D:/Vivado_Projects/SpatialAudio.xpr.zip -temp_dir C:/Vivado_Temp -force -include_local_ip_cache -include_config_settings
save_project_as spatial_audio D:/Vivado_Projects/spatial_audio -force
import_files
archive_project D:/Vivado_Projects/spatial_audio.xpr.zip -temp_dir C:/Vivado_Temp -force -include_local_ip_cache -include_config_settings
