#-----------------------------------------------------------
# Vivado v2018.3 (64-bit)
# SW Build 2405991 on Thu Dec  6 23:38:27 MST 2018
# IP Build 2404404 on Fri Dec  7 01:43:56 MST 2018
# Start of session at: Wed Feb 25 16:39:29 2026
# Process ID: 30636
# Current directory: C:/Users/kevin/AppData/Roaming/Xilinx/Vivado
# Command line: vivado.exe -gui_launcher_event rodinguilauncherevent38856
# Log file: C:/Users/kevin/AppData/Roaming/Xilinx/Vivado/vivado.log
# Journal file: C:/Users/kevin/AppData/Roaming/Xilinx/Vivado\vivado.jou
#-----------------------------------------------------------
start_gui
open_project D:/Vivado_Projects/ECE532_SpatialAudio/ECE532_SpatialAudio.xpr
Scanning sources...
Finished scanning sources
INFO: [IP_Flow 19-234] Refreshing IP repositories
INFO: [IP_Flow 19-1700] Loaded user IP repository 'c:/users/kevin/desktop/school/university_/2t6_w/ece532 digtial system design/ece532_3d_spatial_audio'.
INFO: [IP_Flow 19-2313] Loaded Vivado IP repository 'D:/Xilinx/Vivado/2018.3/data/ip'.
open_project: Time (s): cpu = 00:00:21 ; elapsed = 00:00:29 . Memory (MB): peak = 883.672 ; gain = 276.594
update_compile_order -fileset sources_1
ipx::open_ipxact_file {D:\Vivado_Projects\ECE532_SpatialAudio\ECE532_SpatialAudio.srcs\sources_1\imports\ECE532 Digtial System Design\ECE532_3D_spatial_audio\component.xml}
export_ip_user_files -of_objects  [get_files {{D:/Vivado_Projects/ECE532_SpatialAudio/ECE532_SpatialAudio.srcs/sources_1/imports/ECE532 Digtial System Design/ECE532_3D_spatial_audio/component.xml}}] -no_script -reset -force -quiet
remove_files  {{D:/Vivado_Projects/ECE532_SpatialAudio/ECE532_SpatialAudio.srcs/sources_1/imports/ECE532 Digtial System Design/ECE532_3D_spatial_audio/component.xml}}
set_property -dict [list CONFIG.RESET_TYPE {ACTIVE_LOW} CONFIG.RESET_PORT {resetn}] [get_ips clk_wiz_audio]
generate_target all [get_files  D:/Vivado_Projects/ECE532_SpatialAudio/ECE532_SpatialAudio.srcs/sources_1/ip/clk_wiz_audio/clk_wiz_audio.xci]
INFO: [IP_Flow 19-1686] Generating 'Instantiation Template' target for IP 'clk_wiz_audio'...
INFO: [IP_Flow 19-1686] Generating 'Synthesis' target for IP 'clk_wiz_audio'...
INFO: [IP_Flow 19-1686] Generating 'Simulation' target for IP 'clk_wiz_audio'...
INFO: [IP_Flow 19-1686] Generating 'Implementation' target for IP 'clk_wiz_audio'...
INFO: [IP_Flow 19-1686] Generating 'Change Log' target for IP 'clk_wiz_audio'...
catch { config_ip_cache -export [get_ips -all clk_wiz_audio] }
export_ip_user_files -of_objects [get_files D:/Vivado_Projects/ECE532_SpatialAudio/ECE532_SpatialAudio.srcs/sources_1/ip/clk_wiz_audio/clk_wiz_audio.xci] -no_script -sync -force -quiet
launch_runs -jobs 4 clk_wiz_audio_synth_1
[Wed Feb 25 16:43:21 2026] Launched clk_wiz_audio_synth_1...
Run output will be captured here: D:/Vivado_Projects/ECE532_SpatialAudio/ECE532_SpatialAudio.runs/clk_wiz_audio_synth_1/runme.log
export_simulation -of_objects [get_files D:/Vivado_Projects/ECE532_SpatialAudio/ECE532_SpatialAudio.srcs/sources_1/ip/clk_wiz_audio/clk_wiz_audio.xci] -directory D:/Vivado_Projects/ECE532_SpatialAudio/ECE532_SpatialAudio.ip_user_files/sim_scripts -ip_user_files_dir D:/Vivado_Projects/ECE532_SpatialAudio/ECE532_SpatialAudio.ip_user_files -ipstatic_source_dir D:/Vivado_Projects/ECE532_SpatialAudio/ECE532_SpatialAudio.ip_user_files/ipstatic -lib_map_path [list {modelsim=D:/Vivado_Projects/ECE532_SpatialAudio/ECE532_SpatialAudio.cache/compile_simlib/modelsim} {questa=D:/Vivado_Projects/ECE532_SpatialAudio/ECE532_SpatialAudio.cache/compile_simlib/questa} {riviera=D:/Vivado_Projects/ECE532_SpatialAudio/ECE532_SpatialAudio.cache/compile_simlib/riviera} {activehdl=D:/Vivado_Projects/ECE532_SpatialAudio/ECE532_SpatialAudio.cache/compile_simlib/activehdl}] -use_ip_compiled_libs -force -quiet
archive_project D:/Vivado_Projects/ECE532_SpatialAudio.xpr.zip -temp_dir C:/Users/kevin/AppData/Roaming/Xilinx/Vivado/.Xil/Vivado-30636-DESKTOP-6P66IQN -force -include_local_ip_cache -include_config_settings
INFO: [Coretcl 2-137] starting archive...
INFO: [Coretcl 2-1499] Saving project copy to temporary location 'C:/Users/kevin/AppData/Roaming/Xilinx/Vivado/.Xil/Vivado-30636-DESKTOP-6P66IQN' for archiving project
Scanning sources...
Finished scanning sources
INFO: [IP_Flow 19-234] Refreshing IP repositories
INFO: [IP_Flow 19-1700] Loaded user IP repository 'c:/users/kevin/desktop/school/university_/2t6_w/ece532 digtial system design/ece532_3d_spatial_audio'.
INFO: [IP_Flow 19-2313] Loaded Vivado IP repository 'D:/Xilinx/Vivado/2018.3/data/ip'.
INFO: [Coretcl 2-1211] Creating project copy for archival...
INFO: [ProjectBase 1-495] The host OS only allows 260 characters in a normal path. The project is stored in a path with more than 80 characters. If you experience any problem with archiving the project, please consider setting environment variable $TEMP to a shorter path.
Current project path is 'C:/Users/kevin/AppData/Roaming/Xilinx/Vivado/.Xil/Vivado-30636-DESKTOP-6P66IQN/PrjAr/_X_'.
ERROR: [Common 17-680] Path length exceeds 260-Byte maximum allowed by Windows: c:/Users/kevin/AppData/Roaming/Xilinx/Vivado/.Xil/Vivado-30636-DESKTOP-6P66IQN/PrjAr/_X_/ECE532_SpatialAudio.srcs/sources_1/bd/design_1/ip/design_1_spatial_audio_top_0_0/Vivado_WorkDir/spatial_audio.srcs/sources_1/ip/clk_wiz_audio/mmcm_pll_drp_func_us_plus_pll.vh
Please consider using the OS subst command to shorten the path length by mapping part of the path to a virtual drive letter. See Answer Record AR52787 for more information.
Resolution: In Windows 7 or later, the mklink command can also be used to create a symbolic link and shorten the path.
ERROR: [Coretcl 2-229] (archive_project): Project save_as failed due to the previous error(s).
archive_project D:/Vivado_Projects/ECE532_SpatialAudio.xpr.zip -temp_dir C:/Vivado_Temp -force -include_local_ip_cache -include_config_settings
INFO: [Coretcl 2-137] starting archive...
INFO: [Coretcl 2-1499] Saving project copy to temporary location 'C:/Vivado_Temp' for archiving project
Scanning sources...
Finished scanning sources
INFO: [IP_Flow 19-234] Refreshing IP repositories
INFO: [IP_Flow 19-1700] Loaded user IP repository 'c:/users/kevin/desktop/school/university_/2t6_w/ece532 digtial system design/ece532_3d_spatial_audio'.
INFO: [IP_Flow 19-2313] Loaded Vivado IP repository 'D:/Xilinx/Vivado/2018.3/data/ip'.
INFO: [Coretcl 2-1211] Creating project copy for archival...
INFO: [Device 21-403] Loading part xc7a100tcsg324-1
INFO: [Coretcl 2-1213] Including run results for 'synth_1'
INFO: [Coretcl 2-1213] Including run results for 'clk_wiz_audio_synth_1'
INFO: [Coretcl 2-1213] Including run results for 'rom_hrtf_left_synth_1'
INFO: [Coretcl 2-1213] Including run results for 'rom_hrtf_right_synth_1'
INFO: [Coretcl 2-1213] Including run results for 'design_1_axi_uartlite_0_0_synth_1'
INFO: [Coretcl 2-1213] Including run results for 'design_1_axi_gpio_0_0_synth_1'
INFO: [Coretcl 2-1213] Including run results for 'design_1_microblaze_0_1_synth_1'
INFO: [Coretcl 2-1213] Including run results for 'design_1_dlmb_v10_1_synth_1'
INFO: [Coretcl 2-1213] Including run results for 'design_1_ilmb_v10_1_synth_1'
INFO: [Coretcl 2-1213] Including run results for 'design_1_dlmb_bram_if_cntlr_1_synth_1'
INFO: [Coretcl 2-1213] Including run results for 'design_1_ilmb_bram_if_cntlr_1_synth_1'
INFO: [Coretcl 2-1213] Including run results for 'design_1_lmb_bram_1_synth_1'
INFO: [Coretcl 2-1213] Including run results for 'design_1_xbar_1_synth_1'
INFO: [Coretcl 2-1213] Including run results for 'design_1_microblaze_0_axi_intc_0_synth_1'
INFO: [Coretcl 2-1213] Including run results for 'design_1_mdm_1_1_synth_1'
INFO: [Coretcl 2-1213] Including run results for 'design_1_clk_wiz_1_1_synth_1'
INFO: [Coretcl 2-1213] Including run results for 'design_1_rst_clk_wiz_1_100M_1_synth_1'
INFO: [Coretcl 2-1213] Including run results for 'design_1_spatial_audio_top_0_0_synth_1'
INFO: [Coretcl 2-1213] Including run results for 'impl_1'
INFO: [Coretcl 2-133] re-setting run 'clk_wiz_audio_impl_1'...
INFO: [Coretcl 2-133] re-setting run 'rom_hrtf_left_impl_1'...
INFO: [Coretcl 2-133] re-setting run 'rom_hrtf_right_impl_1'...
INFO: [Coretcl 2-133] re-setting run 'design_1_axi_uartlite_0_0_impl_1'...
INFO: [Coretcl 2-133] re-setting run 'design_1_axi_gpio_0_0_impl_1'...
INFO: [Coretcl 2-133] re-setting run 'design_1_microblaze_0_1_impl_1'...
INFO: [Coretcl 2-133] re-setting run 'design_1_dlmb_v10_1_impl_1'...
INFO: [Coretcl 2-133] re-setting run 'design_1_ilmb_v10_1_impl_1'...
INFO: [Coretcl 2-133] re-setting run 'design_1_dlmb_bram_if_cntlr_1_impl_1'...
INFO: [Coretcl 2-133] re-setting run 'design_1_ilmb_bram_if_cntlr_1_impl_1'...
INFO: [Coretcl 2-133] re-setting run 'design_1_lmb_bram_1_impl_1'...
INFO: [Coretcl 2-133] re-setting run 'design_1_xbar_1_impl_1'...
INFO: [Coretcl 2-133] re-setting run 'design_1_microblaze_0_axi_intc_0_impl_1'...
INFO: [Coretcl 2-133] re-setting run 'design_1_mdm_1_1_impl_1'...
INFO: [Coretcl 2-133] re-setting run 'design_1_clk_wiz_1_1_impl_1'...
INFO: [Coretcl 2-133] re-setting run 'design_1_rst_clk_wiz_1_100M_1_impl_1'...
INFO: [Coretcl 2-133] re-setting run 'design_1_spatial_audio_top_0_0_impl_1'...
WARNING: [Coretcl 2-52] File 'c:/Vivado_Temp/PrjAr/_X_/ECE532_SpatialAudio.srcs/sources_1/bd/design_1/ip/Users/kevin/Desktop/School/University_/2T6_W/ECE532 Digtial System Design/ECE532_3D_spatial_audio/Vivado_WorkDir/hrtf_coefficients_left.coe' does not exist
WARNING: [Coretcl 2-52] File 'c:/Vivado_Temp/PrjAr/_X_/ECE532_SpatialAudio.srcs/sources_1/bd/design_1/ip/Users/kevin/Desktop/School/University_/2T6_W/ECE532 Digtial System Design/ECE532_3D_spatial_audio/Vivado_WorkDir/hrtf_coefficients_right.coe' does not exist
WARNING: [Coretcl 2-52] File 'c:/Vivado_Temp/PrjAr/_X_/ECE532_SpatialAudio.srcs/sources_1/bd/design_1/ip/Users/kevin/Desktop/School/University_/2T6_W/ECE532 Digtial System Design/ECE532_3D_spatial_audio/Vivado_WorkDir/hrtf_coefficients_left.coe' does not exist
WARNING: [Coretcl 2-52] File 'c:/Vivado_Temp/PrjAr/_X_/ECE532_SpatialAudio.srcs/sources_1/bd/design_1/ip/Users/kevin/Desktop/School/University_/2T6_W/ECE532 Digtial System Design/ECE532_3D_spatial_audio/Vivado_WorkDir/hrtf_coefficients_right.coe' does not exist
INFO: [Coretcl 2-1212] Importing remotely added design sources and verilog include files (if any)...
INFO: [filemgmt 20-334] All file(s) are already imported in fileset: 'clk_wiz_audio'
INFO: [filemgmt 20-348] Importing the appropriate files for fileset: 'clk_wiz_audio'
INFO: [filemgmt 20-334] All file(s) are already imported in fileset: 'design_1_axi_gpio_0_0'
INFO: [filemgmt 20-348] Importing the appropriate files for fileset: 'design_1_axi_gpio_0_0'
INFO: [filemgmt 20-334] All file(s) are already imported in fileset: 'design_1_axi_uartlite_0_0'
INFO: [filemgmt 20-348] Importing the appropriate files for fileset: 'design_1_axi_uartlite_0_0'
INFO: [filemgmt 20-334] All file(s) are already imported in fileset: 'design_1_clk_wiz_1_1'
INFO: [filemgmt 20-348] Importing the appropriate files for fileset: 'design_1_clk_wiz_1_1'
INFO: [filemgmt 20-334] All file(s) are already imported in fileset: 'design_1_dlmb_bram_if_cntlr_1'
INFO: [filemgmt 20-348] Importing the appropriate files for fileset: 'design_1_dlmb_bram_if_cntlr_1'
INFO: [filemgmt 20-334] All file(s) are already imported in fileset: 'design_1_dlmb_v10_1'
INFO: [filemgmt 20-348] Importing the appropriate files for fileset: 'design_1_dlmb_v10_1'
INFO: [filemgmt 20-334] All file(s) are already imported in fileset: 'design_1_ilmb_bram_if_cntlr_1'
INFO: [filemgmt 20-348] Importing the appropriate files for fileset: 'design_1_ilmb_bram_if_cntlr_1'
INFO: [filemgmt 20-334] All file(s) are already imported in fileset: 'design_1_ilmb_v10_1'
INFO: [filemgmt 20-348] Importing the appropriate files for fileset: 'design_1_ilmb_v10_1'
INFO: [filemgmt 20-334] All file(s) are already imported in fileset: 'design_1_lmb_bram_1'
INFO: [filemgmt 20-348] Importing the appropriate files for fileset: 'design_1_lmb_bram_1'
INFO: [filemgmt 20-334] All file(s) are already imported in fileset: 'design_1_mdm_1_1'
INFO: [filemgmt 20-348] Importing the appropriate files for fileset: 'design_1_mdm_1_1'
INFO: [filemgmt 20-334] All file(s) are already imported in fileset: 'design_1_microblaze_0_1'
INFO: [filemgmt 20-348] Importing the appropriate files for fileset: 'design_1_microblaze_0_1'
INFO: [filemgmt 20-334] All file(s) are already imported in fileset: 'design_1_microblaze_0_axi_intc_0'
INFO: [filemgmt 20-348] Importing the appropriate files for fileset: 'design_1_microblaze_0_axi_intc_0'
INFO: [filemgmt 20-334] All file(s) are already imported in fileset: 'design_1_rst_clk_wiz_1_100M_1'
INFO: [filemgmt 20-348] Importing the appropriate files for fileset: 'design_1_rst_clk_wiz_1_100M_1'
INFO: [filemgmt 20-334] All file(s) are already imported in fileset: 'design_1_spatial_audio_top_0_0'
INFO: [filemgmt 20-348] Importing the appropriate files for fileset: 'design_1_spatial_audio_top_0_0'
INFO: [filemgmt 20-334] All file(s) are already imported in fileset: 'design_1_xbar_1'
INFO: [filemgmt 20-348] Importing the appropriate files for fileset: 'design_1_xbar_1'
INFO: [filemgmt 20-334] All file(s) are already imported in fileset: 'rom_hrtf_left'
INFO: [filemgmt 20-348] Importing the appropriate files for fileset: 'rom_hrtf_left'
INFO: [filemgmt 20-334] All file(s) are already imported in fileset: 'rom_hrtf_right'
INFO: [filemgmt 20-348] Importing the appropriate files for fileset: 'rom_hrtf_right'
INFO: [filemgmt 20-334] All file(s) are already imported in fileset: 'constrs_1'
INFO: [filemgmt 20-348] Importing the appropriate files for fileset: 'constrs_1'
INFO: [filemgmt 20-334] All file(s) are already imported in fileset: 'sim_1'
INFO: [filemgmt 20-348] Importing the appropriate files for fileset: 'sim_1'
INFO: [filemgmt 20-348] Importing the appropriate files for fileset: 'sources_1'
INFO: [Coretcl 2-1209] Adding archive summary file to the project...
INFO: [Coretcl 2-1214] Preparing project files for archive...
INFO: [Coretcl 2-1210] Compressing project files and data...
INFO: [Coretcl 2-1215] Project archived (D:/Vivado_Projects/ECE532_SpatialAudio.xpr.zip)
INFO: [Coretcl 2-1216] To view the archive summary log in GUI, double click on 'Design Sources->Text->archive_project_summary.txt', or open this file from the archived project directory.
archive_project: Time (s): cpu = 00:00:55 ; elapsed = 00:02:07 . Memory (MB): peak = 2376.926 ; gain = 626.848
close_project
open_project D:/Vivado_Projects/ECE532_SpatialAudio/ECE532_SpatialAudio.xpr
Scanning sources...
Finished scanning sources
INFO: [IP_Flow 19-234] Refreshing IP repositories
INFO: [IP_Flow 19-1700] Loaded user IP repository 'c:/users/kevin/desktop/school/university_/2t6_w/ece532 digtial system design/ece532_3d_spatial_audio'.
INFO: [IP_Flow 19-2313] Loaded Vivado IP repository 'D:/Xilinx/Vivado/2018.3/data/ip'.
open_project: Time (s): cpu = 00:00:08 ; elapsed = 00:00:16 . Memory (MB): peak = 2376.926 ; gain = 0.000
update_compile_order -fileset sources_1
archive_project D:/Vivado_Projects/SpatialAudio.xpr.zip -temp_dir C:/Vivado_Temp -force -include_local_ip_cache -include_config_settings
INFO: [Coretcl 2-137] starting archive...
INFO: [Coretcl 2-1499] Saving project copy to temporary location 'C:/Vivado_Temp' for archiving project
Scanning sources...
Finished scanning sources
INFO: [IP_Flow 19-234] Refreshing IP repositories
INFO: [IP_Flow 19-1700] Loaded user IP repository 'c:/users/kevin/desktop/school/university_/2t6_w/ece532 digtial system design/ece532_3d_spatial_audio'.
INFO: [IP_Flow 19-2313] Loaded Vivado IP repository 'D:/Xilinx/Vivado/2018.3/data/ip'.
INFO: [Coretcl 2-1211] Creating project copy for archival...
INFO: [Coretcl 2-1213] Including run results for 'synth_1'
INFO: [Coretcl 2-1213] Including run results for 'clk_wiz_audio_synth_1'
INFO: [Coretcl 2-1213] Including run results for 'rom_hrtf_left_synth_1'
INFO: [Coretcl 2-1213] Including run results for 'rom_hrtf_right_synth_1'
INFO: [Coretcl 2-1213] Including run results for 'design_1_axi_uartlite_0_0_synth_1'
INFO: [Coretcl 2-1213] Including run results for 'design_1_axi_gpio_0_0_synth_1'
INFO: [Coretcl 2-1213] Including run results for 'design_1_microblaze_0_1_synth_1'
INFO: [Coretcl 2-1213] Including run results for 'design_1_dlmb_v10_1_synth_1'
INFO: [Coretcl 2-1213] Including run results for 'design_1_ilmb_v10_1_synth_1'
INFO: [Coretcl 2-1213] Including run results for 'design_1_dlmb_bram_if_cntlr_1_synth_1'
INFO: [Coretcl 2-1213] Including run results for 'design_1_ilmb_bram_if_cntlr_1_synth_1'
INFO: [Coretcl 2-1213] Including run results for 'design_1_lmb_bram_1_synth_1'
INFO: [Coretcl 2-1213] Including run results for 'design_1_xbar_1_synth_1'
INFO: [Coretcl 2-1213] Including run results for 'design_1_microblaze_0_axi_intc_0_synth_1'
INFO: [Coretcl 2-1213] Including run results for 'design_1_mdm_1_1_synth_1'
INFO: [Coretcl 2-1213] Including run results for 'design_1_clk_wiz_1_1_synth_1'
INFO: [Coretcl 2-1213] Including run results for 'design_1_rst_clk_wiz_1_100M_1_synth_1'
INFO: [Coretcl 2-1213] Including run results for 'design_1_spatial_audio_top_0_0_synth_1'
INFO: [Coretcl 2-1213] Including run results for 'impl_1'
INFO: [Coretcl 2-133] re-setting run 'clk_wiz_audio_impl_1'...
INFO: [Coretcl 2-133] re-setting run 'rom_hrtf_left_impl_1'...
INFO: [Coretcl 2-133] re-setting run 'rom_hrtf_right_impl_1'...
INFO: [Coretcl 2-133] re-setting run 'design_1_axi_uartlite_0_0_impl_1'...
INFO: [Coretcl 2-133] re-setting run 'design_1_axi_gpio_0_0_impl_1'...
INFO: [Coretcl 2-133] re-setting run 'design_1_microblaze_0_1_impl_1'...
INFO: [Coretcl 2-133] re-setting run 'design_1_dlmb_v10_1_impl_1'...
INFO: [Coretcl 2-133] re-setting run 'design_1_ilmb_v10_1_impl_1'...
INFO: [Coretcl 2-133] re-setting run 'design_1_dlmb_bram_if_cntlr_1_impl_1'...
INFO: [Coretcl 2-133] re-setting run 'design_1_ilmb_bram_if_cntlr_1_impl_1'...
INFO: [Coretcl 2-133] re-setting run 'design_1_lmb_bram_1_impl_1'...
INFO: [Coretcl 2-133] re-setting run 'design_1_xbar_1_impl_1'...
INFO: [Coretcl 2-133] re-setting run 'design_1_microblaze_0_axi_intc_0_impl_1'...
INFO: [Coretcl 2-133] re-setting run 'design_1_mdm_1_1_impl_1'...
INFO: [Coretcl 2-133] re-setting run 'design_1_clk_wiz_1_1_impl_1'...
INFO: [Coretcl 2-133] re-setting run 'design_1_rst_clk_wiz_1_100M_1_impl_1'...
INFO: [Coretcl 2-133] re-setting run 'design_1_spatial_audio_top_0_0_impl_1'...
WARNING: [Coretcl 2-52] File 'c:/Vivado_Temp/PrjAr/_X_/ECE532_SpatialAudio.srcs/sources_1/bd/design_1/ip/Users/kevin/Desktop/School/University_/2T6_W/ECE532 Digtial System Design/ECE532_3D_spatial_audio/Vivado_WorkDir/hrtf_coefficients_left.coe' does not exist
WARNING: [Coretcl 2-52] File 'c:/Vivado_Temp/PrjAr/_X_/ECE532_SpatialAudio.srcs/sources_1/bd/design_1/ip/Users/kevin/Desktop/School/University_/2T6_W/ECE532 Digtial System Design/ECE532_3D_spatial_audio/Vivado_WorkDir/hrtf_coefficients_right.coe' does not exist
WARNING: [Coretcl 2-52] File 'c:/Vivado_Temp/PrjAr/_X_/ECE532_SpatialAudio.srcs/sources_1/bd/design_1/ip/Users/kevin/Desktop/School/University_/2T6_W/ECE532 Digtial System Design/ECE532_3D_spatial_audio/Vivado_WorkDir/hrtf_coefficients_left.coe' does not exist
WARNING: [Coretcl 2-52] File 'c:/Vivado_Temp/PrjAr/_X_/ECE532_SpatialAudio.srcs/sources_1/bd/design_1/ip/Users/kevin/Desktop/School/University_/2T6_W/ECE532 Digtial System Design/ECE532_3D_spatial_audio/Vivado_WorkDir/hrtf_coefficients_right.coe' does not exist
INFO: [Coretcl 2-1212] Importing remotely added design sources and verilog include files (if any)...
INFO: [filemgmt 20-334] All file(s) are already imported in fileset: 'clk_wiz_audio'
INFO: [filemgmt 20-348] Importing the appropriate files for fileset: 'clk_wiz_audio'
INFO: [filemgmt 20-334] All file(s) are already imported in fileset: 'design_1_axi_gpio_0_0'
INFO: [filemgmt 20-348] Importing the appropriate files for fileset: 'design_1_axi_gpio_0_0'
INFO: [filemgmt 20-334] All file(s) are already imported in fileset: 'design_1_axi_uartlite_0_0'
INFO: [filemgmt 20-348] Importing the appropriate files for fileset: 'design_1_axi_uartlite_0_0'
INFO: [filemgmt 20-334] All file(s) are already imported in fileset: 'design_1_clk_wiz_1_1'
INFO: [filemgmt 20-348] Importing the appropriate files for fileset: 'design_1_clk_wiz_1_1'
INFO: [filemgmt 20-334] All file(s) are already imported in fileset: 'design_1_dlmb_bram_if_cntlr_1'
INFO: [filemgmt 20-348] Importing the appropriate files for fileset: 'design_1_dlmb_bram_if_cntlr_1'
INFO: [filemgmt 20-334] All file(s) are already imported in fileset: 'design_1_dlmb_v10_1'
INFO: [filemgmt 20-348] Importing the appropriate files for fileset: 'design_1_dlmb_v10_1'
INFO: [filemgmt 20-334] All file(s) are already imported in fileset: 'design_1_ilmb_bram_if_cntlr_1'
INFO: [filemgmt 20-348] Importing the appropriate files for fileset: 'design_1_ilmb_bram_if_cntlr_1'
INFO: [filemgmt 20-334] All file(s) are already imported in fileset: 'design_1_ilmb_v10_1'
INFO: [filemgmt 20-348] Importing the appropriate files for fileset: 'design_1_ilmb_v10_1'
INFO: [filemgmt 20-334] All file(s) are already imported in fileset: 'design_1_lmb_bram_1'
INFO: [filemgmt 20-348] Importing the appropriate files for fileset: 'design_1_lmb_bram_1'
INFO: [filemgmt 20-334] All file(s) are already imported in fileset: 'design_1_mdm_1_1'
INFO: [filemgmt 20-348] Importing the appropriate files for fileset: 'design_1_mdm_1_1'
INFO: [filemgmt 20-334] All file(s) are already imported in fileset: 'design_1_microblaze_0_1'
INFO: [filemgmt 20-348] Importing the appropriate files for fileset: 'design_1_microblaze_0_1'
INFO: [filemgmt 20-334] All file(s) are already imported in fileset: 'design_1_microblaze_0_axi_intc_0'
INFO: [filemgmt 20-348] Importing the appropriate files for fileset: 'design_1_microblaze_0_axi_intc_0'
INFO: [filemgmt 20-334] All file(s) are already imported in fileset: 'design_1_rst_clk_wiz_1_100M_1'
INFO: [filemgmt 20-348] Importing the appropriate files for fileset: 'design_1_rst_clk_wiz_1_100M_1'
INFO: [filemgmt 20-334] All file(s) are already imported in fileset: 'design_1_spatial_audio_top_0_0'
INFO: [filemgmt 20-348] Importing the appropriate files for fileset: 'design_1_spatial_audio_top_0_0'
INFO: [filemgmt 20-334] All file(s) are already imported in fileset: 'design_1_xbar_1'
INFO: [filemgmt 20-348] Importing the appropriate files for fileset: 'design_1_xbar_1'
INFO: [filemgmt 20-334] All file(s) are already imported in fileset: 'rom_hrtf_left'
INFO: [filemgmt 20-348] Importing the appropriate files for fileset: 'rom_hrtf_left'
INFO: [filemgmt 20-334] All file(s) are already imported in fileset: 'rom_hrtf_right'
INFO: [filemgmt 20-348] Importing the appropriate files for fileset: 'rom_hrtf_right'
INFO: [filemgmt 20-334] All file(s) are already imported in fileset: 'constrs_1'
INFO: [filemgmt 20-348] Importing the appropriate files for fileset: 'constrs_1'
INFO: [filemgmt 20-334] All file(s) are already imported in fileset: 'sim_1'
INFO: [filemgmt 20-348] Importing the appropriate files for fileset: 'sim_1'
INFO: [filemgmt 20-348] Importing the appropriate files for fileset: 'sources_1'
INFO: [Coretcl 2-1209] Adding archive summary file to the project...
INFO: [Coretcl 2-1214] Preparing project files for archive...
INFO: [Coretcl 2-1210] Compressing project files and data...
INFO: [Coretcl 2-1215] Project archived (D:/Vivado_Projects/SpatialAudio.xpr.zip)
INFO: [Coretcl 2-1216] To view the archive summary log in GUI, double click on 'Design Sources->Text->archive_project_summary.txt', or open this file from the archived project directory.
archive_project: Time (s): cpu = 00:00:36 ; elapsed = 00:01:46 . Memory (MB): peak = 2508.680 ; gain = 91.305
save_project_as spatial_audio D:/Vivado_Projects/spatial_audio -force
save_project_as: Time (s): cpu = 00:00:07 ; elapsed = 00:00:54 . Memory (MB): peak = 2544.199 ; gain = 0.000
import_files
INFO: [filemgmt 20-334] All file(s) are already imported in fileset: 'clk_wiz_audio'
INFO: [filemgmt 20-348] Importing the appropriate files for fileset: 'clk_wiz_audio'
INFO: [filemgmt 20-334] All file(s) are already imported in fileset: 'design_1_axi_gpio_0_0'
INFO: [filemgmt 20-348] Importing the appropriate files for fileset: 'design_1_axi_gpio_0_0'
INFO: [filemgmt 20-334] All file(s) are already imported in fileset: 'design_1_axi_uartlite_0_0'
INFO: [filemgmt 20-348] Importing the appropriate files for fileset: 'design_1_axi_uartlite_0_0'
INFO: [filemgmt 20-334] All file(s) are already imported in fileset: 'design_1_clk_wiz_1_1'
INFO: [filemgmt 20-348] Importing the appropriate files for fileset: 'design_1_clk_wiz_1_1'
INFO: [filemgmt 20-334] All file(s) are already imported in fileset: 'design_1_dlmb_bram_if_cntlr_1'
INFO: [filemgmt 20-348] Importing the appropriate files for fileset: 'design_1_dlmb_bram_if_cntlr_1'
INFO: [filemgmt 20-334] All file(s) are already imported in fileset: 'design_1_dlmb_v10_1'
INFO: [filemgmt 20-348] Importing the appropriate files for fileset: 'design_1_dlmb_v10_1'
INFO: [filemgmt 20-334] All file(s) are already imported in fileset: 'design_1_ilmb_bram_if_cntlr_1'
INFO: [filemgmt 20-348] Importing the appropriate files for fileset: 'design_1_ilmb_bram_if_cntlr_1'
INFO: [filemgmt 20-334] All file(s) are already imported in fileset: 'design_1_ilmb_v10_1'
INFO: [filemgmt 20-348] Importing the appropriate files for fileset: 'design_1_ilmb_v10_1'
INFO: [filemgmt 20-334] All file(s) are already imported in fileset: 'design_1_lmb_bram_1'
INFO: [filemgmt 20-348] Importing the appropriate files for fileset: 'design_1_lmb_bram_1'
INFO: [filemgmt 20-334] All file(s) are already imported in fileset: 'design_1_mdm_1_1'
INFO: [filemgmt 20-348] Importing the appropriate files for fileset: 'design_1_mdm_1_1'
INFO: [filemgmt 20-334] All file(s) are already imported in fileset: 'design_1_microblaze_0_1'
INFO: [filemgmt 20-348] Importing the appropriate files for fileset: 'design_1_microblaze_0_1'
INFO: [filemgmt 20-334] All file(s) are already imported in fileset: 'design_1_microblaze_0_axi_intc_0'
INFO: [filemgmt 20-348] Importing the appropriate files for fileset: 'design_1_microblaze_0_axi_intc_0'
INFO: [filemgmt 20-334] All file(s) are already imported in fileset: 'design_1_rst_clk_wiz_1_100M_1'
INFO: [filemgmt 20-348] Importing the appropriate files for fileset: 'design_1_rst_clk_wiz_1_100M_1'
INFO: [filemgmt 20-334] All file(s) are already imported in fileset: 'design_1_spatial_audio_top_0_0'
INFO: [filemgmt 20-348] Importing the appropriate files for fileset: 'design_1_spatial_audio_top_0_0'
INFO: [filemgmt 20-334] All file(s) are already imported in fileset: 'design_1_xbar_1'
INFO: [filemgmt 20-348] Importing the appropriate files for fileset: 'design_1_xbar_1'
INFO: [filemgmt 20-334] All file(s) are already imported in fileset: 'rom_hrtf_left'
INFO: [filemgmt 20-348] Importing the appropriate files for fileset: 'rom_hrtf_left'
INFO: [filemgmt 20-334] All file(s) are already imported in fileset: 'rom_hrtf_right'
INFO: [filemgmt 20-348] Importing the appropriate files for fileset: 'rom_hrtf_right'
INFO: [filemgmt 20-334] All file(s) are already imported in fileset: 'constrs_1'
INFO: [filemgmt 20-348] Importing the appropriate files for fileset: 'constrs_1'
INFO: [filemgmt 20-334] All file(s) are already imported in fileset: 'sim_1'
INFO: [filemgmt 20-348] Importing the appropriate files for fileset: 'sim_1'
INFO: [filemgmt 20-348] Importing the appropriate files for fileset: 'sources_1'
archive_project D:/Vivado_Projects/spatial_audio.xpr.zip -temp_dir C:/Vivado_Temp -force -include_local_ip_cache -include_config_settings
INFO: [Coretcl 2-137] starting archive...
INFO: [Coretcl 2-1499] Saving project copy to temporary location 'C:/Vivado_Temp' for archiving project
Scanning sources...
Finished scanning sources
INFO: [IP_Flow 19-234] Refreshing IP repositories
INFO: [IP_Flow 19-1700] Loaded user IP repository 'c:/users/kevin/desktop/school/university_/2t6_w/ece532 digtial system design/ece532_3d_spatial_audio'.
INFO: [IP_Flow 19-2313] Loaded Vivado IP repository 'D:/Xilinx/Vivado/2018.3/data/ip'.
WARNING: [IP_Flow 19-3664] IP 'design_1_spatial_audio_top_0_0' generated file not found 'd:/Vivado_Projects/spatial_audio/spatial_audio.srcs/sources_1/bd/design_1/ip/Users/kevin/Desktop/School/University_/2T6_W/ECE532 Digtial System Design/ECE532_3D_spatial_audio/Vivado_WorkDir/hrtf_coefficients_left.coe'. Please regenerate to continue.
WARNING: [IP_Flow 19-3664] IP 'design_1_spatial_audio_top_0_0' generated file not found 'd:/Vivado_Projects/spatial_audio/spatial_audio.srcs/sources_1/bd/design_1/ip/Users/kevin/Desktop/School/University_/2T6_W/ECE532 Digtial System Design/ECE532_3D_spatial_audio/Vivado_WorkDir/hrtf_coefficients_right.coe'. Please regenerate to continue.
WARNING: [IP_Flow 19-3664] IP 'design_1_spatial_audio_top_0_0' generated file not found 'd:/Vivado_Projects/spatial_audio/spatial_audio.srcs/sources_1/bd/design_1/ip/Users/kevin/Desktop/School/University_/2T6_W/ECE532 Digtial System Design/ECE532_3D_spatial_audio/Vivado_WorkDir/hrtf_coefficients_left.coe'. Please regenerate to continue.
WARNING: [IP_Flow 19-3664] IP 'design_1_spatial_audio_top_0_0' generated file not found 'd:/Vivado_Projects/spatial_audio/spatial_audio.srcs/sources_1/bd/design_1/ip/Users/kevin/Desktop/School/University_/2T6_W/ECE532 Digtial System Design/ECE532_3D_spatial_audio/Vivado_WorkDir/hrtf_coefficients_right.coe'. Please regenerate to continue.
INFO: [Coretcl 2-1211] Creating project copy for archival...
INFO: [Coretcl 2-1213] Including run results for 'synth_1'
INFO: [Coretcl 2-1213] Including run results for 'clk_wiz_audio_synth_1'
INFO: [Coretcl 2-1213] Including run results for 'rom_hrtf_left_synth_1'
INFO: [Coretcl 2-1213] Including run results for 'rom_hrtf_right_synth_1'
INFO: [Coretcl 2-1213] Including run results for 'design_1_axi_uartlite_0_0_synth_1'
INFO: [Coretcl 2-1213] Including run results for 'design_1_axi_gpio_0_0_synth_1'
INFO: [Coretcl 2-1213] Including run results for 'design_1_microblaze_0_1_synth_1'
INFO: [Coretcl 2-1213] Including run results for 'design_1_dlmb_v10_1_synth_1'
INFO: [Coretcl 2-1213] Including run results for 'design_1_ilmb_v10_1_synth_1'
INFO: [Coretcl 2-1213] Including run results for 'design_1_dlmb_bram_if_cntlr_1_synth_1'
INFO: [Coretcl 2-1213] Including run results for 'design_1_ilmb_bram_if_cntlr_1_synth_1'
INFO: [Coretcl 2-1213] Including run results for 'design_1_lmb_bram_1_synth_1'
INFO: [Coretcl 2-1213] Including run results for 'design_1_xbar_1_synth_1'
INFO: [Coretcl 2-1213] Including run results for 'design_1_microblaze_0_axi_intc_0_synth_1'
INFO: [Coretcl 2-1213] Including run results for 'design_1_mdm_1_1_synth_1'
INFO: [Coretcl 2-1213] Including run results for 'design_1_clk_wiz_1_1_synth_1'
INFO: [Coretcl 2-1213] Including run results for 'design_1_rst_clk_wiz_1_100M_1_synth_1'
INFO: [Coretcl 2-1213] Including run results for 'design_1_spatial_audio_top_0_0_synth_1'
INFO: [Coretcl 2-1213] Including run results for 'impl_1'
INFO: [Coretcl 2-133] re-setting run 'clk_wiz_audio_impl_1'...
INFO: [Coretcl 2-133] re-setting run 'rom_hrtf_left_impl_1'...
INFO: [Coretcl 2-133] re-setting run 'rom_hrtf_right_impl_1'...
INFO: [Coretcl 2-133] re-setting run 'design_1_axi_uartlite_0_0_impl_1'...
INFO: [Coretcl 2-133] re-setting run 'design_1_axi_gpio_0_0_impl_1'...
INFO: [Coretcl 2-133] re-setting run 'design_1_microblaze_0_1_impl_1'...
INFO: [Coretcl 2-133] re-setting run 'design_1_dlmb_v10_1_impl_1'...
INFO: [Coretcl 2-133] re-setting run 'design_1_ilmb_v10_1_impl_1'...
INFO: [Coretcl 2-133] re-setting run 'design_1_dlmb_bram_if_cntlr_1_impl_1'...
INFO: [Coretcl 2-133] re-setting run 'design_1_ilmb_bram_if_cntlr_1_impl_1'...
INFO: [Coretcl 2-133] re-setting run 'design_1_lmb_bram_1_impl_1'...
INFO: [Coretcl 2-133] re-setting run 'design_1_xbar_1_impl_1'...
INFO: [Coretcl 2-133] re-setting run 'design_1_microblaze_0_axi_intc_0_impl_1'...
INFO: [Coretcl 2-133] re-setting run 'design_1_mdm_1_1_impl_1'...
INFO: [Coretcl 2-133] re-setting run 'design_1_clk_wiz_1_1_impl_1'...
INFO: [Coretcl 2-133] re-setting run 'design_1_rst_clk_wiz_1_100M_1_impl_1'...
INFO: [Coretcl 2-133] re-setting run 'design_1_spatial_audio_top_0_0_impl_1'...
WARNING: [Coretcl 2-52] File 'c:/Vivado_Temp/PrjAr/_X_/spatial_audio.srcs/sources_1/bd/design_1/ip/Users/kevin/Desktop/School/University_/2T6_W/ECE532 Digtial System Design/ECE532_3D_spatial_audio/Vivado_WorkDir/hrtf_coefficients_left.coe' does not exist
WARNING: [Coretcl 2-52] File 'c:/Vivado_Temp/PrjAr/_X_/spatial_audio.srcs/sources_1/bd/design_1/ip/Users/kevin/Desktop/School/University_/2T6_W/ECE532 Digtial System Design/ECE532_3D_spatial_audio/Vivado_WorkDir/hrtf_coefficients_right.coe' does not exist
WARNING: [Coretcl 2-52] File 'c:/Vivado_Temp/PrjAr/_X_/spatial_audio.srcs/sources_1/bd/design_1/ip/Users/kevin/Desktop/School/University_/2T6_W/ECE532 Digtial System Design/ECE532_3D_spatial_audio/Vivado_WorkDir/hrtf_coefficients_left.coe' does not exist
WARNING: [Coretcl 2-52] File 'c:/Vivado_Temp/PrjAr/_X_/spatial_audio.srcs/sources_1/bd/design_1/ip/Users/kevin/Desktop/School/University_/2T6_W/ECE532 Digtial System Design/ECE532_3D_spatial_audio/Vivado_WorkDir/hrtf_coefficients_right.coe' does not exist
INFO: [Coretcl 2-1212] Importing remotely added design sources and verilog include files (if any)...
INFO: [filemgmt 20-334] All file(s) are already imported in fileset: 'clk_wiz_audio'
INFO: [filemgmt 20-348] Importing the appropriate files for fileset: 'clk_wiz_audio'
INFO: [filemgmt 20-334] All file(s) are already imported in fileset: 'design_1_axi_gpio_0_0'
INFO: [filemgmt 20-348] Importing the appropriate files for fileset: 'design_1_axi_gpio_0_0'
INFO: [filemgmt 20-334] All file(s) are already imported in fileset: 'design_1_axi_uartlite_0_0'
INFO: [filemgmt 20-348] Importing the appropriate files for fileset: 'design_1_axi_uartlite_0_0'
INFO: [filemgmt 20-334] All file(s) are already imported in fileset: 'design_1_clk_wiz_1_1'
INFO: [filemgmt 20-348] Importing the appropriate files for fileset: 'design_1_clk_wiz_1_1'
INFO: [filemgmt 20-334] All file(s) are already imported in fileset: 'design_1_dlmb_bram_if_cntlr_1'
INFO: [filemgmt 20-348] Importing the appropriate files for fileset: 'design_1_dlmb_bram_if_cntlr_1'
INFO: [filemgmt 20-334] All file(s) are already imported in fileset: 'design_1_dlmb_v10_1'
INFO: [filemgmt 20-348] Importing the appropriate files for fileset: 'design_1_dlmb_v10_1'
INFO: [filemgmt 20-334] All file(s) are already imported in fileset: 'design_1_ilmb_bram_if_cntlr_1'
INFO: [filemgmt 20-348] Importing the appropriate files for fileset: 'design_1_ilmb_bram_if_cntlr_1'
INFO: [filemgmt 20-334] All file(s) are already imported in fileset: 'design_1_ilmb_v10_1'
INFO: [filemgmt 20-348] Importing the appropriate files for fileset: 'design_1_ilmb_v10_1'
INFO: [filemgmt 20-334] All file(s) are already imported in fileset: 'design_1_lmb_bram_1'
INFO: [filemgmt 20-348] Importing the appropriate files for fileset: 'design_1_lmb_bram_1'
INFO: [filemgmt 20-334] All file(s) are already imported in fileset: 'design_1_mdm_1_1'
INFO: [filemgmt 20-348] Importing the appropriate files for fileset: 'design_1_mdm_1_1'
INFO: [filemgmt 20-334] All file(s) are already imported in fileset: 'design_1_microblaze_0_1'
INFO: [filemgmt 20-348] Importing the appropriate files for fileset: 'design_1_microblaze_0_1'
INFO: [filemgmt 20-334] All file(s) are already imported in fileset: 'design_1_microblaze_0_axi_intc_0'
INFO: [filemgmt 20-348] Importing the appropriate files for fileset: 'design_1_microblaze_0_axi_intc_0'
INFO: [filemgmt 20-334] All file(s) are already imported in fileset: 'design_1_rst_clk_wiz_1_100M_1'
INFO: [filemgmt 20-348] Importing the appropriate files for fileset: 'design_1_rst_clk_wiz_1_100M_1'
INFO: [filemgmt 20-334] All file(s) are already imported in fileset: 'design_1_spatial_audio_top_0_0'
INFO: [filemgmt 20-348] Importing the appropriate files for fileset: 'design_1_spatial_audio_top_0_0'
INFO: [filemgmt 20-334] All file(s) are already imported in fileset: 'design_1_xbar_1'
INFO: [filemgmt 20-348] Importing the appropriate files for fileset: 'design_1_xbar_1'
INFO: [filemgmt 20-334] All file(s) are already imported in fileset: 'rom_hrtf_left'
INFO: [filemgmt 20-348] Importing the appropriate files for fileset: 'rom_hrtf_left'
INFO: [filemgmt 20-334] All file(s) are already imported in fileset: 'rom_hrtf_right'
INFO: [filemgmt 20-348] Importing the appropriate files for fileset: 'rom_hrtf_right'
INFO: [filemgmt 20-334] All file(s) are already imported in fileset: 'constrs_1'
INFO: [filemgmt 20-348] Importing the appropriate files for fileset: 'constrs_1'
INFO: [filemgmt 20-334] All file(s) are already imported in fileset: 'sim_1'
INFO: [filemgmt 20-348] Importing the appropriate files for fileset: 'sim_1'
INFO: [filemgmt 20-348] Importing the appropriate files for fileset: 'sources_1'
