
*** Running vivado
    with args -log design_1_wrapper.vds -m64 -product Vivado -mode batch -messageDb vivado.pb -notrace -source design_1_wrapper.tcl


****** Vivado v2018.3 (64-bit)
  **** SW Build 2405991 on Thu Dec  6 23:38:27 MST 2018
  **** IP Build 2404404 on Fri Dec  7 01:43:56 MST 2018
    ** Copyright 1986-2018 Xilinx, Inc. All Rights Reserved.

source design_1_wrapper.tcl -notrace
INFO: [IP_Flow 19-234] Refreshing IP repositories
INFO: [IP_Flow 19-1700] Loaded user IP repository 'c:/users/kevin/desktop/school/university_/2t6_w/ece532 digtial system design/ece532_3d_spatial_audio'.
INFO: [IP_Flow 19-2313] Loaded Vivado IP repository 'D:/Xilinx/Vivado/2018.3/data/ip'.
Command: synth_design -top design_1_wrapper -part xc7a100tcsg324-1
Starting synth_design
Attempting to get a license for feature 'Synthesis' and/or device 'xc7a100t'
INFO: [Common 17-349] Got license for feature 'Synthesis' and/or device 'xc7a100t'
INFO: Launching helper process for spawning children vivado processes
INFO: Helper process launched with PID 30416 
---------------------------------------------------------------------------------
Starting RTL Elaboration : Time (s): cpu = 00:00:02 ; elapsed = 00:00:02 . Memory (MB): peak = 519.969 ; gain = 101.816
---------------------------------------------------------------------------------
INFO: [Synth 8-6157] synthesizing module 'design_1_wrapper' [D:/Vivado_Projects/ECE532_SpatialAudio/ECE532_SpatialAudio.srcs/sources_1/bd/design_1/hdl/design_1_wrapper.v:12]
INFO: [Synth 8-6157] synthesizing module 'design_1' [D:/Vivado_Projects/ECE532_SpatialAudio/ECE532_SpatialAudio.srcs/sources_1/bd/design_1/synth/design_1.v:13]
INFO: [Synth 8-6157] synthesizing module 'design_1_axi_gpio_0_0' [D:/Vivado_Projects/ECE532_SpatialAudio/ECE532_SpatialAudio.runs/synth_1/.Xil/Vivado-35544-DESKTOP-6P66IQN/realtime/design_1_axi_gpio_0_0_stub.v:6]
INFO: [Synth 8-6155] done synthesizing module 'design_1_axi_gpio_0_0' (1#1) [D:/Vivado_Projects/ECE532_SpatialAudio/ECE532_SpatialAudio.runs/synth_1/.Xil/Vivado-35544-DESKTOP-6P66IQN/realtime/design_1_axi_gpio_0_0_stub.v:6]
INFO: [Synth 8-6157] synthesizing module 'design_1_axi_uartlite_0_0' [D:/Vivado_Projects/ECE532_SpatialAudio/ECE532_SpatialAudio.runs/synth_1/.Xil/Vivado-35544-DESKTOP-6P66IQN/realtime/design_1_axi_uartlite_0_0_stub.v:6]
INFO: [Synth 8-6155] done synthesizing module 'design_1_axi_uartlite_0_0' (2#1) [D:/Vivado_Projects/ECE532_SpatialAudio/ECE532_SpatialAudio.runs/synth_1/.Xil/Vivado-35544-DESKTOP-6P66IQN/realtime/design_1_axi_uartlite_0_0_stub.v:6]
INFO: [Synth 8-6157] synthesizing module 'design_1_clk_wiz_1_1' [D:/Vivado_Projects/ECE532_SpatialAudio/ECE532_SpatialAudio.runs/synth_1/.Xil/Vivado-35544-DESKTOP-6P66IQN/realtime/design_1_clk_wiz_1_1_stub.v:5]
INFO: [Synth 8-6155] done synthesizing module 'design_1_clk_wiz_1_1' (3#1) [D:/Vivado_Projects/ECE532_SpatialAudio/ECE532_SpatialAudio.runs/synth_1/.Xil/Vivado-35544-DESKTOP-6P66IQN/realtime/design_1_clk_wiz_1_1_stub.v:5]
INFO: [Synth 8-6157] synthesizing module 'design_1_mdm_1_1' [D:/Vivado_Projects/ECE532_SpatialAudio/ECE532_SpatialAudio.runs/synth_1/.Xil/Vivado-35544-DESKTOP-6P66IQN/realtime/design_1_mdm_1_1_stub.v:6]
INFO: [Synth 8-6155] done synthesizing module 'design_1_mdm_1_1' (4#1) [D:/Vivado_Projects/ECE532_SpatialAudio/ECE532_SpatialAudio.runs/synth_1/.Xil/Vivado-35544-DESKTOP-6P66IQN/realtime/design_1_mdm_1_1_stub.v:6]
INFO: [Synth 8-6157] synthesizing module 'design_1_microblaze_0_1' [D:/Vivado_Projects/ECE532_SpatialAudio/ECE532_SpatialAudio.runs/synth_1/.Xil/Vivado-35544-DESKTOP-6P66IQN/realtime/design_1_microblaze_0_1_stub.v:6]
INFO: [Synth 8-6155] done synthesizing module 'design_1_microblaze_0_1' (5#1) [D:/Vivado_Projects/ECE532_SpatialAudio/ECE532_SpatialAudio.runs/synth_1/.Xil/Vivado-35544-DESKTOP-6P66IQN/realtime/design_1_microblaze_0_1_stub.v:6]
INFO: [Synth 8-6157] synthesizing module 'design_1_microblaze_0_axi_intc_0' [D:/Vivado_Projects/ECE532_SpatialAudio/ECE532_SpatialAudio.runs/synth_1/.Xil/Vivado-35544-DESKTOP-6P66IQN/realtime/design_1_microblaze_0_axi_intc_0_stub.v:6]
INFO: [Synth 8-6155] done synthesizing module 'design_1_microblaze_0_axi_intc_0' (6#1) [D:/Vivado_Projects/ECE532_SpatialAudio/ECE532_SpatialAudio.runs/synth_1/.Xil/Vivado-35544-DESKTOP-6P66IQN/realtime/design_1_microblaze_0_axi_intc_0_stub.v:6]
INFO: [Synth 8-6157] synthesizing module 'design_1_microblaze_0_axi_periph_1' [D:/Vivado_Projects/ECE532_SpatialAudio/ECE532_SpatialAudio.srcs/sources_1/bd/design_1/synth/design_1.v:444]
INFO: [Synth 8-6157] synthesizing module 'm00_couplers_imp_8RVYHO' [D:/Vivado_Projects/ECE532_SpatialAudio/ECE532_SpatialAudio.srcs/sources_1/bd/design_1/synth/design_1.v:1022]
INFO: [Synth 8-6155] done synthesizing module 'm00_couplers_imp_8RVYHO' (7#1) [D:/Vivado_Projects/ECE532_SpatialAudio/ECE532_SpatialAudio.srcs/sources_1/bd/design_1/synth/design_1.v:1022]
INFO: [Synth 8-6157] synthesizing module 'm01_couplers_imp_1UTB3Y5' [D:/Vivado_Projects/ECE532_SpatialAudio/ECE532_SpatialAudio.srcs/sources_1/bd/design_1/synth/design_1.v:1154]
INFO: [Synth 8-6155] done synthesizing module 'm01_couplers_imp_1UTB3Y5' (8#1) [D:/Vivado_Projects/ECE532_SpatialAudio/ECE532_SpatialAudio.srcs/sources_1/bd/design_1/synth/design_1.v:1154]
INFO: [Synth 8-6157] synthesizing module 'm02_couplers_imp_7ANRHB' [D:/Vivado_Projects/ECE532_SpatialAudio/ECE532_SpatialAudio.srcs/sources_1/bd/design_1/synth/design_1.v:1286]
INFO: [Synth 8-6155] done synthesizing module 'm02_couplers_imp_7ANRHB' (9#1) [D:/Vivado_Projects/ECE532_SpatialAudio/ECE532_SpatialAudio.srcs/sources_1/bd/design_1/synth/design_1.v:1286]
INFO: [Synth 8-6157] synthesizing module 's00_couplers_imp_1RZP34U' [D:/Vivado_Projects/ECE532_SpatialAudio/ECE532_SpatialAudio.srcs/sources_1/bd/design_1/synth/design_1.v:1652]
INFO: [Synth 8-6155] done synthesizing module 's00_couplers_imp_1RZP34U' (10#1) [D:/Vivado_Projects/ECE532_SpatialAudio/ECE532_SpatialAudio.srcs/sources_1/bd/design_1/synth/design_1.v:1652]
INFO: [Synth 8-6157] synthesizing module 'design_1_xbar_1' [D:/Vivado_Projects/ECE532_SpatialAudio/ECE532_SpatialAudio.runs/synth_1/.Xil/Vivado-35544-DESKTOP-6P66IQN/realtime/design_1_xbar_1_stub.v:6]
INFO: [Synth 8-6155] done synthesizing module 'design_1_xbar_1' (11#1) [D:/Vivado_Projects/ECE532_SpatialAudio/ECE532_SpatialAudio.runs/synth_1/.Xil/Vivado-35544-DESKTOP-6P66IQN/realtime/design_1_xbar_1_stub.v:6]
WARNING: [Synth 8-350] instance 'xbar' of module 'design_1_xbar_1' requires 40 connections, but only 38 given [D:/Vivado_Projects/ECE532_SpatialAudio/ECE532_SpatialAudio.srcs/sources_1/bd/design_1/synth/design_1.v:981]
INFO: [Synth 8-6155] done synthesizing module 'design_1_microblaze_0_axi_periph_1' (12#1) [D:/Vivado_Projects/ECE532_SpatialAudio/ECE532_SpatialAudio.srcs/sources_1/bd/design_1/synth/design_1.v:444]
INFO: [Synth 8-6157] synthesizing module 'microblaze_0_local_memory_imp_1K0VQXK' [D:/Vivado_Projects/ECE532_SpatialAudio/ECE532_SpatialAudio.srcs/sources_1/bd/design_1/synth/design_1.v:1418]
INFO: [Synth 8-6157] synthesizing module 'design_1_dlmb_bram_if_cntlr_1' [D:/Vivado_Projects/ECE532_SpatialAudio/ECE532_SpatialAudio.runs/synth_1/.Xil/Vivado-35544-DESKTOP-6P66IQN/realtime/design_1_dlmb_bram_if_cntlr_1_stub.v:6]
INFO: [Synth 8-6155] done synthesizing module 'design_1_dlmb_bram_if_cntlr_1' (13#1) [D:/Vivado_Projects/ECE532_SpatialAudio/ECE532_SpatialAudio.runs/synth_1/.Xil/Vivado-35544-DESKTOP-6P66IQN/realtime/design_1_dlmb_bram_if_cntlr_1_stub.v:6]
INFO: [Synth 8-6157] synthesizing module 'design_1_dlmb_v10_1' [D:/Vivado_Projects/ECE532_SpatialAudio/ECE532_SpatialAudio.runs/synth_1/.Xil/Vivado-35544-DESKTOP-6P66IQN/realtime/design_1_dlmb_v10_1_stub.v:6]
INFO: [Synth 8-6155] done synthesizing module 'design_1_dlmb_v10_1' (14#1) [D:/Vivado_Projects/ECE532_SpatialAudio/ECE532_SpatialAudio.runs/synth_1/.Xil/Vivado-35544-DESKTOP-6P66IQN/realtime/design_1_dlmb_v10_1_stub.v:6]
WARNING: [Synth 8-350] instance 'dlmb_v10' of module 'design_1_dlmb_v10_1' requires 25 connections, but only 24 given [D:/Vivado_Projects/ECE532_SpatialAudio/ECE532_SpatialAudio.srcs/sources_1/bd/design_1/synth/design_1.v:1564]
INFO: [Synth 8-6157] synthesizing module 'design_1_ilmb_bram_if_cntlr_1' [D:/Vivado_Projects/ECE532_SpatialAudio/ECE532_SpatialAudio.runs/synth_1/.Xil/Vivado-35544-DESKTOP-6P66IQN/realtime/design_1_ilmb_bram_if_cntlr_1_stub.v:6]
INFO: [Synth 8-6155] done synthesizing module 'design_1_ilmb_bram_if_cntlr_1' (15#1) [D:/Vivado_Projects/ECE532_SpatialAudio/ECE532_SpatialAudio.runs/synth_1/.Xil/Vivado-35544-DESKTOP-6P66IQN/realtime/design_1_ilmb_bram_if_cntlr_1_stub.v:6]
INFO: [Synth 8-6157] synthesizing module 'design_1_ilmb_v10_1' [D:/Vivado_Projects/ECE532_SpatialAudio/ECE532_SpatialAudio.runs/synth_1/.Xil/Vivado-35544-DESKTOP-6P66IQN/realtime/design_1_ilmb_v10_1_stub.v:6]
INFO: [Synth 8-6155] done synthesizing module 'design_1_ilmb_v10_1' (16#1) [D:/Vivado_Projects/ECE532_SpatialAudio/ECE532_SpatialAudio.runs/synth_1/.Xil/Vivado-35544-DESKTOP-6P66IQN/realtime/design_1_ilmb_v10_1_stub.v:6]
WARNING: [Synth 8-350] instance 'ilmb_v10' of module 'design_1_ilmb_v10_1' requires 25 connections, but only 24 given [D:/Vivado_Projects/ECE532_SpatialAudio/ECE532_SpatialAudio.srcs/sources_1/bd/design_1/synth/design_1.v:1610]
INFO: [Synth 8-6157] synthesizing module 'design_1_lmb_bram_1' [D:/Vivado_Projects/ECE532_SpatialAudio/ECE532_SpatialAudio.runs/synth_1/.Xil/Vivado-35544-DESKTOP-6P66IQN/realtime/design_1_lmb_bram_1_stub.v:6]
INFO: [Synth 8-6155] done synthesizing module 'design_1_lmb_bram_1' (17#1) [D:/Vivado_Projects/ECE532_SpatialAudio/ECE532_SpatialAudio.runs/synth_1/.Xil/Vivado-35544-DESKTOP-6P66IQN/realtime/design_1_lmb_bram_1_stub.v:6]
WARNING: [Synth 8-350] instance 'lmb_bram' of module 'design_1_lmb_bram_1' requires 16 connections, but only 14 given [D:/Vivado_Projects/ECE532_SpatialAudio/ECE532_SpatialAudio.srcs/sources_1/bd/design_1/synth/design_1.v:1635]
INFO: [Synth 8-6155] done synthesizing module 'microblaze_0_local_memory_imp_1K0VQXK' (18#1) [D:/Vivado_Projects/ECE532_SpatialAudio/ECE532_SpatialAudio.srcs/sources_1/bd/design_1/synth/design_1.v:1418]
INFO: [Synth 8-6157] synthesizing module 'design_1_microblaze_0_xlconcat_0' [d:/Vivado_Projects/ECE532_SpatialAudio/ECE532_SpatialAudio.srcs/sources_1/bd/design_1/ip/design_1_microblaze_0_xlconcat_0/synth/design_1_microblaze_0_xlconcat_0.v:58]
INFO: [Synth 8-6157] synthesizing module 'xlconcat_v2_1_1_xlconcat' [d:/Vivado_Projects/ECE532_SpatialAudio/ECE532_SpatialAudio.srcs/sources_1/bd/design_1/ipshared/2f66/hdl/xlconcat_v2_1_vl_rfs.v:14]
	Parameter IN0_WIDTH bound to: 1 - type: integer 
	Parameter IN1_WIDTH bound to: 1 - type: integer 
	Parameter IN2_WIDTH bound to: 1 - type: integer 
	Parameter IN3_WIDTH bound to: 1 - type: integer 
	Parameter IN4_WIDTH bound to: 1 - type: integer 
	Parameter IN5_WIDTH bound to: 1 - type: integer 
	Parameter IN6_WIDTH bound to: 1 - type: integer 
	Parameter IN7_WIDTH bound to: 1 - type: integer 
	Parameter IN8_WIDTH bound to: 1 - type: integer 
	Parameter IN9_WIDTH bound to: 1 - type: integer 
	Parameter IN10_WIDTH bound to: 1 - type: integer 
	Parameter IN11_WIDTH bound to: 1 - type: integer 
	Parameter IN12_WIDTH bound to: 1 - type: integer 
	Parameter IN13_WIDTH bound to: 1 - type: integer 
	Parameter IN14_WIDTH bound to: 1 - type: integer 
	Parameter IN15_WIDTH bound to: 1 - type: integer 
	Parameter IN16_WIDTH bound to: 1 - type: integer 
	Parameter IN17_WIDTH bound to: 1 - type: integer 
	Parameter IN18_WIDTH bound to: 1 - type: integer 
	Parameter IN19_WIDTH bound to: 1 - type: integer 
	Parameter IN20_WIDTH bound to: 1 - type: integer 
	Parameter IN21_WIDTH bound to: 1 - type: integer 
	Parameter IN22_WIDTH bound to: 1 - type: integer 
	Parameter IN23_WIDTH bound to: 1 - type: integer 
	Parameter IN24_WIDTH bound to: 1 - type: integer 
	Parameter IN25_WIDTH bound to: 1 - type: integer 
	Parameter IN26_WIDTH bound to: 1 - type: integer 
	Parameter IN27_WIDTH bound to: 1 - type: integer 
	Parameter IN28_WIDTH bound to: 1 - type: integer 
	Parameter IN29_WIDTH bound to: 1 - type: integer 
	Parameter IN30_WIDTH bound to: 1 - type: integer 
	Parameter IN31_WIDTH bound to: 1 - type: integer 
	Parameter dout_width bound to: 1 - type: integer 
	Parameter NUM_PORTS bound to: 1 - type: integer 
INFO: [Synth 8-6155] done synthesizing module 'xlconcat_v2_1_1_xlconcat' (19#1) [d:/Vivado_Projects/ECE532_SpatialAudio/ECE532_SpatialAudio.srcs/sources_1/bd/design_1/ipshared/2f66/hdl/xlconcat_v2_1_vl_rfs.v:14]
INFO: [Synth 8-6155] done synthesizing module 'design_1_microblaze_0_xlconcat_0' (20#1) [d:/Vivado_Projects/ECE532_SpatialAudio/ECE532_SpatialAudio.srcs/sources_1/bd/design_1/ip/design_1_microblaze_0_xlconcat_0/synth/design_1_microblaze_0_xlconcat_0.v:58]
INFO: [Synth 8-6157] synthesizing module 'design_1_rst_clk_wiz_1_100M_1' [D:/Vivado_Projects/ECE532_SpatialAudio/ECE532_SpatialAudio.runs/synth_1/.Xil/Vivado-35544-DESKTOP-6P66IQN/realtime/design_1_rst_clk_wiz_1_100M_1_stub.v:6]
INFO: [Synth 8-6155] done synthesizing module 'design_1_rst_clk_wiz_1_100M_1' (21#1) [D:/Vivado_Projects/ECE532_SpatialAudio/ECE532_SpatialAudio.runs/synth_1/.Xil/Vivado-35544-DESKTOP-6P66IQN/realtime/design_1_rst_clk_wiz_1_100M_1_stub.v:6]
WARNING: [Synth 8-350] instance 'rst_clk_wiz_1_100M' of module 'design_1_rst_clk_wiz_1_100M_1' requires 10 connections, but only 8 given [D:/Vivado_Projects/ECE532_SpatialAudio/ECE532_SpatialAudio.srcs/sources_1/bd/design_1/synth/design_1.v:421]
INFO: [Synth 8-6157] synthesizing module 'design_1_spatial_audio_top_0_0' [D:/Vivado_Projects/ECE532_SpatialAudio/ECE532_SpatialAudio.runs/synth_1/.Xil/Vivado-35544-DESKTOP-6P66IQN/realtime/design_1_spatial_audio_top_0_0_stub.v:6]
INFO: [Synth 8-6155] done synthesizing module 'design_1_spatial_audio_top_0_0' (22#1) [D:/Vivado_Projects/ECE532_SpatialAudio/ECE532_SpatialAudio.runs/synth_1/.Xil/Vivado-35544-DESKTOP-6P66IQN/realtime/design_1_spatial_audio_top_0_0_stub.v:6]
INFO: [Synth 8-6155] done synthesizing module 'design_1' (23#1) [D:/Vivado_Projects/ECE532_SpatialAudio/ECE532_SpatialAudio.srcs/sources_1/bd/design_1/synth/design_1.v:13]
INFO: [Synth 8-6155] done synthesizing module 'design_1_wrapper' (24#1) [D:/Vivado_Projects/ECE532_SpatialAudio/ECE532_SpatialAudio.srcs/sources_1/bd/design_1/hdl/design_1_wrapper.v:12]
WARNING: [Synth 8-3331] design xlconcat_v2_1_1_xlconcat has unconnected port In1[0]
WARNING: [Synth 8-3331] design xlconcat_v2_1_1_xlconcat has unconnected port In2[0]
WARNING: [Synth 8-3331] design xlconcat_v2_1_1_xlconcat has unconnected port In3[0]
WARNING: [Synth 8-3331] design xlconcat_v2_1_1_xlconcat has unconnected port In4[0]
WARNING: [Synth 8-3331] design xlconcat_v2_1_1_xlconcat has unconnected port In5[0]
WARNING: [Synth 8-3331] design xlconcat_v2_1_1_xlconcat has unconnected port In6[0]
WARNING: [Synth 8-3331] design xlconcat_v2_1_1_xlconcat has unconnected port In7[0]
WARNING: [Synth 8-3331] design xlconcat_v2_1_1_xlconcat has unconnected port In8[0]
WARNING: [Synth 8-3331] design xlconcat_v2_1_1_xlconcat has unconnected port In9[0]
WARNING: [Synth 8-3331] design xlconcat_v2_1_1_xlconcat has unconnected port In10[0]
WARNING: [Synth 8-3331] design xlconcat_v2_1_1_xlconcat has unconnected port In11[0]
WARNING: [Synth 8-3331] design xlconcat_v2_1_1_xlconcat has unconnected port In12[0]
WARNING: [Synth 8-3331] design xlconcat_v2_1_1_xlconcat has unconnected port In13[0]
WARNING: [Synth 8-3331] design xlconcat_v2_1_1_xlconcat has unconnected port In14[0]
WARNING: [Synth 8-3331] design xlconcat_v2_1_1_xlconcat has unconnected port In15[0]
WARNING: [Synth 8-3331] design xlconcat_v2_1_1_xlconcat has unconnected port In16[0]
WARNING: [Synth 8-3331] design xlconcat_v2_1_1_xlconcat has unconnected port In17[0]
WARNING: [Synth 8-3331] design xlconcat_v2_1_1_xlconcat has unconnected port In18[0]
WARNING: [Synth 8-3331] design xlconcat_v2_1_1_xlconcat has unconnected port In19[0]
WARNING: [Synth 8-3331] design xlconcat_v2_1_1_xlconcat has unconnected port In20[0]
WARNING: [Synth 8-3331] design xlconcat_v2_1_1_xlconcat has unconnected port In21[0]
WARNING: [Synth 8-3331] design xlconcat_v2_1_1_xlconcat has unconnected port In22[0]
WARNING: [Synth 8-3331] design xlconcat_v2_1_1_xlconcat has unconnected port In23[0]
WARNING: [Synth 8-3331] design xlconcat_v2_1_1_xlconcat has unconnected port In24[0]
WARNING: [Synth 8-3331] design xlconcat_v2_1_1_xlconcat has unconnected port In25[0]
WARNING: [Synth 8-3331] design xlconcat_v2_1_1_xlconcat has unconnected port In26[0]
WARNING: [Synth 8-3331] design xlconcat_v2_1_1_xlconcat has unconnected port In27[0]
WARNING: [Synth 8-3331] design xlconcat_v2_1_1_xlconcat has unconnected port In28[0]
WARNING: [Synth 8-3331] design xlconcat_v2_1_1_xlconcat has unconnected port In29[0]
WARNING: [Synth 8-3331] design xlconcat_v2_1_1_xlconcat has unconnected port In30[0]
WARNING: [Synth 8-3331] design xlconcat_v2_1_1_xlconcat has unconnected port In31[0]
WARNING: [Synth 8-3331] design s00_couplers_imp_1RZP34U has unconnected port M_ACLK
WARNING: [Synth 8-3331] design s00_couplers_imp_1RZP34U has unconnected port M_ARESETN
WARNING: [Synth 8-3331] design s00_couplers_imp_1RZP34U has unconnected port S_ACLK
WARNING: [Synth 8-3331] design s00_couplers_imp_1RZP34U has unconnected port S_ARESETN
WARNING: [Synth 8-3331] design m02_couplers_imp_7ANRHB has unconnected port M_ACLK
WARNING: [Synth 8-3331] design m02_couplers_imp_7ANRHB has unconnected port M_ARESETN
WARNING: [Synth 8-3331] design m02_couplers_imp_7ANRHB has unconnected port S_ACLK
WARNING: [Synth 8-3331] design m02_couplers_imp_7ANRHB has unconnected port S_ARESETN
WARNING: [Synth 8-3331] design m01_couplers_imp_1UTB3Y5 has unconnected port M_ACLK
WARNING: [Synth 8-3331] design m01_couplers_imp_1UTB3Y5 has unconnected port M_ARESETN
WARNING: [Synth 8-3331] design m01_couplers_imp_1UTB3Y5 has unconnected port S_ACLK
WARNING: [Synth 8-3331] design m01_couplers_imp_1UTB3Y5 has unconnected port S_ARESETN
WARNING: [Synth 8-3331] design m00_couplers_imp_8RVYHO has unconnected port M_ACLK
WARNING: [Synth 8-3331] design m00_couplers_imp_8RVYHO has unconnected port M_ARESETN
WARNING: [Synth 8-3331] design m00_couplers_imp_8RVYHO has unconnected port S_ACLK
WARNING: [Synth 8-3331] design m00_couplers_imp_8RVYHO has unconnected port S_ARESETN
WARNING: [Synth 8-3331] design design_1_microblaze_0_axi_periph_1 has unconnected port M00_ACLK
WARNING: [Synth 8-3331] design design_1_microblaze_0_axi_periph_1 has unconnected port M00_ARESETN
WARNING: [Synth 8-3331] design design_1_microblaze_0_axi_periph_1 has unconnected port M01_ACLK
WARNING: [Synth 8-3331] design design_1_microblaze_0_axi_periph_1 has unconnected port M01_ARESETN
WARNING: [Synth 8-3331] design design_1_microblaze_0_axi_periph_1 has unconnected port M02_ACLK
WARNING: [Synth 8-3331] design design_1_microblaze_0_axi_periph_1 has unconnected port M02_ARESETN
WARNING: [Synth 8-3331] design design_1_microblaze_0_axi_periph_1 has unconnected port S00_ACLK
WARNING: [Synth 8-3331] design design_1_microblaze_0_axi_periph_1 has unconnected port S00_ARESETN
---------------------------------------------------------------------------------
Finished RTL Elaboration : Time (s): cpu = 00:00:03 ; elapsed = 00:00:04 . Memory (MB): peak = 575.434 ; gain = 157.281
---------------------------------------------------------------------------------

Report Check Netlist: 
+------+------------------+-------+---------+-------+------------------+
|      |Item              |Errors |Warnings |Status |Description       |
+------+------------------+-------+---------+-------+------------------+
|1     |multi_driven_nets |      0|        0|Passed |Multi driven nets |
+------+------------------+-------+---------+-------+------------------+
---------------------------------------------------------------------------------
Start Handling Custom Attributes
---------------------------------------------------------------------------------
---------------------------------------------------------------------------------
Finished Handling Custom Attributes : Time (s): cpu = 00:00:03 ; elapsed = 00:00:04 . Memory (MB): peak = 575.434 ; gain = 157.281
---------------------------------------------------------------------------------
---------------------------------------------------------------------------------
Finished RTL Optimization Phase 1 : Time (s): cpu = 00:00:03 ; elapsed = 00:00:04 . Memory (MB): peak = 575.434 ; gain = 157.281
---------------------------------------------------------------------------------
INFO: [Device 21-403] Loading part xc7a100tcsg324-1
INFO: [Project 1-570] Preparing netlist for logic optimization

Processing XDC Constraints
Initializing timing engine
Parsing XDC File [d:/Vivado_Projects/ECE532_SpatialAudio/ECE532_SpatialAudio.srcs/sources_1/bd/design_1/ip/design_1_spatial_audio_top_0_0/design_1_spatial_audio_top_0_0/design_1_spatial_audio_top_0_0_in_context.xdc] for cell 'design_1_i/spatial_audio_top_0'
Finished Parsing XDC File [d:/Vivado_Projects/ECE532_SpatialAudio/ECE532_SpatialAudio.srcs/sources_1/bd/design_1/ip/design_1_spatial_audio_top_0_0/design_1_spatial_audio_top_0_0/design_1_spatial_audio_top_0_0_in_context.xdc] for cell 'design_1_i/spatial_audio_top_0'
Parsing XDC File [d:/Vivado_Projects/ECE532_SpatialAudio/ECE532_SpatialAudio.srcs/sources_1/bd/design_1/ip/design_1_axi_uartlite_0_0/design_1_axi_uartlite_0_0/design_1_axi_uartlite_0_0_in_context.xdc] for cell 'design_1_i/axi_uartlite_0'
Finished Parsing XDC File [d:/Vivado_Projects/ECE532_SpatialAudio/ECE532_SpatialAudio.srcs/sources_1/bd/design_1/ip/design_1_axi_uartlite_0_0/design_1_axi_uartlite_0_0/design_1_axi_uartlite_0_0_in_context.xdc] for cell 'design_1_i/axi_uartlite_0'
Parsing XDC File [d:/Vivado_Projects/ECE532_SpatialAudio/ECE532_SpatialAudio.srcs/sources_1/bd/design_1/ip/design_1_axi_gpio_0_0/design_1_axi_gpio_0_0/design_1_axi_gpio_0_0_in_context.xdc] for cell 'design_1_i/axi_gpio_inputAngle'
Finished Parsing XDC File [d:/Vivado_Projects/ECE532_SpatialAudio/ECE532_SpatialAudio.srcs/sources_1/bd/design_1/ip/design_1_axi_gpio_0_0/design_1_axi_gpio_0_0/design_1_axi_gpio_0_0_in_context.xdc] for cell 'design_1_i/axi_gpio_inputAngle'
Parsing XDC File [d:/Vivado_Projects/ECE532_SpatialAudio/ECE532_SpatialAudio.srcs/sources_1/bd/design_1/ip/design_1_microblaze_0_1/design_1_microblaze_0_1/design_1_microblaze_0_1_in_context.xdc] for cell 'design_1_i/microblaze_0'
Finished Parsing XDC File [d:/Vivado_Projects/ECE532_SpatialAudio/ECE532_SpatialAudio.srcs/sources_1/bd/design_1/ip/design_1_microblaze_0_1/design_1_microblaze_0_1/design_1_microblaze_0_1_in_context.xdc] for cell 'design_1_i/microblaze_0'
Parsing XDC File [d:/Vivado_Projects/ECE532_SpatialAudio/ECE532_SpatialAudio.srcs/sources_1/bd/design_1/ip/design_1_dlmb_v10_1/design_1_dlmb_v10_1/design_1_dlmb_v10_1_in_context.xdc] for cell 'design_1_i/microblaze_0_local_memory/dlmb_v10'
Finished Parsing XDC File [d:/Vivado_Projects/ECE532_SpatialAudio/ECE532_SpatialAudio.srcs/sources_1/bd/design_1/ip/design_1_dlmb_v10_1/design_1_dlmb_v10_1/design_1_dlmb_v10_1_in_context.xdc] for cell 'design_1_i/microblaze_0_local_memory/dlmb_v10'
Parsing XDC File [d:/Vivado_Projects/ECE532_SpatialAudio/ECE532_SpatialAudio.srcs/sources_1/bd/design_1/ip/design_1_ilmb_v10_1/design_1_ilmb_v10_1/design_1_dlmb_v10_1_in_context.xdc] for cell 'design_1_i/microblaze_0_local_memory/ilmb_v10'
Finished Parsing XDC File [d:/Vivado_Projects/ECE532_SpatialAudio/ECE532_SpatialAudio.srcs/sources_1/bd/design_1/ip/design_1_ilmb_v10_1/design_1_ilmb_v10_1/design_1_dlmb_v10_1_in_context.xdc] for cell 'design_1_i/microblaze_0_local_memory/ilmb_v10'
Parsing XDC File [d:/Vivado_Projects/ECE532_SpatialAudio/ECE532_SpatialAudio.srcs/sources_1/bd/design_1/ip/design_1_dlmb_bram_if_cntlr_1/design_1_dlmb_bram_if_cntlr_1/design_1_dlmb_bram_if_cntlr_1_in_context.xdc] for cell 'design_1_i/microblaze_0_local_memory/dlmb_bram_if_cntlr'
Finished Parsing XDC File [d:/Vivado_Projects/ECE532_SpatialAudio/ECE532_SpatialAudio.srcs/sources_1/bd/design_1/ip/design_1_dlmb_bram_if_cntlr_1/design_1_dlmb_bram_if_cntlr_1/design_1_dlmb_bram_if_cntlr_1_in_context.xdc] for cell 'design_1_i/microblaze_0_local_memory/dlmb_bram_if_cntlr'
Parsing XDC File [d:/Vivado_Projects/ECE532_SpatialAudio/ECE532_SpatialAudio.srcs/sources_1/bd/design_1/ip/design_1_ilmb_bram_if_cntlr_1/design_1_ilmb_bram_if_cntlr_1/design_1_ilmb_bram_if_cntlr_1_in_context.xdc] for cell 'design_1_i/microblaze_0_local_memory/ilmb_bram_if_cntlr'
Finished Parsing XDC File [d:/Vivado_Projects/ECE532_SpatialAudio/ECE532_SpatialAudio.srcs/sources_1/bd/design_1/ip/design_1_ilmb_bram_if_cntlr_1/design_1_ilmb_bram_if_cntlr_1/design_1_ilmb_bram_if_cntlr_1_in_context.xdc] for cell 'design_1_i/microblaze_0_local_memory/ilmb_bram_if_cntlr'
Parsing XDC File [d:/Vivado_Projects/ECE532_SpatialAudio/ECE532_SpatialAudio.srcs/sources_1/bd/design_1/ip/design_1_lmb_bram_1/design_1_lmb_bram_1/design_1_lmb_bram_1_in_context.xdc] for cell 'design_1_i/microblaze_0_local_memory/lmb_bram'
Finished Parsing XDC File [d:/Vivado_Projects/ECE532_SpatialAudio/ECE532_SpatialAudio.srcs/sources_1/bd/design_1/ip/design_1_lmb_bram_1/design_1_lmb_bram_1/design_1_lmb_bram_1_in_context.xdc] for cell 'design_1_i/microblaze_0_local_memory/lmb_bram'
Parsing XDC File [d:/Vivado_Projects/ECE532_SpatialAudio/ECE532_SpatialAudio.srcs/sources_1/bd/design_1/ip/design_1_xbar_1/design_1_xbar_1/design_1_xbar_1_in_context.xdc] for cell 'design_1_i/microblaze_0_axi_periph/xbar'
Finished Parsing XDC File [d:/Vivado_Projects/ECE532_SpatialAudio/ECE532_SpatialAudio.srcs/sources_1/bd/design_1/ip/design_1_xbar_1/design_1_xbar_1/design_1_xbar_1_in_context.xdc] for cell 'design_1_i/microblaze_0_axi_periph/xbar'
Parsing XDC File [d:/Vivado_Projects/ECE532_SpatialAudio/ECE532_SpatialAudio.srcs/sources_1/bd/design_1/ip/design_1_microblaze_0_axi_intc_0/design_1_microblaze_0_axi_intc_0/design_1_microblaze_0_axi_intc_0_in_context.xdc] for cell 'design_1_i/microblaze_0_axi_intc'
Finished Parsing XDC File [d:/Vivado_Projects/ECE532_SpatialAudio/ECE532_SpatialAudio.srcs/sources_1/bd/design_1/ip/design_1_microblaze_0_axi_intc_0/design_1_microblaze_0_axi_intc_0/design_1_microblaze_0_axi_intc_0_in_context.xdc] for cell 'design_1_i/microblaze_0_axi_intc'
Parsing XDC File [d:/Vivado_Projects/ECE532_SpatialAudio/ECE532_SpatialAudio.srcs/sources_1/bd/design_1/ip/design_1_mdm_1_1/design_1_mdm_1_1/design_1_mdm_1_1_in_context.xdc] for cell 'design_1_i/mdm_1'
Finished Parsing XDC File [d:/Vivado_Projects/ECE532_SpatialAudio/ECE532_SpatialAudio.srcs/sources_1/bd/design_1/ip/design_1_mdm_1_1/design_1_mdm_1_1/design_1_mdm_1_1_in_context.xdc] for cell 'design_1_i/mdm_1'
Parsing XDC File [d:/Vivado_Projects/ECE532_SpatialAudio/ECE532_SpatialAudio.srcs/sources_1/bd/design_1/ip/design_1_clk_wiz_1_1/design_1_clk_wiz_1_1/design_1_clk_wiz_1_1_in_context.xdc] for cell 'design_1_i/clk_wiz_1'
Finished Parsing XDC File [d:/Vivado_Projects/ECE532_SpatialAudio/ECE532_SpatialAudio.srcs/sources_1/bd/design_1/ip/design_1_clk_wiz_1_1/design_1_clk_wiz_1_1/design_1_clk_wiz_1_1_in_context.xdc] for cell 'design_1_i/clk_wiz_1'
Parsing XDC File [d:/Vivado_Projects/ECE532_SpatialAudio/ECE532_SpatialAudio.srcs/sources_1/bd/design_1/ip/design_1_rst_clk_wiz_1_100M_1/design_1_rst_clk_wiz_1_100M_1/design_1_rst_clk_wiz_1_100M_1_in_context.xdc] for cell 'design_1_i/rst_clk_wiz_1_100M'
Finished Parsing XDC File [d:/Vivado_Projects/ECE532_SpatialAudio/ECE532_SpatialAudio.srcs/sources_1/bd/design_1/ip/design_1_rst_clk_wiz_1_100M_1/design_1_rst_clk_wiz_1_100M_1/design_1_rst_clk_wiz_1_100M_1_in_context.xdc] for cell 'design_1_i/rst_clk_wiz_1_100M'
Parsing XDC File [D:/Vivado_Projects/ECE532_SpatialAudio/ECE532_SpatialAudio.srcs/constrs_1/imports/Constraint/constraints.xdc]
CRITICAL WARNING: [Designutils 20-1307] Command 'set_property-dict' is not supported in the xdc constraint file. [D:/Vivado_Projects/ECE532_SpatialAudio/ECE532_SpatialAudio.srcs/constrs_1/imports/Constraint/constraints.xdc:21]
CRITICAL WARNING: [Designutils 20-1307] Command 'set_property-dict' is not supported in the xdc constraint file. [D:/Vivado_Projects/ECE532_SpatialAudio/ECE532_SpatialAudio.srcs/constrs_1/imports/Constraint/constraints.xdc:22]
Finished Parsing XDC File [D:/Vivado_Projects/ECE532_SpatialAudio/ECE532_SpatialAudio.srcs/constrs_1/imports/Constraint/constraints.xdc]
INFO: [Project 1-236] Implementation specific constraints were found while reading constraint file [D:/Vivado_Projects/ECE532_SpatialAudio/ECE532_SpatialAudio.srcs/constrs_1/imports/Constraint/constraints.xdc]. These constraints will be ignored for synthesis but will be used in implementation. Impacted constraints are listed in the file [.Xil/design_1_wrapper_propImpl.xdc].
Resolution: To avoid this warning, move constraints listed in [.Xil/design_1_wrapper_propImpl.xdc] to another XDC file and exclude this new file from synthesis with the used_in_synthesis property (File Properties dialog in GUI) and re-run elaboration/synthesis.
Parsing XDC File [D:/Vivado_Projects/ECE532_SpatialAudio/ECE532_SpatialAudio.runs/synth_1/dont_touch.xdc]
Finished Parsing XDC File [D:/Vivado_Projects/ECE532_SpatialAudio/ECE532_SpatialAudio.runs/synth_1/dont_touch.xdc]
Netlist sorting complete. Time (s): cpu = 00:00:00 ; elapsed = 00:00:00 . Memory (MB): peak = 892.910 ; gain = 0.000
Completed Processing XDC Constraints

Netlist sorting complete. Time (s): cpu = 00:00:00 ; elapsed = 00:00:00 . Memory (MB): peak = 892.910 ; gain = 0.000
INFO: [Project 1-111] Unisim Transformation Summary:
No Unisim elements were transformed.

Netlist sorting complete. Time (s): cpu = 00:00:00 ; elapsed = 00:00:00 . Memory (MB): peak = 892.910 ; gain = 0.000
Constraint Validation Runtime : Time (s): cpu = 00:00:00 ; elapsed = 00:00:00.055 . Memory (MB): peak = 892.910 ; gain = 0.000
WARNING: [Timing 38-316] Clock period '20.000' specified during out-of-context synthesis of instance 'design_1_i/microblaze_0_local_memory/lmb_bram' at clock pin 'clka' is different from the actual clock period '10.000', this can lead to different synthesis results.
---------------------------------------------------------------------------------
Finished Constraint Validation : Time (s): cpu = 00:00:10 ; elapsed = 00:00:13 . Memory (MB): peak = 892.910 ; gain = 474.758
---------------------------------------------------------------------------------
---------------------------------------------------------------------------------
Start Loading Part and Timing Information
---------------------------------------------------------------------------------
Loading part: xc7a100tcsg324-1
---------------------------------------------------------------------------------
Finished Loading Part and Timing Information : Time (s): cpu = 00:00:10 ; elapsed = 00:00:13 . Memory (MB): peak = 892.910 ; gain = 474.758
---------------------------------------------------------------------------------
---------------------------------------------------------------------------------
Start Applying 'set_property' XDC Constraints
---------------------------------------------------------------------------------
Applied set_property IO_BUFFER_TYPE = NONE for clk_100mhz. (constraint file  d:/Vivado_Projects/ECE532_SpatialAudio/ECE532_SpatialAudio.srcs/sources_1/bd/design_1/ip/design_1_clk_wiz_1_1/design_1_clk_wiz_1_1/design_1_clk_wiz_1_1_in_context.xdc, line 3).
Applied set_property CLOCK_BUFFER_TYPE = NONE for clk_100mhz. (constraint file  d:/Vivado_Projects/ECE532_SpatialAudio/ECE532_SpatialAudio.srcs/sources_1/bd/design_1/ip/design_1_clk_wiz_1_1/design_1_clk_wiz_1_1/design_1_clk_wiz_1_1_in_context.xdc, line 4).
Applied set_property DONT_TOUCH = true for design_1_i. (constraint file  auto generated constraint, line ).
Applied set_property DONT_TOUCH = true for design_1_i/spatial_audio_top_0. (constraint file  auto generated constraint, line ).
Applied set_property DONT_TOUCH = true for design_1_i/axi_uartlite_0. (constraint file  auto generated constraint, line ).
Applied set_property DONT_TOUCH = true for design_1_i/axi_gpio_inputAngle. (constraint file  auto generated constraint, line ).
Applied set_property DONT_TOUCH = true for design_1_i/microblaze_0. (constraint file  auto generated constraint, line ).
Applied set_property DONT_TOUCH = true for design_1_i/microblaze_0_local_memory/dlmb_v10. (constraint file  auto generated constraint, line ).
Applied set_property DONT_TOUCH = true for design_1_i/microblaze_0_local_memory/ilmb_v10. (constraint file  auto generated constraint, line ).
Applied set_property DONT_TOUCH = true for design_1_i/microblaze_0_local_memory/dlmb_bram_if_cntlr. (constraint file  auto generated constraint, line ).
Applied set_property DONT_TOUCH = true for design_1_i/microblaze_0_local_memory/ilmb_bram_if_cntlr. (constraint file  auto generated constraint, line ).
Applied set_property DONT_TOUCH = true for design_1_i/microblaze_0_local_memory/lmb_bram. (constraint file  auto generated constraint, line ).
Applied set_property DONT_TOUCH = true for design_1_i/microblaze_0_axi_periph/xbar. (constraint file  auto generated constraint, line ).
Applied set_property DONT_TOUCH = true for design_1_i/microblaze_0_axi_periph. (constraint file  auto generated constraint, line ).
Applied set_property DONT_TOUCH = true for design_1_i/microblaze_0_axi_intc. (constraint file  auto generated constraint, line ).
Applied set_property DONT_TOUCH = true for design_1_i/microblaze_0_xlconcat. (constraint file  auto generated constraint, line ).
Applied set_property DONT_TOUCH = true for design_1_i/mdm_1. (constraint file  auto generated constraint, line ).
Applied set_property DONT_TOUCH = true for design_1_i/clk_wiz_1. (constraint file  auto generated constraint, line ).
Applied set_property DONT_TOUCH = true for design_1_i/rst_clk_wiz_1_100M. (constraint file  auto generated constraint, line ).
---------------------------------------------------------------------------------
Finished applying 'set_property' XDC Constraints : Time (s): cpu = 00:00:10 ; elapsed = 00:00:13 . Memory (MB): peak = 892.910 ; gain = 474.758
---------------------------------------------------------------------------------
---------------------------------------------------------------------------------
Finished RTL Optimization Phase 2 : Time (s): cpu = 00:00:11 ; elapsed = 00:00:13 . Memory (MB): peak = 892.910 ; gain = 474.758
---------------------------------------------------------------------------------

Report RTL Partitions: 
+-+--------------+------------+----------+
| |RTL Partition |Replication |Instances |
+-+--------------+------------+----------+
+-+--------------+------------+----------+
---------------------------------------------------------------------------------
Start RTL Component Statistics 
---------------------------------------------------------------------------------
Detailed RTL Component Info : 
---------------------------------------------------------------------------------
Finished RTL Component Statistics 
---------------------------------------------------------------------------------
---------------------------------------------------------------------------------
Start RTL Hierarchical Component Statistics 
---------------------------------------------------------------------------------
Hierarchical RTL Component report 
---------------------------------------------------------------------------------
Finished RTL Hierarchical Component Statistics
---------------------------------------------------------------------------------
---------------------------------------------------------------------------------
Start Part Resource Summary
---------------------------------------------------------------------------------
Part Resources:
DSPs: 240 (col length:80)
BRAMs: 270 (col length: RAMB18 80 RAMB36 40)
---------------------------------------------------------------------------------
Finished Part Resource Summary
---------------------------------------------------------------------------------
---------------------------------------------------------------------------------
Start Cross Boundary and Area Optimization
---------------------------------------------------------------------------------
Warning: Parallel synthesis criteria is not met 
WARNING: [Synth 8-3331] design design_1_microblaze_0_axi_periph_1 has unconnected port M00_ACLK
WARNING: [Synth 8-3331] design design_1_microblaze_0_axi_periph_1 has unconnected port M00_ARESETN
WARNING: [Synth 8-3331] design design_1_microblaze_0_axi_periph_1 has unconnected port M01_ACLK
WARNING: [Synth 8-3331] design design_1_microblaze_0_axi_periph_1 has unconnected port M01_ARESETN
WARNING: [Synth 8-3331] design design_1_microblaze_0_axi_periph_1 has unconnected port M02_ACLK
WARNING: [Synth 8-3331] design design_1_microblaze_0_axi_periph_1 has unconnected port M02_ARESETN
WARNING: [Synth 8-3331] design design_1_microblaze_0_axi_periph_1 has unconnected port S00_ACLK
WARNING: [Synth 8-3331] design design_1_microblaze_0_axi_periph_1 has unconnected port S00_ARESETN
---------------------------------------------------------------------------------
Finished Cross Boundary and Area Optimization : Time (s): cpu = 00:00:11 ; elapsed = 00:00:14 . Memory (MB): peak = 892.910 ; gain = 474.758
---------------------------------------------------------------------------------

Report RTL Partitions: 
+-+--------------+------------+----------+
| |RTL Partition |Replication |Instances |
+-+--------------+------------+----------+
+-+--------------+------------+----------+
---------------------------------------------------------------------------------
Start Applying XDC Timing Constraints
---------------------------------------------------------------------------------
INFO: [Synth 8-5578] Moved timing constraint from pin 'design_1_i/spatial_audio_top_0/clk_100mhz' to pin 'design_1_i/clk_wiz_1/bbstub_clk_out1/O'
INFO: [Synth 8-5578] Moved timing constraint from pin 'design_1_i/spatial_audio_top_0/rx_mclk' to pin 'design_1_i/spatial_audio_top_0/bbstub_rx_mclk/O'
INFO: [Synth 8-5783] Moving clock source from hierarchical pin 'design_1_i/spatial_audio_top_0/clk_100mhz' to 'design_1_i/clk_wiz_1/bbstub_clk_out1/O'
INFO: [Synth 8-5578] Moved timing constraint from pin 'design_1_i/spatial_audio_top_0/tx_mclk' to pin 'design_1_i/spatial_audio_top_0/bbstub_tx_mclk/O'
INFO: [Synth 8-5783] Moving clock source from hierarchical pin 'design_1_i/spatial_audio_top_0/clk_100mhz' to 'design_1_i/clk_wiz_1/bbstub_clk_out1/O'
INFO: [Synth 8-5578] Moved timing constraint from pin 'design_1_i/microblaze_0_local_memory/dlmb_bram_if_cntlr/BRAM_Clk_A' to pin 'design_1_i/microblaze_0_local_memory/dlmb_bram_if_cntlr/bbstub_BRAM_Clk_A/O'
INFO: [Synth 8-5578] Moved timing constraint from pin 'design_1_i/microblaze_0_local_memory/ilmb_bram_if_cntlr/BRAM_Clk_A' to pin 'design_1_i/microblaze_0_local_memory/ilmb_bram_if_cntlr/bbstub_BRAM_Clk_A/O'
INFO: [Synth 8-5578] Moved timing constraint from pin 'design_1_i/mdm_1/Dbg_Clk_0' to pin 'design_1_i/mdm_1/bbstub_Dbg_Clk_0/O'
INFO: [Synth 8-5578] Moved timing constraint from pin 'design_1_i/mdm_1/Dbg_Update_0' to pin 'design_1_i/mdm_1/bbstub_Dbg_Update_0/O'
INFO: [Synth 8-5578] Moved timing constraint from pin 'design_1_i/clk_wiz_1/clk_out1' to pin 'design_1_i/clk_wiz_1/bbstub_clk_out1/O'
INFO: [Synth 8-5819] Moved 8 constraints on hierarchical pins to their respective driving/loading pins
---------------------------------------------------------------------------------
Finished Applying XDC Timing Constraints : Time (s): cpu = 00:00:18 ; elapsed = 00:00:21 . Memory (MB): peak = 906.484 ; gain = 488.332
---------------------------------------------------------------------------------
---------------------------------------------------------------------------------
Start Timing Optimization
---------------------------------------------------------------------------------
---------------------------------------------------------------------------------
Finished Timing Optimization : Time (s): cpu = 00:00:18 ; elapsed = 00:00:21 . Memory (MB): peak = 906.633 ; gain = 488.480
---------------------------------------------------------------------------------

Report RTL Partitions: 
+-+--------------+------------+----------+
| |RTL Partition |Replication |Instances |
+-+--------------+------------+----------+
+-+--------------+------------+----------+
---------------------------------------------------------------------------------
Start Technology Mapping
---------------------------------------------------------------------------------
---------------------------------------------------------------------------------
Finished Technology Mapping : Time (s): cpu = 00:00:18 ; elapsed = 00:00:22 . Memory (MB): peak = 916.645 ; gain = 498.492
---------------------------------------------------------------------------------

Report RTL Partitions: 
+-+--------------+------------+----------+
| |RTL Partition |Replication |Instances |
+-+--------------+------------+----------+
+-+--------------+------------+----------+
---------------------------------------------------------------------------------
Start IO Insertion
---------------------------------------------------------------------------------
---------------------------------------------------------------------------------
Start Flattening Before IO Insertion
---------------------------------------------------------------------------------
---------------------------------------------------------------------------------
Finished Flattening Before IO Insertion
---------------------------------------------------------------------------------
---------------------------------------------------------------------------------
Start Final Netlist Cleanup
---------------------------------------------------------------------------------
---------------------------------------------------------------------------------
Finished Final Netlist Cleanup
---------------------------------------------------------------------------------
---------------------------------------------------------------------------------
Finished IO Insertion : Time (s): cpu = 00:00:19 ; elapsed = 00:00:22 . Memory (MB): peak = 916.645 ; gain = 498.492
---------------------------------------------------------------------------------

Report Check Netlist: 
+------+------------------+-------+---------+-------+------------------+
|      |Item              |Errors |Warnings |Status |Description       |
+------+------------------+-------+---------+-------+------------------+
|1     |multi_driven_nets |      0|        0|Passed |Multi driven nets |
+------+------------------+-------+---------+-------+------------------+
---------------------------------------------------------------------------------
Start Renaming Generated Instances
---------------------------------------------------------------------------------
---------------------------------------------------------------------------------
Finished Renaming Generated Instances : Time (s): cpu = 00:00:19 ; elapsed = 00:00:22 . Memory (MB): peak = 916.645 ; gain = 498.492
---------------------------------------------------------------------------------

Report RTL Partitions: 
+-+--------------+------------+----------+
| |RTL Partition |Replication |Instances |
+-+--------------+------------+----------+
+-+--------------+------------+----------+
---------------------------------------------------------------------------------
Start Rebuilding User Hierarchy
---------------------------------------------------------------------------------
---------------------------------------------------------------------------------
Finished Rebuilding User Hierarchy : Time (s): cpu = 00:00:19 ; elapsed = 00:00:22 . Memory (MB): peak = 916.645 ; gain = 498.492
---------------------------------------------------------------------------------
---------------------------------------------------------------------------------
Start Renaming Generated Ports
---------------------------------------------------------------------------------
---------------------------------------------------------------------------------
Finished Renaming Generated Ports : Time (s): cpu = 00:00:19 ; elapsed = 00:00:22 . Memory (MB): peak = 916.645 ; gain = 498.492
---------------------------------------------------------------------------------
---------------------------------------------------------------------------------
Start Handling Custom Attributes
---------------------------------------------------------------------------------
---------------------------------------------------------------------------------
Finished Handling Custom Attributes : Time (s): cpu = 00:00:19 ; elapsed = 00:00:22 . Memory (MB): peak = 916.645 ; gain = 498.492
---------------------------------------------------------------------------------
---------------------------------------------------------------------------------
Start Renaming Generated Nets
---------------------------------------------------------------------------------
---------------------------------------------------------------------------------
Finished Renaming Generated Nets : Time (s): cpu = 00:00:19 ; elapsed = 00:00:22 . Memory (MB): peak = 916.645 ; gain = 498.492
---------------------------------------------------------------------------------
---------------------------------------------------------------------------------
Start Writing Synthesis Report
---------------------------------------------------------------------------------

Report BlackBoxes: 
+------+---------------------------------+----------+
|      |BlackBox name                    |Instances |
+------+---------------------------------+----------+
|1     |design_1_xbar_1                  |         1|
|2     |design_1_axi_gpio_0_0            |         1|
|3     |design_1_axi_uartlite_0_0        |         1|
|4     |design_1_clk_wiz_1_1             |         1|
|5     |design_1_mdm_1_1                 |         1|
|6     |design_1_microblaze_0_1          |         1|
|7     |design_1_microblaze_0_axi_intc_0 |         1|
|8     |design_1_rst_clk_wiz_1_100M_1    |         1|
|9     |design_1_spatial_audio_top_0_0   |         1|
|10    |design_1_dlmb_bram_if_cntlr_1    |         1|
|11    |design_1_dlmb_v10_1              |         1|
|12    |design_1_ilmb_bram_if_cntlr_1    |         1|
|13    |design_1_ilmb_v10_1              |         1|
|14    |design_1_lmb_bram_1              |         1|
+------+---------------------------------+----------+

Report Cell Usage: 
+------+---------------------------------+------+
|      |Cell                             |Count |
+------+---------------------------------+------+
|1     |design_1_axi_gpio_0_0            |     1|
|2     |design_1_axi_uartlite_0_0        |     1|
|3     |design_1_clk_wiz_1_1             |     1|
|4     |design_1_dlmb_bram_if_cntlr_1    |     1|
|5     |design_1_dlmb_v10_1              |     1|
|6     |design_1_ilmb_bram_if_cntlr_1    |     1|
|7     |design_1_ilmb_v10_1              |     1|
|8     |design_1_lmb_bram_1              |     1|
|9     |design_1_mdm_1_1                 |     1|
|10    |design_1_microblaze_0_1          |     1|
|11    |design_1_microblaze_0_axi_intc_0 |     1|
|12    |design_1_rst_clk_wiz_1_100M_1    |     1|
|13    |design_1_spatial_audio_top_0_0   |     1|
|14    |design_1_xbar_1                  |     1|
|15    |IBUF                             |     3|
|16    |OBUF                             |     8|
+------+---------------------------------+------+

Report Instance Areas: 
+------+------------------------------+--------------------------------------+------+
|      |Instance                      |Module                                |Cells |
+------+------------------------------+--------------------------------------+------+
|1     |top                           |                                      |  1296|
|2     |  design_1_i                  |design_1                              |  1285|
|3     |    microblaze_0_axi_periph   |design_1_microblaze_0_axi_periph_1    |   374|
|4     |    microblaze_0_xlconcat     |design_1_microblaze_0_xlconcat_0      |     0|
|5     |    microblaze_0_local_memory |microblaze_0_local_memory_imp_1K0VQXK |   496|
+------+------------------------------+--------------------------------------+------+
---------------------------------------------------------------------------------
Finished Writing Synthesis Report : Time (s): cpu = 00:00:19 ; elapsed = 00:00:22 . Memory (MB): peak = 916.645 ; gain = 498.492
---------------------------------------------------------------------------------
Synthesis finished with 0 errors, 0 critical warnings and 8 warnings.
Synthesis Optimization Runtime : Time (s): cpu = 00:00:11 ; elapsed = 00:00:16 . Memory (MB): peak = 916.645 ; gain = 181.016
Synthesis Optimization Complete : Time (s): cpu = 00:00:19 ; elapsed = 00:00:23 . Memory (MB): peak = 916.645 ; gain = 498.492
INFO: [Project 1-571] Translating synthesized netlist
INFO: [Project 1-570] Preparing netlist for logic optimization
INFO: [Opt 31-138] Pushed 0 inverter(s) to 0 load pin(s).
Netlist sorting complete. Time (s): cpu = 00:00:00 ; elapsed = 00:00:00 . Memory (MB): peak = 926.352 ; gain = 0.000
INFO: [Project 1-111] Unisim Transformation Summary:
No Unisim elements were transformed.

INFO: [Common 17-83] Releasing license: Synthesis
72 Infos, 69 Warnings, 2 Critical Warnings and 0 Errors encountered.
synth_design completed successfully
synth_design: Time (s): cpu = 00:00:21 ; elapsed = 00:00:25 . Memory (MB): peak = 926.402 ; gain = 513.422
Netlist sorting complete. Time (s): cpu = 00:00:00 ; elapsed = 00:00:00 . Memory (MB): peak = 926.402 ; gain = 0.000
WARNING: [Constraints 18-5210] No constraints selected for write.
Resolution: This message can indicate that there are no constraints for the design, or it can indicate that the used_in flags are set such that the constraints are ignored. This later case is used when running synth_design to not write synthesis constraints to the resulting checkpoint. Instead, project constraints are read when the synthesized design is opened.
INFO: [Common 17-1381] The checkpoint 'D:/Vivado_Projects/ECE532_SpatialAudio/ECE532_SpatialAudio.runs/synth_1/design_1_wrapper.dcp' has been generated.
INFO: [runtcl-4] Executing : report_utilization -file design_1_wrapper_utilization_synth.rpt -pb design_1_wrapper_utilization_synth.pb
INFO: [Common 17-206] Exiting Vivado at Sun Feb 22 22:59:16 2026...
